[repro] paper=labeling_trick
[repro] started_at=2026-09-12T17:49:54+08:00
[repro] run_id=20260912_174954_smoke_import_pid82114
[repro] repo_commit=17b71959c854c5379e1b042100321661c7d1d55e
[repro] env=dtgb cwd=/home/lab_user/project/lzc/repro/labeling_trick/LinkPred
[repro] command=python -c from Dataset import load_dataset; d=load_dataset('Cora'); print('nodes', d.num_nodes, 'edges', d.edge_index.size(1))
[repro] resource_cap_ratio=85 threads=17
[repro] python=3.10.20 torch=2.2.1+cu121 cuda=True gpu=NVIDIA GeForce RTX 3090
[cap] cores=17/20 CPUQuota=1700% MemoryMax=55139365888 cuda_fraction=0.85 mps=85 gpu_gov=1
Running as unit: run-p82286-i122881.scope; invocation ID: 26159019b34944ad89407e5795485ba5
Traceback (most recent call last):
  File "/home/lab_user/tools/miniconda3/envs/dtgb/lib/python3.10/site-packages/aiohttp/connector.py", line 1301, in _wrap_create_connection
    sock = await aiohappyeyeballs.start_connection(
  File "/home/lab_user/tools/miniconda3/envs/dtgb/lib/python3.10/site-packages/aiohappyeyeballs/impl.py", line 75, in start_connection
    sock = await _connect_sock(
  File "/home/lab_user/tools/miniconda3/envs/dtgb/lib/python3.10/site-packages/aiohappyeyeballs/impl.py", line 210, in _connect_sock
    await loop.sock_connect(sock, address)
  File "/home/lab_user/tools/miniconda3/envs/dtgb/lib/python3.10/asyncio/selector_events.py", line 501, in sock_connect
    return await fut
asyncio.exceptions.CancelledError

During handling of the above exception, another exception occurred:

Traceback (most recent call last):
  File "/home/lab_user/tools/miniconda3/envs/dtgb/lib/python3.10/site-packages/aiohttp/client.py", line 812, in _connect_and_send_request
    conn = await self._connector.connect(
  File "/home/lab_user/tools/miniconda3/envs/dtgb/lib/python3.10/site-packages/aiohttp/connector.py", line 657, in connect
    proto = await self._create_connection(req, traces, timeout)
  File "/home/lab_user/tools/miniconda3/envs/dtgb/lib/python3.10/site-packages/aiohttp/connector.py", line 1242, in _create_connection
    _, proto = await self._create_direct_connection(req, traces, timeout)
  File "/home/lab_user/tools/miniconda3/envs/dtgb/lib/python3.10/site-packages/aiohttp/connector.py", line 1620, in _create_direct_connection
    raise last_exc
  File "/home/lab_user/tools/miniconda3/envs/dtgb/lib/python3.10/site-packages/aiohttp/connector.py", line 1589, in _create_direct_connection
    transp, proto = await self._wrap_create_connection(
  File "/home/lab_user/tools/miniconda3/envs/dtgb/lib/python3.10/site-packages/aiohttp/connector.py", line 1298, in _wrap_create_connection
    async with ceil_timeout(
  File "/home/lab_user/tools/miniconda3/envs/dtgb/lib/python3.10/site-packages/async_timeout/__init__.py", line 179, in __aexit__
    self._do_exit(exc_type)
  File "/home/lab_user/tools/miniconda3/envs/dtgb/lib/python3.10/site-packages/async_timeout/__init__.py", line 265, in _do_exit
    raise asyncio.TimeoutError
asyncio.exceptions.TimeoutError

The above exception was the direct cause of the following exception:

Traceback (most recent call last):
  File "/home/lab_user/tools/miniconda3/envs/dtgb/lib/python3.10/site-packages/fsspec/asyn.py", line 56, in _runner
    result[0] = await coro
  File "/home/lab_user/tools/miniconda3/envs/dtgb/lib/python3.10/site-packages/fsspec/implementations/http.py", line 513, in _isdir
    return bool(await self._ls(path))
  File "/home/lab_user/tools/miniconda3/envs/dtgb/lib/python3.10/site-packages/fsspec/implementations/http.py", line 204, in _ls
    out = await self._ls_real(url, detail=detail, **kwargs)
  File "/home/lab_user/tools/miniconda3/envs/dtgb/lib/python3.10/site-packages/fsspec/implementations/http.py", line 159, in _ls_real
    async with session.get(self.encode_url(url), **self.kwargs) as r:
  File "/home/lab_user/tools/miniconda3/envs/dtgb/lib/python3.10/site-packages/aiohttp/client.py", line 1693, in __aenter__
    self._resp: _RetType_co = await self._coro
  File "/home/lab_user/tools/miniconda3/envs/dtgb/lib/python3.10/site-packages/aiohttp/client.py", line 858, in _request
    resp = await handler(req)
  File "/home/lab_user/tools/miniconda3/envs/dtgb/lib/python3.10/site-packages/aiohttp/client.py", line 816, in _connect_and_send_request
    raise ConnectionTimeoutError(
aiohttp.client_exceptions.ConnectionTimeoutError: Connection timeout to host https://github.com/kimiyoung/planetoid/raw/master/data/ind.cora.x

The above exception was the direct cause of the following exception:

Traceback (most recent call last):
  File "<string>", line 1, in <module>
  File "/home/lab_user/project/lzc/repro/labeling_trick/LinkPred/Dataset.py", line 11, in load_dataset
    return Planetoid(root="./data", name=name)[0]
  File "/home/lab_user/tools/miniconda3/envs/dtgb/lib/python3.10/site-packages/torch_geometric/datasets/planetoid.py", line 102, in __init__
    super().__init__(root, transform, pre_transform,
  File "/home/lab_user/tools/miniconda3/envs/dtgb/lib/python3.10/site-packages/torch_geometric/data/in_memory_dataset.py", line 81, in __init__
    super().__init__(root, transform, pre_transform, pre_filter, log,
  File "/home/lab_user/tools/miniconda3/envs/dtgb/lib/python3.10/site-packages/torch_geometric/data/dataset.py", line 113, in __init__
    self._download()
  File "/home/lab_user/tools/miniconda3/envs/dtgb/lib/python3.10/site-packages/torch_geometric/data/dataset.py", line 231, in _download
    self.download()
  File "/home/lab_user/tools/miniconda3/envs/dtgb/lib/python3.10/site-packages/torch_geometric/datasets/planetoid.py", line 154, in download
    fs.cp(f'{self.url}/{name}', self.raw_dir)
  File "/home/lab_user/tools/miniconda3/envs/dtgb/lib/python3.10/site-packages/torch_geometric/io/fs.py", line 115, in cp
    is_path1_dir = isdir(path1)
  File "/home/lab_user/tools/miniconda3/envs/dtgb/lib/python3.10/site-packages/torch_geometric/io/fs.py", line 63, in isdir
    return get_fs(path).isdir(path)
  File "/home/lab_user/tools/miniconda3/envs/dtgb/lib/python3.10/site-packages/fsspec/asyn.py", line 118, in wrapper
    return sync(self.loop, func, *args, **kwargs)
  File "/home/lab_user/tools/miniconda3/envs/dtgb/lib/python3.10/site-packages/fsspec/asyn.py", line 101, in sync
    raise FSTimeoutError from return_result
fsspec.exceptions.FSTimeoutError
