[repro] paper=puma
[repro] started_at=2026-09-12T19:45:32+08:00
[repro] run_id=20260912_194532_smoke_bare_corafull_pid133724
[repro] repo_commit=9e4e87f53db0da6aacad4a0a9d08f1c2970413d0
[repro] env=dtgb cwd=/home/lab_user/project/lzc/repro/puma
[repro] command=python train.py --dataset-name corafull --cgl-method bare --cls-epoch 1 --repeat 1 --evaluate --device cuda:0 --data-dir ./data --result-dir ./results
[repro] resource_cap_ratio=85 threads=17
[repro] python=3.10.20 torch=2.2.1+cu121 cuda=True gpu=NVIDIA GeForce RTX 3090
[cap] cores=17/20 CPUQuota=1700% MemoryMax=55139365888 cuda_fraction=0.85 mps=85 gpu_gov=1
Running as unit: run-p133783-i89251.scope; invocation ID: 102dd09c601d46b5a9b236abf472a2a3
Namespace(dataset_name='corafull', cls_per_task=2, data_dir='./data', result_dir='./results', tim=False, cgl_method='bare', cls_epoch=1, hidden=512, layers_num=2, budget=2, m_update='all', pseudo_label=False, edge_free=False, cgm_args='{}', ewc_args="{'memory_strength': 100000.}", mas_args="{'memory_strength': 10000.}", gem_args="{'memory_strength': 0.5, 'n_memories': 20}", twp_args="{'lambda_l': 10000., 'lambda_t': 10000., 'beta': 0.01}", lwf_args="{'lambda_dist': 10., 'T': 20.}", IL='classIL', batch=False, threshold=0.0, evaluate=True, retrain=False, device='cuda:0', repeat=1, seed=1024, rewrite=False, early_stop=0, lr=0.001, wandb=False)
  0% (0 of 35) |                          | Elapsed Time: 0:00:00 ETA: --:--:--
 89% (31 of 35) |#######################   | Elapsed Time: 0:00:00 ETA: 0:00:00
100% (35 of 35) |##########################| Elapsed Time: 0:00:00 ETA: 0:00:00
T0 87.10|AP: 87.10, AF: 0.00
T0 0.00|T1 94.35|AP: 47.18, AF: -87.10
T0 0.00|T1 98.39|T2 68.92|AP: 55.77, AF: -41.53
T0 0.00|T1 66.94|T2 78.38|T3 0.00|AP: 36.33, AF: -35.02
T0 0.00|T1 0.00|T2 78.38|T3 49.30|T4 0.00|AP: 25.53, AF: -30.67
T0 0.00|T1 0.00|T2 77.03|T3 77.00|T4 23.28|T5 0.00|AP: 29.55, AF: -14.61
T0 0.00|T1 0.00|T2 66.22|T3 75.12|T4 92.24|T5 0.00|T6 0.00|AP: 33.37, AF: -2.80
T0 0.00|T1 0.00|T2 21.62|T3 61.50|T4 92.24|T5 54.79|T6 0.00|T7 0.00|AP: 28.77, AF: -2.89
T0 0.00|T1 0.00|T2 5.41|T3 47.89|T4 55.17|T5 69.86|T6 76.00|T7 0.00|T8 0.00|AP: 28.26, AF: 0.49
T0 0.00|T1 0.00|T2 2.70|T3 0.00|T4 50.86|T5 58.90|T6 78.40|T7 0.00|T8 0.00|T9 0.00|AP: 19.09, AF: -6.61
T0 0.00|T1 0.00|T2 0.00|T3 0.00|T4 22.41|T5 42.47|T6 78.40|T7 0.00|T8 0.00|T9 0.00|T10 0.00|AP: 13.03, AF: -10.71
T0 0.00|T1 0.00|T2 0.00|T3 0.00|T4 1.72|T5 16.44|T6 78.40|T7 0.00|T8 0.00|T9 0.00|T10 0.00|T11 0.00|AP: 8.05, AF: -13.98
T0 0.00|T1 0.00|T2 0.00|T3 0.00|T4 0.00|T5 1.37|T6 78.40|T7 0.00|T8 2.22|T9 66.02|T10 0.00|T11 0.00|T12 0.00|AP: 11.39, AF: -8.53
T0 0.00|T1 0.00|T2 0.00|T3 0.00|T4 0.00|T5 0.00|T6 76.00|T7 0.00|T8 2.22|T9 86.41|T10 0.00|T11 0.00|T12 0.00|T13 0.00|AP: 11.76, AF: -6.60
T0 0.00|T1 0.00|T2 0.00|T3 0.00|T4 0.00|T5 0.00|T6 2.40|T7 0.00|T8 0.00|T9 86.41|T10 0.00|T11 0.00|T12 0.00|T13 0.00|T14 0.00|AP: 5.92, AF: -11.54
T0 0.00|T1 0.00|T2 0.00|T3 0.00|T4 0.00|T5 0.00|T6 0.00|T7 0.00|T8 0.00|T9 84.47|T10 0.00|T11 0.00|T12 27.69|T13 0.00|T14 0.00|T15 0.00|AP: 7.01, AF: -9.21
T0 0.00|T1 0.00|T2 0.00|T3 0.00|T4 0.00|T5 0.00|T6 0.00|T7 0.00|T8 0.00|T9 0.97|T10 0.00|T11 0.82|T12 23.85|T13 69.95|T14 70.69|T15 27.73|T16 0.00|AP: 11.41, AF: -3.52
T0 0.00|T1 0.00|T2 0.00|T3 0.00|T4 0.00|T5 0.00|T6 0.00|T7 0.00|T8 0.00|T9 0.00|T10 0.00|T11 0.00|T12 0.00|T13 62.44|T14 71.55|T15 39.50|T16 0.00|T17 0.00|AP: 9.64, AF: -4.52
T0 0.00|T1 0.00|T2 0.00|T3 0.00|T4 0.00|T5 0.00|T6 0.00|T7 0.00|T8 0.00|T9 0.00|T10 0.00|T11 0.00|T12 0.00|T13 10.80|T14 72.41|T15 94.12|T16 0.00|T17 0.00|T18 0.00|AP: 9.33, AF: -4.06
T0 0.00|T1 0.00|T2 0.00|T3 0.00|T4 0.00|T5 0.00|T6 0.00|T7 0.00|T8 0.00|T9 0.00|T10 0.00|T11 0.00|T12 0.00|T13 0.00|T14 3.45|T15 62.18|T16 0.00|T17 2.27|T18 0.00|T19 0.00|AP: 3.40, AF: -9.60
T0 0.00|T1 0.00|T2 0.00|T3 0.00|T4 0.00|T5 0.00|T6 0.00|T7 0.00|T8 0.00|T9 0.00|T10 0.00|T11 0.00|T12 0.00|T13 0.00|T14 0.00|T15 62.18|T16 0.00|T17 62.12|T18 0.00|T19 0.00|T20 0.00|AP: 5.92, AF: -6.30
T0 0.00|T1 0.00|T2 0.00|T3 0.00|T4 0.00|T5 0.00|T6 0.00|T7 0.00|T8 0.00|T9 0.00|T10 0.00|T11 0.00|T12 0.00|T13 0.00|T14 0.00|T15 50.42|T16 0.00|T17 83.33|T18 0.00|T19 0.00|T20 0.00|T21 0.00|AP: 6.08, AF: -5.55
T0 0.00|T1 0.00|T2 0.00|T3 0.00|T4 0.00|T5 0.00|T6 0.00|T7 0.00|T8 0.00|T9 0.00|T10 0.00|T11 0.00|T12 0.00|T13 0.00|T14 0.00|T15 0.00|T16 0.00|T17 84.09|T18 0.00|T19 0.00|T20 0.00|T21 0.00|T22 0.00|AP: 3.66, AF: -7.56
T0 0.00|T1 0.00|T2 0.00|T3 0.00|T4 0.00|T5 0.00|T6 0.00|T7 0.00|T8 0.00|T9 0.00|T10 0.00|T11 0.00|T12 0.00|T13 0.00|T14 0.00|T15 0.00|T16 0.00|T17 74.24|T18 0.00|T19 77.54|T20 0.00|T21 0.00|T22 0.00|T23 0.00|AP: 6.32, AF: -4.29
T0 0.00|T1 0.00|T2 0.00|T3 0.00|T4 0.00|T5 0.00|T6 0.00|T7 0.00|T8 0.00|T9 0.00|T10 0.00|T11 0.00|T12 0.00|T13 0.00|T14 0.00|T15 0.00|T16 0.00|T17 0.00|T18 0.00|T19 78.26|T20 0.00|T21 0.00|T22 0.00|T23 0.00|T24 0.00|AP: 3.13, AF: -7.17
T0 0.00|T1 0.00|T2 0.00|T3 0.00|T4 0.00|T5 0.00|T6 0.00|T7 0.00|T8 0.00|T9 0.00|T10 0.00|T11 0.00|T12 0.00|T13 0.00|T14 0.00|T15 0.00|T16 0.00|T17 0.00|T18 0.00|T19 0.00|T20 0.00|T21 0.00|T22 74.00|T23 0.00|T24 0.00|T25 0.00|AP: 2.85, AF: -7.05
T0 0.00|T1 0.00|T2 0.00|T3 0.00|T4 0.00|T5 0.00|T6 0.00|T7 0.00|T8 0.00|T9 0.00|T10 0.00|T11 0.00|T12 0.00|T13 0.00|T14 0.00|T15 0.00|T16 0.00|T17 0.00|T18 0.00|T19 0.00|T20 0.00|T21 0.00|T22 74.00|T23 0.00|T24 0.00|T25 0.00|T26 0.00|AP: 2.74, AF: -6.78
T0 0.00|T1 0.00|T2 0.00|T3 0.00|T4 0.00|T5 0.00|T6 0.00|T7 0.00|T8 0.00|T9 0.00|T10 0.00|T11 0.00|T12 0.00|T13 0.00|T14 0.00|T15 0.00|T16 0.00|T17 0.00|T18 0.00|T19 0.00|T20 0.00|T21 0.00|T22 74.00|T23 0.00|T24 0.00|T25 0.00|T26 0.00|T27 0.00|AP: 2.64, AF: -6.53
T0 0.00|T1 0.00|T2 0.00|T3 0.00|T4 0.00|T5 0.00|T6 0.00|T7 0.00|T8 0.00|T9 0.00|T10 0.00|T11 0.00|T12 0.00|T13 0.00|T14 0.00|T15 0.00|T16 0.00|T17 0.00|T18 0.00|T19 0.00|T20 0.00|T21 0.00|T22 74.00|T23 0.00|T24 0.00|T25 0.00|T26 0.00|T27 0.00|T28 0.00|AP: 2.55, AF: -6.30
T0 0.00|T1 0.00|T2 0.00|T3 0.00|T4 0.00|T5 0.00|T6 0.00|T7 0.00|T8 0.00|T9 0.00|T10 0.00|T11 0.00|T12 0.00|T13 0.00|T14 0.00|T15 0.00|T16 0.00|T17 0.00|T18 0.00|T19 0.00|T20 0.00|T21 0.00|T22 0.00|T23 0.00|T24 0.00|T25 88.49|T26 0.00|T27 0.00|T28 0.00|T29 0.00|AP: 2.95, AF: -5.58
T0 0.00|T1 0.00|T2 0.00|T3 0.00|T4 0.00|T5 0.00|T6 0.00|T7 0.00|T8 0.00|T9 0.00|T10 0.00|T11 0.00|T12 0.00|T13 0.00|T14 0.00|T15 0.00|T16 0.00|T17 0.00|T18 0.00|T19 0.00|T20 0.00|T21 0.00|T22 0.00|T23 0.00|T24 0.00|T25 88.49|T26 0.00|T27 0.00|T28 0.00|T29 0.00|T30 0.00|AP: 2.85, AF: -5.40
T0 0.00|T1 0.00|T2 0.00|T3 0.00|T4 0.00|T5 0.00|T6 0.00|T7 0.00|T8 0.00|T9 0.00|T10 0.00|T11 0.00|T12 0.00|T13 0.00|T14 0.00|T15 0.00|T16 0.00|T17 0.00|T18 0.00|T19 0.00|T20 0.00|T21 0.00|T22 0.00|T23 0.00|T24 0.00|T25 88.49|T26 0.00|T27 0.00|T28 0.00|T29 0.00|T30 0.00|T31 0.00|AP: 2.77, AF: -5.22
T0 0.00|T1 0.00|T2 0.00|T3 0.00|T4 0.00|T5 0.00|T6 0.00|T7 0.00|T8 0.00|T9 0.00|T10 0.00|T11 0.00|T12 0.00|T13 0.00|T14 0.00|T15 0.00|T16 0.00|T17 0.00|T18 0.00|T19 0.00|T20 0.00|T21 0.00|T22 0.00|T23 0.00|T24 0.00|T25 0.00|T26 0.00|T27 0.00|T28 44.00|T29 28.16|T30 0.00|T31 0.00|T32 0.00|AP: 2.19, AF: -5.57
T0 0.00|T1 0.00|T2 0.00|T3 0.00|T4 0.00|T5 0.00|T6 0.00|T7 0.00|T8 0.00|T9 0.00|T10 0.00|T11 0.00|T12 0.00|T13 0.00|T14 0.00|T15 0.00|T16 0.00|T17 0.00|T18 0.00|T19 0.00|T20 0.00|T21 0.00|T22 0.00|T23 0.00|T24 0.00|T25 0.00|T26 0.00|T27 0.00|T28 0.80|T29 63.11|T30 0.00|T31 0.00|T32 0.00|T33 0.00|AP: 1.88, AF: -5.65
T0 0.00|T1 0.00|T2 0.00|T3 0.00|T4 0.00|T5 0.00|T6 0.00|T7 0.00|T8 0.00|T9 0.00|T10 0.00|T11 0.00|T12 0.00|T13 0.00|T14 0.00|T15 0.00|T16 0.00|T17 0.00|T18 0.00|T19 0.00|T20 0.00|T21 0.00|T22 0.00|T23 0.00|T24 0.00|T25 0.00|T26 0.00|T27 0.00|T28 0.00|T29 0.00|T30 0.00|T31 6.59|T32 50.00|T33 0.00|T34 0.00|AP: 1.62, AF: -5.70
/home/lab_user/tools/miniconda3/envs/dtgb/lib/python3.10/site-packages/numpy/core/_methods.py:206: RuntimeWarning: Degrees of freedom <= 0 for slice
  ret = _var(a, axis=axis, dtype=dtype, out=out, ddof=ddof,
/home/lab_user/tools/miniconda3/envs/dtgb/lib/python3.10/site-packages/numpy/core/_methods.py:198: RuntimeWarning: invalid value encountered in scalar divide
  ret = ret.dtype.type(ret / rcount)
AP: 1.6±nan
mAP: 15.2±nan
/home/lab_user/tools/miniconda3/envs/dtgb/lib/python3.10/site-packages/numpy/core/_methods.py:198: RuntimeWarning: invalid value encountered in divide
  ret = ret.dtype.type(ret / rcount)
AF: -5.7±nan
[repro] exit_code=0
[repro] runtime_seconds=13
[repro] finished_at=2026-09-12T19:45:46+08:00
