[repro] paper=core_graphrag
[repro] started_at=2026-09-12T18:38:25+08:00
[repro] run_id=20260912_183825_smoke_kcore_pid105786
[repro] repo_commit=37a81bc38b0c5b5836c51d73d1f795a5b438407e
[repro] env=dtgb cwd=/home/lab_user/project/lzc/repro/core_graphrag
[repro] command=python /home/lab_user/project/lzc/results/core_graphrag/smoke_kcore.py
[repro] resource_cap_ratio=85 threads=17
[repro] python=3.10.20 torch=2.2.1+cu121 cuda=False gpu=cpu
[cap] cores=17/20 CPUQuota=1700% MemoryMax=55139365888 cuda_fraction=0.85 mps=85 gpu_gov=1
Running as unit: run-p105868-i128344.scope; invocation ID: 26d93626aa3c4080ad5a0da0a1f0f7aa
kcore_cluster_graph called:  RkH
levels:  {1, 2, 3, 4} {1: 1, 2: 11, 3: 12, 4: 10}

 ****************************** Level=  1 ******************************
level: 1, q-index = 0,  Level_node = 34,  Res_node= 0

 ****************************** Level=  2 ******************************
level: 2, q-index = 0,  Level_node = 33,  Res_node= 1

 ****************************** Level=  3 ******************************
level: 3, q-index = 0,  Level_node = 22,  Res_node= 11

 ****************************** Level=  4 ******************************
level: 4, q-index = 0,  Level_node = 10,  Res_node= 12
Total Cluster found:  8 0 0.0
######################################## HIERARCHY COMPLETED ######################################## 


[core-smoke] karate nodes=34 edges=78 RkH_communities=8
[core-smoke] ok
[repro] exit_code=0
[repro] runtime_seconds=4
[repro] finished_at=2026-09-12T18:38:31+08:00
