[repro] paper=equivariance
[repro] started_at=2026-09-12T19:52:50+08:00
[repro] run_id=20260912_195250_smoke_gat_cora_2ep_pyg28_pid136448
[repro] repo_commit=1dfe3870fd8a0de7e15db6958289661b2cabdc37
[repro] env=dtgb cwd=/home/lab_user/project/lzc/repro/equivariance
[repro] command=python -u main.py --project offline/smoke --is_train --gnn_type GAT --lr 0.001 --lp_ratio 0.3 --max_epochs 2
[repro] resource_cap_ratio=85 threads=17
[repro] python=3.10.20 torch=2.2.1+cu121 cuda=True gpu=NVIDIA GeForce RTX 3090
[cap] cores=17/20 CPUQuota=1700% MemoryMax=55139365888 cuda_fraction=0.85 mps=85 gpu_gov=1
Running as unit: run-p136512-i148705.scope; invocation ID: 1c6aa6e093424c928f37333ea0d36181
[neptune] [info   ] Neptune initialized. Open in the app: offline/db75127d-a4c2-4a07-8174-bb283d3853e2
project: offline/smoke
is_train: True
train_test_setup: TrainTestSetup.trainset1
train_size: 1
gnn_type: GNNType.GAT
hid_channel: 16
num_layers: 2
ls_num_layers: -1
lp_ratio: 0.3
max_epochs: 2
checkpoints: [100, 300, 500, 1000, 2000]
lr: 0.001
gpu: None
  0%|          | 0/2 [00:00<?, ?it/s]/home/lab_user/project/lzc/repro/equivariance/experiment.py:179: UserWarning: 'data.DataLoader' is deprecated, use 'loader.DataLoader' instead
  loader = DataLoader(data_list, batch_size=1, shuffle=True)
  0%|          | 0/2 [00:00<?, ?it/s]
Traceback (most recent call last):
  File "/home/lab_user/project/lzc/repro/equivariance/main.py", line 8, in <module>
    Experiment(args=args).run_multiple_data(is_train=True, dataset_list=dataset_list)
  File "/home/lab_user/project/lzc/repro/equivariance/experiment.py", line 89, in run_multiple_data
    best_losses_n_metric = self.single_seed(is_train=is_train, data_list=data_list, gfm_args=gfm_args,
  File "/home/lab_user/project/lzc/repro/equivariance/experiment.py", line 161, in single_seed
    self.trainer(data_list=data_list, model=model, seed=seed, optimizer=optimizer, pbar=pbar)
  File "/home/lab_user/project/lzc/repro/equivariance/experiment.py", line 184, in trainer
    self.train(loader=loader, model=model, optimizer=optimizer)
  File "/home/lab_user/project/lzc/repro/equivariance/experiment.py", line 225, in train
    scores, gt_mask = model(data.x, train_y=train_y,
  File "/home/lab_user/tools/miniconda3/envs/dtgb/lib/python3.10/site-packages/torch/nn/modules/module.py", line 1511, in _wrapped_call_impl
    return self._call_impl(*args, **kwargs)
  File "/home/lab_user/tools/miniconda3/envs/dtgb/lib/python3.10/site-packages/torch/nn/modules/module.py", line 1520, in _call_impl
    return forward_call(*args, **kwargs)
  File "/home/lab_user/project/lzc/repro/equivariance/models/gfm.py", line 96, in forward
    x, y = layer(x=x, y=y, xy_conversions=xy_conversions, device=device,
  File "/home/lab_user/tools/miniconda3/envs/dtgb/lib/python3.10/site-packages/torch/nn/modules/module.py", line 1511, in _wrapped_call_impl
    return self._call_impl(*args, **kwargs)
  File "/home/lab_user/tools/miniconda3/envs/dtgb/lib/python3.10/site-packages/torch/nn/modules/module.py", line 1520, in _call_impl
    return forward_call(*args, **kwargs)
  File "/home/lab_user/project/lzc/repro/equivariance/models/equiv_layer.py", line 93, in forward
    out_x = self.single_forward(x=x, y=y, xy_conversions=xy_conversions, device=device, is_x=True,
  File "/home/lab_user/project/lzc/repro/equivariance/models/equiv_layer.py", line 64, in single_forward
    out_x = getattr(self, f'{x_str}_self')(x, edge_index=edge_index, rowptr=rowptr, indices=indices)
  File "/home/lab_user/tools/miniconda3/envs/dtgb/lib/python3.10/site-packages/torch/nn/modules/module.py", line 1511, in _wrapped_call_impl
    return self._call_impl(*args, **kwargs)
  File "/home/lab_user/tools/miniconda3/envs/dtgb/lib/python3.10/site-packages/torch/nn/modules/module.py", line 1520, in _call_impl
    return forward_call(*args, **kwargs)
  File "/home/lab_user/project/lzc/repro/equivariance/models/triton_nn/gat.py", line 24, in forward
    out = self.propagate(edge_index=edge_index, x=x, rowptr=rowptr, indices=indices)
  File "/home/lab_user/project/lzc/repro/equivariance/models/triton_nn/gat.py", line 53, in propagate
    out = self.message_and_aggregate(edge_index, **msg_aggr_kwargs)
  File "/home/lab_user/project/lzc/repro/equivariance/models/triton_nn/gat.py", line 76, in message_and_aggregate
    out = ConvGAT3dAggr.apply(x, rowptr, indices,
  File "/home/lab_user/tools/miniconda3/envs/dtgb/lib/python3.10/site-packages/torch/autograd/function.py", line 553, in apply
    return super().apply(*args, **kwargs)  # type: ignore[misc]
  File "/home/lab_user/project/lzc/repro/equivariance/models/triton_kernels/gat3d.py", line 19, in forward
    gat_forward[(num_nodes, num_work_groups)](
  File "/home/lab_user/tools/miniconda3/envs/dtgb/lib/python3.10/site-packages/triton/runtime/jit.py", line 532, in run
    self.cache[device][key] = compile(
  File "/home/lab_user/tools/miniconda3/envs/dtgb/lib/python3.10/site-packages/triton/compiler/compiler.py", line 614, in compile
    so_path = make_stub(name, signature, constants, ids, enable_warp_specialization=enable_warp_specialization)
  File "/home/lab_user/tools/miniconda3/envs/dtgb/lib/python3.10/site-packages/triton/compiler/make_launcher.py", line 37, in make_stub
    so = _build(name, src_path, tmpdir)
  File "/home/lab_user/tools/miniconda3/envs/dtgb/lib/python3.10/site-packages/triton/common/build.py", line 83, in _build
    raise RuntimeError("Failed to find C compiler. Please specify via CC environment variable.")
RuntimeError: Failed to find C compiler. Please specify via CC environment variable.
[neptune] [warning] Warning: string series 'monitoring/ca3ca7c4/stderr' value was longer than 1000 characters and was truncated. This warning is printed only once per series.
[neptune] [info   ] Shutting down background jobs, please wait a moment...
[neptune] [info   ] Done!
