[repro] paper=gbn
[repro] started_at=2026-09-13T22:26:45+08:00
[repro] run_id=20260913_222645_smoke_Roman-empire_2ep_pid287931
[repro] repo_commit=72ad3692916ecc60f2c78d5bd01a55d7c6297a4f
[repro] env=dtgb cwd=/home/lab_user/project/lzc/repro/gbn
[repro] command=python main.py --task NC --dataset Roman-empire
[repro] resource_cap_ratio=85 threads=17
[repro] python=3.10.20 torch=2.2.1+cu121 cuda=True gpu=NVIDIA GeForce RTX 3090
[cap] cores=17/20 CPUQuota=1700% MemoryMax=55139365888 cuda_fraction=0.85 mps=85 gpu_gov=1
Running as unit: run-p287988-i253533.scope; invocation ID: 557fb13b34b64589b54f891722ec51ff
Loading config file: ./configs/NC/Roman-empire.json
Log path: ./logs//NC_Roman-empire_NL5_HD512_DP0.15_ACTgelu_NORMln_BTrue_LRNC0.0003_LRT0.001.log
INFO - 09/13/26 22:26:50 - 0:00:00 - {'task': 'NC', 'dataset': 'Roman-empire', 'root_path': './datasets', 'val_every': 5, 'exp_iters': 1, 'log_dir': './logs/', 'result_dir': './results/', 'task_model_path': 'NC_Roman-empire_model.pt', 'checkpoints': './checkpoints/', 'add_self_loop': False, 'n_layers': 5, 'hid_dim': 512, 'embed_dim': 512, 'dropout': 0.15, 'act': 'gelu', 'input_act': 'gelu', 'norm': 'ln', 'bias': True, 'tau': 1.0, 'lr_nc': 0.0003, 'weight_decay_nc': 0, 'epochs_nc': 2, 'patience_nc': 15, 'additional_layers': 0, 'distance_list': [50, 10, 5, 3], 'lr_trans': 0.001, 'weight_decay_trans': 0, 'epochs_trans': 2000, 'patience_trans': 10, 'use_gpu': True, 'gpu': 0, 'devices': '0', 'layer_wise': True, 'log_path': './logs//NC_Roman-empire_NL5_HD512_DP0.15_ACTgelu_NORMln_BTrue_LRNC0.0003_LRT0.001.log', 'result_path': './results//NC_Roman-empire.txt'}
INFO - 09/13/26 22:26:50 - 0:00:00 - --------------------------Training Start-------------------------
INFO - 09/13/26 22:26:51 - 0:00:01 - Epoch 0: train_loss=2.914520025253296, train_acc= 15.03%
INFO - 09/13/26 22:26:51 - 0:00:01 - Epoch 0: val_loss=2.562535285949707, val_acc= 23.64%,val_weighted_f1= 12.68,val_macro_f1= 5.08%
INFO - 09/13/26 22:26:51 - 0:00:01 - Epoch 1: train_loss=2.5731418132781982, train_acc= 24.19%
INFO - 09/13/26 22:26:51 - 0:00:01 - --------------Testing--------------------
INFO - 09/13/26 22:26:51 - 0:00:01 - --------------Loading from ./checkpoints/NC_Roman-empire_model.pt--------------------
INFO - 09/13/26 22:26:51 - 0:00:01 - test_acc= 23.69%, weighted_f1= 12.77,macro_f1= 5.12%
INFO - 09/13/26 22:26:51 - 0:00:01 - test_acc= 23.69%, weighted_f1= 12.77,macro_f1= 5.12%
INFO - 09/13/26 22:26:51 - 0:00:01 - Best ACCs: [23.69]
                                     Evaluation Acc is  23.69% ±  0.00%
                                     
[repro] exit_code=0
[repro] runtime_seconds=6
[repro] finished_at=2026-09-13T22:26:52+08:00
