[repro] paper=gbn
[repro] started_at=2026-09-12T17:53:31+08:00
[repro] run_id=20260912_175331_smoke_texas_pid84650
[repro] repo_commit=72ad3692916ecc60f2c78d5bd01a55d7c6297a4f
[repro] env=dtgb cwd=/home/lab_user/project/lzc/repro/gbn
[repro] command=python main.py --task NC --dataset Texas
[repro] resource_cap_ratio=85 threads=17
[repro] python=3.10.20 torch=2.2.1+cu121 cuda=True gpu=NVIDIA GeForce RTX 3090
[cap] cores=17/20 CPUQuota=1700% MemoryMax=55139365888 cuda_fraction=0.85 mps=85 gpu_gov=1
Running as unit: run-p84740-i18591.scope; invocation ID: bb5fc2ee03b94d029df3f8fbcc0acb98
Loading config file: ./configs/NC/Texas.json
Log path: ./logs//NC_Texas_NL3_HD64_DP0.2_ACTgelu_NORMln_BTrue_LRNC3e-05_LRT0.001.log
INFO - 09/12/26 17:53:40 - 0:00:00 - {'task': 'NC', 'dataset': 'Texas', 'root_path': './datasets', 'val_every': 1, 'exp_iters': 1, 'log_dir': './logs/', 'result_dir': './results/', 'task_model_path': 'NC_Texas_model.pt', 'checkpoints': './checkpoints/', 'add_self_loop': False, 'n_layers': 3, 'hid_dim': 64, 'embed_dim': 64, 'dropout': 0.2, 'act': 'gelu', 'input_act': 'gelu', 'norm': 'ln', 'bias': True, 'tau': 1.0, 'lr_nc': 3e-05, 'weight_decay_nc': 0, 'epochs_nc': 2, 'patience_nc': 1, 'additional_layers': 0, 'distance_list': [50, 10, 5, 3], 'lr_trans': 0.001, 'weight_decay_trans': 0, 'epochs_trans': 2000, 'patience_trans': 10, 'use_gpu': True, 'gpu': 0, 'devices': '0,1', 'layer_wise': True, 'log_path': './logs//NC_Texas_NL3_HD64_DP0.2_ACTgelu_NORMln_BTrue_LRNC3e-05_LRT0.001.log', 'result_path': './results//NC_Texas.txt'}
INFO - 09/12/26 17:53:40 - 0:00:00 - --------------------------Training Start-------------------------
INFO - 09/12/26 17:53:40 - 0:00:01 - Epoch 0: train_loss=1.539117455482483, train_acc= 14.94%
INFO - 09/12/26 17:53:40 - 0:00:01 - Epoch 0: val_loss=1.5410921573638916, val_acc= 22.03%,val_weighted_f1= 13.24,val_macro_f1= 12.64%
INFO - 09/12/26 17:53:40 - 0:00:01 - Epoch 1: train_loss=1.5295965671539307, train_acc= 12.64%
INFO - 09/12/26 17:53:40 - 0:00:01 - Epoch 1: val_loss=1.5343248844146729, val_acc= 20.34%,val_weighted_f1= 12.00,val_macro_f1= 12.32%
EarlyStopping counter: 1 out of 1
---------Early stopping--------
INFO - 09/12/26 17:53:40 - 0:00:01 - --------------Testing--------------------
INFO - 09/12/26 17:53:40 - 0:00:01 - --------------Loading from ./checkpoints/NC_Texas_model.pt--------------------
INFO - 09/12/26 17:53:40 - 0:00:01 - test_acc= 10.81%, weighted_f1= 4.32,macro_f1= 9.00%
INFO - 09/12/26 17:53:40 - 0:00:01 - test_acc= 10.81%, weighted_f1= 4.32,macro_f1= 9.00%
INFO - 09/12/26 17:53:40 - 0:00:01 - Best ACCs: [10.81]
                                     Evaluation Acc is  10.81% ±  0.00%
                                     
[repro] exit_code=0
[repro] runtime_seconds=8
[repro] finished_at=2026-09-12T17:53:41+08:00
