[repro] paper=gbn
[repro] started_at=2026-09-13T22:28:20+08:00
[repro] run_id=20260913_222820_smoke_computers_2ep_pid289108
[repro] repo_commit=72ad3692916ecc60f2c78d5bd01a55d7c6297a4f
[repro] env=dtgb cwd=/home/lab_user/project/lzc/repro/gbn
[repro] command=python main.py --task NC --dataset computers
[repro] resource_cap_ratio=85 threads=17
[repro] python=3.10.20 torch=2.2.1+cu121 cuda=True gpu=NVIDIA GeForce RTX 3090
[cap] cores=17/20 CPUQuota=1700% MemoryMax=55139365888 cuda_fraction=0.85 mps=85 gpu_gov=1
Running as unit: run-p289179-i281346.scope; invocation ID: a3ea9e6f5d714af7a9790148073eb1b5
Loading config file: ./configs/NC/computers.json
Log path: ./logs//NC_computers_NL3_HD512_DP0.2_ACTgelu_NORMln_BTrue_LRNC3e-05_LRT0.001.log
INFO - 09/13/26 22:28:25 - 0:00:00 - {'task': 'NC', 'dataset': 'computers', 'root_path': './datasets', 'val_every': 5, 'exp_iters': 10, 'log_dir': './logs/', 'result_dir': './results/', 'task_model_path': 'NC_computers_model.pt', 'checkpoints': './checkpoints/', 'add_self_loop': False, 'n_layers': 3, 'hid_dim': 512, 'embed_dim': 512, 'dropout': 0.2, 'act': 'gelu', 'input_act': 'gelu', 'norm': 'ln', 'bias': True, 'tau': 1.0, 'lr_nc': 3e-05, 'weight_decay_nc': 0, 'epochs_nc': 2, 'patience_nc': 15, 'additional_layers': 0, 'distance_list': [50, 10, 5, 3], 'lr_trans': 0.001, 'weight_decay_trans': 0, 'epochs_trans': 2000, 'patience_trans': 10, 'use_gpu': True, 'gpu': 0, 'devices': '0', 'layer_wise': True, 'log_path': './logs//NC_computers_NL3_HD512_DP0.2_ACTgelu_NORMln_BTrue_LRNC3e-05_LRT0.001.log', 'result_path': './results//NC_computers.txt'}
INFO - 09/13/26 22:28:25 - 0:00:00 - --------------------------Training Start-------------------------
INFO - 09/13/26 22:28:26 - 0:00:01 - Epoch 0: train_loss=2.28841495513916, train_acc= 10.13%
INFO - 09/13/26 22:28:26 - 0:00:01 - Epoch 0: val_loss=2.167393684387207, val_acc= 20.07%,val_weighted_f1= 17.23,val_macro_f1= 6.91%
INFO - 09/13/26 22:28:26 - 0:00:01 - Epoch 1: train_loss=2.1873555183410645, train_acc= 18.31%
INFO - 09/13/26 22:28:26 - 0:00:01 - --------------Testing--------------------
INFO - 09/13/26 22:28:26 - 0:00:01 - --------------Loading from ./checkpoints/NC_computers_model.pt--------------------
INFO - 09/13/26 22:28:26 - 0:00:01 - test_acc= 20.87%, weighted_f1= 18.00,macro_f1= 6.48%
INFO - 09/13/26 22:28:26 - 0:00:01 - test_acc= 20.87%, weighted_f1= 18.00,macro_f1= 6.48%
INFO - 09/13/26 22:28:26 - 0:00:01 - Epoch 0: train_loss=2.360438585281372, train_acc= 7.44%
INFO - 09/13/26 22:28:27 - 0:00:01 - Epoch 0: val_loss=2.2257397174835205, val_acc= 12.80%,val_weighted_f1= 11.93,val_macro_f1= 5.32%
INFO - 09/13/26 22:28:27 - 0:00:02 - Epoch 1: train_loss=2.2434041500091553, train_acc= 13.52%
INFO - 09/13/26 22:28:27 - 0:00:02 - --------------Testing--------------------
INFO - 09/13/26 22:28:27 - 0:00:02 - --------------Loading from ./checkpoints/NC_computers_model.pt--------------------
INFO - 09/13/26 22:28:27 - 0:00:02 - test_acc= 11.56%, weighted_f1= 10.96,macro_f1= 4.88%
INFO - 09/13/26 22:28:27 - 0:00:02 - test_acc= 11.56%, weighted_f1= 10.96,macro_f1= 4.88%
INFO - 09/13/26 22:28:27 - 0:00:02 - Epoch 0: train_loss=2.5097272396087646, train_acc= 5.40%
INFO - 09/13/26 22:28:27 - 0:00:02 - Epoch 0: val_loss=2.3278465270996094, val_acc= 11.96%,val_weighted_f1= 14.33,val_macro_f1= 7.55%
INFO - 09/13/26 22:28:28 - 0:00:02 - Epoch 1: train_loss=2.3526968955993652, train_acc= 11.67%
INFO - 09/13/26 22:28:28 - 0:00:02 - --------------Testing--------------------
INFO - 09/13/26 22:28:28 - 0:00:02 - --------------Loading from ./checkpoints/NC_computers_model.pt--------------------
INFO - 09/13/26 22:28:28 - 0:00:03 - test_acc= 11.75%, weighted_f1= 14.43,macro_f1= 7.08%
INFO - 09/13/26 22:28:28 - 0:00:03 - test_acc= 11.75%, weighted_f1= 14.43,macro_f1= 7.08%
INFO - 09/13/26 22:28:28 - 0:00:03 - Epoch 0: train_loss=2.501840829849243, train_acc= 9.72%
INFO - 09/13/26 22:28:28 - 0:00:03 - Epoch 0: val_loss=2.3532662391662598, val_acc= 13.42%,val_weighted_f1= 10.43,val_macro_f1= 6.32%
INFO - 09/13/26 22:28:28 - 0:00:03 - Epoch 1: train_loss=2.359185218811035, train_acc= 11.96%
INFO - 09/13/26 22:28:28 - 0:00:03 - --------------Testing--------------------
INFO - 09/13/26 22:28:28 - 0:00:03 - --------------Loading from ./checkpoints/NC_computers_model.pt--------------------
INFO - 09/13/26 22:28:28 - 0:00:03 - test_acc= 12.76%, weighted_f1= 9.72,macro_f1= 5.70%
INFO - 09/13/26 22:28:28 - 0:00:03 - test_acc= 12.76%, weighted_f1= 9.72,macro_f1= 5.70%
INFO - 09/13/26 22:28:29 - 0:00:03 - Epoch 0: train_loss=2.564166784286499, train_acc= 3.62%
INFO - 09/13/26 22:28:29 - 0:00:04 - Epoch 0: val_loss=2.396970510482788, val_acc= 5.09%,val_weighted_f1= 4.94,val_macro_f1= 4.39%
INFO - 09/13/26 22:28:29 - 0:00:04 - Epoch 1: train_loss=2.420090913772583, train_acc= 6.27%
INFO - 09/13/26 22:28:29 - 0:00:04 - --------------Testing--------------------
INFO - 09/13/26 22:28:29 - 0:00:04 - --------------Loading from ./checkpoints/NC_computers_model.pt--------------------
INFO - 09/13/26 22:28:29 - 0:00:04 - test_acc= 5.16%, weighted_f1= 4.91,macro_f1= 4.43%
INFO - 09/13/26 22:28:29 - 0:00:04 - test_acc= 5.16%, weighted_f1= 4.91,macro_f1= 4.43%
INFO - 09/13/26 22:28:29 - 0:00:04 - Epoch 0: train_loss=2.5770034790039062, train_acc= 4.87%
INFO - 09/13/26 22:28:29 - 0:00:04 - Epoch 0: val_loss=2.4295883178710938, val_acc= 8.95%,val_weighted_f1= 10.24,val_macro_f1= 5.64%
INFO - 09/13/26 22:28:30 - 0:00:04 - Epoch 1: train_loss=2.433720350265503, train_acc= 10.66%
INFO - 09/13/26 22:28:30 - 0:00:04 - --------------Testing--------------------
INFO - 09/13/26 22:28:30 - 0:00:04 - --------------Loading from ./checkpoints/NC_computers_model.pt--------------------
INFO - 09/13/26 22:28:30 - 0:00:04 - test_acc= 9.31%, weighted_f1= 9.93,macro_f1= 5.72%
INFO - 09/13/26 22:28:30 - 0:00:04 - test_acc= 9.31%, weighted_f1= 9.93,macro_f1= 5.72%
INFO - 09/13/26 22:28:30 - 0:00:05 - Epoch 0: train_loss=2.4871158599853516, train_acc= 6.64%
INFO - 09/13/26 22:28:30 - 0:00:05 - Epoch 0: val_loss=2.322671413421631, val_acc= 8.91%,val_weighted_f1= 8.04,val_macro_f1= 6.94%
INFO - 09/13/26 22:28:30 - 0:00:05 - Epoch 1: train_loss=2.3442142009735107, train_acc= 9.26%
INFO - 09/13/26 22:28:30 - 0:00:05 - --------------Testing--------------------
INFO - 09/13/26 22:28:30 - 0:00:05 - --------------Loading from ./checkpoints/NC_computers_model.pt--------------------
INFO - 09/13/26 22:28:30 - 0:00:05 - test_acc= 8.22%, weighted_f1= 7.68,macro_f1= 6.07%
INFO - 09/13/26 22:28:30 - 0:00:05 - test_acc= 8.22%, weighted_f1= 7.68,macro_f1= 6.07%
INFO - 09/13/26 22:28:31 - 0:00:05 - Epoch 0: train_loss=2.475869655609131, train_acc= 8.37%
INFO - 09/13/26 22:28:31 - 0:00:06 - Epoch 0: val_loss=2.308309316635132, val_acc= 14.84%,val_weighted_f1= 15.68,val_macro_f1= 8.19%
INFO - 09/13/26 22:28:31 - 0:00:06 - Epoch 1: train_loss=2.3427464962005615, train_acc= 12.55%
INFO - 09/13/26 22:28:31 - 0:00:06 - --------------Testing--------------------
INFO - 09/13/26 22:28:31 - 0:00:06 - --------------Loading from ./checkpoints/NC_computers_model.pt--------------------
INFO - 09/13/26 22:28:31 - 0:00:06 - test_acc= 13.64%, weighted_f1= 13.74,macro_f1= 7.40%
INFO - 09/13/26 22:28:31 - 0:00:06 - test_acc= 13.64%, weighted_f1= 13.74,macro_f1= 7.40%
INFO - 09/13/26 22:28:31 - 0:00:06 - Epoch 0: train_loss=2.4114151000976562, train_acc= 7.31%
INFO - 09/13/26 22:28:31 - 0:00:06 - Epoch 0: val_loss=2.260641574859619, val_acc= 15.20%,val_weighted_f1= 14.04,val_macro_f1= 4.77%
INFO - 09/13/26 22:28:32 - 0:00:06 - Epoch 1: train_loss=2.2954273223876953, train_acc= 13.55%
INFO - 09/13/26 22:28:32 - 0:00:06 - --------------Testing--------------------
INFO - 09/13/26 22:28:32 - 0:00:06 - --------------Loading from ./checkpoints/NC_computers_model.pt--------------------
INFO - 09/13/26 22:28:32 - 0:00:07 - test_acc= 14.11%, weighted_f1= 12.45,macro_f1= 4.35%
INFO - 09/13/26 22:28:32 - 0:00:07 - test_acc= 14.11%, weighted_f1= 12.45,macro_f1= 4.35%
INFO - 09/13/26 22:28:32 - 0:00:07 - Epoch 0: train_loss=2.252102851867676, train_acc= 13.77%
INFO - 09/13/26 22:28:32 - 0:00:07 - Epoch 0: val_loss=2.1080408096313477, val_acc= 22.65%,val_weighted_f1= 18.62,val_macro_f1= 6.72%
INFO - 09/13/26 22:28:32 - 0:00:07 - Epoch 1: train_loss=2.1501259803771973, train_acc= 21.30%
INFO - 09/13/26 22:28:32 - 0:00:07 - --------------Testing--------------------
INFO - 09/13/26 22:28:32 - 0:00:07 - --------------Loading from ./checkpoints/NC_computers_model.pt--------------------
INFO - 09/13/26 22:28:32 - 0:00:07 - test_acc= 20.76%, weighted_f1= 16.44,macro_f1= 6.29%
INFO - 09/13/26 22:28:32 - 0:00:07 - test_acc= 20.76%, weighted_f1= 16.44,macro_f1= 6.29%
INFO - 09/13/26 22:28:32 - 0:00:07 - Best ACCs: [20.87, 11.56, 11.75, 12.76, 5.16, 9.31, 8.22, 13.64, 14.11, 20.76]
                                     Evaluation Acc is  12.81% ±  4.74%
                                     
[repro] exit_code=0
[repro] runtime_seconds=12
[repro] finished_at=2026-09-13T22:28:33+08:00
