=== gbn table mode=smoke datasets='CS WikiCS computers Roman-empire Amazon-ratings Texas Wisconsin Cora' 2026-09-13T22:27:51+08:00 ===

>>> smoke_CS_2ep  (2026-09-13T22:27:51+08:00)  cfg=/home/lab_user/project/lzc/results/gbn/configs/smoke/CS.json
[repro] paper=gbn
[repro] started_at=2026-09-13T22:27:52+08:00
[repro] run_id=20260913_222752_smoke_CS_2ep_pid288741
[repro] repo_commit=72ad3692916ecc60f2c78d5bd01a55d7c6297a4f
[repro] env=dtgb cwd=/home/lab_user/project/lzc/repro/gbn
[repro] command=python main.py --task NC --dataset CS
[repro] resource_cap_ratio=85 threads=17
[repro] python=3.10.20 torch=2.2.1+cu121 cuda=True gpu=NVIDIA GeForce RTX 3090
[cap] cores=17/20 CPUQuota=1700% MemoryMax=55139365888 cuda_fraction=0.85 mps=85 gpu_gov=1
Running as unit: run-p288812-i284554.scope; invocation ID: 461ed6e005124dec85c09df898fd6845
Loading config file: ./configs/NC/CS.json
Log path: ./logs//NC_CS_NL3_HD512_DP0.2_ACTgelu_NORMln_BTrue_LRNC3e-05_LRT0.001.log
INFO - 09/13/26 22:27:57 - 0:00:00 - {'task': 'NC', 'dataset': 'CS', 'root_path': './datasets', 'val_every': 5, 'exp_iters': 10, 'log_dir': './logs/', 'result_dir': './results/', 'task_model_path': 'NC_CS_model.pt', 'checkpoints': './checkpoints/', 'add_self_loop': False, 'n_layers': 3, 'hid_dim': 512, 'embed_dim': 512, 'dropout': 0.2, 'act': 'gelu', 'input_act': 'gelu', 'norm': 'ln', 'bias': True, 'tau': 1.0, 'lr_nc': 3e-05, 'weight_decay_nc': 0, 'epochs_nc': 2, 'patience_nc': 15, 'additional_layers': 0, 'distance_list': [50, 10, 5, 3], 'lr_trans': 0.001, 'weight_decay_trans': 0, 'epochs_trans': 2000, 'patience_trans': 10, 'use_gpu': True, 'gpu': 0, 'devices': '0', 'layer_wise': True, 'log_path': './logs//NC_CS_NL3_HD512_DP0.2_ACTgelu_NORMln_BTrue_LRNC3e-05_LRT0.001.log', 'result_path': './results//NC_CS.txt'}
INFO - 09/13/26 22:27:57 - 0:00:00 - --------------------------Training Start-------------------------
INFO - 09/13/26 22:27:58 - 0:00:01 - Epoch 0: train_loss=2.996739149093628, train_acc= 6.57%
INFO - 09/13/26 22:27:58 - 0:00:01 - Epoch 0: val_loss=2.876349687576294, val_acc= 10.96%,val_weighted_f1= 3.36,val_macro_f1= 2.10%
INFO - 09/13/26 22:27:58 - 0:00:01 - Epoch 1: train_loss=2.901364326477051, train_acc= 8.12%
INFO - 09/13/26 22:27:58 - 0:00:01 - --------------Testing--------------------
INFO - 09/13/26 22:27:58 - 0:00:01 - --------------Loading from ./checkpoints/NC_CS_model.pt--------------------
INFO - 09/13/26 22:27:59 - 0:00:01 - test_acc= 9.38%, weighted_f1= 2.41,macro_f1= 1.71%
INFO - 09/13/26 22:27:59 - 0:00:01 - test_acc= 9.38%, weighted_f1= 2.41,macro_f1= 1.71%
INFO - 09/13/26 22:27:59 - 0:00:02 - Epoch 0: train_loss=2.8325605392456055, train_acc= 4.17%
INFO - 09/13/26 22:27:59 - 0:00:02 - Epoch 0: val_loss=2.7463550567626953, val_acc= 6.87%,val_weighted_f1= 4.07,val_macro_f1= 2.83%
INFO - 09/13/26 22:27:59 - 0:00:02 - Epoch 1: train_loss=2.747140407562256, train_acc= 7.21%
INFO - 09/13/26 22:27:59 - 0:00:02 - --------------Testing--------------------
INFO - 09/13/26 22:27:59 - 0:00:02 - --------------Loading from ./checkpoints/NC_CS_model.pt--------------------
INFO - 09/13/26 22:27:59 - 0:00:02 - test_acc= 6.22%, weighted_f1= 4.15,macro_f1= 2.76%
INFO - 09/13/26 22:27:59 - 0:00:02 - test_acc= 6.22%, weighted_f1= 4.15,macro_f1= 2.76%
INFO - 09/13/26 22:27:59 - 0:00:02 - Epoch 0: train_loss=2.9157891273498535, train_acc= 7.86%
INFO - 09/13/26 22:27:59 - 0:00:02 - Epoch 0: val_loss=2.815131664276123, val_acc= 8.59%,val_weighted_f1= 2.00,val_macro_f1= 1.69%
INFO - 09/13/26 22:28:00 - 0:00:02 - Epoch 1: train_loss=2.825429677963257, train_acc= 8.46%
INFO - 09/13/26 22:28:00 - 0:00:02 - --------------Testing--------------------
INFO - 09/13/26 22:28:00 - 0:00:02 - --------------Loading from ./checkpoints/NC_CS_model.pt--------------------
INFO - 09/13/26 22:28:00 - 0:00:03 - test_acc= 8.02%, weighted_f1= 1.66,macro_f1= 1.50%
INFO - 09/13/26 22:28:00 - 0:00:03 - test_acc= 8.02%, weighted_f1= 1.66,macro_f1= 1.50%
INFO - 09/13/26 22:28:00 - 0:00:03 - Epoch 0: train_loss=2.8797624111175537, train_acc= 2.69%
INFO - 09/13/26 22:28:00 - 0:00:03 - Epoch 0: val_loss=2.784717559814453, val_acc= 2.59%,val_weighted_f1= 1.58,val_macro_f1= 1.02%
INFO - 09/13/26 22:28:00 - 0:00:03 - Epoch 1: train_loss=2.792418956756592, train_acc= 3.68%
INFO - 09/13/26 22:28:00 - 0:00:03 - --------------Testing--------------------
INFO - 09/13/26 22:28:00 - 0:00:03 - --------------Loading from ./checkpoints/NC_CS_model.pt--------------------
INFO - 09/13/26 22:28:00 - 0:00:03 - test_acc= 2.62%, weighted_f1= 1.04,macro_f1= 0.78%
INFO - 09/13/26 22:28:00 - 0:00:03 - test_acc= 2.62%, weighted_f1= 1.04,macro_f1= 0.78%
INFO - 09/13/26 22:28:01 - 0:00:03 - Epoch 0: train_loss=2.8608922958374023, train_acc= 10.91%
INFO - 09/13/26 22:28:01 - 0:00:03 - Epoch 0: val_loss=2.766812324523926, val_acc= 10.94%,val_weighted_f1= 2.85,val_macro_f1= 1.75%
INFO - 09/13/26 22:28:01 - 0:00:04 - Epoch 1: train_loss=2.76552677154541, train_acc= 11.59%
INFO - 09/13/26 22:28:01 - 0:00:04 - --------------Testing--------------------
INFO - 09/13/26 22:28:01 - 0:00:04 - --------------Loading from ./checkpoints/NC_CS_model.pt--------------------
INFO - 09/13/26 22:28:01 - 0:00:04 - test_acc= 10.77%, weighted_f1= 2.80,macro_f1= 1.71%
INFO - 09/13/26 22:28:01 - 0:00:04 - test_acc= 10.77%, weighted_f1= 2.80,macro_f1= 1.71%
INFO - 09/13/26 22:28:01 - 0:00:04 - Epoch 0: train_loss=2.8536312580108643, train_acc= 9.60%
INFO - 09/13/26 22:28:01 - 0:00:04 - Epoch 0: val_loss=2.770794153213501, val_acc= 10.91%,val_weighted_f1= 2.97,val_macro_f1= 2.19%
INFO - 09/13/26 22:28:01 - 0:00:04 - Epoch 1: train_loss=2.764946222305298, train_acc= 10.74%
INFO - 09/13/26 22:28:01 - 0:00:04 - --------------Testing--------------------
INFO - 09/13/26 22:28:01 - 0:00:04 - --------------Loading from ./checkpoints/NC_CS_model.pt--------------------
INFO - 09/13/26 22:28:02 - 0:00:04 - test_acc= 11.37%, weighted_f1= 3.16,macro_f1= 2.00%
INFO - 09/13/26 22:28:02 - 0:00:04 - test_acc= 11.37%, weighted_f1= 3.16,macro_f1= 2.00%
INFO - 09/13/26 22:28:02 - 0:00:05 - Epoch 0: train_loss=2.9771416187286377, train_acc= 2.55%
INFO - 09/13/26 22:28:02 - 0:00:05 - Epoch 0: val_loss=2.857776165008545, val_acc= 2.29%,val_weighted_f1= 0.36,val_macro_f1= 0.42%
INFO - 09/13/26 22:28:02 - 0:00:05 - Epoch 1: train_loss=2.870300769805908, train_acc= 2.80%
INFO - 09/13/26 22:28:02 - 0:00:05 - --------------Testing--------------------
INFO - 09/13/26 22:28:02 - 0:00:05 - --------------Loading from ./checkpoints/NC_CS_model.pt--------------------
INFO - 09/13/26 22:28:02 - 0:00:05 - test_acc= 2.15%, weighted_f1= 0.09,macro_f1= 0.28%
INFO - 09/13/26 22:28:02 - 0:00:05 - test_acc= 2.15%, weighted_f1= 0.09,macro_f1= 0.28%
INFO - 09/13/26 22:28:02 - 0:00:05 - Epoch 0: train_loss=2.7946856021881104, train_acc= 4.77%
INFO - 09/13/26 22:28:02 - 0:00:05 - Epoch 0: val_loss=2.7047884464263916, val_acc= 5.24%,val_weighted_f1= 1.30,val_macro_f1= 1.29%
INFO - 09/13/26 22:28:03 - 0:00:05 - Epoch 1: train_loss=2.7166831493377686, train_acc= 5.90%
INFO - 09/13/26 22:28:03 - 0:00:05 - --------------Testing--------------------
INFO - 09/13/26 22:28:03 - 0:00:05 - --------------Loading from ./checkpoints/NC_CS_model.pt--------------------
INFO - 09/13/26 22:28:03 - 0:00:06 - test_acc= 4.66%, weighted_f1= 0.84,macro_f1= 0.97%
INFO - 09/13/26 22:28:03 - 0:00:06 - test_acc= 4.66%, weighted_f1= 0.84,macro_f1= 0.97%
INFO - 09/13/26 22:28:03 - 0:00:06 - Epoch 0: train_loss=2.778618574142456, train_acc= 6.61%
INFO - 09/13/26 22:28:03 - 0:00:06 - Epoch 0: val_loss=2.6886019706726074, val_acc= 9.52%,val_weighted_f1= 3.92,val_macro_f1= 2.72%
INFO - 09/13/26 22:28:03 - 0:00:06 - Epoch 1: train_loss=2.6952226161956787, train_acc= 8.99%
INFO - 09/13/26 22:28:03 - 0:00:06 - --------------Testing--------------------
INFO - 09/13/26 22:28:03 - 0:00:06 - --------------Loading from ./checkpoints/NC_CS_model.pt--------------------
INFO - 09/13/26 22:28:03 - 0:00:06 - test_acc= 10.09%, weighted_f1= 4.22,macro_f1= 2.79%
INFO - 09/13/26 22:28:03 - 0:00:06 - test_acc= 10.09%, weighted_f1= 4.22,macro_f1= 2.79%
INFO - 09/13/26 22:28:04 - 0:00:06 - Epoch 0: train_loss=3.002213954925537, train_acc= 2.15%
INFO - 09/13/26 22:28:04 - 0:00:06 - Epoch 0: val_loss=2.901142120361328, val_acc= 2.10%,val_weighted_f1= 0.17,val_macro_f1= 0.38%
INFO - 09/13/26 22:28:04 - 0:00:07 - Epoch 1: train_loss=2.8962595462799072, train_acc= 2.54%
INFO - 09/13/26 22:28:04 - 0:00:07 - --------------Testing--------------------
INFO - 09/13/26 22:28:04 - 0:00:07 - --------------Loading from ./checkpoints/NC_CS_model.pt--------------------
INFO - 09/13/26 22:28:04 - 0:00:07 - test_acc= 2.21%, weighted_f1= 0.32,macro_f1= 0.51%
INFO - 09/13/26 22:28:04 - 0:00:07 - test_acc= 2.21%, weighted_f1= 0.32,macro_f1= 0.51%
INFO - 09/13/26 22:28:04 - 0:00:07 - Best ACCs: [9.38, 6.22, 8.02, 2.62, 10.77, 11.37, 2.15, 4.66, 10.09, 2.21]
                                     Evaluation Acc is  6.75% ±  3.47%
                                     
[repro] exit_code=0
[repro] runtime_seconds=12
[repro] finished_at=2026-09-13T22:28:05+08:00
[repro] log_file=/home/lab_user/project/lzc/results/gbn/runs/20260913_222752_smoke_CS_2ep_pid288741.log
<<< smoke_CS_2ep exit=0

>>> smoke_WikiCS_2ep  (2026-09-13T22:28:05+08:00)  cfg=/home/lab_user/project/lzc/results/gbn/configs/smoke/WikiCS.json
[repro] paper=gbn
[repro] started_at=2026-09-13T22:28:07+08:00
[repro] run_id=20260913_222807_smoke_WikiCS_2ep_pid288948
[repro] repo_commit=72ad3692916ecc60f2c78d5bd01a55d7c6297a4f
[repro] env=dtgb cwd=/home/lab_user/project/lzc/repro/gbn
[repro] command=python main.py --task NC --dataset WikiCS
[repro] resource_cap_ratio=85 threads=17
[repro] python=3.10.20 torch=2.2.1+cu121 cuda=True gpu=NVIDIA GeForce RTX 3090
[cap] cores=17/20 CPUQuota=1700% MemoryMax=55139365888 cuda_fraction=0.85 mps=85 gpu_gov=1
Running as unit: run-p289019-i281305.scope; invocation ID: 08d12c45f73a4c4593fff4af6757f4dc
Loading config file: ./configs/NC/WikiCS.json
Log path: ./logs//NC_WikiCS_NL3_HD512_DP0.2_ACTgelu_NORMln_BTrue_LRNC3e-05_LRT0.001.log
INFO - 09/13/26 22:28:12 - 0:00:00 - {'task': 'NC', 'dataset': 'WikiCS', 'root_path': './datasets', 'val_every': 5, 'exp_iters': 10, 'log_dir': './logs/', 'result_dir': './results/', 'task_model_path': 'NC_WikiCS_model.pt', 'checkpoints': './checkpoints/', 'add_self_loop': False, 'n_layers': 3, 'hid_dim': 512, 'embed_dim': 512, 'dropout': 0.2, 'act': 'gelu', 'input_act': 'gelu', 'norm': 'ln', 'bias': True, 'tau': 1.0, 'lr_nc': 3e-05, 'weight_decay_nc': 0, 'epochs_nc': 2, 'patience_nc': 15, 'additional_layers': 0, 'distance_list': [50, 10, 5, 3], 'lr_trans': 0.001, 'weight_decay_trans': 0, 'epochs_trans': 2000, 'patience_trans': 10, 'use_gpu': True, 'gpu': 0, 'devices': '0', 'layer_wise': True, 'log_path': './logs//NC_WikiCS_NL3_HD512_DP0.2_ACTgelu_NORMln_BTrue_LRNC3e-05_LRT0.001.log', 'result_path': './results//NC_WikiCS.txt'}
INFO - 09/13/26 22:28:12 - 0:00:00 - --------------------------Training Start-------------------------
INFO - 09/13/26 22:28:12 - 0:00:01 - Epoch 0: train_loss=2.5459792613983154, train_acc= 2.81%
INFO - 09/13/26 22:28:12 - 0:00:01 - Epoch 0: val_loss=2.4425854682922363, val_acc= 3.38%,val_weighted_f1= 1.01,val_macro_f1= 2.52%
INFO - 09/13/26 22:28:13 - 0:00:01 - Epoch 1: train_loss=2.4523181915283203, train_acc= 3.25%
INFO - 09/13/26 22:28:13 - 0:00:01 - --------------Testing--------------------
INFO - 09/13/26 22:28:13 - 0:00:01 - --------------Loading from ./checkpoints/NC_WikiCS_model.pt--------------------
INFO - 09/13/26 22:28:13 - 0:00:01 - test_acc= 2.52%, weighted_f1= 0.36,macro_f1= 0.98%
INFO - 09/13/26 22:28:13 - 0:00:01 - test_acc= 2.52%, weighted_f1= 0.36,macro_f1= 0.98%
INFO - 09/13/26 22:28:13 - 0:00:01 - Epoch 0: train_loss=2.2883481979370117, train_acc= 14.21%
INFO - 09/13/26 22:28:13 - 0:00:01 - Epoch 0: val_loss=2.2135446071624756, val_acc= 22.56%,val_weighted_f1= 8.84,val_macro_f1= 4.01%
INFO - 09/13/26 22:28:13 - 0:00:01 - Epoch 1: train_loss=2.223372220993042, train_acc= 20.27%
INFO - 09/13/26 22:28:13 - 0:00:01 - --------------Testing--------------------
INFO - 09/13/26 22:28:13 - 0:00:01 - --------------Loading from ./checkpoints/NC_WikiCS_model.pt--------------------
INFO - 09/13/26 22:28:13 - 0:00:01 - test_acc= 22.05%, weighted_f1= 8.31,macro_f1= 3.80%
INFO - 09/13/26 22:28:13 - 0:00:01 - test_acc= 22.05%, weighted_f1= 8.31,macro_f1= 3.80%
INFO - 09/13/26 22:28:13 - 0:00:02 - Epoch 0: train_loss=2.429133176803589, train_acc= 5.58%
INFO - 09/13/26 22:28:13 - 0:00:02 - Epoch 0: val_loss=2.3381853103637695, val_acc= 6.97%,val_weighted_f1= 2.24,val_macro_f1= 4.47%
INFO - 09/13/26 22:28:14 - 0:00:02 - Epoch 1: train_loss=2.3481667041778564, train_acc= 5.70%
INFO - 09/13/26 22:28:14 - 0:00:02 - --------------Testing--------------------
INFO - 09/13/26 22:28:14 - 0:00:02 - --------------Loading from ./checkpoints/NC_WikiCS_model.pt--------------------
INFO - 09/13/26 22:28:14 - 0:00:02 - test_acc= 6.58%, weighted_f1= 2.28,macro_f1= 3.58%
INFO - 09/13/26 22:28:14 - 0:00:02 - test_acc= 6.58%, weighted_f1= 2.28,macro_f1= 3.58%
INFO - 09/13/26 22:28:14 - 0:00:02 - Epoch 0: train_loss=2.231837749481201, train_acc= 15.90%
INFO - 09/13/26 22:28:14 - 0:00:02 - Epoch 0: val_loss=2.1553945541381836, val_acc= 19.27%,val_weighted_f1= 6.64,val_macro_f1= 3.49%
INFO - 09/13/26 22:28:14 - 0:00:03 - Epoch 1: train_loss=2.1802215576171875, train_acc= 16.91%
INFO - 09/13/26 22:28:14 - 0:00:03 - --------------Testing--------------------
INFO - 09/13/26 22:28:14 - 0:00:03 - --------------Loading from ./checkpoints/NC_WikiCS_model.pt--------------------
INFO - 09/13/26 22:28:14 - 0:00:03 - test_acc= 19.66%, weighted_f1= 6.91,macro_f1= 3.56%
INFO - 09/13/26 22:28:14 - 0:00:03 - test_acc= 19.66%, weighted_f1= 6.91,macro_f1= 3.56%
INFO - 09/13/26 22:28:15 - 0:00:03 - Epoch 0: train_loss=2.5184640884399414, train_acc= 2.68%
INFO - 09/13/26 22:28:15 - 0:00:03 - Epoch 0: val_loss=2.4164528846740723, val_acc= 3.33%,val_weighted_f1= 2.05,val_macro_f1= 1.41%
INFO - 09/13/26 22:28:15 - 0:00:03 - Epoch 1: train_loss=2.4321062564849854, train_acc= 4.03%
INFO - 09/13/26 22:28:15 - 0:00:03 - --------------Testing--------------------
INFO - 09/13/26 22:28:15 - 0:00:03 - --------------Loading from ./checkpoints/NC_WikiCS_model.pt--------------------
INFO - 09/13/26 22:28:15 - 0:00:03 - test_acc= 3.93%, weighted_f1= 1.67,macro_f1= 1.25%
INFO - 09/13/26 22:28:15 - 0:00:03 - test_acc= 3.93%, weighted_f1= 1.67,macro_f1= 1.25%
INFO - 09/13/26 22:28:15 - 0:00:03 - Epoch 0: train_loss=2.7389185428619385, train_acc= 3.63%
INFO - 09/13/26 22:28:15 - 0:00:04 - Epoch 0: val_loss=2.6362826824188232, val_acc= 3.59%,val_weighted_f1= 0.25,val_macro_f1= 0.69%
INFO - 09/13/26 22:28:15 - 0:00:04 - Epoch 1: train_loss=2.6150758266448975, train_acc= 3.75%
INFO - 09/13/26 22:28:15 - 0:00:04 - --------------Testing--------------------
INFO - 09/13/26 22:28:15 - 0:00:04 - --------------Loading from ./checkpoints/NC_WikiCS_model.pt--------------------
INFO - 09/13/26 22:28:16 - 0:00:04 - test_acc= 3.25%, weighted_f1= 0.20,macro_f1= 0.63%
INFO - 09/13/26 22:28:16 - 0:00:04 - test_acc= 3.25%, weighted_f1= 0.20,macro_f1= 0.63%
INFO - 09/13/26 22:28:16 - 0:00:04 - Epoch 0: train_loss=2.528066635131836, train_acc= 10.11%
INFO - 09/13/26 22:28:16 - 0:00:04 - Epoch 0: val_loss=2.4571382999420166, val_acc= 16.03%,val_weighted_f1= 5.30,val_macro_f1= 4.28%
INFO - 09/13/26 22:28:16 - 0:00:04 - Epoch 1: train_loss=2.4377317428588867, train_acc= 12.70%
INFO - 09/13/26 22:28:16 - 0:00:04 - --------------Testing--------------------
INFO - 09/13/26 22:28:16 - 0:00:04 - --------------Loading from ./checkpoints/NC_WikiCS_model.pt--------------------
INFO - 09/13/26 22:28:16 - 0:00:04 - test_acc= 15.90%, weighted_f1= 5.22,macro_f1= 4.24%
INFO - 09/13/26 22:28:16 - 0:00:04 - test_acc= 15.90%, weighted_f1= 5.22,macro_f1= 4.24%
INFO - 09/13/26 22:28:16 - 0:00:05 - Epoch 0: train_loss=2.445056915283203, train_acc= 7.58%
INFO - 09/13/26 22:28:16 - 0:00:05 - Epoch 0: val_loss=2.358530282974243, val_acc= 7.91%,val_weighted_f1= 1.89,val_macro_f1= 1.76%
INFO - 09/13/26 22:28:17 - 0:00:05 - Epoch 1: train_loss=2.370755672454834, train_acc= 9.46%
INFO - 09/13/26 22:28:17 - 0:00:05 - --------------Testing--------------------
INFO - 09/13/26 22:28:17 - 0:00:05 - --------------Loading from ./checkpoints/NC_WikiCS_model.pt--------------------
INFO - 09/13/26 22:28:17 - 0:00:05 - test_acc= 7.44%, weighted_f1= 1.75,macro_f1= 1.70%
INFO - 09/13/26 22:28:17 - 0:00:05 - test_acc= 7.44%, weighted_f1= 1.75,macro_f1= 1.70%
INFO - 09/13/26 22:28:17 - 0:00:05 - Epoch 0: train_loss=2.618755340576172, train_acc= 6.41%
INFO - 09/13/26 22:28:17 - 0:00:05 - Epoch 0: val_loss=2.4993863105773926, val_acc= 7.14%,val_weighted_f1= 1.47,val_macro_f1= 1.61%
INFO - 09/13/26 22:28:17 - 0:00:05 - Epoch 1: train_loss=2.5176303386688232, train_acc= 6.74%
INFO - 09/13/26 22:28:17 - 0:00:05 - --------------Testing--------------------
INFO - 09/13/26 22:28:17 - 0:00:05 - --------------Loading from ./checkpoints/NC_WikiCS_model.pt--------------------
INFO - 09/13/26 22:28:17 - 0:00:06 - test_acc= 7.22%, weighted_f1= 1.74,macro_f1= 1.81%
INFO - 09/13/26 22:28:17 - 0:00:06 - test_acc= 7.22%, weighted_f1= 1.74,macro_f1= 1.81%
INFO - 09/13/26 22:28:17 - 0:00:06 - Epoch 0: train_loss=2.5922303199768066, train_acc= 10.25%
INFO - 09/13/26 22:28:18 - 0:00:06 - Epoch 0: val_loss=2.481346607208252, val_acc= 17.52%,val_weighted_f1= 5.57,val_macro_f1= 3.46%
INFO - 09/13/26 22:28:18 - 0:00:06 - Epoch 1: train_loss=2.499882698059082, train_acc= 11.88%
INFO - 09/13/26 22:28:18 - 0:00:06 - --------------Testing--------------------
INFO - 09/13/26 22:28:18 - 0:00:06 - --------------Loading from ./checkpoints/NC_WikiCS_model.pt--------------------
INFO - 09/13/26 22:28:18 - 0:00:06 - test_acc= 15.77%, weighted_f1= 4.60,macro_f1= 2.78%
INFO - 09/13/26 22:28:18 - 0:00:06 - test_acc= 15.77%, weighted_f1= 4.60,macro_f1= 2.78%
INFO - 09/13/26 22:28:18 - 0:00:06 - Best ACCs: [2.52, 22.05, 6.58, 19.66, 3.93, 3.25, 15.9, 7.44, 7.22, 15.77]
                                     Evaluation Acc is  10.43% ±  6.85%
                                     
[repro] exit_code=0
[repro] runtime_seconds=10
[repro] finished_at=2026-09-13T22:28:18+08:00
[repro] log_file=/home/lab_user/project/lzc/results/gbn/runs/20260913_222807_smoke_WikiCS_2ep_pid288948.log
<<< smoke_WikiCS_2ep exit=0

>>> smoke_computers_2ep  (2026-09-13T22:28:19+08:00)  cfg=/home/lab_user/project/lzc/results/gbn/configs/smoke/computers.json
[repro] paper=gbn
[repro] started_at=2026-09-13T22:28:20+08:00
[repro] run_id=20260913_222820_smoke_computers_2ep_pid289108
[repro] repo_commit=72ad3692916ecc60f2c78d5bd01a55d7c6297a4f
[repro] env=dtgb cwd=/home/lab_user/project/lzc/repro/gbn
[repro] command=python main.py --task NC --dataset computers
[repro] resource_cap_ratio=85 threads=17
[repro] python=3.10.20 torch=2.2.1+cu121 cuda=True gpu=NVIDIA GeForce RTX 3090
[cap] cores=17/20 CPUQuota=1700% MemoryMax=55139365888 cuda_fraction=0.85 mps=85 gpu_gov=1
Running as unit: run-p289179-i281346.scope; invocation ID: a3ea9e6f5d714af7a9790148073eb1b5
Loading config file: ./configs/NC/computers.json
Log path: ./logs//NC_computers_NL3_HD512_DP0.2_ACTgelu_NORMln_BTrue_LRNC3e-05_LRT0.001.log
INFO - 09/13/26 22:28:25 - 0:00:00 - {'task': 'NC', 'dataset': 'computers', 'root_path': './datasets', 'val_every': 5, 'exp_iters': 10, 'log_dir': './logs/', 'result_dir': './results/', 'task_model_path': 'NC_computers_model.pt', 'checkpoints': './checkpoints/', 'add_self_loop': False, 'n_layers': 3, 'hid_dim': 512, 'embed_dim': 512, 'dropout': 0.2, 'act': 'gelu', 'input_act': 'gelu', 'norm': 'ln', 'bias': True, 'tau': 1.0, 'lr_nc': 3e-05, 'weight_decay_nc': 0, 'epochs_nc': 2, 'patience_nc': 15, 'additional_layers': 0, 'distance_list': [50, 10, 5, 3], 'lr_trans': 0.001, 'weight_decay_trans': 0, 'epochs_trans': 2000, 'patience_trans': 10, 'use_gpu': True, 'gpu': 0, 'devices': '0', 'layer_wise': True, 'log_path': './logs//NC_computers_NL3_HD512_DP0.2_ACTgelu_NORMln_BTrue_LRNC3e-05_LRT0.001.log', 'result_path': './results//NC_computers.txt'}
INFO - 09/13/26 22:28:25 - 0:00:00 - --------------------------Training Start-------------------------
INFO - 09/13/26 22:28:26 - 0:00:01 - Epoch 0: train_loss=2.28841495513916, train_acc= 10.13%
INFO - 09/13/26 22:28:26 - 0:00:01 - Epoch 0: val_loss=2.167393684387207, val_acc= 20.07%,val_weighted_f1= 17.23,val_macro_f1= 6.91%
INFO - 09/13/26 22:28:26 - 0:00:01 - Epoch 1: train_loss=2.1873555183410645, train_acc= 18.31%
INFO - 09/13/26 22:28:26 - 0:00:01 - --------------Testing--------------------
INFO - 09/13/26 22:28:26 - 0:00:01 - --------------Loading from ./checkpoints/NC_computers_model.pt--------------------
INFO - 09/13/26 22:28:26 - 0:00:01 - test_acc= 20.87%, weighted_f1= 18.00,macro_f1= 6.48%
INFO - 09/13/26 22:28:26 - 0:00:01 - test_acc= 20.87%, weighted_f1= 18.00,macro_f1= 6.48%
INFO - 09/13/26 22:28:26 - 0:00:01 - Epoch 0: train_loss=2.360438585281372, train_acc= 7.44%
INFO - 09/13/26 22:28:27 - 0:00:01 - Epoch 0: val_loss=2.2257397174835205, val_acc= 12.80%,val_weighted_f1= 11.93,val_macro_f1= 5.32%
INFO - 09/13/26 22:28:27 - 0:00:02 - Epoch 1: train_loss=2.2434041500091553, train_acc= 13.52%
INFO - 09/13/26 22:28:27 - 0:00:02 - --------------Testing--------------------
INFO - 09/13/26 22:28:27 - 0:00:02 - --------------Loading from ./checkpoints/NC_computers_model.pt--------------------
INFO - 09/13/26 22:28:27 - 0:00:02 - test_acc= 11.56%, weighted_f1= 10.96,macro_f1= 4.88%
INFO - 09/13/26 22:28:27 - 0:00:02 - test_acc= 11.56%, weighted_f1= 10.96,macro_f1= 4.88%
INFO - 09/13/26 22:28:27 - 0:00:02 - Epoch 0: train_loss=2.5097272396087646, train_acc= 5.40%
INFO - 09/13/26 22:28:27 - 0:00:02 - Epoch 0: val_loss=2.3278465270996094, val_acc= 11.96%,val_weighted_f1= 14.33,val_macro_f1= 7.55%
INFO - 09/13/26 22:28:28 - 0:00:02 - Epoch 1: train_loss=2.3526968955993652, train_acc= 11.67%
INFO - 09/13/26 22:28:28 - 0:00:02 - --------------Testing--------------------
INFO - 09/13/26 22:28:28 - 0:00:02 - --------------Loading from ./checkpoints/NC_computers_model.pt--------------------
INFO - 09/13/26 22:28:28 - 0:00:03 - test_acc= 11.75%, weighted_f1= 14.43,macro_f1= 7.08%
INFO - 09/13/26 22:28:28 - 0:00:03 - test_acc= 11.75%, weighted_f1= 14.43,macro_f1= 7.08%
INFO - 09/13/26 22:28:28 - 0:00:03 - Epoch 0: train_loss=2.501840829849243, train_acc= 9.72%
INFO - 09/13/26 22:28:28 - 0:00:03 - Epoch 0: val_loss=2.3532662391662598, val_acc= 13.42%,val_weighted_f1= 10.43,val_macro_f1= 6.32%
INFO - 09/13/26 22:28:28 - 0:00:03 - Epoch 1: train_loss=2.359185218811035, train_acc= 11.96%
INFO - 09/13/26 22:28:28 - 0:00:03 - --------------Testing--------------------
INFO - 09/13/26 22:28:28 - 0:00:03 - --------------Loading from ./checkpoints/NC_computers_model.pt--------------------
INFO - 09/13/26 22:28:28 - 0:00:03 - test_acc= 12.76%, weighted_f1= 9.72,macro_f1= 5.70%
INFO - 09/13/26 22:28:28 - 0:00:03 - test_acc= 12.76%, weighted_f1= 9.72,macro_f1= 5.70%
INFO - 09/13/26 22:28:29 - 0:00:03 - Epoch 0: train_loss=2.564166784286499, train_acc= 3.62%
INFO - 09/13/26 22:28:29 - 0:00:04 - Epoch 0: val_loss=2.396970510482788, val_acc= 5.09%,val_weighted_f1= 4.94,val_macro_f1= 4.39%
INFO - 09/13/26 22:28:29 - 0:00:04 - Epoch 1: train_loss=2.420090913772583, train_acc= 6.27%
INFO - 09/13/26 22:28:29 - 0:00:04 - --------------Testing--------------------
INFO - 09/13/26 22:28:29 - 0:00:04 - --------------Loading from ./checkpoints/NC_computers_model.pt--------------------
INFO - 09/13/26 22:28:29 - 0:00:04 - test_acc= 5.16%, weighted_f1= 4.91,macro_f1= 4.43%
INFO - 09/13/26 22:28:29 - 0:00:04 - test_acc= 5.16%, weighted_f1= 4.91,macro_f1= 4.43%
INFO - 09/13/26 22:28:29 - 0:00:04 - Epoch 0: train_loss=2.5770034790039062, train_acc= 4.87%
INFO - 09/13/26 22:28:29 - 0:00:04 - Epoch 0: val_loss=2.4295883178710938, val_acc= 8.95%,val_weighted_f1= 10.24,val_macro_f1= 5.64%
INFO - 09/13/26 22:28:30 - 0:00:04 - Epoch 1: train_loss=2.433720350265503, train_acc= 10.66%
INFO - 09/13/26 22:28:30 - 0:00:04 - --------------Testing--------------------
INFO - 09/13/26 22:28:30 - 0:00:04 - --------------Loading from ./checkpoints/NC_computers_model.pt--------------------
INFO - 09/13/26 22:28:30 - 0:00:04 - test_acc= 9.31%, weighted_f1= 9.93,macro_f1= 5.72%
INFO - 09/13/26 22:28:30 - 0:00:04 - test_acc= 9.31%, weighted_f1= 9.93,macro_f1= 5.72%
INFO - 09/13/26 22:28:30 - 0:00:05 - Epoch 0: train_loss=2.4871158599853516, train_acc= 6.64%
INFO - 09/13/26 22:28:30 - 0:00:05 - Epoch 0: val_loss=2.322671413421631, val_acc= 8.91%,val_weighted_f1= 8.04,val_macro_f1= 6.94%
INFO - 09/13/26 22:28:30 - 0:00:05 - Epoch 1: train_loss=2.3442142009735107, train_acc= 9.26%
INFO - 09/13/26 22:28:30 - 0:00:05 - --------------Testing--------------------
INFO - 09/13/26 22:28:30 - 0:00:05 - --------------Loading from ./checkpoints/NC_computers_model.pt--------------------
INFO - 09/13/26 22:28:30 - 0:00:05 - test_acc= 8.22%, weighted_f1= 7.68,macro_f1= 6.07%
INFO - 09/13/26 22:28:30 - 0:00:05 - test_acc= 8.22%, weighted_f1= 7.68,macro_f1= 6.07%
INFO - 09/13/26 22:28:31 - 0:00:05 - Epoch 0: train_loss=2.475869655609131, train_acc= 8.37%
INFO - 09/13/26 22:28:31 - 0:00:06 - Epoch 0: val_loss=2.308309316635132, val_acc= 14.84%,val_weighted_f1= 15.68,val_macro_f1= 8.19%
INFO - 09/13/26 22:28:31 - 0:00:06 - Epoch 1: train_loss=2.3427464962005615, train_acc= 12.55%
INFO - 09/13/26 22:28:31 - 0:00:06 - --------------Testing--------------------
INFO - 09/13/26 22:28:31 - 0:00:06 - --------------Loading from ./checkpoints/NC_computers_model.pt--------------------
INFO - 09/13/26 22:28:31 - 0:00:06 - test_acc= 13.64%, weighted_f1= 13.74,macro_f1= 7.40%
INFO - 09/13/26 22:28:31 - 0:00:06 - test_acc= 13.64%, weighted_f1= 13.74,macro_f1= 7.40%
INFO - 09/13/26 22:28:31 - 0:00:06 - Epoch 0: train_loss=2.4114151000976562, train_acc= 7.31%
INFO - 09/13/26 22:28:31 - 0:00:06 - Epoch 0: val_loss=2.260641574859619, val_acc= 15.20%,val_weighted_f1= 14.04,val_macro_f1= 4.77%
INFO - 09/13/26 22:28:32 - 0:00:06 - Epoch 1: train_loss=2.2954273223876953, train_acc= 13.55%
INFO - 09/13/26 22:28:32 - 0:00:06 - --------------Testing--------------------
INFO - 09/13/26 22:28:32 - 0:00:06 - --------------Loading from ./checkpoints/NC_computers_model.pt--------------------
INFO - 09/13/26 22:28:32 - 0:00:07 - test_acc= 14.11%, weighted_f1= 12.45,macro_f1= 4.35%
INFO - 09/13/26 22:28:32 - 0:00:07 - test_acc= 14.11%, weighted_f1= 12.45,macro_f1= 4.35%
INFO - 09/13/26 22:28:32 - 0:00:07 - Epoch 0: train_loss=2.252102851867676, train_acc= 13.77%
INFO - 09/13/26 22:28:32 - 0:00:07 - Epoch 0: val_loss=2.1080408096313477, val_acc= 22.65%,val_weighted_f1= 18.62,val_macro_f1= 6.72%
INFO - 09/13/26 22:28:32 - 0:00:07 - Epoch 1: train_loss=2.1501259803771973, train_acc= 21.30%
INFO - 09/13/26 22:28:32 - 0:00:07 - --------------Testing--------------------
INFO - 09/13/26 22:28:32 - 0:00:07 - --------------Loading from ./checkpoints/NC_computers_model.pt--------------------
INFO - 09/13/26 22:28:32 - 0:00:07 - test_acc= 20.76%, weighted_f1= 16.44,macro_f1= 6.29%
INFO - 09/13/26 22:28:32 - 0:00:07 - test_acc= 20.76%, weighted_f1= 16.44,macro_f1= 6.29%
INFO - 09/13/26 22:28:32 - 0:00:07 - Best ACCs: [20.87, 11.56, 11.75, 12.76, 5.16, 9.31, 8.22, 13.64, 14.11, 20.76]
                                     Evaluation Acc is  12.81% ±  4.74%
                                     
[repro] exit_code=0
[repro] runtime_seconds=12
[repro] finished_at=2026-09-13T22:28:33+08:00
[repro] log_file=/home/lab_user/project/lzc/results/gbn/runs/20260913_222820_smoke_computers_2ep_pid289108.log
<<< smoke_computers_2ep exit=0

>>> smoke_Roman-empire_2ep  (2026-09-13T22:28:33+08:00)  cfg=/home/lab_user/project/lzc/results/gbn/configs/smoke/Roman-empire.json
[repro] paper=gbn
[repro] started_at=2026-09-13T22:28:35+08:00
[repro] run_id=20260913_222835_smoke_Roman-empire_2ep_pid289257
[repro] repo_commit=72ad3692916ecc60f2c78d5bd01a55d7c6297a4f
[repro] env=dtgb cwd=/home/lab_user/project/lzc/repro/gbn
[repro] command=python main.py --task NC --dataset Roman-empire
[repro] resource_cap_ratio=85 threads=17
[repro] python=3.10.20 torch=2.2.1+cu121 cuda=True gpu=NVIDIA GeForce RTX 3090
[cap] cores=17/20 CPUQuota=1700% MemoryMax=55139365888 cuda_fraction=0.85 mps=85 gpu_gov=1
Running as unit: run-p289328-i304692.scope; invocation ID: dc3bfb3e401b4fe4ae9730fe5e01a209
Loading config file: ./configs/NC/Roman-empire.json
Log path: ./logs//NC_Roman-empire_NL5_HD512_DP0.15_ACTgelu_NORMln_BTrue_LRNC0.0003_LRT0.001.log
INFO - 09/13/26 22:28:40 - 0:00:00 - {'task': 'NC', 'dataset': 'Roman-empire', 'root_path': './datasets', 'val_every': 5, 'exp_iters': 10, 'log_dir': './logs/', 'result_dir': './results/', 'task_model_path': 'NC_Roman-empire_model.pt', 'checkpoints': './checkpoints/', 'add_self_loop': False, 'n_layers': 5, 'hid_dim': 512, 'embed_dim': 512, 'dropout': 0.15, 'act': 'gelu', 'input_act': 'gelu', 'norm': 'ln', 'bias': True, 'tau': 1.0, 'lr_nc': 0.0003, 'weight_decay_nc': 0, 'epochs_nc': 2, 'patience_nc': 15, 'additional_layers': 0, 'distance_list': [50, 10, 5, 3], 'lr_trans': 0.001, 'weight_decay_trans': 0, 'epochs_trans': 2000, 'patience_trans': 10, 'use_gpu': True, 'gpu': 0, 'devices': '0', 'layer_wise': True, 'log_path': './logs//NC_Roman-empire_NL5_HD512_DP0.15_ACTgelu_NORMln_BTrue_LRNC0.0003_LRT0.001.log', 'result_path': './results//NC_Roman-empire.txt'}
INFO - 09/13/26 22:28:40 - 0:00:00 - --------------------------Training Start-------------------------
INFO - 09/13/26 22:28:40 - 0:00:01 - Epoch 0: train_loss=2.914520025253296, train_acc= 15.03%
INFO - 09/13/26 22:28:40 - 0:00:01 - Epoch 0: val_loss=2.562535285949707, val_acc= 23.64%,val_weighted_f1= 12.68,val_macro_f1= 5.08%
INFO - 09/13/26 22:28:41 - 0:00:01 - Epoch 1: train_loss=2.573141574859619, train_acc= 24.19%
INFO - 09/13/26 22:28:41 - 0:00:01 - --------------Testing--------------------
INFO - 09/13/26 22:28:41 - 0:00:01 - --------------Loading from ./checkpoints/NC_Roman-empire_model.pt--------------------
INFO - 09/13/26 22:28:41 - 0:00:01 - test_acc= 23.69%, weighted_f1= 12.77,macro_f1= 5.12%
INFO - 09/13/26 22:28:41 - 0:00:01 - test_acc= 23.69%, weighted_f1= 12.77,macro_f1= 5.12%
INFO - 09/13/26 22:28:41 - 0:00:01 - Epoch 0: train_loss=3.2083449363708496, train_acc= 10.98%
INFO - 09/13/26 22:28:41 - 0:00:01 - Epoch 0: val_loss=2.679567337036133, val_acc= 21.25%,val_weighted_f1= 10.16,val_macro_f1= 4.36%
INFO - 09/13/26 22:28:41 - 0:00:02 - Epoch 1: train_loss=2.6876423358917236, train_acc= 19.04%
INFO - 09/13/26 22:28:41 - 0:00:02 - --------------Testing--------------------
INFO - 09/13/26 22:28:41 - 0:00:02 - --------------Loading from ./checkpoints/NC_Roman-empire_model.pt--------------------
INFO - 09/13/26 22:28:41 - 0:00:02 - test_acc= 21.50%, weighted_f1= 10.17,macro_f1= 4.37%
INFO - 09/13/26 22:28:41 - 0:00:02 - test_acc= 21.50%, weighted_f1= 10.17,macro_f1= 4.37%
INFO - 09/13/26 22:28:42 - 0:00:02 - Epoch 0: train_loss=2.948737144470215, train_acc= 13.73%
INFO - 09/13/26 22:28:42 - 0:00:02 - Epoch 0: val_loss=2.576789140701294, val_acc= 23.34%,val_weighted_f1= 12.89,val_macro_f1= 5.16%
INFO - 09/13/26 22:28:42 - 0:00:02 - Epoch 1: train_loss=2.5921053886413574, train_acc= 22.50%
INFO - 09/13/26 22:28:42 - 0:00:02 - --------------Testing--------------------
INFO - 09/13/26 22:28:42 - 0:00:02 - --------------Loading from ./checkpoints/NC_Roman-empire_model.pt--------------------
INFO - 09/13/26 22:28:42 - 0:00:02 - test_acc= 23.54%, weighted_f1= 13.20,macro_f1= 5.29%
INFO - 09/13/26 22:28:42 - 0:00:02 - test_acc= 23.54%, weighted_f1= 13.20,macro_f1= 5.29%
INFO - 09/13/26 22:28:42 - 0:00:03 - Epoch 0: train_loss=3.0011818408966064, train_acc= 9.49%
INFO - 09/13/26 22:28:42 - 0:00:03 - Epoch 0: val_loss=2.5976855754852295, val_acc= 25.00%,val_weighted_f1= 11.48,val_macro_f1= 4.59%
INFO - 09/13/26 22:28:43 - 0:00:03 - Epoch 1: train_loss=2.6088902950286865, train_acc= 23.90%
INFO - 09/13/26 22:28:43 - 0:00:03 - --------------Testing--------------------
INFO - 09/13/26 22:28:43 - 0:00:03 - --------------Loading from ./checkpoints/NC_Roman-empire_model.pt--------------------
INFO - 09/13/26 22:28:43 - 0:00:03 - test_acc= 25.10%, weighted_f1= 11.53,macro_f1= 4.61%
INFO - 09/13/26 22:28:43 - 0:00:03 - test_acc= 25.10%, weighted_f1= 11.53,macro_f1= 4.61%
INFO - 09/13/26 22:28:43 - 0:00:03 - Epoch 0: train_loss=3.096423387527466, train_acc= 11.04%
INFO - 09/13/26 22:28:43 - 0:00:03 - Epoch 0: val_loss=2.61734676361084, val_acc= 16.42%,val_weighted_f1= 7.57,val_macro_f1= 3.26%
INFO - 09/13/26 22:28:43 - 0:00:04 - Epoch 1: train_loss=2.628736734390259, train_acc= 15.79%
INFO - 09/13/26 22:28:43 - 0:00:04 - --------------Testing--------------------
INFO - 09/13/26 22:28:43 - 0:00:04 - --------------Loading from ./checkpoints/NC_Roman-empire_model.pt--------------------
INFO - 09/13/26 22:28:44 - 0:00:04 - test_acc= 16.57%, weighted_f1= 7.84,macro_f1= 3.37%
INFO - 09/13/26 22:28:44 - 0:00:04 - test_acc= 16.57%, weighted_f1= 7.84,macro_f1= 3.37%
INFO - 09/13/26 22:28:44 - 0:00:04 - Epoch 0: train_loss=2.9996142387390137, train_acc= 2.10%
INFO - 09/13/26 22:28:44 - 0:00:04 - Epoch 0: val_loss=2.5711512565612793, val_acc= 24.55%,val_weighted_f1= 12.46,val_macro_f1= 4.99%
INFO - 09/13/26 22:28:44 - 0:00:04 - Epoch 1: train_loss=2.578462600708008, train_acc= 23.85%
INFO - 09/13/26 22:28:44 - 0:00:04 - --------------Testing--------------------
INFO - 09/13/26 22:28:44 - 0:00:04 - --------------Loading from ./checkpoints/NC_Roman-empire_model.pt--------------------
INFO - 09/13/26 22:28:44 - 0:00:04 - test_acc= 24.69%, weighted_f1= 12.56,macro_f1= 5.03%
INFO - 09/13/26 22:28:44 - 0:00:04 - test_acc= 24.69%, weighted_f1= 12.56,macro_f1= 5.03%
INFO - 09/13/26 22:28:44 - 0:00:05 - Epoch 0: train_loss=3.203216075897217, train_acc= 2.10%
INFO - 09/13/26 22:28:45 - 0:00:05 - Epoch 0: val_loss=2.6429574489593506, val_acc= 17.23%,val_weighted_f1= 9.82,val_macro_f1= 4.50%
INFO - 09/13/26 22:28:45 - 0:00:05 - Epoch 1: train_loss=2.6552181243896484, train_acc= 17.99%
INFO - 09/13/26 22:28:45 - 0:00:05 - --------------Testing--------------------
INFO - 09/13/26 22:28:45 - 0:00:05 - --------------Loading from ./checkpoints/NC_Roman-empire_model.pt--------------------
INFO - 09/13/26 22:28:45 - 0:00:05 - test_acc= 16.89%, weighted_f1= 9.76,macro_f1= 4.49%
INFO - 09/13/26 22:28:45 - 0:00:05 - test_acc= 16.89%, weighted_f1= 9.76,macro_f1= 4.49%
INFO - 09/13/26 22:28:45 - 0:00:05 - Epoch 0: train_loss=2.9817636013031006, train_acc= 5.49%
INFO - 09/13/26 22:28:45 - 0:00:05 - Epoch 0: val_loss=2.5662715435028076, val_acc= 24.04%,val_weighted_f1= 12.78,val_macro_f1= 5.40%
INFO - 09/13/26 22:28:45 - 0:00:06 - Epoch 1: train_loss=2.57688045501709, train_acc= 23.42%
INFO - 09/13/26 22:28:45 - 0:00:06 - --------------Testing--------------------
INFO - 09/13/26 22:28:45 - 0:00:06 - --------------Loading from ./checkpoints/NC_Roman-empire_model.pt--------------------
INFO - 09/13/26 22:28:45 - 0:00:06 - test_acc= 23.54%, weighted_f1= 12.51,macro_f1= 5.27%
INFO - 09/13/26 22:28:45 - 0:00:06 - test_acc= 23.54%, weighted_f1= 12.51,macro_f1= 5.27%
INFO - 09/13/26 22:28:46 - 0:00:06 - Epoch 0: train_loss=3.1384077072143555, train_acc= 3.04%
INFO - 09/13/26 22:28:46 - 0:00:06 - Epoch 0: val_loss=2.621298313140869, val_acc= 29.55%,val_weighted_f1= 17.79,val_macro_f1= 7.58%
INFO - 09/13/26 22:28:46 - 0:00:06 - Epoch 1: train_loss=2.632472515106201, train_acc= 25.11%
INFO - 09/13/26 22:28:46 - 0:00:06 - --------------Testing--------------------
INFO - 09/13/26 22:28:46 - 0:00:06 - --------------Loading from ./checkpoints/NC_Roman-empire_model.pt--------------------
INFO - 09/13/26 22:28:46 - 0:00:06 - test_acc= 29.76%, weighted_f1= 17.84,macro_f1= 7.62%
INFO - 09/13/26 22:28:46 - 0:00:06 - test_acc= 29.76%, weighted_f1= 17.84,macro_f1= 7.62%
INFO - 09/13/26 22:28:46 - 0:00:07 - Epoch 0: train_loss=2.8660380840301514, train_acc= 3.83%
INFO - 09/13/26 22:28:46 - 0:00:07 - Epoch 0: val_loss=2.539910078048706, val_acc= 25.74%,val_weighted_f1= 11.51,val_macro_f1= 4.65%
INFO - 09/13/26 22:28:47 - 0:00:07 - Epoch 1: train_loss=2.5435118675231934, train_acc= 23.49%
INFO - 09/13/26 22:28:47 - 0:00:07 - --------------Testing--------------------
INFO - 09/13/26 22:28:47 - 0:00:07 - --------------Loading from ./checkpoints/NC_Roman-empire_model.pt--------------------
INFO - 09/13/26 22:28:47 - 0:00:07 - test_acc= 25.70%, weighted_f1= 11.36,macro_f1= 4.57%
INFO - 09/13/26 22:28:47 - 0:00:07 - test_acc= 25.70%, weighted_f1= 11.36,macro_f1= 4.57%
INFO - 09/13/26 22:28:47 - 0:00:07 - Best ACCs: [23.69, 21.5, 23.54, 25.1, 16.57, 24.69, 16.89, 23.54, 29.76, 25.7]
                                     Evaluation Acc is  23.10% ±  3.77%
                                     
[repro] exit_code=0
[repro] runtime_seconds=12
[repro] finished_at=2026-09-13T22:28:48+08:00
[repro] log_file=/home/lab_user/project/lzc/results/gbn/runs/20260913_222835_smoke_Roman-empire_2ep_pid289257.log
<<< smoke_Roman-empire_2ep exit=0

>>> smoke_Amazon-ratings_2ep  (2026-09-13T22:28:48+08:00)  cfg=/home/lab_user/project/lzc/results/gbn/configs/smoke/Amazon-ratings.json
[repro] paper=gbn
[repro] started_at=2026-09-13T22:28:49+08:00
[repro] run_id=20260913_222849_smoke_Amazon-ratings_2ep_pid289426
[repro] repo_commit=72ad3692916ecc60f2c78d5bd01a55d7c6297a4f
[repro] env=dtgb cwd=/home/lab_user/project/lzc/repro/gbn
[repro] command=python main.py --task NC --dataset Amazon-ratings
[repro] resource_cap_ratio=85 threads=17
[repro] python=3.10.20 torch=2.2.1+cu121 cuda=True gpu=NVIDIA GeForce RTX 3090
[cap] cores=17/20 CPUQuota=1700% MemoryMax=55139365888 cuda_fraction=0.85 mps=85 gpu_gov=1
Running as unit: run-p289497-i304723.scope; invocation ID: f7ce30d5f3c94059b63a71915ba2db73
Loading config file: ./configs/NC/Amazon-ratings.json
Log path: ./logs//NC_Amazon-ratings_NL5_HD512_DP0.15_ACTgelu_NORMbn_BTrue_LRNC0.0003_LRT0.001.log
INFO - 09/13/26 22:28:54 - 0:00:00 - {'task': 'NC', 'dataset': 'Amazon-ratings', 'root_path': './datasets', 'val_every': 5, 'exp_iters': 10, 'log_dir': './logs/', 'result_dir': './results/', 'task_model_path': 'NC_Amazon-ratings_model.pt', 'checkpoints': './checkpoints/', 'add_self_loop': False, 'n_layers': 5, 'hid_dim': 512, 'embed_dim': 512, 'dropout': 0.15, 'act': 'gelu', 'input_act': 'gelu', 'norm': 'bn', 'bias': True, 'tau': 1.0, 'lr_nc': 0.0003, 'weight_decay_nc': 0, 'epochs_nc': 2, 'patience_nc': 15, 'additional_layers': 0, 'distance_list': [50, 10, 5, 3], 'lr_trans': 0.001, 'weight_decay_trans': 0, 'epochs_trans': 2000, 'patience_trans': 10, 'use_gpu': True, 'gpu': 0, 'devices': '0', 'layer_wise': True, 'log_path': './logs//NC_Amazon-ratings_NL5_HD512_DP0.15_ACTgelu_NORMbn_BTrue_LRNC0.0003_LRT0.001.log', 'result_path': './results//NC_Amazon-ratings.txt'}
INFO - 09/13/26 22:28:54 - 0:00:00 - --------------------------Training Start-------------------------
INFO - 09/13/26 22:28:55 - 0:00:01 - Epoch 0: train_loss=1.7442251443862915, train_acc= 19.98%
INFO - 09/13/26 22:28:55 - 0:00:01 - Epoch 0: val_loss=1.6037795543670654, val_acc= 36.78%,val_weighted_f1= 19.78,val_macro_f1= 10.76%
INFO - 09/13/26 22:28:55 - 0:00:01 - Epoch 1: train_loss=1.6855765581130981, train_acc= 21.55%
INFO - 09/13/26 22:28:55 - 0:00:01 - --------------Testing--------------------
INFO - 09/13/26 22:28:55 - 0:00:01 - --------------Loading from ./checkpoints/NC_Amazon-ratings_model.pt--------------------
INFO - 09/13/26 22:28:55 - 0:00:01 - test_acc= 36.80%, weighted_f1= 19.79,macro_f1= 10.76%
INFO - 09/13/26 22:28:55 - 0:00:01 - test_acc= 36.80%, weighted_f1= 19.79,macro_f1= 10.76%
INFO - 09/13/26 22:28:56 - 0:00:02 - Epoch 0: train_loss=1.7413991689682007, train_acc= 20.62%
INFO - 09/13/26 22:28:56 - 0:00:02 - Epoch 0: val_loss=1.6105625629425049, val_acc= 8.69%,val_weighted_f1= 6.45,val_macro_f1= 6.21%
INFO - 09/13/26 22:28:56 - 0:00:02 - Epoch 1: train_loss=1.6900444030761719, train_acc= 22.77%
INFO - 09/13/26 22:28:56 - 0:00:02 - --------------Testing--------------------
INFO - 09/13/26 22:28:56 - 0:00:02 - --------------Loading from ./checkpoints/NC_Amazon-ratings_model.pt--------------------
INFO - 09/13/26 22:28:56 - 0:00:02 - test_acc= 8.56%, weighted_f1= 6.23,macro_f1= 6.10%
INFO - 09/13/26 22:28:56 - 0:00:02 - test_acc= 8.56%, weighted_f1= 6.23,macro_f1= 6.10%
INFO - 09/13/26 22:28:57 - 0:00:02 - Epoch 0: train_loss=1.7386748790740967, train_acc= 20.50%
INFO - 09/13/26 22:28:57 - 0:00:02 - Epoch 0: val_loss=1.6107041835784912, val_acc= 13.83%,val_weighted_f1= 7.71,val_macro_f1= 8.69%
INFO - 09/13/26 22:28:57 - 0:00:03 - Epoch 1: train_loss=1.6934607028961182, train_acc= 22.00%
INFO - 09/13/26 22:28:57 - 0:00:03 - --------------Testing--------------------
INFO - 09/13/26 22:28:57 - 0:00:03 - --------------Loading from ./checkpoints/NC_Amazon-ratings_model.pt--------------------
INFO - 09/13/26 22:28:57 - 0:00:03 - test_acc= 13.39%, weighted_f1= 7.34,macro_f1= 8.37%
INFO - 09/13/26 22:28:57 - 0:00:03 - test_acc= 13.39%, weighted_f1= 7.34,macro_f1= 8.37%
INFO - 09/13/26 22:28:57 - 0:00:03 - Epoch 0: train_loss=1.739506721496582, train_acc= 19.81%
INFO - 09/13/26 22:28:58 - 0:00:03 - Epoch 0: val_loss=1.6237226724624634, val_acc= 7.09%,val_weighted_f1= 1.74,val_macro_f1= 4.77%
INFO - 09/13/26 22:28:58 - 0:00:04 - Epoch 1: train_loss=1.6936317682266235, train_acc= 22.06%
INFO - 09/13/26 22:28:58 - 0:00:04 - --------------Testing--------------------
INFO - 09/13/26 22:28:58 - 0:00:04 - --------------Loading from ./checkpoints/NC_Amazon-ratings_model.pt--------------------
INFO - 09/13/26 22:28:58 - 0:00:04 - test_acc= 7.19%, weighted_f1= 1.75,macro_f1= 4.73%
INFO - 09/13/26 22:28:58 - 0:00:04 - test_acc= 7.19%, weighted_f1= 1.75,macro_f1= 4.73%
INFO - 09/13/26 22:28:58 - 0:00:04 - Epoch 0: train_loss=1.7528351545333862, train_acc= 19.83%
INFO - 09/13/26 22:28:58 - 0:00:04 - Epoch 0: val_loss=1.616886019706726, val_acc= 26.78%,val_weighted_f1= 11.32,val_macro_f1= 8.45%
INFO - 09/13/26 22:28:59 - 0:00:04 - Epoch 1: train_loss=1.7038078308105469, train_acc= 21.38%
INFO - 09/13/26 22:28:59 - 0:00:04 - --------------Testing--------------------
INFO - 09/13/26 22:28:59 - 0:00:04 - --------------Loading from ./checkpoints/NC_Amazon-ratings_model.pt--------------------
INFO - 09/13/26 22:28:59 - 0:00:05 - test_acc= 26.78%, weighted_f1= 11.32,macro_f1= 8.45%
INFO - 09/13/26 22:28:59 - 0:00:05 - test_acc= 26.78%, weighted_f1= 11.32,macro_f1= 8.45%
INFO - 09/13/26 22:28:59 - 0:00:05 - Epoch 0: train_loss=1.7275052070617676, train_acc= 20.69%
INFO - 09/13/26 22:28:59 - 0:00:05 - Epoch 0: val_loss=1.6007583141326904, val_acc= 36.80%,val_weighted_f1= 19.79,val_macro_f1= 10.76%
INFO - 09/13/26 22:29:00 - 0:00:05 - Epoch 1: train_loss=1.6769254207611084, train_acc= 22.72%
INFO - 09/13/26 22:29:00 - 0:00:05 - --------------Testing--------------------
INFO - 09/13/26 22:29:00 - 0:00:05 - --------------Loading from ./checkpoints/NC_Amazon-ratings_model.pt--------------------
INFO - 09/13/26 22:29:00 - 0:00:05 - test_acc= 36.78%, weighted_f1= 19.78,macro_f1= 10.76%
INFO - 09/13/26 22:29:00 - 0:00:05 - test_acc= 36.78%, weighted_f1= 19.78,macro_f1= 10.76%
INFO - 09/13/26 22:29:00 - 0:00:06 - Epoch 0: train_loss=1.7308766841888428, train_acc= 19.71%
INFO - 09/13/26 22:29:00 - 0:00:06 - Epoch 0: val_loss=1.6121457815170288, val_acc= 23.31%,val_weighted_f1= 10.71,val_macro_f1= 9.09%
INFO - 09/13/26 22:29:00 - 0:00:06 - Epoch 1: train_loss=1.679532527923584, train_acc= 22.71%
INFO - 09/13/26 22:29:00 - 0:00:06 - --------------Testing--------------------
INFO - 09/13/26 22:29:00 - 0:00:06 - --------------Loading from ./checkpoints/NC_Amazon-ratings_model.pt--------------------
INFO - 09/13/26 22:29:01 - 0:00:06 - test_acc= 23.58%, weighted_f1= 11.21,macro_f1= 9.65%
INFO - 09/13/26 22:29:01 - 0:00:06 - test_acc= 23.58%, weighted_f1= 11.21,macro_f1= 9.65%
INFO - 09/13/26 22:29:01 - 0:00:07 - Epoch 0: train_loss=1.731632113456726, train_acc= 20.02%
INFO - 09/13/26 22:29:01 - 0:00:07 - Epoch 0: val_loss=1.6097289323806763, val_acc= 9.55%,val_weighted_f1= 2.90,val_macro_f1= 4.21%
INFO - 09/13/26 22:29:01 - 0:00:07 - Epoch 1: train_loss=1.688048005104065, train_acc= 21.65%
INFO - 09/13/26 22:29:01 - 0:00:07 - --------------Testing--------------------
INFO - 09/13/26 22:29:01 - 0:00:07 - --------------Loading from ./checkpoints/NC_Amazon-ratings_model.pt--------------------
INFO - 09/13/26 22:29:01 - 0:00:07 - test_acc= 9.19%, weighted_f1= 2.46,macro_f1= 3.88%
INFO - 09/13/26 22:29:01 - 0:00:07 - test_acc= 9.19%, weighted_f1= 2.46,macro_f1= 3.88%
INFO - 09/13/26 22:29:02 - 0:00:07 - Epoch 0: train_loss=1.7534323930740356, train_acc= 18.91%
INFO - 09/13/26 22:29:02 - 0:00:08 - Epoch 0: val_loss=1.615752935409546, val_acc= 4.34%,val_weighted_f1= 0.39,val_macro_f1= 1.68%
INFO - 09/13/26 22:29:02 - 0:00:08 - Epoch 1: train_loss=1.6976321935653687, train_acc= 22.58%
INFO - 09/13/26 22:29:02 - 0:00:08 - --------------Testing--------------------
INFO - 09/13/26 22:29:02 - 0:00:08 - --------------Loading from ./checkpoints/NC_Amazon-ratings_model.pt--------------------
INFO - 09/13/26 22:29:02 - 0:00:08 - test_acc= 4.34%, weighted_f1= 0.36,macro_f1= 1.67%
INFO - 09/13/26 22:29:02 - 0:00:08 - test_acc= 4.34%, weighted_f1= 0.36,macro_f1= 1.67%
INFO - 09/13/26 22:29:03 - 0:00:08 - Epoch 0: train_loss=1.754539966583252, train_acc= 19.79%
INFO - 09/13/26 22:29:03 - 0:00:08 - Epoch 0: val_loss=1.6178251504898071, val_acc= 8.92%,val_weighted_f1= 1.46,val_macro_f1= 3.27%
INFO - 09/13/26 22:29:03 - 0:00:09 - Epoch 1: train_loss=1.6978404521942139, train_acc= 21.25%
INFO - 09/13/26 22:29:03 - 0:00:09 - --------------Testing--------------------
INFO - 09/13/26 22:29:03 - 0:00:09 - --------------Loading from ./checkpoints/NC_Amazon-ratings_model.pt--------------------
INFO - 09/13/26 22:29:03 - 0:00:09 - test_acc= 8.92%, weighted_f1= 1.46,macro_f1= 3.27%
INFO - 09/13/26 22:29:03 - 0:00:09 - test_acc= 8.92%, weighted_f1= 1.46,macro_f1= 3.27%
INFO - 09/13/26 22:29:03 - 0:00:09 - Best ACCs: [36.8, 8.56, 13.39, 7.19, 26.78, 36.78, 23.58, 9.19, 4.34, 8.92]
                                     Evaluation Acc is  17.55% ±  11.77%
                                     
[repro] exit_code=0
[repro] runtime_seconds=13
[repro] finished_at=2026-09-13T22:29:04+08:00
[repro] log_file=/home/lab_user/project/lzc/results/gbn/runs/20260913_222849_smoke_Amazon-ratings_2ep_pid289426.log
<<< smoke_Amazon-ratings_2ep exit=0

>>> smoke_Texas_2ep  (2026-09-13T22:29:04+08:00)  cfg=/home/lab_user/project/lzc/results/gbn/configs/smoke/Texas.json
[repro] paper=gbn
[repro] started_at=2026-09-13T22:29:06+08:00
[repro] run_id=20260913_222906_smoke_Texas_2ep_pid289575
[repro] repo_commit=72ad3692916ecc60f2c78d5bd01a55d7c6297a4f
[repro] env=dtgb cwd=/home/lab_user/project/lzc/repro/gbn
[repro] command=python main.py --task NC --dataset Texas
[repro] resource_cap_ratio=85 threads=17
[repro] python=3.10.20 torch=2.2.1+cu121 cuda=True gpu=NVIDIA GeForce RTX 3090
[cap] cores=17/20 CPUQuota=1700% MemoryMax=55139365888 cuda_fraction=0.85 mps=85 gpu_gov=1
Running as unit: run-p289646-i264766.scope; invocation ID: 41d2eff38c66421da43b0e3fdf00cdcc
Loading config file: ./configs/NC/Texas.json
Log path: ./logs//NC_Texas_NL5_HD512_DP0.3_ACTgelu_NORMln_BTrue_LRNC0.0001_LRT0.001.log
INFO - 09/13/26 22:29:11 - 0:00:00 - {'task': 'NC', 'dataset': 'Texas', 'root_path': './datasets', 'val_every': 5, 'exp_iters': 10, 'log_dir': './logs/', 'result_dir': './results/', 'task_model_path': 'NC_Texas_model.pt', 'checkpoints': './checkpoints/', 'add_self_loop': False, 'n_layers': 5, 'hid_dim': 512, 'embed_dim': 512, 'dropout': 0.3, 'act': 'gelu', 'input_act': 'gelu', 'norm': 'ln', 'bias': True, 'tau': 1.0, 'lr_nc': 0.0001, 'weight_decay_nc': 0, 'epochs_nc': 2, 'patience_nc': 15, 'additional_layers': 0, 'distance_list': [50, 10, 5, 3], 'lr_trans': 0.001, 'weight_decay_trans': 0, 'epochs_trans': 2000, 'patience_trans': 10, 'use_gpu': True, 'gpu': 0, 'devices': '0', 'layer_wise': True, 'log_path': './logs//NC_Texas_NL5_HD512_DP0.3_ACTgelu_NORMln_BTrue_LRNC0.0001_LRT0.001.log', 'result_path': './results//NC_Texas.txt'}
INFO - 09/13/26 22:29:11 - 0:00:00 - --------------------------Training Start-------------------------
INFO - 09/13/26 22:29:11 - 0:00:00 - Epoch 0: train_loss=1.9363384246826172, train_acc= 22.99%
INFO - 09/13/26 22:29:11 - 0:00:00 - Epoch 0: val_loss=1.7286455631256104, val_acc= 10.17%,val_weighted_f1= 4.63,val_macro_f1= 4.42%
INFO - 09/13/26 22:29:11 - 0:00:00 - Epoch 1: train_loss=1.516440510749817, train_acc= 26.44%
INFO - 09/13/26 22:29:11 - 0:00:00 - --------------Testing--------------------
INFO - 09/13/26 22:29:11 - 0:00:00 - --------------Loading from ./checkpoints/NC_Texas_model.pt--------------------
INFO - 09/13/26 22:29:11 - 0:00:01 - test_acc= 10.81%, weighted_f1= 2.77,macro_f1= 5.13%
INFO - 09/13/26 22:29:11 - 0:00:01 - test_acc= 10.81%, weighted_f1= 2.77,macro_f1= 5.13%
INFO - 09/13/26 22:29:11 - 0:00:01 - Epoch 0: train_loss=1.7877312898635864, train_acc= 20.69%
INFO - 09/13/26 22:29:11 - 0:00:01 - Epoch 0: val_loss=1.5456808805465698, val_acc= 25.42%,val_weighted_f1= 23.23,val_macro_f1= 11.46%
INFO - 09/13/26 22:29:11 - 0:00:01 - Epoch 1: train_loss=1.457655906677246, train_acc= 43.68%
INFO - 09/13/26 22:29:11 - 0:00:01 - --------------Testing--------------------
INFO - 09/13/26 22:29:11 - 0:00:01 - --------------Loading from ./checkpoints/NC_Texas_model.pt--------------------
INFO - 09/13/26 22:29:11 - 0:00:01 - test_acc= 24.32%, weighted_f1= 25.11,macro_f1= 12.91%
INFO - 09/13/26 22:29:11 - 0:00:01 - test_acc= 24.32%, weighted_f1= 25.11,macro_f1= 12.91%
INFO - 09/13/26 22:29:11 - 0:00:01 - Epoch 0: train_loss=1.3423880338668823, train_acc= 39.08%
INFO - 09/13/26 22:29:11 - 0:00:01 - Epoch 0: val_loss=1.2376110553741455, val_acc= 54.24%,val_weighted_f1= 38.14,val_macro_f1= 17.58%
INFO - 09/13/26 22:29:12 - 0:00:01 - Epoch 1: train_loss=1.174805998802185, train_acc= 57.47%
INFO - 09/13/26 22:29:12 - 0:00:01 - --------------Testing--------------------
INFO - 09/13/26 22:29:12 - 0:00:01 - --------------Loading from ./checkpoints/NC_Texas_model.pt--------------------
INFO - 09/13/26 22:29:12 - 0:00:01 - test_acc= 48.65%, weighted_f1= 31.84,macro_f1= 13.09%
INFO - 09/13/26 22:29:12 - 0:00:01 - test_acc= 48.65%, weighted_f1= 31.84,macro_f1= 13.09%
INFO - 09/13/26 22:29:12 - 0:00:01 - Epoch 0: train_loss=1.516810417175293, train_acc= 36.78%
INFO - 09/13/26 22:29:12 - 0:00:01 - Epoch 0: val_loss=1.4080562591552734, val_acc= 52.54%,val_weighted_f1= 36.60,val_macro_f1= 17.42%
INFO - 09/13/26 22:29:12 - 0:00:01 - Epoch 1: train_loss=1.2185684442520142, train_acc= 56.32%
INFO - 09/13/26 22:29:12 - 0:00:01 - --------------Testing--------------------
INFO - 09/13/26 22:29:12 - 0:00:01 - --------------Loading from ./checkpoints/NC_Texas_model.pt--------------------
INFO - 09/13/26 22:29:12 - 0:00:01 - test_acc= 62.16%, weighted_f1= 47.66,macro_f1= 19.17%
INFO - 09/13/26 22:29:12 - 0:00:01 - test_acc= 62.16%, weighted_f1= 47.66,macro_f1= 19.17%
INFO - 09/13/26 22:29:12 - 0:00:01 - Epoch 0: train_loss=1.746660828590393, train_acc= 14.94%
INFO - 09/13/26 22:29:12 - 0:00:01 - Epoch 0: val_loss=1.3276962041854858, val_acc= 61.02%,val_weighted_f1= 48.03,val_macro_f1= 19.15%
INFO - 09/13/26 22:29:12 - 0:00:01 - Epoch 1: train_loss=1.409757375717163, train_acc= 47.13%
INFO - 09/13/26 22:29:12 - 0:00:01 - --------------Testing--------------------
INFO - 09/13/26 22:29:12 - 0:00:01 - --------------Loading from ./checkpoints/NC_Texas_model.pt--------------------
INFO - 09/13/26 22:29:12 - 0:00:01 - test_acc= 59.46%, weighted_f1= 46.77,macro_f1= 24.31%
INFO - 09/13/26 22:29:12 - 0:00:01 - test_acc= 59.46%, weighted_f1= 46.77,macro_f1= 24.31%
INFO - 09/13/26 22:29:12 - 0:00:01 - Epoch 0: train_loss=1.8988561630249023, train_acc= 1.15%
INFO - 09/13/26 22:29:12 - 0:00:01 - Epoch 0: val_loss=1.5204797983169556, val_acc= 40.68%,val_weighted_f1= 41.36,val_macro_f1= 19.50%
INFO - 09/13/26 22:29:12 - 0:00:01 - Epoch 1: train_loss=1.5298774242401123, train_acc= 32.18%
INFO - 09/13/26 22:29:12 - 0:00:01 - --------------Testing--------------------
INFO - 09/13/26 22:29:12 - 0:00:01 - --------------Loading from ./checkpoints/NC_Texas_model.pt--------------------
INFO - 09/13/26 22:29:12 - 0:00:01 - test_acc= 35.14%, weighted_f1= 36.23,macro_f1= 16.15%
INFO - 09/13/26 22:29:12 - 0:00:01 - test_acc= 35.14%, weighted_f1= 36.23,macro_f1= 16.15%
INFO - 09/13/26 22:29:12 - 0:00:01 - Epoch 0: train_loss=1.6564253568649292, train_acc= 12.64%
INFO - 09/13/26 22:29:12 - 0:00:01 - Epoch 0: val_loss=1.3217862844467163, val_acc= 55.93%,val_weighted_f1= 44.49,val_macro_f1= 18.75%
INFO - 09/13/26 22:29:12 - 0:00:01 - Epoch 1: train_loss=1.3264447450637817, train_acc= 47.13%
INFO - 09/13/26 22:29:12 - 0:00:01 - --------------Testing--------------------
INFO - 09/13/26 22:29:12 - 0:00:01 - --------------Loading from ./checkpoints/NC_Texas_model.pt--------------------
INFO - 09/13/26 22:29:12 - 0:00:01 - test_acc= 54.05%, weighted_f1= 42.26,macro_f1= 24.74%
INFO - 09/13/26 22:29:12 - 0:00:01 - test_acc= 54.05%, weighted_f1= 42.26,macro_f1= 24.74%
INFO - 09/13/26 22:29:12 - 0:00:01 - Epoch 0: train_loss=1.6638413667678833, train_acc= 19.54%
INFO - 09/13/26 22:29:12 - 0:00:01 - Epoch 0: val_loss=1.3162274360656738, val_acc= 61.02%,val_weighted_f1= 52.23,val_macro_f1= 27.91%
INFO - 09/13/26 22:29:12 - 0:00:02 - Epoch 1: train_loss=1.3643929958343506, train_acc= 55.17%
INFO - 09/13/26 22:29:12 - 0:00:02 - --------------Testing--------------------
INFO - 09/13/26 22:29:12 - 0:00:02 - --------------Loading from ./checkpoints/NC_Texas_model.pt--------------------
INFO - 09/13/26 22:29:12 - 0:00:02 - test_acc= 56.76%, weighted_f1= 45.01,macro_f1= 14.48%
INFO - 09/13/26 22:29:12 - 0:00:02 - test_acc= 56.76%, weighted_f1= 45.01,macro_f1= 14.48%
INFO - 09/13/26 22:29:12 - 0:00:02 - Epoch 0: train_loss=1.5540255308151245, train_acc= 24.14%
INFO - 09/13/26 22:29:12 - 0:00:02 - Epoch 0: val_loss=1.401772379875183, val_acc= 47.46%,val_weighted_f1= 31.64,val_macro_f1= 16.09%
INFO - 09/13/26 22:29:12 - 0:00:02 - Epoch 1: train_loss=1.2674334049224854, train_acc= 57.47%
INFO - 09/13/26 22:29:12 - 0:00:02 - --------------Testing--------------------
INFO - 09/13/26 22:29:12 - 0:00:02 - --------------Loading from ./checkpoints/NC_Texas_model.pt--------------------
INFO - 09/13/26 22:29:12 - 0:00:02 - test_acc= 59.46%, weighted_f1= 45.11,macro_f1= 18.97%
INFO - 09/13/26 22:29:12 - 0:00:02 - test_acc= 59.46%, weighted_f1= 45.11,macro_f1= 18.97%
INFO - 09/13/26 22:29:12 - 0:00:02 - Epoch 0: train_loss=2.052471399307251, train_acc= 9.20%
INFO - 09/13/26 22:29:13 - 0:00:02 - Epoch 0: val_loss=1.6664243936538696, val_acc= 18.64%,val_weighted_f1= 11.46,val_macro_f1= 14.19%
INFO - 09/13/26 22:29:13 - 0:00:02 - Epoch 1: train_loss=1.637232780456543, train_acc= 17.24%
INFO - 09/13/26 22:29:13 - 0:00:02 - --------------Testing--------------------
INFO - 09/13/26 22:29:13 - 0:00:02 - --------------Loading from ./checkpoints/NC_Texas_model.pt--------------------
INFO - 09/13/26 22:29:13 - 0:00:02 - test_acc= 5.41%, weighted_f1= 5.02,macro_f1= 3.77%
INFO - 09/13/26 22:29:13 - 0:00:02 - test_acc= 5.41%, weighted_f1= 5.02,macro_f1= 3.77%
INFO - 09/13/26 22:29:13 - 0:00:02 - Best ACCs: [10.81, 24.32, 48.65, 62.16, 59.46, 35.14, 54.05, 56.76, 59.46, 5.41]
                                     Evaluation Acc is  41.62% ±  20.23%
                                     
[repro] exit_code=0
[repro] runtime_seconds=6
[repro] finished_at=2026-09-13T22:29:13+08:00
[repro] log_file=/home/lab_user/project/lzc/results/gbn/runs/20260913_222906_smoke_Texas_2ep_pid289575.log
<<< smoke_Texas_2ep exit=0

>>> smoke_Wisconsin_2ep  (2026-09-13T22:29:14+08:00)  cfg=/home/lab_user/project/lzc/results/gbn/configs/smoke/Wisconsin.json
[repro] paper=gbn
[repro] started_at=2026-09-13T22:29:15+08:00
[repro] run_id=20260913_222915_smoke_Wisconsin_2ep_pid289727
[repro] repo_commit=72ad3692916ecc60f2c78d5bd01a55d7c6297a4f
[repro] env=dtgb cwd=/home/lab_user/project/lzc/repro/gbn
[repro] command=python main.py --task NC --dataset Wisconsin
[repro] resource_cap_ratio=85 threads=17
[repro] python=3.10.20 torch=2.2.1+cu121 cuda=True gpu=NVIDIA GeForce RTX 3090
[cap] cores=17/20 CPUQuota=1700% MemoryMax=55139365888 cuda_fraction=0.85 mps=85 gpu_gov=1
Running as unit: run-p289798-i281365.scope; invocation ID: ce1d1743b8d649068bb3d7200ac06967
Loading config file: ./configs/NC/Wisconsin.json
Log path: ./logs//NC_Wisconsin_NL5_HD512_DP0.7_ACTgelu_NORMln_BTrue_LRNC0.001_LRT0.001.log
INFO - 09/13/26 22:29:20 - 0:00:00 - {'task': 'NC', 'dataset': 'Wisconsin', 'root_path': './datasets', 'val_every': 5, 'exp_iters': 10, 'log_dir': './logs/', 'result_dir': './results/', 'task_model_path': 'NC_Wisconsin_model.pt', 'checkpoints': './checkpoints/', 'add_self_loop': False, 'n_layers': 5, 'hid_dim': 512, 'embed_dim': 512, 'dropout': 0.7, 'act': 'gelu', 'input_act': 'gelu', 'norm': 'ln', 'bias': True, 'tau': 1.0, 'lr_nc': 0.001, 'weight_decay_nc': 0, 'epochs_nc': 2, 'patience_nc': 15, 'additional_layers': 0, 'distance_list': [50, 10, 5, 3], 'lr_trans': 0.001, 'weight_decay_trans': 0, 'epochs_trans': 2000, 'patience_trans': 10, 'use_gpu': True, 'gpu': 0, 'devices': '0', 'layer_wise': True, 'log_path': './logs//NC_Wisconsin_NL5_HD512_DP0.7_ACTgelu_NORMln_BTrue_LRNC0.001_LRT0.001.log', 'result_path': './results//NC_Wisconsin.txt'}
INFO - 09/13/26 22:29:20 - 0:00:00 - --------------------------Training Start-------------------------
INFO - 09/13/26 22:29:21 - 0:00:00 - Epoch 0: train_loss=1.827430248260498, train_acc= 11.67%
INFO - 09/13/26 22:29:21 - 0:00:00 - Epoch 0: val_loss=1.557554006576538, val_acc= 60.00%,val_weighted_f1= 49.83,val_macro_f1= 24.76%
INFO - 09/13/26 22:29:21 - 0:00:00 - Epoch 1: train_loss=1.2711446285247803, train_acc= 50.83%
INFO - 09/13/26 22:29:21 - 0:00:00 - --------------Testing--------------------
INFO - 09/13/26 22:29:21 - 0:00:00 - --------------Loading from ./checkpoints/NC_Wisconsin_model.pt--------------------
INFO - 09/13/26 22:29:21 - 0:00:01 - test_acc= 66.67%, weighted_f1= 57.60,macro_f1= 29.95%
INFO - 09/13/26 22:29:21 - 0:00:01 - test_acc= 66.67%, weighted_f1= 57.60,macro_f1= 29.95%
INFO - 09/13/26 22:29:21 - 0:00:01 - Epoch 0: train_loss=1.705593466758728, train_acc= 14.17%
INFO - 09/13/26 22:29:21 - 0:00:01 - Epoch 0: val_loss=2.042962074279785, val_acc= 38.75%,val_weighted_f1= 21.64,val_macro_f1= 11.17%
INFO - 09/13/26 22:29:21 - 0:00:01 - Epoch 1: train_loss=1.1439794301986694, train_acc= 55.00%
INFO - 09/13/26 22:29:21 - 0:00:01 - --------------Testing--------------------
INFO - 09/13/26 22:29:21 - 0:00:01 - --------------Loading from ./checkpoints/NC_Wisconsin_model.pt--------------------
INFO - 09/13/26 22:29:21 - 0:00:01 - test_acc= 62.75%, weighted_f1= 48.38,macro_f1= 15.42%
INFO - 09/13/26 22:29:21 - 0:00:01 - test_acc= 62.75%, weighted_f1= 48.38,macro_f1= 15.42%
INFO - 09/13/26 22:29:21 - 0:00:01 - Epoch 0: train_loss=1.978690266609192, train_acc= 10.00%
INFO - 09/13/26 22:29:21 - 0:00:01 - Epoch 0: val_loss=1.826844573020935, val_acc= 48.75%,val_weighted_f1= 31.95,val_macro_f1= 13.11%
INFO - 09/13/26 22:29:21 - 0:00:01 - Epoch 1: train_loss=1.250046968460083, train_acc= 53.33%
INFO - 09/13/26 22:29:21 - 0:00:01 - --------------Testing--------------------
INFO - 09/13/26 22:29:21 - 0:00:01 - --------------Loading from ./checkpoints/NC_Wisconsin_model.pt--------------------
INFO - 09/13/26 22:29:21 - 0:00:01 - test_acc= 41.18%, weighted_f1= 24.02,macro_f1= 11.67%
INFO - 09/13/26 22:29:21 - 0:00:01 - test_acc= 41.18%, weighted_f1= 24.02,macro_f1= 11.67%
INFO - 09/13/26 22:29:21 - 0:00:01 - Epoch 0: train_loss=1.670135498046875, train_acc= 21.67%
INFO - 09/13/26 22:29:21 - 0:00:01 - Epoch 0: val_loss=1.9241445064544678, val_acc= 48.75%,val_weighted_f1= 31.95,val_macro_f1= 13.11%
INFO - 09/13/26 22:29:21 - 0:00:01 - Epoch 1: train_loss=1.3318443298339844, train_acc= 49.17%
INFO - 09/13/26 22:29:21 - 0:00:01 - --------------Testing--------------------
INFO - 09/13/26 22:29:21 - 0:00:01 - --------------Loading from ./checkpoints/NC_Wisconsin_model.pt--------------------
INFO - 09/13/26 22:29:21 - 0:00:01 - test_acc= 43.14%, weighted_f1= 26.00,macro_f1= 12.05%
INFO - 09/13/26 22:29:21 - 0:00:01 - test_acc= 43.14%, weighted_f1= 26.00,macro_f1= 12.05%
INFO - 09/13/26 22:29:21 - 0:00:01 - Epoch 0: train_loss=1.5125724077224731, train_acc= 31.67%
INFO - 09/13/26 22:29:21 - 0:00:01 - Epoch 0: val_loss=1.7545194625854492, val_acc= 52.50%,val_weighted_f1= 37.39,val_macro_f1= 15.77%
INFO - 09/13/26 22:29:21 - 0:00:01 - Epoch 1: train_loss=1.1102360486984253, train_acc= 58.33%
INFO - 09/13/26 22:29:21 - 0:00:01 - --------------Testing--------------------
INFO - 09/13/26 22:29:21 - 0:00:01 - --------------Loading from ./checkpoints/NC_Wisconsin_model.pt--------------------
INFO - 09/13/26 22:29:21 - 0:00:01 - test_acc= 41.18%, weighted_f1= 26.13,macro_f1= 13.43%
INFO - 09/13/26 22:29:21 - 0:00:01 - test_acc= 41.18%, weighted_f1= 26.13,macro_f1= 13.43%
INFO - 09/13/26 22:29:21 - 0:00:01 - Epoch 0: train_loss=1.881170392036438, train_acc= 15.00%
INFO - 09/13/26 22:29:21 - 0:00:01 - Epoch 0: val_loss=1.6039445400238037, val_acc= 48.75%,val_weighted_f1= 31.95,val_macro_f1= 13.11%
INFO - 09/13/26 22:29:21 - 0:00:01 - Epoch 1: train_loss=1.202375888824463, train_acc= 47.50%
INFO - 09/13/26 22:29:21 - 0:00:01 - --------------Testing--------------------
INFO - 09/13/26 22:29:21 - 0:00:01 - --------------Loading from ./checkpoints/NC_Wisconsin_model.pt--------------------
INFO - 09/13/26 22:29:21 - 0:00:01 - test_acc= 52.94%, weighted_f1= 36.65,macro_f1= 13.85%
INFO - 09/13/26 22:29:21 - 0:00:01 - test_acc= 52.94%, weighted_f1= 36.65,macro_f1= 13.85%
INFO - 09/13/26 22:29:22 - 0:00:01 - Epoch 0: train_loss=1.6101868152618408, train_acc= 32.50%
INFO - 09/13/26 22:29:22 - 0:00:01 - Epoch 0: val_loss=1.7076966762542725, val_acc= 55.00%,val_weighted_f1= 42.51,val_macro_f1= 21.19%
INFO - 09/13/26 22:29:22 - 0:00:01 - Epoch 1: train_loss=1.1137542724609375, train_acc= 59.17%
INFO - 09/13/26 22:29:22 - 0:00:01 - --------------Testing--------------------
INFO - 09/13/26 22:29:22 - 0:00:01 - --------------Loading from ./checkpoints/NC_Wisconsin_model.pt--------------------
INFO - 09/13/26 22:29:22 - 0:00:01 - test_acc= 60.78%, weighted_f1= 51.93,macro_f1= 26.84%
INFO - 09/13/26 22:29:22 - 0:00:01 - test_acc= 60.78%, weighted_f1= 51.93,macro_f1= 26.84%
INFO - 09/13/26 22:29:22 - 0:00:01 - Epoch 0: train_loss=1.82993745803833, train_acc= 15.00%
INFO - 09/13/26 22:29:22 - 0:00:01 - Epoch 0: val_loss=1.657792329788208, val_acc= 48.75%,val_weighted_f1= 31.95,val_macro_f1= 13.11%
INFO - 09/13/26 22:29:22 - 0:00:02 - Epoch 1: train_loss=1.185691475868225, train_acc= 55.83%
INFO - 09/13/26 22:29:22 - 0:00:02 - --------------Testing--------------------
INFO - 09/13/26 22:29:22 - 0:00:02 - --------------Loading from ./checkpoints/NC_Wisconsin_model.pt--------------------
INFO - 09/13/26 22:29:22 - 0:00:02 - test_acc= 50.98%, weighted_f1= 34.43,macro_f1= 13.51%
INFO - 09/13/26 22:29:22 - 0:00:02 - test_acc= 50.98%, weighted_f1= 34.43,macro_f1= 13.51%
INFO - 09/13/26 22:29:22 - 0:00:02 - Epoch 0: train_loss=1.565812349319458, train_acc= 30.83%
INFO - 09/13/26 22:29:22 - 0:00:02 - Epoch 0: val_loss=2.6324405670166016, val_acc= 38.75%,val_weighted_f1= 21.64,val_macro_f1= 11.17%
INFO - 09/13/26 22:29:22 - 0:00:02 - Epoch 1: train_loss=1.3091354370117188, train_acc= 53.33%
INFO - 09/13/26 22:29:22 - 0:00:02 - --------------Testing--------------------
INFO - 09/13/26 22:29:22 - 0:00:02 - --------------Loading from ./checkpoints/NC_Wisconsin_model.pt--------------------
INFO - 09/13/26 22:29:22 - 0:00:02 - test_acc= 45.10%, weighted_f1= 28.03,macro_f1= 12.43%
INFO - 09/13/26 22:29:22 - 0:00:02 - test_acc= 45.10%, weighted_f1= 28.03,macro_f1= 12.43%
INFO - 09/13/26 22:29:22 - 0:00:02 - Epoch 0: train_loss=1.5981781482696533, train_acc= 31.67%
INFO - 09/13/26 22:29:22 - 0:00:02 - Epoch 0: val_loss=1.976375937461853, val_acc= 50.00%,val_weighted_f1= 36.45,val_macro_f1= 18.70%
INFO - 09/13/26 22:29:22 - 0:00:02 - Epoch 1: train_loss=1.1218364238739014, train_acc= 56.67%
INFO - 09/13/26 22:29:22 - 0:00:02 - --------------Testing--------------------
INFO - 09/13/26 22:29:22 - 0:00:02 - --------------Loading from ./checkpoints/NC_Wisconsin_model.pt--------------------
INFO - 09/13/26 22:29:22 - 0:00:02 - test_acc= 49.02%, weighted_f1= 35.78,macro_f1= 17.22%
INFO - 09/13/26 22:29:22 - 0:00:02 - test_acc= 49.02%, weighted_f1= 35.78,macro_f1= 17.22%
INFO - 09/13/26 22:29:22 - 0:00:02 - Best ACCs: [66.67, 62.75, 41.18, 43.14, 41.18, 52.94, 60.78, 50.98, 45.1, 49.02]
                                     Evaluation Acc is  51.37% ±  8.80%
                                     
[repro] exit_code=0
[repro] runtime_seconds=6
[repro] finished_at=2026-09-13T22:29:23+08:00
[repro] log_file=/home/lab_user/project/lzc/results/gbn/runs/20260913_222915_smoke_Wisconsin_2ep_pid289727.log
<<< smoke_Wisconsin_2ep exit=0

>>> smoke_Cora_2ep  (2026-09-13T22:29:24+08:00)  cfg=/home/lab_user/project/lzc/results/gbn/configs/smoke/Cora.json
[repro] paper=gbn
[repro] started_at=2026-09-13T22:29:25+08:00
[repro] run_id=20260913_222925_smoke_Cora_2ep_pid289942
[repro] repo_commit=72ad3692916ecc60f2c78d5bd01a55d7c6297a4f
[repro] env=dtgb cwd=/home/lab_user/project/lzc/repro/gbn
[repro] command=python main.py --task NC --dataset Cora
[repro] resource_cap_ratio=85 threads=17
[repro] python=3.10.20 torch=2.2.1+cu121 cuda=True gpu=NVIDIA GeForce RTX 3090
[cap] cores=17/20 CPUQuota=1700% MemoryMax=55139365888 cuda_fraction=0.85 mps=85 gpu_gov=1
Running as unit: run-p290013-i264801.scope; invocation ID: 2d1bf378264d4efbb3d87bd3284cf7b6
Loading config file: ./configs/NC/Cora.json
Log path: ./logs//NC_Cora_NL3_HD512_DP0.2_ACTgelu_NORMln_BTrue_LRNC3e-05_LRT0.001.log
INFO - 09/13/26 22:29:30 - 0:00:00 - {'task': 'NC', 'dataset': 'Cora', 'root_path': './datasets', 'val_every': 5, 'exp_iters': 10, 'log_dir': './logs/', 'result_dir': './results/', 'task_model_path': 'NC_Cora_model.pt', 'checkpoints': './checkpoints/', 'add_self_loop': False, 'n_layers': 3, 'hid_dim': 512, 'embed_dim': 512, 'dropout': 0.2, 'act': 'gelu', 'input_act': 'gelu', 'norm': 'ln', 'bias': True, 'tau': 1.0, 'lr_nc': 3e-05, 'weight_decay_nc': 0, 'epochs_nc': 2, 'patience_nc': 15, 'additional_layers': 0, 'distance_list': [50, 10, 5, 3], 'lr_trans': 0.001, 'weight_decay_trans': 0, 'epochs_trans': 2000, 'patience_trans': 10, 'use_gpu': True, 'gpu': 0, 'devices': '0', 'layer_wise': True, 'log_path': './logs//NC_Cora_NL3_HD512_DP0.2_ACTgelu_NORMln_BTrue_LRNC3e-05_LRT0.001.log', 'result_path': './results//NC_Cora.txt'}
INFO - 09/13/26 22:29:30 - 0:00:00 - --------------------------Training Start-------------------------
INFO - 09/13/26 22:29:30 - 0:00:00 - Epoch 0: train_loss=2.341287612915039, train_acc= 12.81%
INFO - 09/13/26 22:29:30 - 0:00:00 - Epoch 0: val_loss=2.3336493968963623, val_acc= 12.55%,val_weighted_f1= 2.80,val_macro_f1= 3.19%
INFO - 09/13/26 22:29:31 - 0:00:01 - Epoch 1: train_loss=2.2666001319885254, train_acc= 14.10%
INFO - 09/13/26 22:29:31 - 0:00:01 - --------------Testing--------------------
INFO - 09/13/26 22:29:31 - 0:00:01 - --------------Loading from ./checkpoints/NC_Cora_model.pt--------------------
INFO - 09/13/26 22:29:31 - 0:00:01 - test_acc= 11.99%, weighted_f1= 2.57,macro_f1= 3.06%
INFO - 09/13/26 22:29:31 - 0:00:01 - test_acc= 11.99%, weighted_f1= 2.57,macro_f1= 3.06%
INFO - 09/13/26 22:29:31 - 0:00:01 - Epoch 0: train_loss=2.2414941787719727, train_acc= 16.81%
INFO - 09/13/26 22:29:31 - 0:00:01 - Epoch 0: val_loss=2.1745197772979736, val_acc= 14.94%,val_weighted_f1= 3.89,val_macro_f1= 3.71%
INFO - 09/13/26 22:29:31 - 0:00:01 - Epoch 1: train_loss=2.160878896713257, train_acc= 16.81%
INFO - 09/13/26 22:29:31 - 0:00:01 - --------------Testing--------------------
INFO - 09/13/26 22:29:31 - 0:00:01 - --------------Loading from ./checkpoints/NC_Cora_model.pt--------------------
INFO - 09/13/26 22:29:31 - 0:00:01 - test_acc= 13.28%, weighted_f1= 3.12,macro_f1= 3.36%
INFO - 09/13/26 22:29:31 - 0:00:01 - test_acc= 13.28%, weighted_f1= 3.12,macro_f1= 3.36%
INFO - 09/13/26 22:29:31 - 0:00:01 - Epoch 0: train_loss=2.1863908767700195, train_acc= 10.34%
INFO - 09/13/26 22:29:31 - 0:00:01 - Epoch 0: val_loss=2.2132785320281982, val_acc= 12.92%,val_weighted_f1= 8.26,val_macro_f1= 7.79%
INFO - 09/13/26 22:29:31 - 0:00:01 - Epoch 1: train_loss=2.125105619430542, train_acc= 13.73%
INFO - 09/13/26 22:29:31 - 0:00:01 - --------------Testing--------------------
INFO - 09/13/26 22:29:31 - 0:00:01 - --------------Loading from ./checkpoints/NC_Cora_model.pt--------------------
INFO - 09/13/26 22:29:31 - 0:00:01 - test_acc= 12.36%, weighted_f1= 9.23,macro_f1= 6.41%
INFO - 09/13/26 22:29:31 - 0:00:01 - test_acc= 12.36%, weighted_f1= 9.23,macro_f1= 6.41%
INFO - 09/13/26 22:29:31 - 0:00:01 - Epoch 0: train_loss=1.9087605476379395, train_acc= 29.50%
INFO - 09/13/26 22:29:31 - 0:00:01 - Epoch 0: val_loss=1.8535081148147583, val_acc= 30.81%,val_weighted_f1= 14.56,val_macro_f1= 6.75%
INFO - 09/13/26 22:29:31 - 0:00:01 - Epoch 1: train_loss=1.8826932907104492, train_acc= 29.43%
INFO - 09/13/26 22:29:31 - 0:00:01 - --------------Testing--------------------
INFO - 09/13/26 22:29:31 - 0:00:01 - --------------Loading from ./checkpoints/NC_Cora_model.pt--------------------
INFO - 09/13/26 22:29:31 - 0:00:01 - test_acc= 31.00%, weighted_f1= 14.78,macro_f1= 6.77%
INFO - 09/13/26 22:29:31 - 0:00:01 - test_acc= 31.00%, weighted_f1= 14.78,macro_f1= 6.77%
INFO - 09/13/26 22:29:31 - 0:00:01 - Epoch 0: train_loss=2.172222375869751, train_acc= 16.01%
INFO - 09/13/26 22:29:31 - 0:00:01 - Epoch 0: val_loss=2.106442451477051, val_acc= 16.79%,val_weighted_f1= 4.83,val_macro_f1= 4.11%
INFO - 09/13/26 22:29:31 - 0:00:01 - Epoch 1: train_loss=2.083794593811035, train_acc= 16.01%
INFO - 09/13/26 22:29:31 - 0:00:01 - --------------Testing--------------------
INFO - 09/13/26 22:29:31 - 0:00:01 - --------------Loading from ./checkpoints/NC_Cora_model.pt--------------------
INFO - 09/13/26 22:29:31 - 0:00:01 - test_acc= 13.84%, weighted_f1= 3.37,macro_f1= 3.48%
INFO - 09/13/26 22:29:31 - 0:00:01 - test_acc= 13.84%, weighted_f1= 3.37,macro_f1= 3.48%
INFO - 09/13/26 22:29:31 - 0:00:01 - Epoch 0: train_loss=2.308751106262207, train_acc= 13.92%
INFO - 09/13/26 22:29:31 - 0:00:01 - Epoch 0: val_loss=2.2482972145080566, val_acc= 14.94%,val_weighted_f1= 6.48,val_macro_f1= 6.69%
INFO - 09/13/26 22:29:31 - 0:00:01 - Epoch 1: train_loss=2.2311129570007324, train_acc= 12.81%
INFO - 09/13/26 22:29:31 - 0:00:01 - --------------Testing--------------------
INFO - 09/13/26 22:29:31 - 0:00:01 - --------------Loading from ./checkpoints/NC_Cora_model.pt--------------------
INFO - 09/13/26 22:29:31 - 0:00:01 - test_acc= 14.02%, weighted_f1= 6.38,macro_f1= 5.85%
INFO - 09/13/26 22:29:31 - 0:00:01 - test_acc= 14.02%, weighted_f1= 6.38,macro_f1= 5.85%
INFO - 09/13/26 22:29:31 - 0:00:01 - Epoch 0: train_loss=2.4413421154022217, train_acc= 11.95%
INFO - 09/13/26 22:29:31 - 0:00:01 - Epoch 0: val_loss=2.379324197769165, val_acc= 9.23%,val_weighted_f1= 1.56,val_macro_f1= 2.41%
INFO - 09/13/26 22:29:31 - 0:00:01 - Epoch 1: train_loss=2.335850954055786, train_acc= 11.88%
INFO - 09/13/26 22:29:31 - 0:00:01 - --------------Testing--------------------
INFO - 09/13/26 22:29:31 - 0:00:01 - --------------Loading from ./checkpoints/NC_Cora_model.pt--------------------
INFO - 09/13/26 22:29:31 - 0:00:01 - test_acc= 9.96%, weighted_f1= 1.81,macro_f1= 2.59%
INFO - 09/13/26 22:29:31 - 0:00:01 - test_acc= 9.96%, weighted_f1= 1.81,macro_f1= 2.59%
INFO - 09/13/26 22:29:31 - 0:00:01 - Epoch 0: train_loss=2.1190109252929688, train_acc= 7.57%
INFO - 09/13/26 22:29:31 - 0:00:01 - Epoch 0: val_loss=2.0366740226745605, val_acc= 7.75%,val_weighted_f1= 4.52,val_macro_f1= 5.32%
INFO - 09/13/26 22:29:31 - 0:00:01 - Epoch 1: train_loss=2.0629591941833496, train_acc= 9.48%
INFO - 09/13/26 22:29:31 - 0:00:01 - --------------Testing--------------------
INFO - 09/13/26 22:29:31 - 0:00:01 - --------------Loading from ./checkpoints/NC_Cora_model.pt--------------------
INFO - 09/13/26 22:29:31 - 0:00:01 - test_acc= 7.20%, weighted_f1= 2.67,macro_f1= 3.52%
INFO - 09/13/26 22:29:31 - 0:00:01 - test_acc= 7.20%, weighted_f1= 2.67,macro_f1= 3.52%
INFO - 09/13/26 22:29:31 - 0:00:01 - Epoch 0: train_loss=2.2508792877197266, train_acc= 8.37%
INFO - 09/13/26 22:29:31 - 0:00:01 - Epoch 0: val_loss=2.1779582500457764, val_acc= 7.93%,val_weighted_f1= 3.13,val_macro_f1= 5.04%
INFO - 09/13/26 22:29:32 - 0:00:02 - Epoch 1: train_loss=2.167746067047119, train_acc= 8.31%
INFO - 09/13/26 22:29:32 - 0:00:02 - --------------Testing--------------------
INFO - 09/13/26 22:29:32 - 0:00:02 - --------------Loading from ./checkpoints/NC_Cora_model.pt--------------------
INFO - 09/13/26 22:29:32 - 0:00:02 - test_acc= 9.23%, weighted_f1= 4.15,macro_f1= 6.16%
INFO - 09/13/26 22:29:32 - 0:00:02 - test_acc= 9.23%, weighted_f1= 4.15,macro_f1= 6.16%
INFO - 09/13/26 22:29:32 - 0:00:02 - Epoch 0: train_loss=2.0185813903808594, train_acc= 12.75%
INFO - 09/13/26 22:29:32 - 0:00:02 - Epoch 0: val_loss=1.9620122909545898, val_acc= 13.10%,val_weighted_f1= 6.71,val_macro_f1= 6.40%
INFO - 09/13/26 22:29:32 - 0:00:02 - Epoch 1: train_loss=1.967344880104065, train_acc= 13.49%
INFO - 09/13/26 22:29:32 - 0:00:02 - --------------Testing--------------------
INFO - 09/13/26 22:29:32 - 0:00:02 - --------------Loading from ./checkpoints/NC_Cora_model.pt--------------------
INFO - 09/13/26 22:29:32 - 0:00:02 - test_acc= 11.81%, weighted_f1= 4.83,macro_f1= 5.64%
INFO - 09/13/26 22:29:32 - 0:00:02 - test_acc= 11.81%, weighted_f1= 4.83,macro_f1= 5.64%
INFO - 09/13/26 22:29:32 - 0:00:02 - Best ACCs: [11.99, 13.28, 12.36, 31.0, 13.84, 14.02, 9.96, 7.2, 9.23, 11.81]
                                     Evaluation Acc is  13.47% ±  6.19%
                                     
[repro] exit_code=0
[repro] runtime_seconds=6
[repro] finished_at=2026-09-13T22:29:32+08:00
[repro] log_file=/home/lab_user/project/lzc/results/gbn/runs/20260913_222925_smoke_Cora_2ep_pid289942.log
<<< smoke_Cora_2ep exit=0

=== gbn table done 2026-09-13T22:29:32+08:00 ===
