[repro] paper=gbn
[repro] started_at=2026-09-13T22:29:15+08:00
[repro] run_id=20260913_222915_smoke_Wisconsin_2ep_pid289727
[repro] repo_commit=72ad3692916ecc60f2c78d5bd01a55d7c6297a4f
[repro] env=dtgb cwd=/home/lab_user/project/lzc/repro/gbn
[repro] command=python main.py --task NC --dataset Wisconsin
[repro] resource_cap_ratio=85 threads=17
[repro] python=3.10.20 torch=2.2.1+cu121 cuda=True gpu=NVIDIA GeForce RTX 3090
[cap] cores=17/20 CPUQuota=1700% MemoryMax=55139365888 cuda_fraction=0.85 mps=85 gpu_gov=1
Running as unit: run-p289798-i281365.scope; invocation ID: ce1d1743b8d649068bb3d7200ac06967
Loading config file: ./configs/NC/Wisconsin.json
Log path: ./logs//NC_Wisconsin_NL5_HD512_DP0.7_ACTgelu_NORMln_BTrue_LRNC0.001_LRT0.001.log
INFO - 09/13/26 22:29:20 - 0:00:00 - {'task': 'NC', 'dataset': 'Wisconsin', 'root_path': './datasets', 'val_every': 5, 'exp_iters': 10, 'log_dir': './logs/', 'result_dir': './results/', 'task_model_path': 'NC_Wisconsin_model.pt', 'checkpoints': './checkpoints/', 'add_self_loop': False, 'n_layers': 5, 'hid_dim': 512, 'embed_dim': 512, 'dropout': 0.7, 'act': 'gelu', 'input_act': 'gelu', 'norm': 'ln', 'bias': True, 'tau': 1.0, 'lr_nc': 0.001, 'weight_decay_nc': 0, 'epochs_nc': 2, 'patience_nc': 15, 'additional_layers': 0, 'distance_list': [50, 10, 5, 3], 'lr_trans': 0.001, 'weight_decay_trans': 0, 'epochs_trans': 2000, 'patience_trans': 10, 'use_gpu': True, 'gpu': 0, 'devices': '0', 'layer_wise': True, 'log_path': './logs//NC_Wisconsin_NL5_HD512_DP0.7_ACTgelu_NORMln_BTrue_LRNC0.001_LRT0.001.log', 'result_path': './results//NC_Wisconsin.txt'}
INFO - 09/13/26 22:29:20 - 0:00:00 - --------------------------Training Start-------------------------
INFO - 09/13/26 22:29:21 - 0:00:00 - Epoch 0: train_loss=1.827430248260498, train_acc= 11.67%
INFO - 09/13/26 22:29:21 - 0:00:00 - Epoch 0: val_loss=1.557554006576538, val_acc= 60.00%,val_weighted_f1= 49.83,val_macro_f1= 24.76%
INFO - 09/13/26 22:29:21 - 0:00:00 - Epoch 1: train_loss=1.2711446285247803, train_acc= 50.83%
INFO - 09/13/26 22:29:21 - 0:00:00 - --------------Testing--------------------
INFO - 09/13/26 22:29:21 - 0:00:00 - --------------Loading from ./checkpoints/NC_Wisconsin_model.pt--------------------
INFO - 09/13/26 22:29:21 - 0:00:01 - test_acc= 66.67%, weighted_f1= 57.60,macro_f1= 29.95%
INFO - 09/13/26 22:29:21 - 0:00:01 - test_acc= 66.67%, weighted_f1= 57.60,macro_f1= 29.95%
INFO - 09/13/26 22:29:21 - 0:00:01 - Epoch 0: train_loss=1.705593466758728, train_acc= 14.17%
INFO - 09/13/26 22:29:21 - 0:00:01 - Epoch 0: val_loss=2.042962074279785, val_acc= 38.75%,val_weighted_f1= 21.64,val_macro_f1= 11.17%
INFO - 09/13/26 22:29:21 - 0:00:01 - Epoch 1: train_loss=1.1439794301986694, train_acc= 55.00%
INFO - 09/13/26 22:29:21 - 0:00:01 - --------------Testing--------------------
INFO - 09/13/26 22:29:21 - 0:00:01 - --------------Loading from ./checkpoints/NC_Wisconsin_model.pt--------------------
INFO - 09/13/26 22:29:21 - 0:00:01 - test_acc= 62.75%, weighted_f1= 48.38,macro_f1= 15.42%
INFO - 09/13/26 22:29:21 - 0:00:01 - test_acc= 62.75%, weighted_f1= 48.38,macro_f1= 15.42%
INFO - 09/13/26 22:29:21 - 0:00:01 - Epoch 0: train_loss=1.978690266609192, train_acc= 10.00%
INFO - 09/13/26 22:29:21 - 0:00:01 - Epoch 0: val_loss=1.826844573020935, val_acc= 48.75%,val_weighted_f1= 31.95,val_macro_f1= 13.11%
INFO - 09/13/26 22:29:21 - 0:00:01 - Epoch 1: train_loss=1.250046968460083, train_acc= 53.33%
INFO - 09/13/26 22:29:21 - 0:00:01 - --------------Testing--------------------
INFO - 09/13/26 22:29:21 - 0:00:01 - --------------Loading from ./checkpoints/NC_Wisconsin_model.pt--------------------
INFO - 09/13/26 22:29:21 - 0:00:01 - test_acc= 41.18%, weighted_f1= 24.02,macro_f1= 11.67%
INFO - 09/13/26 22:29:21 - 0:00:01 - test_acc= 41.18%, weighted_f1= 24.02,macro_f1= 11.67%
INFO - 09/13/26 22:29:21 - 0:00:01 - Epoch 0: train_loss=1.670135498046875, train_acc= 21.67%
INFO - 09/13/26 22:29:21 - 0:00:01 - Epoch 0: val_loss=1.9241445064544678, val_acc= 48.75%,val_weighted_f1= 31.95,val_macro_f1= 13.11%
INFO - 09/13/26 22:29:21 - 0:00:01 - Epoch 1: train_loss=1.3318443298339844, train_acc= 49.17%
INFO - 09/13/26 22:29:21 - 0:00:01 - --------------Testing--------------------
INFO - 09/13/26 22:29:21 - 0:00:01 - --------------Loading from ./checkpoints/NC_Wisconsin_model.pt--------------------
INFO - 09/13/26 22:29:21 - 0:00:01 - test_acc= 43.14%, weighted_f1= 26.00,macro_f1= 12.05%
INFO - 09/13/26 22:29:21 - 0:00:01 - test_acc= 43.14%, weighted_f1= 26.00,macro_f1= 12.05%
INFO - 09/13/26 22:29:21 - 0:00:01 - Epoch 0: train_loss=1.5125724077224731, train_acc= 31.67%
INFO - 09/13/26 22:29:21 - 0:00:01 - Epoch 0: val_loss=1.7545194625854492, val_acc= 52.50%,val_weighted_f1= 37.39,val_macro_f1= 15.77%
INFO - 09/13/26 22:29:21 - 0:00:01 - Epoch 1: train_loss=1.1102360486984253, train_acc= 58.33%
INFO - 09/13/26 22:29:21 - 0:00:01 - --------------Testing--------------------
INFO - 09/13/26 22:29:21 - 0:00:01 - --------------Loading from ./checkpoints/NC_Wisconsin_model.pt--------------------
INFO - 09/13/26 22:29:21 - 0:00:01 - test_acc= 41.18%, weighted_f1= 26.13,macro_f1= 13.43%
INFO - 09/13/26 22:29:21 - 0:00:01 - test_acc= 41.18%, weighted_f1= 26.13,macro_f1= 13.43%
INFO - 09/13/26 22:29:21 - 0:00:01 - Epoch 0: train_loss=1.881170392036438, train_acc= 15.00%
INFO - 09/13/26 22:29:21 - 0:00:01 - Epoch 0: val_loss=1.6039445400238037, val_acc= 48.75%,val_weighted_f1= 31.95,val_macro_f1= 13.11%
INFO - 09/13/26 22:29:21 - 0:00:01 - Epoch 1: train_loss=1.202375888824463, train_acc= 47.50%
INFO - 09/13/26 22:29:21 - 0:00:01 - --------------Testing--------------------
INFO - 09/13/26 22:29:21 - 0:00:01 - --------------Loading from ./checkpoints/NC_Wisconsin_model.pt--------------------
INFO - 09/13/26 22:29:21 - 0:00:01 - test_acc= 52.94%, weighted_f1= 36.65,macro_f1= 13.85%
INFO - 09/13/26 22:29:21 - 0:00:01 - test_acc= 52.94%, weighted_f1= 36.65,macro_f1= 13.85%
INFO - 09/13/26 22:29:22 - 0:00:01 - Epoch 0: train_loss=1.6101868152618408, train_acc= 32.50%
INFO - 09/13/26 22:29:22 - 0:00:01 - Epoch 0: val_loss=1.7076966762542725, val_acc= 55.00%,val_weighted_f1= 42.51,val_macro_f1= 21.19%
INFO - 09/13/26 22:29:22 - 0:00:01 - Epoch 1: train_loss=1.1137542724609375, train_acc= 59.17%
INFO - 09/13/26 22:29:22 - 0:00:01 - --------------Testing--------------------
INFO - 09/13/26 22:29:22 - 0:00:01 - --------------Loading from ./checkpoints/NC_Wisconsin_model.pt--------------------
INFO - 09/13/26 22:29:22 - 0:00:01 - test_acc= 60.78%, weighted_f1= 51.93,macro_f1= 26.84%
INFO - 09/13/26 22:29:22 - 0:00:01 - test_acc= 60.78%, weighted_f1= 51.93,macro_f1= 26.84%
INFO - 09/13/26 22:29:22 - 0:00:01 - Epoch 0: train_loss=1.82993745803833, train_acc= 15.00%
INFO - 09/13/26 22:29:22 - 0:00:01 - Epoch 0: val_loss=1.657792329788208, val_acc= 48.75%,val_weighted_f1= 31.95,val_macro_f1= 13.11%
INFO - 09/13/26 22:29:22 - 0:00:02 - Epoch 1: train_loss=1.185691475868225, train_acc= 55.83%
INFO - 09/13/26 22:29:22 - 0:00:02 - --------------Testing--------------------
INFO - 09/13/26 22:29:22 - 0:00:02 - --------------Loading from ./checkpoints/NC_Wisconsin_model.pt--------------------
INFO - 09/13/26 22:29:22 - 0:00:02 - test_acc= 50.98%, weighted_f1= 34.43,macro_f1= 13.51%
INFO - 09/13/26 22:29:22 - 0:00:02 - test_acc= 50.98%, weighted_f1= 34.43,macro_f1= 13.51%
INFO - 09/13/26 22:29:22 - 0:00:02 - Epoch 0: train_loss=1.565812349319458, train_acc= 30.83%
INFO - 09/13/26 22:29:22 - 0:00:02 - Epoch 0: val_loss=2.6324405670166016, val_acc= 38.75%,val_weighted_f1= 21.64,val_macro_f1= 11.17%
INFO - 09/13/26 22:29:22 - 0:00:02 - Epoch 1: train_loss=1.3091354370117188, train_acc= 53.33%
INFO - 09/13/26 22:29:22 - 0:00:02 - --------------Testing--------------------
INFO - 09/13/26 22:29:22 - 0:00:02 - --------------Loading from ./checkpoints/NC_Wisconsin_model.pt--------------------
INFO - 09/13/26 22:29:22 - 0:00:02 - test_acc= 45.10%, weighted_f1= 28.03,macro_f1= 12.43%
INFO - 09/13/26 22:29:22 - 0:00:02 - test_acc= 45.10%, weighted_f1= 28.03,macro_f1= 12.43%
INFO - 09/13/26 22:29:22 - 0:00:02 - Epoch 0: train_loss=1.5981781482696533, train_acc= 31.67%
INFO - 09/13/26 22:29:22 - 0:00:02 - Epoch 0: val_loss=1.976375937461853, val_acc= 50.00%,val_weighted_f1= 36.45,val_macro_f1= 18.70%
INFO - 09/13/26 22:29:22 - 0:00:02 - Epoch 1: train_loss=1.1218364238739014, train_acc= 56.67%
INFO - 09/13/26 22:29:22 - 0:00:02 - --------------Testing--------------------
INFO - 09/13/26 22:29:22 - 0:00:02 - --------------Loading from ./checkpoints/NC_Wisconsin_model.pt--------------------
INFO - 09/13/26 22:29:22 - 0:00:02 - test_acc= 49.02%, weighted_f1= 35.78,macro_f1= 17.22%
INFO - 09/13/26 22:29:22 - 0:00:02 - test_acc= 49.02%, weighted_f1= 35.78,macro_f1= 17.22%
INFO - 09/13/26 22:29:22 - 0:00:02 - Best ACCs: [66.67, 62.75, 41.18, 43.14, 41.18, 52.94, 60.78, 50.98, 45.1, 49.02]
                                     Evaluation Acc is  51.37% ±  8.80%
                                     
[repro] exit_code=0
[repro] runtime_seconds=6
[repro] finished_at=2026-09-13T22:29:23+08:00
