[repro] paper=gbn
[repro] started_at=2026-09-13T22:27:02+08:00
[repro] run_id=20260913_222702_smoke_Texas_2ep_pid288181
[repro] repo_commit=72ad3692916ecc60f2c78d5bd01a55d7c6297a4f
[repro] env=dtgb cwd=/home/lab_user/project/lzc/repro/gbn
[repro] command=python main.py --task NC --dataset Texas
[repro] resource_cap_ratio=85 threads=17
[repro] python=3.10.20 torch=2.2.1+cu121 cuda=True gpu=NVIDIA GeForce RTX 3090
[cap] cores=17/20 CPUQuota=1700% MemoryMax=55139365888 cuda_fraction=0.85 mps=85 gpu_gov=1
Running as unit: run-p288252-i225187.scope; invocation ID: 4bee96ff9b07453493be57cd20d923be
Loading config file: ./configs/NC/Texas.json
Log path: ./logs//NC_Texas_NL5_HD512_DP0.3_ACTgelu_NORMln_BTrue_LRNC0.0001_LRT0.001.log
INFO - 09/13/26 22:27:07 - 0:00:00 - {'task': 'NC', 'dataset': 'Texas', 'root_path': './datasets', 'val_every': 5, 'exp_iters': 1, 'log_dir': './logs/', 'result_dir': './results/', 'task_model_path': 'NC_Texas_model.pt', 'checkpoints': './checkpoints/', 'add_self_loop': False, 'n_layers': 5, 'hid_dim': 512, 'embed_dim': 512, 'dropout': 0.3, 'act': 'gelu', 'input_act': 'gelu', 'norm': 'ln', 'bias': True, 'tau': 1.0, 'lr_nc': 0.0001, 'weight_decay_nc': 0, 'epochs_nc': 2, 'patience_nc': 15, 'additional_layers': 0, 'distance_list': [50, 10, 5, 3], 'lr_trans': 0.001, 'weight_decay_trans': 0, 'epochs_trans': 2000, 'patience_trans': 10, 'use_gpu': True, 'gpu': 0, 'devices': '0', 'layer_wise': True, 'log_path': './logs//NC_Texas_NL5_HD512_DP0.3_ACTgelu_NORMln_BTrue_LRNC0.0001_LRT0.001.log', 'result_path': './results//NC_Texas.txt'}
INFO - 09/13/26 22:27:07 - 0:00:00 - --------------------------Training Start-------------------------
INFO - 09/13/26 22:27:08 - 0:00:00 - Epoch 0: train_loss=1.936338186264038, train_acc= 22.99%
INFO - 09/13/26 22:27:08 - 0:00:00 - Epoch 0: val_loss=1.7286454439163208, val_acc= 10.17%,val_weighted_f1= 4.63,val_macro_f1= 4.42%
INFO - 09/13/26 22:27:08 - 0:00:00 - Epoch 1: train_loss=1.516440749168396, train_acc= 26.44%
INFO - 09/13/26 22:27:08 - 0:00:00 - --------------Testing--------------------
INFO - 09/13/26 22:27:08 - 0:00:00 - --------------Loading from ./checkpoints/NC_Texas_model.pt--------------------
INFO - 09/13/26 22:27:08 - 0:00:01 - test_acc= 10.81%, weighted_f1= 2.77,macro_f1= 5.13%
INFO - 09/13/26 22:27:08 - 0:00:01 - test_acc= 10.81%, weighted_f1= 2.77,macro_f1= 5.13%
INFO - 09/13/26 22:27:08 - 0:00:01 - Best ACCs: [10.81]
                                     Evaluation Acc is  10.81% ±  0.00%
                                     
[repro] exit_code=0
[repro] runtime_seconds=4
[repro] finished_at=2026-09-13T22:27:08+08:00
