run_dir=/home/lab_user/project/lzc/results/ignn/runs/20260913T140943Z_smoke_actor_c_custom_2ep_r1
started_utc=2026-09-13T14:09:44+00:00
command=/home/lab_user/tools/miniconda3/envs/ignn/bin/python -u -m main --gpu_id 0 --seed 42 --model ignn --agg_type gcn_incep --IN IN-SN --eval_interval 1 --eval_start 0 --public False --dataset actor --source pyg --n_epochs 2 --h_feats 512 --lr 0.001 --l2_coef 0.0 --n_hops 1 --n_layers 1 --early_stop 100 --RN concat --norm_type ln --act_type relu --preln False --fast False --pre_dropout 0.0 --hid_dropout 0.8 --clf_dropout 0.9 --repeat 1 
[cap] cores=17/20 CPUQuota=1700% MemoryMax=55139365888 cuda_fraction=0.85 mps=85 gpu_gov=1
Running as unit: run-p279784-i319759.scope; invocation ID: 11ae6246eb1f43328915bde6cd8428c5
[I 2026-09-13 22:09:48,400 the_utils.setting:78] GPU available. Use cuda:0.
[I 2026-09-13 22:09:48,423 graph_datasets.utils.common:74] 
+------------+-----------+
|  Dataset   | pyG actor |
+============+===========+
|  NumNodes  |     7,600 |
+------------+-----------+
|  NumEdges  |    30,019 |
+------------+-----------+
|  NumFeats  |       932 |
+------------+-----------+
| NumClasses |         5 |
+------------+-----------+
[D 2026-09-13 22:09:48,424 urllib3.connectionpool:456] https://pypi.org:443 "GET /pypi/outdated/json HTTP/1.1" 200 3873
[I 2026-09-13 22:09:48,453 graph_datasets.utils.common:74] 
+------------+---------------------------------------+
|  Dataset   |         PYG undirected actor          |
|            | add_self_loop=True rm_self_loop=False |
+============+=======================================+
|  NumNodes  |                                 7,600 |
+------------+---------------------------------------+
|  NumEdges  |                                60,918 |
+------------+---------------------------------------+
|  NumFeats  |                                   932 |
+------------+---------------------------------------+
| NumClasses |                                     5 |
+------------+---------------------------------------+
[I 2026-09-13 22:09:48,455 __main__:137] 
+---------------+--------------------------------------------------------------+
| IN            | IN-SN                                                        |
+---------------+--------------------------------------------------------------+
| IN config     | INConf(name='actor_pyg', n_hops=1, add_self_loop=True,       |
|               | remove_self_loop=False, symm_norm=True,                      |
|               | row_normalized=False, fast=False,                            |
|               | save_dir='tmp/ignn/neighborhoods')                           |
+---------------+--------------------------------------------------------------+
| RN            | concat                                                       |
+---------------+--------------------------------------------------------------+
| act type      | relu                                                         |
+---------------+--------------------------------------------------------------+
| agg type      | gcn_incep                                                    |
+---------------+--------------------------------------------------------------+
| att act type  | None                                                         |
+---------------+--------------------------------------------------------------+
| clf dropout   | 0.90000                                                      |
+---------------+--------------------------------------------------------------+
| early stop    | 100                                                          |
+---------------+--------------------------------------------------------------+
| eval interval | 1                                                            |
+---------------+--------------------------------------------------------------+
| eval start    | 0                                                            |
+---------------+--------------------------------------------------------------+
| fast          | False                                                        |
+---------------+--------------------------------------------------------------+
| h feats       | 512                                                          |
+---------------+--------------------------------------------------------------+
| hid dropout   | 0.80000                                                      |
+---------------+--------------------------------------------------------------+
| l2 coef       | 0                                                            |
+---------------+--------------------------------------------------------------+
| loss          | ce                                                           |
+---------------+--------------------------------------------------------------+
| lr            | 0.00100                                                      |
+---------------+--------------------------------------------------------------+
| n epochs      | 2                                                            |
+---------------+--------------------------------------------------------------+
| n hops        | 1                                                            |
+---------------+--------------------------------------------------------------+
| n layers      | 1                                                            |
+---------------+--------------------------------------------------------------+
| norm type     | ln                                                           |
+---------------+--------------------------------------------------------------+
| pre dropout   | 0                                                            |
+---------------+--------------------------------------------------------------+
| pre lin       | False                                                        |
+---------------+--------------------------------------------------------------+
[I 2026-09-13 22:09:48,471 the_utils.evaluation.unsupervised_graph_learning:84] No fixed splits found in data/random_splits/fixed_splits/actor_pyg-48-32-splitsx1.npy, generating...
[I 2026-09-13 22:09:48,475 the_utils.common:35] split num: 1
random splits train:val:test =48:32:20

[D 2026-09-13 22:09:48,614 urllib3.connectionpool:456] https://pypi.org:443 "GET /pypi/ogb/json HTTP/1.1" 200 9741
[I 2026-09-13 22:09:48,703 ignn.models.IGNN:215] epoch:0/best:0, loss:2.1819, train:0.2733, valid:0.2681/best:0.2681, test:0.2717/best:0.2717
[I 2026-09-13 22:09:48,727 ignn.models.IGNN:215] epoch:1/best:1, loss:2.0483, train:0.2884, valid:0.2833/best:0.2833, test:0.2836/best:0.2836
[I 2026-09-13 22:09:48,728 ignn.models.IGNN:234] 10 epoch cost: 2.5193s.
[I 2026-09-13 22:09:48,740 __main__:210] actor_pyg 0 res: 0.2835526315789474


[I 2026-09-13 22:09:48,740 __main__:214] Results: 	Acc:28.36±0.00 	Train cost: 0.28s

finished_utc=2026-09-13T14:09:49+00:00
exit_code=0
