run_dir=/home/lab_user/project/lzc/results/ignn/runs/20260913T141058Z_smoke_chameleon_c_custom_2ep_r1
started_utc=2026-09-13T14:10:59+00:00
command=/home/lab_user/tools/miniconda3/envs/ignn/bin/python -u -m main --gpu_id 0 --seed 42 --model ignn --agg_type gcn_incep --IN IN-SN --eval_interval 1 --eval_start 0 --public False --dataset chameleon --source critical --n_epochs 2 --h_feats 64 --lr 0.001 --l2_coef 0.0 --n_hops 1 --n_layers 5 --early_stop 150 --RN concat --norm_type none --act_type none --preln True --fast False --pre_dropout 0.8 --hid_dropout 0.3 --clf_dropout 0.3 --repeat 1 
[cap] cores=17/20 CPUQuota=1700% MemoryMax=55139365888 cuda_fraction=0.85 mps=85 gpu_gov=1
Running as unit: run-p281021-i253175.scope; invocation ID: 9ac5d360915142099c3efd0dcaee3526
[I 2026-09-13 22:11:03,142 the_utils.setting:78] GPU available. Use cuda:0.
[I 2026-09-13 22:11:03,174 graph_datasets.utils.common:74] 
+------------+--------------------------------------+
|  Dataset   | Critical chameleon_filtered_directed |
+============+======================================+
|  NumNodes  |                                  890 |
+------------+--------------------------------------+
|  NumEdges  |                               13,584 |
+------------+--------------------------------------+
|  NumFeats  |                                2,325 |
+------------+--------------------------------------+
| NumClasses |                                    5 |
+------------+--------------------------------------+
[I 2026-09-13 22:11:03,180 graph_datasets.utils.common:74] 
+------------+---------------------------------------+
|  Dataset   |     CRITICAL undirected chameleon     |
|            | add_self_loop=True rm_self_loop=False |
+============+=======================================+
|  NumNodes  |                                   890 |
+------------+---------------------------------------+
|  NumEdges  |                                18,598 |
+------------+---------------------------------------+
|  NumFeats  |                                 2,325 |
+------------+---------------------------------------+
| NumClasses |                                     5 |
+------------+---------------------------------------+
[I 2026-09-13 22:11:03,182 __main__:137] 
+---------------+--------------------------------------------------------------+
| IN            | IN-SN                                                        |
+---------------+--------------------------------------------------------------+
| IN config     | INConf(name='chameleon_critical', n_hops=1,                  |
|               | add_self_loop=True, remove_self_loop=False, symm_norm=True,  |
|               | row_normalized=False, fast=False,                            |
|               | save_dir='tmp/ignn/neighborhoods')                           |
+---------------+--------------------------------------------------------------+
| RN            | concat                                                       |
+---------------+--------------------------------------------------------------+
| act type      | none                                                         |
+---------------+--------------------------------------------------------------+
| agg type      | gcn_incep                                                    |
+---------------+--------------------------------------------------------------+
| att act type  | None                                                         |
+---------------+--------------------------------------------------------------+
| clf dropout   | 0.30000                                                      |
+---------------+--------------------------------------------------------------+
| early stop    | 150                                                          |
+---------------+--------------------------------------------------------------+
| eval interval | 1                                                            |
+---------------+--------------------------------------------------------------+
| eval start    | 0                                                            |
+---------------+--------------------------------------------------------------+
| fast          | False                                                        |
+---------------+--------------------------------------------------------------+
| h feats       | 64                                                           |
+---------------+--------------------------------------------------------------+
| hid dropout   | 0.30000                                                      |
+---------------+--------------------------------------------------------------+
| l2 coef       | 0                                                            |
+---------------+--------------------------------------------------------------+
| loss          | ce                                                           |
+---------------+--------------------------------------------------------------+
| lr            | 0.00100                                                      |
+---------------+--------------------------------------------------------------+
| n epochs      | 2                                                            |
+---------------+--------------------------------------------------------------+
| n hops        | 1                                                            |
+---------------+--------------------------------------------------------------+
| n layers      | 5                                                            |
+---------------+--------------------------------------------------------------+
| norm type     | none                                                         |
+---------------+--------------------------------------------------------------+
| pre dropout   | 0.80000                                                      |
+---------------+--------------------------------------------------------------+
| pre lin       | True                                                         |
+---------------+--------------------------------------------------------------+
[I 2026-09-13 22:11:03,190 the_utils.evaluation.unsupervised_graph_learning:84] No fixed splits found in data/random_splits/fixed_splits/chameleon_critical-48-32-splitsx1.npy, generating...
[I 2026-09-13 22:11:03,191 the_utils.common:35] split num: 1
random splits train:val:test =48:32:20

[I 2026-09-13 22:11:03,428 ignn.models.IGNN:215] epoch:0/best:0, loss:1.6116, train:0.2506, valid:0.2456/best:0.2456, test:0.1798/best:0.1798
[I 2026-09-13 22:11:03,467 ignn.models.IGNN:215] epoch:1/best:1, loss:1.6088, train:0.2506, valid:0.2456/best:0.2456, test:0.1798/best:0.1798
[I 2026-09-13 22:11:03,469 ignn.models.IGNN:234] 10 epoch cost: 2.7631s.
[I 2026-09-13 22:11:03,484 __main__:210] chameleon_critical 0 res: 0.1797752808988764


[I 2026-09-13 22:11:03,485 __main__:214] Results: 	Acc:17.98±0.00 	Train cost: 0.30s

finished_utc=2026-09-13T14:11:04+00:00
exit_code=0
