run_dir=/home/lab_user/project/lzc/results/ignn/runs/20260912T061701Z_smoke_chameleon_c_public_2ep_r1
started_utc=2026-09-12T06:17:02+00:00
command=/home/lab_user/tools/miniconda3/envs/ignn/bin/python -u -m main --gpu_id 0 --seed 42 --dataset chameleon --source critical --model ignn --n_epochs 2 --agg_type gcn_incep --IN IN-SN --h_feats 128 --lr 0.0005 --l2_coef 5e-05 --n_hops 1 --n_layers 3 --early_stop 50 --RN none --norm_type none --act_type none --preln True --fast False --pre_dropout 0.9 --hid_dropout 0.1 --clf_dropout 0.1 --eval_interval 1 --eval_start 0 --public True --repeat 1 
[I 2026-09-12 14:17:04,825 the_utils.setting:78] GPU available. Use cuda:0.
[I 2026-09-12 14:17:04,847 graph_datasets.utils.common:74] 
+------------+--------------------------------------+
|  Dataset   | Critical chameleon_filtered_directed |
+============+======================================+
|  NumNodes  |                                  890 |
+------------+--------------------------------------+
|  NumEdges  |                               13,584 |
+------------+--------------------------------------+
|  NumFeats  |                                2,325 |
+------------+--------------------------------------+
| NumClasses |                                    5 |
+------------+--------------------------------------+
[I 2026-09-12 14:17:04,853 graph_datasets.utils.common:74] 
+------------+---------------------------------------+
|  Dataset   |     CRITICAL undirected chameleon     |
|            | add_self_loop=True rm_self_loop=False |
+============+=======================================+
|  NumNodes  |                                   890 |
+------------+---------------------------------------+
|  NumEdges  |                                18,598 |
+------------+---------------------------------------+
|  NumFeats  |                                 2,325 |
+------------+---------------------------------------+
| NumClasses |                                     5 |
+------------+---------------------------------------+
[I 2026-09-12 14:17:04,854 __main__:137] 
+---------------+--------------------------------------------------------------+
| IN            | IN-SN                                                        |
+---------------+--------------------------------------------------------------+
| IN config     | INConf(name='chameleon_critical', n_hops=1,                  |
|               | add_self_loop=True, remove_self_loop=False, symm_norm=True,  |
|               | row_normalized=False, fast=False,                            |
|               | save_dir='tmp/ignn/neighborhoods')                           |
+---------------+--------------------------------------------------------------+
| RN            | none                                                         |
+---------------+--------------------------------------------------------------+
| act type      | none                                                         |
+---------------+--------------------------------------------------------------+
| agg type      | gcn_incep                                                    |
+---------------+--------------------------------------------------------------+
| att act type  | None                                                         |
+---------------+--------------------------------------------------------------+
| clf dropout   | 0.10000                                                      |
+---------------+--------------------------------------------------------------+
| early stop    | 50                                                           |
+---------------+--------------------------------------------------------------+
| eval interval | 1                                                            |
+---------------+--------------------------------------------------------------+
| eval start    | 0                                                            |
+---------------+--------------------------------------------------------------+
| fast          | False                                                        |
+---------------+--------------------------------------------------------------+
| h feats       | 128                                                          |
+---------------+--------------------------------------------------------------+
| hid dropout   | 0.10000                                                      |
+---------------+--------------------------------------------------------------+
| l2 coef       | 0.00005                                                      |
+---------------+--------------------------------------------------------------+
| loss          | ce                                                           |
+---------------+--------------------------------------------------------------+
| lr            | 0.00050                                                      |
+---------------+--------------------------------------------------------------+
| n epochs      | 2                                                            |
+---------------+--------------------------------------------------------------+
| n hops        | 1                                                            |
+---------------+--------------------------------------------------------------+
| n layers      | 3                                                            |
+---------------+--------------------------------------------------------------+
| norm type     | none                                                         |
+---------------+--------------------------------------------------------------+
| pre dropout   | 0.90000                                                      |
+---------------+--------------------------------------------------------------+
| pre lin       | True                                                         |
+---------------+--------------------------------------------------------------+
[I 2026-09-12 14:17:04,862 the_utils.evaluation.unsupervised_graph_learning:84] No fixed splits found in data/random_splits/fixed_splits/chameleon_critical-48-32-splitsx1.npy, generating...
[I 2026-09-12 14:17:04,862 the_utils.common:35] split num: 1
random splits train:val:test =48:32:20

[I 2026-09-12 14:17:05,137 ignn.models.IGNN:215] epoch:0/best:0, loss:1.6185, train:0.1663, valid:0.1579/best:0.1579, test:0.1348/best:0.1348
[I 2026-09-12 14:17:05,154 ignn.models.IGNN:215] epoch:1/best:1, loss:1.6117, train:0.3091, valid:0.3684/best:0.3684, test:0.3258/best:0.3258
[I 2026-09-12 14:17:05,155 ignn.models.IGNN:234] 10 epoch cost: 1.9797s.
[I 2026-09-12 14:17:05,162 __main__:210] chameleon_critical 0 res: 0.3258426966292135


[I 2026-09-12 14:17:05,162 __main__:214] Results: 	Acc:32.58±0.00 	Train cost: 0.31s

finished_utc=2026-09-12T06:17:05+00:00
exit_code=0
