[repro] started_at=2026-09-12T14:54:07+08:00
[repro] run_id=20260912_145407_official_Wisconsin_pid9725
[repro] repo_commit=114b585d0d0e32afbf1d7232dd04c013fa8453e2
[repro] tracked_patch=none
[repro] main_py_sha256=9f852918f355839c1b26a966d88eb5beb9c0d7479cc2f7483f4fc67253a637c3
[repro] dataset=Wisconsin data_id=8 env=dtgb cuda_visible_devices=0
[repro] data_link=/tmp/Wisconsin -> /home/lab_user/project/lzc/repro/sgpc/data/Wisconsin
[repro] command=python main.py 8 
[repro] python=3.10.20 torch=2.2.1+cu121 pyg=2.8.0.post1 torch_sparse=0.6.18+pt22cu121
[repro] cuda=True gpu=NVIDIA GeForce RTX 3090
Epoch 0001 | Loss: 1.6541 | Val: 0.5125 | Test: 0.5294 | Best Test: 0.5294
Epoch 0002 | Loss: 1.4041 | Val: 0.5375 | Test: 0.5294 | Best Test: 0.5294
Epoch 0003 | Loss: 1.2634 | Val: 0.5375 | Test: 0.5294 | Best Test: 0.5294
Epoch 0004 | Loss: 1.2145 | Val: 0.5625 | Test: 0.5686 | Best Test: 0.5686
Epoch 0005 | Loss: 1.1265 | Val: 0.6375 | Test: 0.6667 | Best Test: 0.6667
Epoch 0006 | Loss: 1.0388 | Val: 0.6750 | Test: 0.7451 | Best Test: 0.7451
Epoch 0007 | Loss: 1.0215 | Val: 0.6875 | Test: 0.7647 | Best Test: 0.7647
Epoch 0008 | Loss: 0.9385 | Val: 0.7375 | Test: 0.7647 | Best Test: 0.7647
Epoch 0009 | Loss: 0.8486 | Val: 0.7500 | Test: 0.7843 | Best Test: 0.7843
Epoch 0010 | Loss: 0.7721 | Val: 0.7875 | Test: 0.7843 | Best Test: 0.7843
Epoch 0011 | Loss: 0.7496 | Val: 0.8000 | Test: 0.7843 | Best Test: 0.7843
Epoch 0012 | Loss: 0.6437 | Val: 0.8000 | Test: 0.7843 | Best Test: 0.7843
Epoch 0013 | Loss: 0.6304 | Val: 0.8000 | Test: 0.7843 | Best Test: 0.7843
Epoch 0014 | Loss: 0.5693 | Val: 0.8000 | Test: 0.8039 | Best Test: 0.8039
Epoch 0015 | Loss: 0.5407 | Val: 0.8000 | Test: 0.8039 | Best Test: 0.8039
Epoch 0018 | Loss: 0.4153 | Val: 0.8000 | Test: 0.8039 | Best Test: 0.8039
Epoch 0019 | Loss: 0.3996 | Val: 0.8000 | Test: 0.8039 | Best Test: 0.8039
Epoch 0020 | Loss: 0.3798 | Val: 0.8000 | Test: 0.8235 | Best Test: 0.8235
Epoch 0021 | Loss: 0.3318 | Val: 0.8000 | Test: 0.8235 | Best Test: 0.8235
Epoch 0022 | Loss: 0.3345 | Val: 0.8125 | Test: 0.8235 | Best Test: 0.8235
Epoch 0023 | Loss: 0.3253 | Val: 0.8125 | Test: 0.8039 | Best Test: 0.8235
Epoch 0024 | Loss: 0.2799 | Val: 0.8250 | Test: 0.8039 | Best Test: 0.8235
Epoch 0025 | Loss: 0.2771 | Val: 0.8250 | Test: 0.8039 | Best Test: 0.8235
Epoch 0026 | Loss: 0.2214 | Val: 0.8250 | Test: 0.8039 | Best Test: 0.8235
Epoch 0027 | Loss: 0.1973 | Val: 0.8250 | Test: 0.8235 | Best Test: 0.8235
Epoch 0050 | Loss: 0.0302 | Val: 0.7875 | Test: 0.8431 | Best Test: 0.8431
Epoch 0100 | Loss: 0.0080 | Val: 0.8125 | Test: 0.8431 | Best Test: 0.8431
Epoch 0105 | Loss: 0.0064 | Val: 0.8250 | Test: 0.8431 | Best Test: 0.8431
Epoch 0106 | Loss: 0.0095 | Val: 0.8250 | Test: 0.8431 | Best Test: 0.8431
Epoch 0107 | Loss: 0.0088 | Val: 0.8250 | Test: 0.8431 | Best Test: 0.8431
Epoch 0108 | Loss: 0.0079 | Val: 0.8250 | Test: 0.8431 | Best Test: 0.8431
Epoch 0109 | Loss: 0.0064 | Val: 0.8250 | Test: 0.8431 | Best Test: 0.8431
Epoch 0110 | Loss: 0.0045 | Val: 0.8250 | Test: 0.8431 | Best Test: 0.8431
Epoch 0111 | Loss: 0.0068 | Val: 0.8250 | Test: 0.8431 | Best Test: 0.8431
Epoch 0112 | Loss: 0.0092 | Val: 0.8250 | Test: 0.8431 | Best Test: 0.8431
Epoch 0113 | Loss: 0.0050 | Val: 0.8250 | Test: 0.8431 | Best Test: 0.8431
Epoch 0114 | Loss: 0.0045 | Val: 0.8250 | Test: 0.8431 | Best Test: 0.8431
Epoch 0115 | Loss: 0.0075 | Val: 0.8250 | Test: 0.8431 | Best Test: 0.8431
Epoch 0116 | Loss: 0.0062 | Val: 0.8250 | Test: 0.8431 | Best Test: 0.8431
Epoch 0117 | Loss: 0.0036 | Val: 0.8250 | Test: 0.8431 | Best Test: 0.8431
Epoch 0118 | Loss: 0.0078 | Val: 0.8250 | Test: 0.8431 | Best Test: 0.8431
Epoch 0119 | Loss: 0.0069 | Val: 0.8250 | Test: 0.8431 | Best Test: 0.8431
Epoch 0120 | Loss: 0.0107 | Val: 0.8250 | Test: 0.8431 | Best Test: 0.8431
Epoch 0121 | Loss: 0.0046 | Val: 0.8250 | Test: 0.8431 | Best Test: 0.8431
Epoch 0122 | Loss: 0.0106 | Val: 0.8250 | Test: 0.8431 | Best Test: 0.8431
Epoch 0123 | Loss: 0.0077 | Val: 0.8250 | Test: 0.8431 | Best Test: 0.8431
Epoch 0124 | Loss: 0.0051 | Val: 0.8250 | Test: 0.8431 | Best Test: 0.8431
Epoch 0125 | Loss: 0.0080 | Val: 0.8250 | Test: 0.8431 | Best Test: 0.8431
Epoch 0126 | Loss: 0.0045 | Val: 0.8250 | Test: 0.8431 | Best Test: 0.8431
Epoch 0127 | Loss: 0.0050 | Val: 0.8250 | Test: 0.8431 | Best Test: 0.8431
Epoch 0128 | Loss: 0.0060 | Val: 0.8250 | Test: 0.8431 | Best Test: 0.8431
Epoch 0129 | Loss: 0.0089 | Val: 0.8250 | Test: 0.8431 | Best Test: 0.8431
Epoch 0130 | Loss: 0.0056 | Val: 0.8250 | Test: 0.8431 | Best Test: 0.8431
Epoch 0131 | Loss: 0.0101 | Val: 0.8250 | Test: 0.8431 | Best Test: 0.8431
Epoch 0132 | Loss: 0.0078 | Val: 0.8250 | Test: 0.8431 | Best Test: 0.8431
Epoch 0133 | Loss: 0.0068 | Val: 0.8250 | Test: 0.8431 | Best Test: 0.8431
Epoch 0134 | Loss: 0.0046 | Val: 0.8250 | Test: 0.8431 | Best Test: 0.8431
Epoch 0135 | Loss: 0.0069 | Val: 0.8250 | Test: 0.8431 | Best Test: 0.8431
Epoch 0136 | Loss: 0.0074 | Val: 0.8250 | Test: 0.8431 | Best Test: 0.8431
Epoch 0137 | Loss: 0.0047 | Val: 0.8250 | Test: 0.8431 | Best Test: 0.8431
Epoch 0138 | Loss: 0.0035 | Val: 0.8250 | Test: 0.8431 | Best Test: 0.8431
Epoch 0139 | Loss: 0.0039 | Val: 0.8250 | Test: 0.8431 | Best Test: 0.8431
Epoch 0140 | Loss: 0.0091 | Val: 0.8250 | Test: 0.8431 | Best Test: 0.8431
Epoch 0141 | Loss: 0.0079 | Val: 0.8250 | Test: 0.8431 | Best Test: 0.8431
Epoch 0142 | Loss: 0.0052 | Val: 0.8250 | Test: 0.8431 | Best Test: 0.8431
Epoch 0143 | Loss: 0.0060 | Val: 0.8250 | Test: 0.8431 | Best Test: 0.8431
Epoch 0144 | Loss: 0.0042 | Val: 0.8250 | Test: 0.8431 | Best Test: 0.8431
Epoch 0145 | Loss: 0.0049 | Val: 0.8250 | Test: 0.8431 | Best Test: 0.8431
Epoch 0146 | Loss: 0.0044 | Val: 0.8250 | Test: 0.8431 | Best Test: 0.8431
Epoch 0147 | Loss: 0.0040 | Val: 0.8250 | Test: 0.8431 | Best Test: 0.8431
Epoch 0148 | Loss: 0.0075 | Val: 0.8250 | Test: 0.8431 | Best Test: 0.8431
Epoch 0149 | Loss: 0.0076 | Val: 0.8250 | Test: 0.8431 | Best Test: 0.8431
Epoch 0150 | Loss: 0.0067 | Val: 0.8250 | Test: 0.8431 | Best Test: 0.8431
Epoch 0151 | Loss: 0.0099 | Val: 0.8250 | Test: 0.8431 | Best Test: 0.8431
Epoch 0152 | Loss: 0.0090 | Val: 0.8250 | Test: 0.8431 | Best Test: 0.8431
Epoch 0153 | Loss: 0.0059 | Val: 0.8250 | Test: 0.8431 | Best Test: 0.8431
Epoch 0154 | Loss: 0.0060 | Val: 0.8250 | Test: 0.8431 | Best Test: 0.8431
Epoch 0155 | Loss: 0.0080 | Val: 0.8250 | Test: 0.8431 | Best Test: 0.8431
Epoch 0156 | Loss: 0.0069 | Val: 0.8250 | Test: 0.8431 | Best Test: 0.8431
Epoch 0157 | Loss: 0.0055 | Val: 0.8250 | Test: 0.8431 | Best Test: 0.8431
Epoch 0158 | Loss: 0.0046 | Val: 0.8250 | Test: 0.8431 | Best Test: 0.8431
Epoch 0159 | Loss: 0.0055 | Val: 0.8250 | Test: 0.8431 | Best Test: 0.8431
Epoch 0160 | Loss: 0.0087 | Val: 0.8250 | Test: 0.8431 | Best Test: 0.8431
Epoch 0161 | Loss: 0.0037 | Val: 0.8250 | Test: 0.8431 | Best Test: 0.8431
Epoch 0162 | Loss: 0.0052 | Val: 0.8375 | Test: 0.8431 | Best Test: 0.8431
Epoch 0163 | Loss: 0.0063 | Val: 0.8375 | Test: 0.8431 | Best Test: 0.8431
Epoch 0164 | Loss: 0.0058 | Val: 0.8375 | Test: 0.8431 | Best Test: 0.8431
Epoch 0165 | Loss: 0.0049 | Val: 0.8375 | Test: 0.8431 | Best Test: 0.8431
Epoch 0166 | Loss: 0.0034 | Val: 0.8375 | Test: 0.8431 | Best Test: 0.8431
Epoch 0179 | Loss: 0.0034 | Val: 0.8375 | Test: 0.8431 | Best Test: 0.8431
Epoch 0180 | Loss: 0.0050 | Val: 0.8375 | Test: 0.8431 | Best Test: 0.8431
Epoch 0187 | Loss: 0.0047 | Val: 0.8375 | Test: 0.8431 | Best Test: 0.8431
Epoch 0188 | Loss: 0.0045 | Val: 0.8375 | Test: 0.8431 | Best Test: 0.8431
Epoch 0192 | Loss: 0.0041 | Val: 0.8375 | Test: 0.8431 | Best Test: 0.8431
Epoch 0193 | Loss: 0.0056 | Val: 0.8375 | Test: 0.8431 | Best Test: 0.8431
Epoch 0194 | Loss: 0.0037 | Val: 0.8375 | Test: 0.8431 | Best Test: 0.8431
Epoch 0195 | Loss: 0.0042 | Val: 0.8375 | Test: 0.8431 | Best Test: 0.8431
Epoch 0196 | Loss: 0.0039 | Val: 0.8375 | Test: 0.8431 | Best Test: 0.8431
Epoch 0197 | Loss: 0.0066 | Val: 0.8375 | Test: 0.8431 | Best Test: 0.8431
Epoch 0198 | Loss: 0.0056 | Val: 0.8375 | Test: 0.8431 | Best Test: 0.8431
Epoch 0199 | Loss: 0.0061 | Val: 0.8375 | Test: 0.8431 | Best Test: 0.8431
Epoch 0200 | Loss: 0.0030 | Val: 0.8375 | Test: 0.8431 | Best Test: 0.8431
Epoch 0201 | Loss: 0.0040 | Val: 0.8375 | Test: 0.8431 | Best Test: 0.8431
Epoch 0202 | Loss: 0.0077 | Val: 0.8375 | Test: 0.8431 | Best Test: 0.8431
Epoch 0203 | Loss: 0.0046 | Val: 0.8375 | Test: 0.8431 | Best Test: 0.8431
Epoch 0204 | Loss: 0.0042 | Val: 0.8375 | Test: 0.8431 | Best Test: 0.8431
Epoch 0205 | Loss: 0.0034 | Val: 0.8375 | Test: 0.8431 | Best Test: 0.8431
Epoch 0206 | Loss: 0.0073 | Val: 0.8375 | Test: 0.8431 | Best Test: 0.8431
Epoch 0207 | Loss: 0.0036 | Val: 0.8375 | Test: 0.8431 | Best Test: 0.8431
Epoch 0208 | Loss: 0.0048 | Val: 0.8375 | Test: 0.8431 | Best Test: 0.8431
Epoch 0209 | Loss: 0.0043 | Val: 0.8375 | Test: 0.8431 | Best Test: 0.8431
Epoch 0210 | Loss: 0.0053 | Val: 0.8375 | Test: 0.8431 | Best Test: 0.8431
Epoch 0211 | Loss: 0.0101 | Val: 0.8375 | Test: 0.8431 | Best Test: 0.8431
Epoch 0212 | Loss: 0.0039 | Val: 0.8375 | Test: 0.8431 | Best Test: 0.8431
Epoch 0213 | Loss: 0.0050 | Val: 0.8375 | Test: 0.8431 | Best Test: 0.8431
Epoch 0214 | Loss: 0.0042 | Val: 0.8375 | Test: 0.8431 | Best Test: 0.8431
Epoch 0215 | Loss: 0.0055 | Val: 0.8375 | Test: 0.8431 | Best Test: 0.8431
Epoch 0216 | Loss: 0.0036 | Val: 0.8375 | Test: 0.8431 | Best Test: 0.8431
Epoch 0217 | Loss: 0.0054 | Val: 0.8375 | Test: 0.8431 | Best Test: 0.8431
Epoch 0218 | Loss: 0.0040 | Val: 0.8375 | Test: 0.8431 | Best Test: 0.8431
Epoch 0219 | Loss: 0.0088 | Val: 0.8375 | Test: 0.8431 | Best Test: 0.8431
Epoch 0220 | Loss: 0.0034 | Val: 0.8375 | Test: 0.8431 | Best Test: 0.8431
Epoch 0221 | Loss: 0.0046 | Val: 0.8375 | Test: 0.8431 | Best Test: 0.8431
Epoch 0222 | Loss: 0.0040 | Val: 0.8375 | Test: 0.8431 | Best Test: 0.8431
Epoch 0223 | Loss: 0.0060 | Val: 0.8375 | Test: 0.8431 | Best Test: 0.8431
Epoch 0224 | Loss: 0.0090 | Val: 0.8375 | Test: 0.8431 | Best Test: 0.8431
Epoch 0225 | Loss: 0.0024 | Val: 0.8375 | Test: 0.8431 | Best Test: 0.8431
Epoch 0226 | Loss: 0.0084 | Val: 0.8375 | Test: 0.8431 | Best Test: 0.8431
Epoch 0227 | Loss: 0.0077 | Val: 0.8375 | Test: 0.8431 | Best Test: 0.8431
Epoch 0228 | Loss: 0.0035 | Val: 0.8375 | Test: 0.8431 | Best Test: 0.8431
Epoch 0229 | Loss: 0.0074 | Val: 0.8375 | Test: 0.8431 | Best Test: 0.8431
Epoch 0230 | Loss: 0.0059 | Val: 0.8375 | Test: 0.8431 | Best Test: 0.8431
Epoch 0231 | Loss: 0.0033 | Val: 0.8375 | Test: 0.8431 | Best Test: 0.8431
Epoch 0232 | Loss: 0.0031 | Val: 0.8375 | Test: 0.8431 | Best Test: 0.8431
Epoch 0233 | Loss: 0.0030 | Val: 0.8375 | Test: 0.8431 | Best Test: 0.8431
Epoch 0234 | Loss: 0.0042 | Val: 0.8375 | Test: 0.8431 | Best Test: 0.8431
Epoch 0235 | Loss: 0.0042 | Val: 0.8375 | Test: 0.8431 | Best Test: 0.8431
Epoch 0236 | Loss: 0.0045 | Val: 0.8375 | Test: 0.8431 | Best Test: 0.8431
Epoch 0237 | Loss: 0.0054 | Val: 0.8375 | Test: 0.8431 | Best Test: 0.8431
Epoch 0238 | Loss: 0.0039 | Val: 0.8375 | Test: 0.8431 | Best Test: 0.8431
Epoch 0239 | Loss: 0.0073 | Val: 0.8375 | Test: 0.8431 | Best Test: 0.8431
Epoch 0240 | Loss: 0.0070 | Val: 0.8375 | Test: 0.8431 | Best Test: 0.8431
Epoch 0241 | Loss: 0.0086 | Val: 0.8375 | Test: 0.8431 | Best Test: 0.8431
Epoch 0242 | Loss: 0.0082 | Val: 0.8375 | Test: 0.8431 | Best Test: 0.8431
Epoch 0243 | Loss: 0.0032 | Val: 0.8375 | Test: 0.8431 | Best Test: 0.8431
Epoch 0244 | Loss: 0.0035 | Val: 0.8375 | Test: 0.8431 | Best Test: 0.8431
Epoch 0245 | Loss: 0.0053 | Val: 0.8375 | Test: 0.8431 | Best Test: 0.8431
Epoch 0246 | Loss: 0.0018 | Val: 0.8375 | Test: 0.8431 | Best Test: 0.8431
Epoch 0247 | Loss: 0.0043 | Val: 0.8375 | Test: 0.8431 | Best Test: 0.8431
Epoch 0248 | Loss: 0.0061 | Val: 0.8375 | Test: 0.8431 | Best Test: 0.8431
Epoch 0249 | Loss: 0.0067 | Val: 0.8375 | Test: 0.8431 | Best Test: 0.8431
Epoch 0250 | Loss: 0.0062 | Val: 0.8375 | Test: 0.8431 | Best Test: 0.8431
Epoch 0251 | Loss: 0.0048 | Val: 0.8375 | Test: 0.8431 | Best Test: 0.8431
Epoch 0252 | Loss: 0.0047 | Val: 0.8375 | Test: 0.8431 | Best Test: 0.8431
Epoch 0253 | Loss: 0.0040 | Val: 0.8375 | Test: 0.8431 | Best Test: 0.8431
Epoch 0254 | Loss: 0.0057 | Val: 0.8375 | Test: 0.8431 | Best Test: 0.8431
Epoch 0255 | Loss: 0.0045 | Val: 0.8375 | Test: 0.8431 | Best Test: 0.8431
Epoch 0256 | Loss: 0.0058 | Val: 0.8375 | Test: 0.8431 | Best Test: 0.8431
Epoch 0257 | Loss: 0.0042 | Val: 0.8375 | Test: 0.8431 | Best Test: 0.8431
Epoch 0258 | Loss: 0.0036 | Val: 0.8375 | Test: 0.8431 | Best Test: 0.8431
Epoch 0259 | Loss: 0.0030 | Val: 0.8375 | Test: 0.8431 | Best Test: 0.8431
Epoch 0260 | Loss: 0.0046 | Val: 0.8375 | Test: 0.8431 | Best Test: 0.8431
Epoch 0261 | Loss: 0.0074 | Val: 0.8375 | Test: 0.8431 | Best Test: 0.8431
Epoch 0262 | Loss: 0.0041 | Val: 0.8375 | Test: 0.8431 | Best Test: 0.8431
Epoch 0263 | Loss: 0.0050 | Val: 0.8375 | Test: 0.8431 | Best Test: 0.8431
Epoch 0264 | Loss: 0.0030 | Val: 0.8375 | Test: 0.8431 | Best Test: 0.8431
Epoch 0265 | Loss: 0.0085 | Val: 0.8375 | Test: 0.8431 | Best Test: 0.8431
Epoch 0266 | Loss: 0.0079 | Val: 0.8375 | Test: 0.8431 | Best Test: 0.8431
Epoch 0267 | Loss: 0.0044 | Val: 0.8375 | Test: 0.8431 | Best Test: 0.8431
Epoch 0268 | Loss: 0.0036 | Val: 0.8375 | Test: 0.8431 | Best Test: 0.8431
Epoch 0269 | Loss: 0.0058 | Val: 0.8375 | Test: 0.8431 | Best Test: 0.8431
Epoch 0270 | Loss: 0.0034 | Val: 0.8375 | Test: 0.8431 | Best Test: 0.8431
Epoch 0271 | Loss: 0.0057 | Val: 0.8375 | Test: 0.8431 | Best Test: 0.8431
Epoch 0272 | Loss: 0.0057 | Val: 0.8375 | Test: 0.8431 | Best Test: 0.8431
Epoch 0273 | Loss: 0.0037 | Val: 0.8375 | Test: 0.8431 | Best Test: 0.8431
Epoch 0274 | Loss: 0.0050 | Val: 0.8375 | Test: 0.8431 | Best Test: 0.8431
Epoch 0275 | Loss: 0.0033 | Val: 0.8375 | Test: 0.8431 | Best Test: 0.8431
Epoch 0276 | Loss: 0.0046 | Val: 0.8375 | Test: 0.8431 | Best Test: 0.8431
Epoch 0277 | Loss: 0.0031 | Val: 0.8375 | Test: 0.8431 | Best Test: 0.8431
Epoch 0278 | Loss: 0.0034 | Val: 0.8375 | Test: 0.8431 | Best Test: 0.8431
Epoch 0279 | Loss: 0.0032 | Val: 0.8375 | Test: 0.8431 | Best Test: 0.8431
Epoch 0280 | Loss: 0.0062 | Val: 0.8375 | Test: 0.8431 | Best Test: 0.8431
Epoch 0281 | Loss: 0.0071 | Val: 0.8375 | Test: 0.8431 | Best Test: 0.8431
Epoch 0282 | Loss: 0.0066 | Val: 0.8375 | Test: 0.8431 | Best Test: 0.8431
Epoch 0283 | Loss: 0.0048 | Val: 0.8375 | Test: 0.8431 | Best Test: 0.8431
Epoch 0284 | Loss: 0.0073 | Val: 0.8375 | Test: 0.8431 | Best Test: 0.8431
Epoch 0285 | Loss: 0.0049 | Val: 0.8375 | Test: 0.8431 | Best Test: 0.8431
Epoch 0286 | Loss: 0.0021 | Val: 0.8375 | Test: 0.8431 | Best Test: 0.8431
Epoch 0287 | Loss: 0.0053 | Val: 0.8375 | Test: 0.8431 | Best Test: 0.8431
Epoch 0288 | Loss: 0.0043 | Val: 0.8375 | Test: 0.8431 | Best Test: 0.8431
Epoch 0289 | Loss: 0.0054 | Val: 0.8375 | Test: 0.8431 | Best Test: 0.8431
Epoch 0290 | Loss: 0.0033 | Val: 0.8375 | Test: 0.8431 | Best Test: 0.8431
Epoch 0291 | Loss: 0.0073 | Val: 0.8375 | Test: 0.8431 | Best Test: 0.8431
Epoch 0292 | Loss: 0.0046 | Val: 0.8375 | Test: 0.8431 | Best Test: 0.8431
Epoch 0293 | Loss: 0.0042 | Val: 0.8375 | Test: 0.8431 | Best Test: 0.8431
Epoch 0294 | Loss: 0.0037 | Val: 0.8375 | Test: 0.8431 | Best Test: 0.8431
Epoch 0295 | Loss: 0.0069 | Val: 0.8375 | Test: 0.8431 | Best Test: 0.8431
Epoch 0296 | Loss: 0.0026 | Val: 0.8375 | Test: 0.8431 | Best Test: 0.8431
Epoch 0297 | Loss: 0.0022 | Val: 0.8375 | Test: 0.8431 | Best Test: 0.8431
Epoch 0298 | Loss: 0.0035 | Val: 0.8375 | Test: 0.8431 | Best Test: 0.8431
Epoch 0299 | Loss: 0.0040 | Val: 0.8375 | Test: 0.8431 | Best Test: 0.8431
Epoch 0300 | Loss: 0.0063 | Val: 0.8375 | Test: 0.8431 | Best Test: 0.8431
Epoch 0301 | Loss: 0.0197 | Val: 0.8375 | Test: 0.8431 | Best Test: 0.8431
Epoch 0302 | Loss: 0.0177 | Val: 0.8375 | Test: 0.8431 | Best Test: 0.8431
Epoch 0303 | Loss: 0.0157 | Val: 0.8375 | Test: 0.8431 | Best Test: 0.8431
Epoch 0304 | Loss: 0.0178 | Val: 0.8375 | Test: 0.8431 | Best Test: 0.8431
Epoch 0305 | Loss: 0.0179 | Val: 0.8375 | Test: 0.8431 | Best Test: 0.8431
Epoch 0306 | Loss: 0.0154 | Val: 0.8375 | Test: 0.8431 | Best Test: 0.8431
Epoch 0307 | Loss: 0.0179 | Val: 0.8375 | Test: 0.8431 | Best Test: 0.8431
Epoch 0308 | Loss: 0.0171 | Val: 0.8375 | Test: 0.8431 | Best Test: 0.8431
Epoch 0309 | Loss: 0.0166 | Val: 0.8375 | Test: 0.8431 | Best Test: 0.8431
Epoch 0310 | Loss: 0.0160 | Val: 0.8375 | Test: 0.8431 | Best Test: 0.8431
Epoch 0311 | Loss: 0.0192 | Val: 0.8375 | Test: 0.8431 | Best Test: 0.8431
Epoch 0312 | Loss: 0.0183 | Val: 0.8375 | Test: 0.8431 | Best Test: 0.8431
Epoch 0313 | Loss: 0.0204 | Val: 0.8375 | Test: 0.8431 | Best Test: 0.8431
Epoch 0314 | Loss: 0.0203 | Val: 0.8375 | Test: 0.8431 | Best Test: 0.8431
Epoch 0315 | Loss: 0.0169 | Val: 0.8375 | Test: 0.8431 | Best Test: 0.8431
Epoch 0316 | Loss: 0.0193 | Val: 0.8375 | Test: 0.8431 | Best Test: 0.8431
Epoch 0317 | Loss: 0.0177 | Val: 0.8375 | Test: 0.8431 | Best Test: 0.8431
Epoch 0318 | Loss: 0.0175 | Val: 0.8375 | Test: 0.8431 | Best Test: 0.8431
Epoch 0319 | Loss: 0.0166 | Val: 0.8375 | Test: 0.8431 | Best Test: 0.8431
Epoch 0320 | Loss: 0.0189 | Val: 0.8375 | Test: 0.8431 | Best Test: 0.8431
Epoch 0321 | Loss: 0.0174 | Val: 0.8375 | Test: 0.8431 | Best Test: 0.8431
Epoch 0322 | Loss: 0.0216 | Val: 0.8375 | Test: 0.8431 | Best Test: 0.8431
Epoch 0323 | Loss: 0.0168 | Val: 0.8375 | Test: 0.8431 | Best Test: 0.8431
Epoch 0324 | Loss: 0.0206 | Val: 0.8375 | Test: 0.8431 | Best Test: 0.8431
Epoch 0325 | Loss: 0.0166 | Val: 0.8375 | Test: 0.8431 | Best Test: 0.8431
Epoch 0326 | Loss: 0.0173 | Val: 0.8375 | Test: 0.8431 | Best Test: 0.8431
Epoch 0327 | Loss: 0.0173 | Val: 0.8375 | Test: 0.8431 | Best Test: 0.8431
Epoch 0328 | Loss: 0.0175 | Val: 0.8375 | Test: 0.8431 | Best Test: 0.8431
Epoch 0329 | Loss: 0.0160 | Val: 0.8375 | Test: 0.8431 | Best Test: 0.8431
Epoch 0330 | Loss: 0.0166 | Val: 0.8375 | Test: 0.8431 | Best Test: 0.8431
Epoch 0331 | Loss: 0.0172 | Val: 0.8375 | Test: 0.8431 | Best Test: 0.8431
Epoch 0332 | Loss: 0.0188 | Val: 0.8375 | Test: 0.8431 | Best Test: 0.8431
Epoch 0333 | Loss: 0.0171 | Val: 0.8375 | Test: 0.8431 | Best Test: 0.8431
Epoch 0334 | Loss: 0.0158 | Val: 0.8375 | Test: 0.8431 | Best Test: 0.8431
Epoch 0335 | Loss: 0.0178 | Val: 0.8375 | Test: 0.8431 | Best Test: 0.8431
Epoch 0336 | Loss: 0.0164 | Val: 0.8375 | Test: 0.8431 | Best Test: 0.8431
Epoch 0337 | Loss: 0.0171 | Val: 0.8375 | Test: 0.8431 | Best Test: 0.8431
Epoch 0338 | Loss: 0.0187 | Val: 0.8375 | Test: 0.8431 | Best Test: 0.8431
Epoch 0339 | Loss: 0.0210 | Val: 0.8375 | Test: 0.8431 | Best Test: 0.8431
Epoch 0340 | Loss: 0.0170 | Val: 0.8375 | Test: 0.8431 | Best Test: 0.8431
Epoch 0341 | Loss: 0.0156 | Val: 0.8375 | Test: 0.8431 | Best Test: 0.8431
Epoch 0342 | Loss: 0.0182 | Val: 0.8375 | Test: 0.8431 | Best Test: 0.8431
Epoch 0343 | Loss: 0.0157 | Val: 0.8375 | Test: 0.8431 | Best Test: 0.8431
Epoch 0344 | Loss: 0.0189 | Val: 0.8375 | Test: 0.8431 | Best Test: 0.8431
Epoch 0345 | Loss: 0.0185 | Val: 0.8375 | Test: 0.8431 | Best Test: 0.8431
Epoch 0346 | Loss: 0.0164 | Val: 0.8375 | Test: 0.8431 | Best Test: 0.8431
Epoch 0347 | Loss: 0.0185 | Val: 0.8375 | Test: 0.8431 | Best Test: 0.8431
Epoch 0348 | Loss: 0.0167 | Val: 0.8375 | Test: 0.8431 | Best Test: 0.8431
Epoch 0349 | Loss: 0.0155 | Val: 0.8375 | Test: 0.8431 | Best Test: 0.8431
Epoch 0350 | Loss: 0.0195 | Val: 0.8375 | Test: 0.8431 | Best Test: 0.8431
Epoch 0351 | Loss: 0.0176 | Val: 0.8375 | Test: 0.8431 | Best Test: 0.8431
Epoch 0352 | Loss: 0.0212 | Val: 0.8375 | Test: 0.8431 | Best Test: 0.8431
Epoch 0353 | Loss: 0.0193 | Val: 0.8375 | Test: 0.8431 | Best Test: 0.8431
Epoch 0354 | Loss: 0.0173 | Val: 0.8375 | Test: 0.8431 | Best Test: 0.8431
Epoch 0355 | Loss: 0.0198 | Val: 0.8375 | Test: 0.8431 | Best Test: 0.8431
Epoch 0356 | Loss: 0.0170 | Val: 0.8375 | Test: 0.8431 | Best Test: 0.8431
Epoch 0357 | Loss: 0.0163 | Val: 0.8375 | Test: 0.8431 | Best Test: 0.8431
Epoch 0358 | Loss: 0.0220 | Val: 0.8375 | Test: 0.8431 | Best Test: 0.8431
Epoch 0359 | Loss: 0.0178 | Val: 0.8375 | Test: 0.8431 | Best Test: 0.8431
Epoch 0360 | Loss: 0.0162 | Val: 0.8375 | Test: 0.8431 | Best Test: 0.8431
Epoch 0361 | Loss: 0.0187 | Val: 0.8375 | Test: 0.8431 | Best Test: 0.8431
Epoch 0362 | Loss: 0.0183 | Val: 0.8375 | Test: 0.8431 | Best Test: 0.8431
Epoch 0363 | Loss: 0.0157 | Val: 0.8375 | Test: 0.8431 | Best Test: 0.8431
Epoch 0364 | Loss: 0.0167 | Val: 0.8375 | Test: 0.8431 | Best Test: 0.8431
Epoch 0365 | Loss: 0.0169 | Val: 0.8375 | Test: 0.8431 | Best Test: 0.8431
Epoch 0366 | Loss: 0.0169 | Val: 0.8375 | Test: 0.8431 | Best Test: 0.8431
Epoch 0367 | Loss: 0.0181 | Val: 0.8375 | Test: 0.8431 | Best Test: 0.8431
Epoch 0368 | Loss: 0.0183 | Val: 0.8375 | Test: 0.8431 | Best Test: 0.8431
Epoch 0369 | Loss: 0.0171 | Val: 0.8375 | Test: 0.8431 | Best Test: 0.8431
Epoch 0370 | Loss: 0.0164 | Val: 0.8375 | Test: 0.8431 | Best Test: 0.8431
Epoch 0371 | Loss: 0.0170 | Val: 0.8375 | Test: 0.8431 | Best Test: 0.8431
Epoch 0372 | Loss: 0.0189 | Val: 0.8375 | Test: 0.8431 | Best Test: 0.8431
Epoch 0373 | Loss: 0.0160 | Val: 0.8375 | Test: 0.8431 | Best Test: 0.8431
Epoch 0374 | Loss: 0.0173 | Val: 0.8375 | Test: 0.8431 | Best Test: 0.8431
Epoch 0375 | Loss: 0.0185 | Val: 0.8375 | Test: 0.8431 | Best Test: 0.8431
Epoch 0376 | Loss: 0.0174 | Val: 0.8375 | Test: 0.8431 | Best Test: 0.8431
Epoch 0377 | Loss: 0.0176 | Val: 0.8375 | Test: 0.8431 | Best Test: 0.8431
Epoch 0378 | Loss: 0.0171 | Val: 0.8375 | Test: 0.8431 | Best Test: 0.8431
Epoch 0379 | Loss: 0.0154 | Val: 0.8375 | Test: 0.8431 | Best Test: 0.8431
Epoch 0380 | Loss: 0.0186 | Val: 0.8375 | Test: 0.8431 | Best Test: 0.8431
Epoch 0381 | Loss: 0.0159 | Val: 0.8375 | Test: 0.8431 | Best Test: 0.8431
Epoch 0382 | Loss: 0.0177 | Val: 0.8375 | Test: 0.8431 | Best Test: 0.8431
Epoch 0383 | Loss: 0.0176 | Val: 0.8375 | Test: 0.8431 | Best Test: 0.8431
Epoch 0384 | Loss: 0.0168 | Val: 0.8375 | Test: 0.8431 | Best Test: 0.8431
Epoch 0385 | Loss: 0.0176 | Val: 0.8375 | Test: 0.8431 | Best Test: 0.8431
Epoch 0386 | Loss: 0.0173 | Val: 0.8375 | Test: 0.8431 | Best Test: 0.8431
Epoch 0387 | Loss: 0.0175 | Val: 0.8375 | Test: 0.8431 | Best Test: 0.8431
Epoch 0388 | Loss: 0.0167 | Val: 0.8375 | Test: 0.8431 | Best Test: 0.8431
Epoch 0389 | Loss: 0.0188 | Val: 0.8375 | Test: 0.8431 | Best Test: 0.8431
Epoch 0390 | Loss: 0.0167 | Val: 0.8375 | Test: 0.8431 | Best Test: 0.8431
Epoch 0391 | Loss: 0.0166 | Val: 0.8375 | Test: 0.8431 | Best Test: 0.8431
Epoch 0392 | Loss: 0.0166 | Val: 0.8375 | Test: 0.8431 | Best Test: 0.8431
Epoch 0393 | Loss: 0.0160 | Val: 0.8375 | Test: 0.8431 | Best Test: 0.8431
Epoch 0394 | Loss: 0.0185 | Val: 0.8375 | Test: 0.8431 | Best Test: 0.8431
Epoch 0395 | Loss: 0.0174 | Val: 0.8375 | Test: 0.8431 | Best Test: 0.8431
Epoch 0396 | Loss: 0.0164 | Val: 0.8375 | Test: 0.8431 | Best Test: 0.8431
Epoch 0397 | Loss: 0.0191 | Val: 0.8375 | Test: 0.8431 | Best Test: 0.8431
Epoch 0398 | Loss: 0.0163 | Val: 0.8375 | Test: 0.8431 | Best Test: 0.8431
Epoch 0399 | Loss: 0.0163 | Val: 0.8375 | Test: 0.8431 | Best Test: 0.8431
Epoch 0400 | Loss: 0.0163 | Val: 0.8375 | Test: 0.8431 | Best Test: 0.8431
Epoch 0401 | Loss: 0.0169 | Val: 0.8375 | Test: 0.8431 | Best Test: 0.8431
Epoch 0402 | Loss: 0.0170 | Val: 0.8375 | Test: 0.8431 | Best Test: 0.8431
Epoch 0403 | Loss: 0.0161 | Val: 0.8375 | Test: 0.8431 | Best Test: 0.8431
Epoch 0404 | Loss: 0.0202 | Val: 0.8375 | Test: 0.8431 | Best Test: 0.8431
Epoch 0405 | Loss: 0.0201 | Val: 0.8375 | Test: 0.8431 | Best Test: 0.8431
Epoch 0406 | Loss: 0.0169 | Val: 0.8375 | Test: 0.8431 | Best Test: 0.8431
Epoch 0407 | Loss: 0.0168 | Val: 0.8375 | Test: 0.8431 | Best Test: 0.8431
Epoch 0408 | Loss: 0.0179 | Val: 0.8375 | Test: 0.8431 | Best Test: 0.8431
Epoch 0409 | Loss: 0.0158 | Val: 0.8375 | Test: 0.8431 | Best Test: 0.8431
Epoch 0410 | Loss: 0.0165 | Val: 0.8375 | Test: 0.8431 | Best Test: 0.8431
Epoch 0411 | Loss: 0.0157 | Val: 0.8375 | Test: 0.8431 | Best Test: 0.8431
Epoch 0412 | Loss: 0.0176 | Val: 0.8375 | Test: 0.8431 | Best Test: 0.8431
Epoch 0413 | Loss: 0.0158 | Val: 0.8375 | Test: 0.8431 | Best Test: 0.8431
Epoch 0414 | Loss: 0.0182 | Val: 0.8375 | Test: 0.8431 | Best Test: 0.8431
Epoch 0415 | Loss: 0.0184 | Val: 0.8375 | Test: 0.8431 | Best Test: 0.8431
Epoch 0416 | Loss: 0.0174 | Val: 0.8375 | Test: 0.8431 | Best Test: 0.8431
Epoch 0417 | Loss: 0.0180 | Val: 0.8375 | Test: 0.8431 | Best Test: 0.8431
Epoch 0418 | Loss: 0.0172 | Val: 0.8375 | Test: 0.8431 | Best Test: 0.8431
Epoch 0419 | Loss: 0.0161 | Val: 0.8375 | Test: 0.8431 | Best Test: 0.8431
Epoch 0420 | Loss: 0.0177 | Val: 0.8375 | Test: 0.8431 | Best Test: 0.8431
Epoch 0421 | Loss: 0.0187 | Val: 0.8375 | Test: 0.8431 | Best Test: 0.8431
Epoch 0422 | Loss: 0.0170 | Val: 0.8375 | Test: 0.8431 | Best Test: 0.8431
Epoch 0423 | Loss: 0.0176 | Val: 0.8375 | Test: 0.8431 | Best Test: 0.8431
Epoch 0424 | Loss: 0.0204 | Val: 0.8375 | Test: 0.8431 | Best Test: 0.8431
Epoch 0425 | Loss: 0.0185 | Val: 0.8375 | Test: 0.8431 | Best Test: 0.8431
Epoch 0426 | Loss: 0.0170 | Val: 0.8375 | Test: 0.8431 | Best Test: 0.8431
Epoch 0427 | Loss: 0.0218 | Val: 0.8375 | Test: 0.8431 | Best Test: 0.8431
Epoch 0428 | Loss: 0.0212 | Val: 0.8375 | Test: 0.8431 | Best Test: 0.8431
Epoch 0429 | Loss: 0.0166 | Val: 0.8375 | Test: 0.8431 | Best Test: 0.8431
Epoch 0430 | Loss: 0.0215 | Val: 0.8375 | Test: 0.8431 | Best Test: 0.8431
Epoch 0431 | Loss: 0.0212 | Val: 0.8375 | Test: 0.8431 | Best Test: 0.8431
Epoch 0432 | Loss: 0.0168 | Val: 0.8375 | Test: 0.8431 | Best Test: 0.8431
Epoch 0433 | Loss: 0.0178 | Val: 0.8375 | Test: 0.8431 | Best Test: 0.8431
Epoch 0434 | Loss: 0.0184 | Val: 0.8375 | Test: 0.8431 | Best Test: 0.8431
Epoch 0435 | Loss: 0.0166 | Val: 0.8375 | Test: 0.8431 | Best Test: 0.8431
Epoch 0436 | Loss: 0.0177 | Val: 0.8375 | Test: 0.8431 | Best Test: 0.8431
Epoch 0437 | Loss: 0.0163 | Val: 0.8375 | Test: 0.8431 | Best Test: 0.8431
Epoch 0438 | Loss: 0.0192 | Val: 0.8375 | Test: 0.8431 | Best Test: 0.8431
Epoch 0439 | Loss: 0.0153 | Val: 0.8375 | Test: 0.8431 | Best Test: 0.8431
Epoch 0440 | Loss: 0.0170 | Val: 0.8375 | Test: 0.8431 | Best Test: 0.8431
Epoch 0441 | Loss: 0.0190 | Val: 0.8375 | Test: 0.8431 | Best Test: 0.8431
Epoch 0442 | Loss: 0.0182 | Val: 0.8375 | Test: 0.8431 | Best Test: 0.8431
Epoch 0443 | Loss: 0.0173 | Val: 0.8375 | Test: 0.8431 | Best Test: 0.8431
Epoch 0444 | Loss: 0.0165 | Val: 0.8375 | Test: 0.8431 | Best Test: 0.8431
Epoch 0445 | Loss: 0.0176 | Val: 0.8375 | Test: 0.8431 | Best Test: 0.8431
Epoch 0446 | Loss: 0.0188 | Val: 0.8375 | Test: 0.8431 | Best Test: 0.8431
Epoch 0447 | Loss: 0.0168 | Val: 0.8375 | Test: 0.8431 | Best Test: 0.8431
Epoch 0448 | Loss: 0.0199 | Val: 0.8375 | Test: 0.8431 | Best Test: 0.8431
Epoch 0449 | Loss: 0.0194 | Val: 0.8375 | Test: 0.8431 | Best Test: 0.8431
Epoch 0450 | Loss: 0.0186 | Val: 0.8375 | Test: 0.8431 | Best Test: 0.8431
Epoch 0451 | Loss: 0.0171 | Val: 0.8375 | Test: 0.8431 | Best Test: 0.8431
Epoch 0452 | Loss: 0.0154 | Val: 0.8375 | Test: 0.8431 | Best Test: 0.8431
Epoch 0453 | Loss: 0.0212 | Val: 0.8375 | Test: 0.8431 | Best Test: 0.8431
Epoch 0454 | Loss: 0.0170 | Val: 0.8375 | Test: 0.8431 | Best Test: 0.8431
Epoch 0455 | Loss: 0.0163 | Val: 0.8375 | Test: 0.8431 | Best Test: 0.8431
Epoch 0456 | Loss: 0.0208 | Val: 0.8375 | Test: 0.8431 | Best Test: 0.8431
Epoch 0457 | Loss: 0.0168 | Val: 0.8375 | Test: 0.8431 | Best Test: 0.8431
Epoch 0458 | Loss: 0.0179 | Val: 0.8375 | Test: 0.8431 | Best Test: 0.8431
Epoch 0459 | Loss: 0.0155 | Val: 0.8375 | Test: 0.8431 | Best Test: 0.8431
Epoch 0460 | Loss: 0.0178 | Val: 0.8375 | Test: 0.8431 | Best Test: 0.8431
Epoch 0461 | Loss: 0.0164 | Val: 0.8375 | Test: 0.8431 | Best Test: 0.8431
Epoch 0462 | Loss: 0.0220 | Val: 0.8375 | Test: 0.8431 | Best Test: 0.8431
Epoch 0463 | Loss: 0.0200 | Val: 0.8375 | Test: 0.8431 | Best Test: 0.8431
Epoch 0464 | Loss: 0.0163 | Val: 0.8375 | Test: 0.8431 | Best Test: 0.8431
Epoch 0465 | Loss: 0.0174 | Val: 0.8375 | Test: 0.8431 | Best Test: 0.8431
Epoch 0466 | Loss: 0.0165 | Val: 0.8375 | Test: 0.8431 | Best Test: 0.8431
Epoch 0467 | Loss: 0.0166 | Val: 0.8375 | Test: 0.8431 | Best Test: 0.8431
Epoch 0468 | Loss: 0.0172 | Val: 0.8375 | Test: 0.8431 | Best Test: 0.8431
Epoch 0469 | Loss: 0.0222 | Val: 0.8375 | Test: 0.8431 | Best Test: 0.8431
Epoch 0470 | Loss: 0.0172 | Val: 0.8375 | Test: 0.8431 | Best Test: 0.8431
Epoch 0471 | Loss: 0.0160 | Val: 0.8375 | Test: 0.8431 | Best Test: 0.8431
Epoch 0472 | Loss: 0.0156 | Val: 0.8375 | Test: 0.8431 | Best Test: 0.8431
Epoch 0473 | Loss: 0.0155 | Val: 0.8375 | Test: 0.8431 | Best Test: 0.8431
Epoch 0474 | Loss: 0.0180 | Val: 0.8375 | Test: 0.8431 | Best Test: 0.8431
Epoch 0475 | Loss: 0.0169 | Val: 0.8375 | Test: 0.8431 | Best Test: 0.8431
Epoch 0476 | Loss: 0.0174 | Val: 0.8375 | Test: 0.8431 | Best Test: 0.8431
Epoch 0477 | Loss: 0.0184 | Val: 0.8375 | Test: 0.8431 | Best Test: 0.8431
Epoch 0478 | Loss: 0.0203 | Val: 0.8375 | Test: 0.8431 | Best Test: 0.8431
Epoch 0479 | Loss: 0.0170 | Val: 0.8375 | Test: 0.8431 | Best Test: 0.8431
Epoch 0480 | Loss: 0.0182 | Val: 0.8375 | Test: 0.8431 | Best Test: 0.8431
Epoch 0481 | Loss: 0.0164 | Val: 0.8375 | Test: 0.8431 | Best Test: 0.8431
Epoch 0482 | Loss: 0.0157 | Val: 0.8375 | Test: 0.8431 | Best Test: 0.8431
Epoch 0483 | Loss: 0.0171 | Val: 0.8375 | Test: 0.8431 | Best Test: 0.8431
Epoch 0484 | Loss: 0.0167 | Val: 0.8375 | Test: 0.8431 | Best Test: 0.8431
Epoch 0485 | Loss: 0.0179 | Val: 0.8375 | Test: 0.8431 | Best Test: 0.8431
Epoch 0486 | Loss: 0.0178 | Val: 0.8375 | Test: 0.8431 | Best Test: 0.8431
Epoch 0487 | Loss: 0.0161 | Val: 0.8375 | Test: 0.8431 | Best Test: 0.8431
Epoch 0488 | Loss: 0.0171 | Val: 0.8375 | Test: 0.8431 | Best Test: 0.8431
Epoch 0489 | Loss: 0.0204 | Val: 0.8375 | Test: 0.8431 | Best Test: 0.8431
Epoch 0490 | Loss: 0.0168 | Val: 0.8375 | Test: 0.8431 | Best Test: 0.8431
Epoch 0491 | Loss: 0.0174 | Val: 0.8375 | Test: 0.8431 | Best Test: 0.8431
Epoch 0492 | Loss: 0.0164 | Val: 0.8375 | Test: 0.8431 | Best Test: 0.8431
Epoch 0493 | Loss: 0.0176 | Val: 0.8375 | Test: 0.8431 | Best Test: 0.8431
Epoch 0494 | Loss: 0.0233 | Val: 0.8375 | Test: 0.8431 | Best Test: 0.8431
Epoch 0495 | Loss: 0.0166 | Val: 0.8375 | Test: 0.8431 | Best Test: 0.8431
Epoch 0496 | Loss: 0.0174 | Val: 0.8375 | Test: 0.8431 | Best Test: 0.8431
Epoch 0497 | Loss: 0.0173 | Val: 0.8375 | Test: 0.8431 | Best Test: 0.8431
Epoch 0498 | Loss: 0.0178 | Val: 0.8375 | Test: 0.8431 | Best Test: 0.8431
Epoch 0499 | Loss: 0.0175 | Val: 0.8375 | Test: 0.8431 | Best Test: 0.8431
Epoch 0500 | Loss: 0.0159 | Val: 0.8375 | Test: 0.8431 | Best Test: 0.8431
Epoch 0501 | Loss: 0.0161 | Val: 0.8375 | Test: 0.8431 | Best Test: 0.8431
Epoch 0502 | Loss: 0.0179 | Val: 0.8375 | Test: 0.8431 | Best Test: 0.8431
Epoch 0503 | Loss: 0.0197 | Val: 0.8375 | Test: 0.8431 | Best Test: 0.8431
Epoch 0504 | Loss: 0.0158 | Val: 0.8375 | Test: 0.8431 | Best Test: 0.8431
Epoch 0505 | Loss: 0.0169 | Val: 0.8375 | Test: 0.8431 | Best Test: 0.8431
Epoch 0506 | Loss: 0.0157 | Val: 0.8375 | Test: 0.8431 | Best Test: 0.8431
Epoch 0507 | Loss: 0.0211 | Val: 0.8375 | Test: 0.8431 | Best Test: 0.8431
Epoch 0508 | Loss: 0.0163 | Val: 0.8375 | Test: 0.8431 | Best Test: 0.8431
Epoch 0509 | Loss: 0.0198 | Val: 0.8375 | Test: 0.8431 | Best Test: 0.8431
Epoch 0510 | Loss: 0.0167 | Val: 0.8375 | Test: 0.8431 | Best Test: 0.8431
Epoch 0511 | Loss: 0.0173 | Val: 0.8375 | Test: 0.8431 | Best Test: 0.8431
Epoch 0512 | Loss: 0.0157 | Val: 0.8375 | Test: 0.8431 | Best Test: 0.8431
Epoch 0513 | Loss: 0.0191 | Val: 0.8375 | Test: 0.8431 | Best Test: 0.8431
Epoch 0514 | Loss: 0.0168 | Val: 0.8375 | Test: 0.8431 | Best Test: 0.8431
Epoch 0515 | Loss: 0.0177 | Val: 0.8375 | Test: 0.8431 | Best Test: 0.8431
Epoch 0516 | Loss: 0.0173 | Val: 0.8375 | Test: 0.8431 | Best Test: 0.8431
Epoch 0517 | Loss: 0.0167 | Val: 0.8375 | Test: 0.8431 | Best Test: 0.8431
Epoch 0518 | Loss: 0.0161 | Val: 0.8375 | Test: 0.8431 | Best Test: 0.8431
Epoch 0519 | Loss: 0.0162 | Val: 0.8375 | Test: 0.8431 | Best Test: 0.8431
Epoch 0520 | Loss: 0.0155 | Val: 0.8375 | Test: 0.8431 | Best Test: 0.8431
Epoch 0521 | Loss: 0.0191 | Val: 0.8375 | Test: 0.8431 | Best Test: 0.8431
Epoch 0522 | Loss: 0.0172 | Val: 0.8375 | Test: 0.8431 | Best Test: 0.8431
Epoch 0523 | Loss: 0.0185 | Val: 0.8375 | Test: 0.8431 | Best Test: 0.8431
Epoch 0524 | Loss: 0.0170 | Val: 0.8375 | Test: 0.8431 | Best Test: 0.8431
Epoch 0525 | Loss: 0.0155 | Val: 0.8375 | Test: 0.8431 | Best Test: 0.8431
Epoch 0526 | Loss: 0.0199 | Val: 0.8375 | Test: 0.8431 | Best Test: 0.8431
Epoch 0527 | Loss: 0.0185 | Val: 0.8375 | Test: 0.8431 | Best Test: 0.8431
Epoch 0528 | Loss: 0.0162 | Val: 0.8375 | Test: 0.8431 | Best Test: 0.8431
Epoch 0529 | Loss: 0.0187 | Val: 0.8375 | Test: 0.8431 | Best Test: 0.8431
Epoch 0530 | Loss: 0.0175 | Val: 0.8375 | Test: 0.8431 | Best Test: 0.8431
Epoch 0531 | Loss: 0.0158 | Val: 0.8375 | Test: 0.8431 | Best Test: 0.8431
Epoch 0532 | Loss: 0.0207 | Val: 0.8375 | Test: 0.8431 | Best Test: 0.8431
Epoch 0533 | Loss: 0.0186 | Val: 0.8375 | Test: 0.8431 | Best Test: 0.8431
Epoch 0534 | Loss: 0.0155 | Val: 0.8375 | Test: 0.8431 | Best Test: 0.8431
Epoch 0535 | Loss: 0.0195 | Val: 0.8375 | Test: 0.8431 | Best Test: 0.8431
Epoch 0536 | Loss: 0.0167 | Val: 0.8375 | Test: 0.8431 | Best Test: 0.8431
Epoch 0537 | Loss: 0.0195 | Val: 0.8375 | Test: 0.8431 | Best Test: 0.8431
Epoch 0538 | Loss: 0.0165 | Val: 0.8375 | Test: 0.8431 | Best Test: 0.8431
Epoch 0539 | Loss: 0.0169 | Val: 0.8375 | Test: 0.8431 | Best Test: 0.8431
Epoch 0540 | Loss: 0.0156 | Val: 0.8375 | Test: 0.8431 | Best Test: 0.8431
Epoch 0541 | Loss: 0.0164 | Val: 0.8375 | Test: 0.8431 | Best Test: 0.8431
Epoch 0542 | Loss: 0.0178 | Val: 0.8375 | Test: 0.8431 | Best Test: 0.8431
Epoch 0543 | Loss: 0.0161 | Val: 0.8375 | Test: 0.8431 | Best Test: 0.8431
Epoch 0544 | Loss: 0.0178 | Val: 0.8375 | Test: 0.8431 | Best Test: 0.8431
Epoch 0545 | Loss: 0.0171 | Val: 0.8375 | Test: 0.8431 | Best Test: 0.8431
Epoch 0546 | Loss: 0.0176 | Val: 0.8375 | Test: 0.8431 | Best Test: 0.8431
Epoch 0547 | Loss: 0.0175 | Val: 0.8375 | Test: 0.8431 | Best Test: 0.8431
Epoch 0548 | Loss: 0.0181 | Val: 0.8375 | Test: 0.8431 | Best Test: 0.8431
Epoch 0549 | Loss: 0.0157 | Val: 0.8375 | Test: 0.8431 | Best Test: 0.8431
Epoch 0550 | Loss: 0.0176 | Val: 0.8375 | Test: 0.8431 | Best Test: 0.8431
Epoch 0551 | Loss: 0.0176 | Val: 0.8375 | Test: 0.8431 | Best Test: 0.8431
Epoch 0552 | Loss: 0.0197 | Val: 0.8375 | Test: 0.8431 | Best Test: 0.8431
Epoch 0553 | Loss: 0.0162 | Val: 0.8375 | Test: 0.8431 | Best Test: 0.8431
Epoch 0554 | Loss: 0.0179 | Val: 0.8375 | Test: 0.8431 | Best Test: 0.8431
Epoch 0555 | Loss: 0.0156 | Val: 0.8375 | Test: 0.8431 | Best Test: 0.8431
Epoch 0556 | Loss: 0.0177 | Val: 0.8375 | Test: 0.8431 | Best Test: 0.8431
Epoch 0557 | Loss: 0.0165 | Val: 0.8375 | Test: 0.8431 | Best Test: 0.8431
Epoch 0558 | Loss: 0.0173 | Val: 0.8375 | Test: 0.8431 | Best Test: 0.8431
Epoch 0559 | Loss: 0.0163 | Val: 0.8375 | Test: 0.8431 | Best Test: 0.8431
Epoch 0560 | Loss: 0.0161 | Val: 0.8375 | Test: 0.8431 | Best Test: 0.8431
Epoch 0561 | Loss: 0.0184 | Val: 0.8375 | Test: 0.8431 | Best Test: 0.8431
Epoch 0562 | Loss: 0.0161 | Val: 0.8375 | Test: 0.8431 | Best Test: 0.8431
Epoch 0563 | Loss: 0.0155 | Val: 0.8375 | Test: 0.8431 | Best Test: 0.8431
Epoch 0564 | Loss: 0.0180 | Val: 0.8375 | Test: 0.8431 | Best Test: 0.8431
Epoch 0565 | Loss: 0.0187 | Val: 0.8375 | Test: 0.8431 | Best Test: 0.8431
Epoch 0566 | Loss: 0.0172 | Val: 0.8375 | Test: 0.8431 | Best Test: 0.8431
Epoch 0567 | Loss: 0.0197 | Val: 0.8375 | Test: 0.8431 | Best Test: 0.8431
Epoch 0568 | Loss: 0.0180 | Val: 0.8375 | Test: 0.8431 | Best Test: 0.8431
Epoch 0569 | Loss: 0.0164 | Val: 0.8375 | Test: 0.8431 | Best Test: 0.8431
Epoch 0570 | Loss: 0.0204 | Val: 0.8375 | Test: 0.8431 | Best Test: 0.8431
Epoch 0571 | Loss: 0.0167 | Val: 0.8375 | Test: 0.8431 | Best Test: 0.8431
Epoch 0572 | Loss: 0.0167 | Val: 0.8375 | Test: 0.8431 | Best Test: 0.8431
Epoch 0573 | Loss: 0.0167 | Val: 0.8375 | Test: 0.8431 | Best Test: 0.8431
Epoch 0574 | Loss: 0.0178 | Val: 0.8375 | Test: 0.8431 | Best Test: 0.8431
Epoch 0575 | Loss: 0.0155 | Val: 0.8375 | Test: 0.8431 | Best Test: 0.8431
Epoch 0576 | Loss: 0.0158 | Val: 0.8375 | Test: 0.8431 | Best Test: 0.8431
Epoch 0577 | Loss: 0.0182 | Val: 0.8375 | Test: 0.8431 | Best Test: 0.8431
Epoch 0578 | Loss: 0.0195 | Val: 0.8375 | Test: 0.8431 | Best Test: 0.8431
Epoch 0579 | Loss: 0.0172 | Val: 0.8375 | Test: 0.8431 | Best Test: 0.8431
Epoch 0580 | Loss: 0.0245 | Val: 0.8375 | Test: 0.8431 | Best Test: 0.8431
Epoch 0581 | Loss: 0.0194 | Val: 0.8375 | Test: 0.8431 | Best Test: 0.8431
Epoch 0582 | Loss: 0.0168 | Val: 0.8375 | Test: 0.8431 | Best Test: 0.8431
Epoch 0583 | Loss: 0.0179 | Val: 0.8375 | Test: 0.8431 | Best Test: 0.8431
Epoch 0584 | Loss: 0.0175 | Val: 0.8375 | Test: 0.8431 | Best Test: 0.8431
Epoch 0585 | Loss: 0.0168 | Val: 0.8375 | Test: 0.8431 | Best Test: 0.8431
Epoch 0586 | Loss: 0.0163 | Val: 0.8375 | Test: 0.8431 | Best Test: 0.8431
Epoch 0587 | Loss: 0.0160 | Val: 0.8375 | Test: 0.8431 | Best Test: 0.8431
Epoch 0588 | Loss: 0.0187 | Val: 0.8375 | Test: 0.8431 | Best Test: 0.8431
Epoch 0589 | Loss: 0.0175 | Val: 0.8375 | Test: 0.8431 | Best Test: 0.8431
Epoch 0590 | Loss: 0.0184 | Val: 0.8375 | Test: 0.8431 | Best Test: 0.8431
Epoch 0591 | Loss: 0.0199 | Val: 0.8375 | Test: 0.8431 | Best Test: 0.8431
Epoch 0592 | Loss: 0.0169 | Val: 0.8375 | Test: 0.8431 | Best Test: 0.8431
Epoch 0593 | Loss: 0.0215 | Val: 0.8375 | Test: 0.8431 | Best Test: 0.8431
Epoch 0594 | Loss: 0.0183 | Val: 0.8375 | Test: 0.8431 | Best Test: 0.8431
Epoch 0595 | Loss: 0.0168 | Val: 0.8375 | Test: 0.8431 | Best Test: 0.8431
Epoch 0596 | Loss: 0.0166 | Val: 0.8375 | Test: 0.8431 | Best Test: 0.8431
Epoch 0597 | Loss: 0.0174 | Val: 0.8375 | Test: 0.8431 | Best Test: 0.8431
Epoch 0598 | Loss: 0.0192 | Val: 0.8375 | Test: 0.8431 | Best Test: 0.8431
Epoch 0599 | Loss: 0.0162 | Val: 0.8375 | Test: 0.8431 | Best Test: 0.8431
Epoch 0600 | Loss: 0.0172 | Val: 0.8375 | Test: 0.8431 | Best Test: 0.8431
Epoch 0601 | Loss: 0.0171 | Val: 0.8375 | Test: 0.8431 | Best Test: 0.8431
Epoch 0602 | Loss: 0.0186 | Val: 0.8375 | Test: 0.8431 | Best Test: 0.8431
Epoch 0603 | Loss: 0.0180 | Val: 0.8375 | Test: 0.8431 | Best Test: 0.8431
Epoch 0604 | Loss: 0.0170 | Val: 0.8375 | Test: 0.8431 | Best Test: 0.8431
Epoch 0605 | Loss: 0.0231 | Val: 0.8375 | Test: 0.8431 | Best Test: 0.8431
Epoch 0606 | Loss: 0.0159 | Val: 0.8375 | Test: 0.8431 | Best Test: 0.8431
Epoch 0607 | Loss: 0.0173 | Val: 0.8375 | Test: 0.8431 | Best Test: 0.8431
Epoch 0608 | Loss: 0.0159 | Val: 0.8375 | Test: 0.8431 | Best Test: 0.8431
Epoch 0609 | Loss: 0.0182 | Val: 0.8375 | Test: 0.8431 | Best Test: 0.8431
Epoch 0610 | Loss: 0.0181 | Val: 0.8375 | Test: 0.8431 | Best Test: 0.8431
Epoch 0611 | Loss: 0.0162 | Val: 0.8375 | Test: 0.8431 | Best Test: 0.8431
Epoch 0612 | Loss: 0.0176 | Val: 0.8375 | Test: 0.8431 | Best Test: 0.8431
Epoch 0613 | Loss: 0.0166 | Val: 0.8375 | Test: 0.8431 | Best Test: 0.8431
Epoch 0614 | Loss: 0.0164 | Val: 0.8375 | Test: 0.8431 | Best Test: 0.8431
Epoch 0615 | Loss: 0.0171 | Val: 0.8375 | Test: 0.8431 | Best Test: 0.8431
Epoch 0616 | Loss: 0.0190 | Val: 0.8375 | Test: 0.8431 | Best Test: 0.8431
Epoch 0617 | Loss: 0.0156 | Val: 0.8375 | Test: 0.8431 | Best Test: 0.8431
Epoch 0618 | Loss: 0.0175 | Val: 0.8375 | Test: 0.8431 | Best Test: 0.8431
Epoch 0619 | Loss: 0.0177 | Val: 0.8375 | Test: 0.8431 | Best Test: 0.8431
Epoch 0620 | Loss: 0.0220 | Val: 0.8375 | Test: 0.8431 | Best Test: 0.8431
Epoch 0621 | Loss: 0.0186 | Val: 0.8375 | Test: 0.8431 | Best Test: 0.8431
Epoch 0622 | Loss: 0.0152 | Val: 0.8375 | Test: 0.8431 | Best Test: 0.8431
Epoch 0623 | Loss: 0.0234 | Val: 0.8375 | Test: 0.8431 | Best Test: 0.8431
Epoch 0624 | Loss: 0.0179 | Val: 0.8375 | Test: 0.8431 | Best Test: 0.8431
Epoch 0625 | Loss: 0.0168 | Val: 0.8375 | Test: 0.8431 | Best Test: 0.8431
Epoch 0626 | Loss: 0.0180 | Val: 0.8375 | Test: 0.8431 | Best Test: 0.8431
Epoch 0627 | Loss: 0.0175 | Val: 0.8375 | Test: 0.8431 | Best Test: 0.8431
Epoch 0628 | Loss: 0.0169 | Val: 0.8375 | Test: 0.8431 | Best Test: 0.8431
Epoch 0629 | Loss: 0.0179 | Val: 0.8375 | Test: 0.8431 | Best Test: 0.8431
Epoch 0630 | Loss: 0.0158 | Val: 0.8375 | Test: 0.8431 | Best Test: 0.8431
Epoch 0631 | Loss: 0.0183 | Val: 0.8375 | Test: 0.8431 | Best Test: 0.8431
Epoch 0632 | Loss: 0.0185 | Val: 0.8375 | Test: 0.8431 | Best Test: 0.8431
Epoch 0633 | Loss: 0.0174 | Val: 0.8375 | Test: 0.8431 | Best Test: 0.8431
Epoch 0634 | Loss: 0.0155 | Val: 0.8375 | Test: 0.8431 | Best Test: 0.8431
Epoch 0635 | Loss: 0.0171 | Val: 0.8375 | Test: 0.8431 | Best Test: 0.8431
Epoch 0636 | Loss: 0.0171 | Val: 0.8375 | Test: 0.8431 | Best Test: 0.8431
Epoch 0637 | Loss: 0.0164 | Val: 0.8375 | Test: 0.8431 | Best Test: 0.8431
Epoch 0638 | Loss: 0.0164 | Val: 0.8375 | Test: 0.8431 | Best Test: 0.8431
Epoch 0639 | Loss: 0.0167 | Val: 0.8375 | Test: 0.8431 | Best Test: 0.8431
Epoch 0640 | Loss: 0.0176 | Val: 0.8375 | Test: 0.8431 | Best Test: 0.8431
Epoch 0641 | Loss: 0.0188 | Val: 0.8375 | Test: 0.8431 | Best Test: 0.8431
Epoch 0642 | Loss: 0.0165 | Val: 0.8375 | Test: 0.8431 | Best Test: 0.8431
Epoch 0643 | Loss: 0.0172 | Val: 0.8375 | Test: 0.8431 | Best Test: 0.8431
Epoch 0644 | Loss: 0.0187 | Val: 0.8375 | Test: 0.8431 | Best Test: 0.8431
Epoch 0645 | Loss: 0.0164 | Val: 0.8375 | Test: 0.8431 | Best Test: 0.8431
Epoch 0646 | Loss: 0.0178 | Val: 0.8375 | Test: 0.8431 | Best Test: 0.8431
Epoch 0647 | Loss: 0.0169 | Val: 0.8375 | Test: 0.8431 | Best Test: 0.8431
Epoch 0648 | Loss: 0.0176 | Val: 0.8375 | Test: 0.8431 | Best Test: 0.8431
Epoch 0649 | Loss: 0.0182 | Val: 0.8375 | Test: 0.8431 | Best Test: 0.8431
Epoch 0650 | Loss: 0.0174 | Val: 0.8375 | Test: 0.8431 | Best Test: 0.8431
Epoch 0651 | Loss: 0.0157 | Val: 0.8375 | Test: 0.8431 | Best Test: 0.8431
Epoch 0652 | Loss: 0.0157 | Val: 0.8375 | Test: 0.8431 | Best Test: 0.8431
Epoch 0653 | Loss: 0.0189 | Val: 0.8375 | Test: 0.8431 | Best Test: 0.8431
Epoch 0654 | Loss: 0.0172 | Val: 0.8375 | Test: 0.8431 | Best Test: 0.8431
Epoch 0655 | Loss: 0.0166 | Val: 0.8375 | Test: 0.8431 | Best Test: 0.8431
Epoch 0656 | Loss: 0.0174 | Val: 0.8375 | Test: 0.8431 | Best Test: 0.8431
Epoch 0657 | Loss: 0.0207 | Val: 0.8375 | Test: 0.8431 | Best Test: 0.8431
Epoch 0658 | Loss: 0.0186 | Val: 0.8375 | Test: 0.8431 | Best Test: 0.8431
Epoch 0659 | Loss: 0.0169 | Val: 0.8375 | Test: 0.8431 | Best Test: 0.8431
Epoch 0660 | Loss: 0.0170 | Val: 0.8375 | Test: 0.8431 | Best Test: 0.8431
Epoch 0661 | Loss: 0.0201 | Val: 0.8375 | Test: 0.8431 | Best Test: 0.8431
Epoch 0662 | Loss: 0.0179 | Val: 0.8375 | Test: 0.8431 | Best Test: 0.8431
Epoch 0663 | Loss: 0.0182 | Val: 0.8375 | Test: 0.8431 | Best Test: 0.8431
Epoch 0664 | Loss: 0.0166 | Val: 0.8375 | Test: 0.8431 | Best Test: 0.8431
Epoch 0665 | Loss: 0.0188 | Val: 0.8375 | Test: 0.8431 | Best Test: 0.8431
Epoch 0666 | Loss: 0.0166 | Val: 0.8375 | Test: 0.8431 | Best Test: 0.8431
Epoch 0667 | Loss: 0.0196 | Val: 0.8375 | Test: 0.8431 | Best Test: 0.8431
Epoch 0668 | Loss: 0.0185 | Val: 0.8375 | Test: 0.8431 | Best Test: 0.8431
Epoch 0700 | Loss: 0.0169 | Val: 0.8250 | Test: 0.8431 | Best Test: 0.8431
Epoch 0702 | Loss: 0.0165 | Val: 0.8375 | Test: 0.8431 | Best Test: 0.8431
Epoch 0703 | Loss: 0.0172 | Val: 0.8375 | Test: 0.8431 | Best Test: 0.8431
Epoch 0704 | Loss: 0.0186 | Val: 0.8375 | Test: 0.8431 | Best Test: 0.8431
Epoch 0705 | Loss: 0.0234 | Val: 0.8375 | Test: 0.8431 | Best Test: 0.8431
Epoch 0724 | Loss: 0.0208 | Val: 0.8375 | Test: 0.8431 | Best Test: 0.8431
Epoch 0725 | Loss: 0.0159 | Val: 0.8375 | Test: 0.8431 | Best Test: 0.8431
Epoch 0726 | Loss: 0.0187 | Val: 0.8375 | Test: 0.8431 | Best Test: 0.8431
Epoch 0727 | Loss: 0.0174 | Val: 0.8375 | Test: 0.8431 | Best Test: 0.8431
Epoch 0728 | Loss: 0.0170 | Val: 0.8375 | Test: 0.8431 | Best Test: 0.8431
Epoch 0729 | Loss: 0.0172 | Val: 0.8375 | Test: 0.8431 | Best Test: 0.8431
Epoch 0730 | Loss: 0.0163 | Val: 0.8375 | Test: 0.8431 | Best Test: 0.8431
Epoch 0731 | Loss: 0.0174 | Val: 0.8375 | Test: 0.8431 | Best Test: 0.8431
Epoch 0732 | Loss: 0.0161 | Val: 0.8375 | Test: 0.8431 | Best Test: 0.8431
Epoch 0733 | Loss: 0.0162 | Val: 0.8375 | Test: 0.8431 | Best Test: 0.8431
Epoch 0734 | Loss: 0.0175 | Val: 0.8375 | Test: 0.8431 | Best Test: 0.8431
Epoch 0735 | Loss: 0.0183 | Val: 0.8375 | Test: 0.8431 | Best Test: 0.8431
Epoch 0736 | Loss: 0.0165 | Val: 0.8375 | Test: 0.8431 | Best Test: 0.8431
Epoch 0737 | Loss: 0.0230 | Val: 0.8375 | Test: 0.8431 | Best Test: 0.8431
Epoch 0738 | Loss: 0.0184 | Val: 0.8375 | Test: 0.8431 | Best Test: 0.8431
Epoch 0739 | Loss: 0.0170 | Val: 0.8375 | Test: 0.8431 | Best Test: 0.8431
Epoch 0740 | Loss: 0.0162 | Val: 0.8375 | Test: 0.8431 | Best Test: 0.8431
Epoch 0741 | Loss: 0.0170 | Val: 0.8375 | Test: 0.8431 | Best Test: 0.8431
Epoch 0742 | Loss: 0.0164 | Val: 0.8375 | Test: 0.8431 | Best Test: 0.8431
Epoch 0743 | Loss: 0.0175 | Val: 0.8375 | Test: 0.8431 | Best Test: 0.8431
Epoch 0744 | Loss: 0.0184 | Val: 0.8375 | Test: 0.8431 | Best Test: 0.8431
Epoch 0745 | Loss: 0.0189 | Val: 0.8375 | Test: 0.8431 | Best Test: 0.8431
Epoch 0746 | Loss: 0.0167 | Val: 0.8375 | Test: 0.8431 | Best Test: 0.8431
Epoch 0747 | Loss: 0.0160 | Val: 0.8375 | Test: 0.8431 | Best Test: 0.8431
Epoch 0748 | Loss: 0.0157 | Val: 0.8375 | Test: 0.8431 | Best Test: 0.8431
Epoch 0749 | Loss: 0.0164 | Val: 0.8375 | Test: 0.8431 | Best Test: 0.8431
Epoch 0750 | Loss: 0.0185 | Val: 0.8375 | Test: 0.8431 | Best Test: 0.8431
Epoch 0751 | Loss: 0.0165 | Val: 0.8375 | Test: 0.8431 | Best Test: 0.8431
Epoch 0752 | Loss: 0.0176 | Val: 0.8375 | Test: 0.8431 | Best Test: 0.8431
Epoch 0753 | Loss: 0.0171 | Val: 0.8375 | Test: 0.8431 | Best Test: 0.8431
Epoch 0754 | Loss: 0.0199 | Val: 0.8375 | Test: 0.8431 | Best Test: 0.8431
Epoch 0755 | Loss: 0.0185 | Val: 0.8375 | Test: 0.8431 | Best Test: 0.8431
Epoch 0756 | Loss: 0.0174 | Val: 0.8375 | Test: 0.8431 | Best Test: 0.8431
Epoch 0757 | Loss: 0.0174 | Val: 0.8375 | Test: 0.8431 | Best Test: 0.8431
Epoch 0758 | Loss: 0.0157 | Val: 0.8375 | Test: 0.8431 | Best Test: 0.8431
Epoch 0759 | Loss: 0.0180 | Val: 0.8375 | Test: 0.8431 | Best Test: 0.8431
Epoch 0760 | Loss: 0.0171 | Val: 0.8375 | Test: 0.8431 | Best Test: 0.8431
Epoch 0761 | Loss: 0.0181 | Val: 0.8375 | Test: 0.8431 | Best Test: 0.8431
Epoch 0762 | Loss: 0.0173 | Val: 0.8375 | Test: 0.8431 | Best Test: 0.8431
Epoch 0763 | Loss: 0.0172 | Val: 0.8375 | Test: 0.8431 | Best Test: 0.8431
Epoch 0764 | Loss: 0.0165 | Val: 0.8375 | Test: 0.8431 | Best Test: 0.8431
Epoch 0765 | Loss: 0.0169 | Val: 0.8375 | Test: 0.8431 | Best Test: 0.8431
Epoch 0766 | Loss: 0.0175 | Val: 0.8375 | Test: 0.8431 | Best Test: 0.8431
Epoch 0767 | Loss: 0.0174 | Val: 0.8375 | Test: 0.8431 | Best Test: 0.8431
Epoch 0768 | Loss: 0.0174 | Val: 0.8375 | Test: 0.8431 | Best Test: 0.8431
Epoch 0769 | Loss: 0.0213 | Val: 0.8375 | Test: 0.8431 | Best Test: 0.8431
Epoch 0770 | Loss: 0.0177 | Val: 0.8375 | Test: 0.8431 | Best Test: 0.8431
Epoch 0771 | Loss: 0.0172 | Val: 0.8375 | Test: 0.8431 | Best Test: 0.8431
Epoch 0772 | Loss: 0.0164 | Val: 0.8375 | Test: 0.8431 | Best Test: 0.8431
Epoch 0773 | Loss: 0.0191 | Val: 0.8375 | Test: 0.8431 | Best Test: 0.8431
Epoch 0774 | Loss: 0.0157 | Val: 0.8375 | Test: 0.8431 | Best Test: 0.8431
Epoch 0775 | Loss: 0.0167 | Val: 0.8375 | Test: 0.8431 | Best Test: 0.8431
Epoch 0776 | Loss: 0.0168 | Val: 0.8375 | Test: 0.8431 | Best Test: 0.8431
Epoch 0777 | Loss: 0.0173 | Val: 0.8375 | Test: 0.8431 | Best Test: 0.8431
Epoch 0778 | Loss: 0.0184 | Val: 0.8375 | Test: 0.8431 | Best Test: 0.8431
Epoch 0779 | Loss: 0.0165 | Val: 0.8375 | Test: 0.8431 | Best Test: 0.8431
Epoch 0780 | Loss: 0.0177 | Val: 0.8375 | Test: 0.8431 | Best Test: 0.8431
Epoch 0781 | Loss: 0.0190 | Val: 0.8375 | Test: 0.8431 | Best Test: 0.8431
Epoch 0800 | Loss: 0.0165 | Val: 0.8250 | Test: 0.8431 | Best Test: 0.8431
Epoch 0850 | Loss: 0.0155 | Val: 0.8250 | Test: 0.8431 | Best Test: 0.8431
Epoch 0900 | Loss: 0.0170 | Val: 0.8250 | Test: 0.8431 | Best Test: 0.8431
Epoch 0950 | Loss: 0.0166 | Val: 0.8250 | Test: 0.8431 | Best Test: 0.8431
Epoch 1000 | Loss: 0.0193 | Val: 0.8250 | Test: 0.8431 | Best Test: 0.8431
Epoch 1050 | Loss: 0.0161 | Val: 0.8250 | Test: 0.8431 | Best Test: 0.8431
Epoch 1100 | Loss: 0.0164 | Val: 0.8250 | Test: 0.8431 | Best Test: 0.8431
Epoch 1150 | Loss: 0.0170 | Val: 0.8125 | Test: 0.8431 | Best Test: 0.8431
Early stopping at epoch 1163
[repro] exit_code=0
[repro] runtime_seconds=82
[repro] finished_at=2026-09-12T14:55:31+08:00
