[repro] started_at=2026-09-12T19:07:25+08:00
[repro] run_id=20260912_190725_webkb_s0_s6_Squirrel_pid118261
[repro] repo_commit=114b585d0d0e32afbf1d7232dd04c013fa8453e2
[repro] tracked_patch_sha256=1095ac78920ad815a7d50e91c59b3499d4d3fa591780737b8d7d8a22e48955ef
[repro] main_py_sha256=aeda3a2dc4468512fd23af922ea88d72714355a6d4ffae29efba86c7dea51eb7
[repro] dataset=Squirrel data_id=4 env=dtgb cuda_visible_devices=0
[repro] data_link=/tmp/Squirrel -> /home/lab_user/project/lzc/repro/sgpc/data/Squirrel
[repro] command=python main.py 4 --split 6 --seed 0
[repro] resource_cap_ratio=85 threads=17 CPUQuota=1700% MemoryMax=55139365888 cuda_fraction=0.85
[repro] python=3.10.20 torch=2.2.1+cu121 pyg=2.8.0.post1 torch_sparse=0.6.18+pt22cu121
[repro] cuda=True gpu=NVIDIA GeForce RTX 3090
[cap] cores=17/20 CPUQuota=1700% MemoryMax=55139365888 cuda_fraction=0.85 mps=85 gpu_gov=1
Running as unit: run-p118348-i105414.scope; invocation ID: bb0c99bd872744f79243139a2f170559
[sgpc] config data_id=4 split=6 n_splits=10 seed=0 spec=dense max_epochs=2000 pacbayes_epoch=300
Epoch 0001 | Loss: 1.6514 | Val: 0.2254 | Test: 0.2382 | Best Test: 0.2382
Epoch 0002 | Loss: 1.6282 | Val: 0.2494 | Test: 0.2526 | Best Test: 0.2526
Epoch 0003 | Loss: 1.6033 | Val: 0.2782 | Test: 0.2824 | Best Test: 0.2824
Epoch 0004 | Loss: 1.5759 | Val: 0.3498 | Test: 0.3180 | Best Test: 0.3180
Epoch 0008 | Loss: 1.4952 | Val: 0.3624 | Test: 0.3535 | Best Test: 0.3535
Epoch 0009 | Loss: 1.4771 | Val: 0.3714 | Test: 0.3689 | Best Test: 0.3689
Epoch 0013 | Loss: 1.3777 | Val: 0.3750 | Test: 0.3525 | Best Test: 0.3718
Epoch 0015 | Loss: 1.2952 | Val: 0.3750 | Test: 0.3679 | Best Test: 0.3718
Epoch 0018 | Loss: 1.1837 | Val: 0.3762 | Test: 0.3583 | Best Test: 0.3718
Epoch 0019 | Loss: 1.1524 | Val: 0.3798 | Test: 0.3583 | Best Test: 0.3718
Epoch 0020 | Loss: 1.1249 | Val: 0.3834 | Test: 0.3602 | Best Test: 0.3718
Epoch 0050 | Loss: 0.3711 | Val: 0.3377 | Test: 0.2978 | Best Test: 0.3718
Epoch 0100 | Loss: 0.1506 | Val: 0.3191 | Test: 0.2853 | Best Test: 0.3718
Epoch 0150 | Loss: 0.0975 | Val: 0.3269 | Test: 0.2843 | Best Test: 0.3718
Epoch 0200 | Loss: 0.0847 | Val: 0.3227 | Test: 0.2853 | Best Test: 0.3718
Epoch 0250 | Loss: 0.0751 | Val: 0.3191 | Test: 0.2795 | Best Test: 0.3718
Epoch 0300 | Loss: 0.0725 | Val: 0.3179 | Test: 0.2795 | Best Test: 0.3718
Epoch 0350 | Loss: 0.0710 | Val: 0.3191 | Test: 0.2786 | Best Test: 0.3718
Epoch 0400 | Loss: 0.0733 | Val: 0.3185 | Test: 0.2795 | Best Test: 0.3718
Epoch 0450 | Loss: 0.0763 | Val: 0.3173 | Test: 0.2776 | Best Test: 0.3718
Epoch 0500 | Loss: 0.0698 | Val: 0.3197 | Test: 0.2795 | Best Test: 0.3718
Epoch 0550 | Loss: 0.0708 | Val: 0.3185 | Test: 0.2786 | Best Test: 0.3718
Epoch 0600 | Loss: 0.0679 | Val: 0.3179 | Test: 0.2795 | Best Test: 0.3718
Epoch 0650 | Loss: 0.0675 | Val: 0.3185 | Test: 0.2795 | Best Test: 0.3718
Epoch 0700 | Loss: 0.0705 | Val: 0.3197 | Test: 0.2786 | Best Test: 0.3718
Epoch 0750 | Loss: 0.0684 | Val: 0.3197 | Test: 0.2786 | Best Test: 0.3718
Epoch 0800 | Loss: 0.0705 | Val: 0.3185 | Test: 0.2795 | Best Test: 0.3718
Epoch 0850 | Loss: 0.0632 | Val: 0.3173 | Test: 0.2786 | Best Test: 0.3718
Epoch 0900 | Loss: 0.0672 | Val: 0.3167 | Test: 0.2776 | Best Test: 0.3718
Epoch 0950 | Loss: 0.0628 | Val: 0.3167 | Test: 0.2786 | Best Test: 0.3718
Epoch 1000 | Loss: 0.0706 | Val: 0.3167 | Test: 0.2776 | Best Test: 0.3718
Early stopping at epoch 1021
[sgpc] summary data_id=4 split=6 seed=0 spec=dense best_val=0.3834 val_selected_test=0.3602 val_selected_epoch=20 oracle_best_test=0.3718 last_epoch=1021
[repro] exit_code=0
[repro] runtime_seconds=563
[repro] finished_at=2026-09-12T19:16:51+08:00
