[repro] started_at=2026-09-12T16:49:08+08:00
[repro] run_id=20260912_164908_webkb_s0_s7_Wisconsin_pid52940
[repro] repo_commit=114b585d0d0e32afbf1d7232dd04c013fa8453e2
[repro] tracked_patch_sha256=72952adeb096a5ca61e6e115a0a29e0e484ca577aba23f57b5c11dea083afee7
[repro] main_py_sha256=dc67561acc2c8d0860a4b53c2cdbd729ddaff59fd5b61d50dd1e3a513a6e06ac
[repro] dataset=Wisconsin data_id=8 env=dtgb cuda_visible_devices=0
[repro] data_link=/tmp/Wisconsin -> /home/lab_user/project/lzc/repro/sgpc/data/Wisconsin
[repro] command=python main.py 8 --split 7 --seed 0
[repro] resource_cap_ratio=85 threads=17 CPUQuota=1700% MemoryMax=55139365888 cuda_fraction=0.85
[repro] python=3.10.20 torch=2.2.1+cu121 pyg=2.8.0.post1 torch_sparse=0.6.18+pt22cu121
[repro] cuda=True gpu=NVIDIA GeForce RTX 3090
[cap] cores=17/20 CPUQuota=1700% MemoryMax=55139365888 cuda_fraction=0.85 mps=85 gpu_gov=1
Running as unit: run-p53016-i55404.scope; invocation ID: ab3b1bd102424652914b480d183b4d0d
[sgpc] config data_id=8 split=7 n_splits=10 seed=0 spec=dense max_epochs=2000 pacbayes_epoch=300
Epoch 0001 | Loss: 1.6955 | Val: 0.6750 | Test: 0.6471 | Best Test: 0.6471
Epoch 0006 | Loss: 1.1016 | Val: 0.6750 | Test: 0.6078 | Best Test: 0.6471
Epoch 0007 | Loss: 0.9860 | Val: 0.6875 | Test: 0.6471 | Best Test: 0.6471
Epoch 0008 | Loss: 0.9404 | Val: 0.7000 | Test: 0.7059 | Best Test: 0.7059
Epoch 0009 | Loss: 0.8907 | Val: 0.7125 | Test: 0.7059 | Best Test: 0.7059
Epoch 0010 | Loss: 0.8527 | Val: 0.7125 | Test: 0.7059 | Best Test: 0.7059
Epoch 0011 | Loss: 0.7986 | Val: 0.7500 | Test: 0.7059 | Best Test: 0.7059
Epoch 0012 | Loss: 0.7468 | Val: 0.8000 | Test: 0.7255 | Best Test: 0.7255
Epoch 0013 | Loss: 0.7120 | Val: 0.8250 | Test: 0.7255 | Best Test: 0.7255
Epoch 0014 | Loss: 0.6770 | Val: 0.8375 | Test: 0.7255 | Best Test: 0.7255
Epoch 0015 | Loss: 0.5879 | Val: 0.8375 | Test: 0.7255 | Best Test: 0.7255
Epoch 0016 | Loss: 0.5870 | Val: 0.8375 | Test: 0.7255 | Best Test: 0.7255
Epoch 0017 | Loss: 0.5517 | Val: 0.8375 | Test: 0.7255 | Best Test: 0.7255
Epoch 0018 | Loss: 0.4667 | Val: 0.8375 | Test: 0.7255 | Best Test: 0.7255
Epoch 0019 | Loss: 0.4313 | Val: 0.8500 | Test: 0.7255 | Best Test: 0.7255
Epoch 0020 | Loss: 0.4364 | Val: 0.8625 | Test: 0.7647 | Best Test: 0.7647
Epoch 0021 | Loss: 0.4067 | Val: 0.8750 | Test: 0.7451 | Best Test: 0.7647
Epoch 0022 | Loss: 0.3688 | Val: 0.8875 | Test: 0.7451 | Best Test: 0.7647
Epoch 0050 | Loss: 0.0303 | Val: 0.8500 | Test: 0.8431 | Best Test: 0.8431
Epoch 0100 | Loss: 0.0081 | Val: 0.8625 | Test: 0.8039 | Best Test: 0.8431
Epoch 0150 | Loss: 0.0059 | Val: 0.8500 | Test: 0.8039 | Best Test: 0.8431
Epoch 0200 | Loss: 0.0049 | Val: 0.8500 | Test: 0.8039 | Best Test: 0.8431
Epoch 0250 | Loss: 0.0028 | Val: 0.8500 | Test: 0.8039 | Best Test: 0.8431
Epoch 0300 | Loss: 0.0057 | Val: 0.8625 | Test: 0.8039 | Best Test: 0.8431
Epoch 0350 | Loss: 0.0225 | Val: 0.8625 | Test: 0.8039 | Best Test: 0.8431
Epoch 0400 | Loss: 0.0168 | Val: 0.8625 | Test: 0.8039 | Best Test: 0.8431
Epoch 0450 | Loss: 0.0188 | Val: 0.8625 | Test: 0.8039 | Best Test: 0.8431
Epoch 0500 | Loss: 0.0164 | Val: 0.8625 | Test: 0.8039 | Best Test: 0.8431
Epoch 0550 | Loss: 0.0204 | Val: 0.8625 | Test: 0.8039 | Best Test: 0.8431
Epoch 0600 | Loss: 0.0182 | Val: 0.8625 | Test: 0.8039 | Best Test: 0.8431
Epoch 0650 | Loss: 0.0173 | Val: 0.8625 | Test: 0.8039 | Best Test: 0.8431
Epoch 0700 | Loss: 0.0157 | Val: 0.8625 | Test: 0.8039 | Best Test: 0.8431
Epoch 0750 | Loss: 0.0174 | Val: 0.8625 | Test: 0.8039 | Best Test: 0.8431
Epoch 0800 | Loss: 0.0197 | Val: 0.8625 | Test: 0.8039 | Best Test: 0.8431
Epoch 0850 | Loss: 0.0174 | Val: 0.8625 | Test: 0.8039 | Best Test: 0.8431
Epoch 0900 | Loss: 0.0167 | Val: 0.8625 | Test: 0.8039 | Best Test: 0.8431
Epoch 0950 | Loss: 0.0219 | Val: 0.8625 | Test: 0.8039 | Best Test: 0.8431
Epoch 1000 | Loss: 0.0177 | Val: 0.8625 | Test: 0.8039 | Best Test: 0.8431
Early stopping at epoch 1023
[sgpc] summary data_id=8 split=7 seed=0 spec=dense best_val=0.8875 val_selected_test=0.7451 val_selected_epoch=22 oracle_best_test=0.8431 last_epoch=1023
[repro] exit_code=0
[repro] runtime_seconds=30
[repro] finished_at=2026-09-12T16:49:40+08:00
