[repro] started_at=2026-09-12T17:04:54+08:00
[repro] run_id=20260912_170454_webkb_s0_s7_Chameleon_pid60287
[repro] repo_commit=114b585d0d0e32afbf1d7232dd04c013fa8453e2
[repro] tracked_patch_sha256=72952adeb096a5ca61e6e115a0a29e0e484ca577aba23f57b5c11dea083afee7
[repro] main_py_sha256=dc67561acc2c8d0860a4b53c2cdbd729ddaff59fd5b61d50dd1e3a513a6e06ac
[repro] dataset=Chameleon data_id=3 env=dtgb cuda_visible_devices=0
[repro] data_link=/tmp/Chameleon -> /home/lab_user/project/lzc/repro/sgpc/data/Chameleon
[repro] command=python main.py 3 --split 7 --seed 0
[repro] resource_cap_ratio=85 threads=17 CPUQuota=1700% MemoryMax=55139365888 cuda_fraction=0.85
[repro] python=3.10.20 torch=2.2.1+cu121 pyg=2.8.0.post1 torch_sparse=0.6.18+pt22cu121
[repro] cuda=True gpu=NVIDIA GeForce RTX 3090
[cap] cores=17/20 CPUQuota=1700% MemoryMax=55139365888 cuda_fraction=0.85 mps=85 gpu_gov=1
Running as unit: run-p60368-i32667.scope; invocation ID: ca81b2f6121d46a798a1d43992ca738b
[sgpc] config data_id=3 split=7 n_splits=10 seed=0 spec=dense max_epochs=2000 pacbayes_epoch=300
Epoch 0001 | Loss: 1.6317 | Val: 0.2483 | Test: 0.2149 | Best Test: 0.2149
Epoch 0004 | Loss: 1.5052 | Val: 0.3800 | Test: 0.3443 | Best Test: 0.3443
Epoch 0005 | Loss: 1.4602 | Val: 0.4156 | Test: 0.3882 | Best Test: 0.3882
Epoch 0007 | Loss: 1.3723 | Val: 0.4362 | Test: 0.4254 | Best Test: 0.4254
Epoch 0008 | Loss: 1.3256 | Val: 0.4609 | Test: 0.4539 | Best Test: 0.4539
Epoch 0009 | Loss: 1.2677 | Val: 0.4801 | Test: 0.4715 | Best Test: 0.4715
Epoch 0010 | Loss: 1.2130 | Val: 0.5075 | Test: 0.4803 | Best Test: 0.4803
Epoch 0011 | Loss: 1.1420 | Val: 0.5130 | Test: 0.4846 | Best Test: 0.4846
Epoch 0018 | Loss: 0.7702 | Val: 0.5130 | Test: 0.5154 | Best Test: 0.5154
Epoch 0019 | Loss: 0.7276 | Val: 0.5199 | Test: 0.5351 | Best Test: 0.5351
Epoch 0050 | Loss: 0.2149 | Val: 0.4554 | Test: 0.4781 | Best Test: 0.5351
Epoch 0100 | Loss: 0.1671 | Val: 0.4623 | Test: 0.4737 | Best Test: 0.5351
Epoch 0150 | Loss: 0.1604 | Val: 0.4636 | Test: 0.4803 | Best Test: 0.5351
Epoch 0200 | Loss: 0.1730 | Val: 0.4609 | Test: 0.4737 | Best Test: 0.5351
Epoch 0250 | Loss: 0.1510 | Val: 0.4568 | Test: 0.4693 | Best Test: 0.5351
Epoch 0300 | Loss: 0.1514 | Val: 0.4595 | Test: 0.4671 | Best Test: 0.5351
Epoch 0350 | Loss: 0.1594 | Val: 0.4609 | Test: 0.4671 | Best Test: 0.5351
Epoch 0400 | Loss: 0.1600 | Val: 0.4595 | Test: 0.4693 | Best Test: 0.5351
Epoch 0450 | Loss: 0.1626 | Val: 0.4595 | Test: 0.4693 | Best Test: 0.5351
Epoch 0500 | Loss: 0.1562 | Val: 0.4595 | Test: 0.4671 | Best Test: 0.5351
Epoch 0550 | Loss: 0.1703 | Val: 0.4582 | Test: 0.4671 | Best Test: 0.5351
Epoch 0600 | Loss: 0.1609 | Val: 0.4582 | Test: 0.4649 | Best Test: 0.5351
Epoch 0650 | Loss: 0.1552 | Val: 0.4582 | Test: 0.4671 | Best Test: 0.5351
Epoch 0700 | Loss: 0.1646 | Val: 0.4623 | Test: 0.4627 | Best Test: 0.5351
Epoch 0750 | Loss: 0.1612 | Val: 0.4582 | Test: 0.4627 | Best Test: 0.5351
Epoch 0800 | Loss: 0.1581 | Val: 0.4568 | Test: 0.4605 | Best Test: 0.5351
Epoch 0850 | Loss: 0.1611 | Val: 0.4582 | Test: 0.4605 | Best Test: 0.5351
Epoch 0900 | Loss: 0.1575 | Val: 0.4609 | Test: 0.4627 | Best Test: 0.5351
Epoch 0950 | Loss: 0.1602 | Val: 0.4609 | Test: 0.4627 | Best Test: 0.5351
Epoch 1000 | Loss: 0.1652 | Val: 0.4636 | Test: 0.4627 | Best Test: 0.5351
Early stopping at epoch 1020
[sgpc] summary data_id=3 split=7 seed=0 spec=dense best_val=0.5199 val_selected_test=0.5351 val_selected_epoch=19 oracle_best_test=0.5351 last_epoch=1020
[repro] exit_code=0
[repro] runtime_seconds=112
[repro] finished_at=2026-09-12T17:06:49+08:00
