[repro] started_at=2026-09-12T16:51:17+08:00
[repro] run_id=20260912_165117_webkb_s0_s0_Chameleon_pid54111
[repro] repo_commit=114b585d0d0e32afbf1d7232dd04c013fa8453e2
[repro] tracked_patch_sha256=72952adeb096a5ca61e6e115a0a29e0e484ca577aba23f57b5c11dea083afee7
[repro] main_py_sha256=dc67561acc2c8d0860a4b53c2cdbd729ddaff59fd5b61d50dd1e3a513a6e06ac
[repro] dataset=Chameleon data_id=3 env=dtgb cuda_visible_devices=0
[repro] data_link=/tmp/Chameleon -> /home/lab_user/project/lzc/repro/sgpc/data/Chameleon
[repro] command=python main.py 3 --split 0 --seed 0
[repro] resource_cap_ratio=85 threads=17 CPUQuota=1700% MemoryMax=55139365888 cuda_fraction=0.85
[repro] python=3.10.20 torch=2.2.1+cu121 pyg=2.8.0.post1 torch_sparse=0.6.18+pt22cu121
[repro] cuda=True gpu=NVIDIA GeForce RTX 3090
[cap] cores=17/20 CPUQuota=1700% MemoryMax=55139365888 cuda_fraction=0.85 mps=85 gpu_gov=1
Running as unit: run-p54211-i42753.scope; invocation ID: 2e0e0d92d615483ba23edcb11fc31216
[sgpc] config data_id=3 split=0 n_splits=10 seed=0 spec=dense max_epochs=2000 pacbayes_epoch=300
Epoch 0001 | Loss: 1.6333 | Val: 0.3086 | Test: 0.2939 | Best Test: 0.2939
Epoch 0003 | Loss: 1.5549 | Val: 0.3621 | Test: 0.3421 | Best Test: 0.3421
Epoch 0004 | Loss: 1.5079 | Val: 0.4582 | Test: 0.4057 | Best Test: 0.4057
Epoch 0007 | Loss: 1.3681 | Val: 0.4705 | Test: 0.4430 | Best Test: 0.4430
Epoch 0008 | Loss: 1.3274 | Val: 0.4733 | Test: 0.4825 | Best Test: 0.4825
Epoch 0009 | Loss: 1.2605 | Val: 0.4966 | Test: 0.4956 | Best Test: 0.4956
Epoch 0010 | Loss: 1.2246 | Val: 0.5226 | Test: 0.5022 | Best Test: 0.5022
Epoch 0011 | Loss: 1.1421 | Val: 0.5364 | Test: 0.4912 | Best Test: 0.5022
Epoch 0018 | Loss: 0.7480 | Val: 0.5391 | Test: 0.5044 | Best Test: 0.5088
Epoch 0019 | Loss: 0.7080 | Val: 0.5391 | Test: 0.5000 | Best Test: 0.5088
Epoch 0050 | Loss: 0.1992 | Val: 0.4925 | Test: 0.4649 | Best Test: 0.5088
Epoch 0100 | Loss: 0.1617 | Val: 0.4760 | Test: 0.4671 | Best Test: 0.5088
Epoch 0150 | Loss: 0.1510 | Val: 0.4829 | Test: 0.4671 | Best Test: 0.5088
Epoch 0200 | Loss: 0.1530 | Val: 0.4760 | Test: 0.4496 | Best Test: 0.5088
Epoch 0250 | Loss: 0.1484 | Val: 0.4733 | Test: 0.4452 | Best Test: 0.5088
Epoch 0300 | Loss: 0.1436 | Val: 0.4719 | Test: 0.4452 | Best Test: 0.5088
Epoch 0350 | Loss: 0.1480 | Val: 0.4719 | Test: 0.4430 | Best Test: 0.5088
Epoch 0400 | Loss: 0.1498 | Val: 0.4733 | Test: 0.4408 | Best Test: 0.5088
Epoch 0450 | Loss: 0.1542 | Val: 0.4719 | Test: 0.4408 | Best Test: 0.5088
Epoch 0500 | Loss: 0.1493 | Val: 0.4719 | Test: 0.4430 | Best Test: 0.5088
Epoch 0550 | Loss: 0.1551 | Val: 0.4746 | Test: 0.4430 | Best Test: 0.5088
Epoch 0600 | Loss: 0.1493 | Val: 0.4733 | Test: 0.4408 | Best Test: 0.5088
Epoch 0650 | Loss: 0.1418 | Val: 0.4719 | Test: 0.4408 | Best Test: 0.5088
Epoch 0700 | Loss: 0.1595 | Val: 0.4691 | Test: 0.4408 | Best Test: 0.5088
Epoch 0750 | Loss: 0.1552 | Val: 0.4705 | Test: 0.4408 | Best Test: 0.5088
Epoch 0800 | Loss: 0.1459 | Val: 0.4705 | Test: 0.4408 | Best Test: 0.5088
Epoch 0850 | Loss: 0.1520 | Val: 0.4719 | Test: 0.4452 | Best Test: 0.5088
Epoch 0900 | Loss: 0.1539 | Val: 0.4705 | Test: 0.4452 | Best Test: 0.5088
Epoch 0950 | Loss: 0.1487 | Val: 0.4691 | Test: 0.4452 | Best Test: 0.5088
Epoch 1000 | Loss: 0.1560 | Val: 0.4719 | Test: 0.4452 | Best Test: 0.5088
Early stopping at epoch 1019
[sgpc] summary data_id=3 split=0 seed=0 spec=dense best_val=0.5391 val_selected_test=0.5044 val_selected_epoch=18 oracle_best_test=0.5088 last_epoch=1019
[repro] exit_code=0
[repro] runtime_seconds=113
[repro] finished_at=2026-09-12T16:53:12+08:00
