[repro] started_at=2026-09-12T19:26:12+08:00
[repro] run_id=20260912_192612_webkb_s0_s8_Squirrel_pid126320
[repro] repo_commit=114b585d0d0e32afbf1d7232dd04c013fa8453e2
[repro] tracked_patch_sha256=1095ac78920ad815a7d50e91c59b3499d4d3fa591780737b8d7d8a22e48955ef
[repro] main_py_sha256=aeda3a2dc4468512fd23af922ea88d72714355a6d4ffae29efba86c7dea51eb7
[repro] dataset=Squirrel data_id=4 env=dtgb cuda_visible_devices=0
[repro] data_link=/tmp/Squirrel -> /home/lab_user/project/lzc/repro/sgpc/data/Squirrel
[repro] command=python main.py 4 --split 8 --seed 0
[repro] resource_cap_ratio=85 threads=17 CPUQuota=1700% MemoryMax=55139365888 cuda_fraction=0.85
[repro] python=3.10.20 torch=2.2.1+cu121 pyg=2.8.0.post1 torch_sparse=0.6.18+pt22cu121
[repro] cuda=True gpu=NVIDIA GeForce RTX 3090
[cap] cores=17/20 CPUQuota=1700% MemoryMax=55139365888 cuda_fraction=0.85 mps=85 gpu_gov=1
Running as unit: run-p126396-i136616.scope; invocation ID: d388daab9afc4101905efa1c050a0bf9
[sgpc] config data_id=4 split=8 n_splits=10 seed=0 spec=dense max_epochs=2000 pacbayes_epoch=300
Epoch 0001 | Loss: 1.6541 | Val: 0.2115 | Test: 0.2037 | Best Test: 0.2037
Epoch 0003 | Loss: 1.5963 | Val: 0.2181 | Test: 0.2161 | Best Test: 0.2161
Epoch 0004 | Loss: 1.5730 | Val: 0.2891 | Test: 0.2997 | Best Test: 0.2997
Epoch 0005 | Loss: 1.5519 | Val: 0.3347 | Test: 0.3305 | Best Test: 0.3305
Epoch 0006 | Loss: 1.5351 | Val: 0.3419 | Test: 0.3237 | Best Test: 0.3305
Epoch 0008 | Loss: 1.4911 | Val: 0.3468 | Test: 0.3458 | Best Test: 0.3458
Epoch 0009 | Loss: 1.4672 | Val: 0.3546 | Test: 0.3641 | Best Test: 0.3641
Epoch 0015 | Loss: 1.2858 | Val: 0.3558 | Test: 0.3602 | Best Test: 0.3718
Epoch 0016 | Loss: 1.2488 | Val: 0.3570 | Test: 0.3660 | Best Test: 0.3718
Epoch 0017 | Loss: 1.2272 | Val: 0.3642 | Test: 0.3650 | Best Test: 0.3718
Epoch 0050 | Loss: 0.3549 | Val: 0.3191 | Test: 0.3305 | Best Test: 0.3718
Epoch 0100 | Loss: 0.1390 | Val: 0.3143 | Test: 0.3266 | Best Test: 0.3718
Epoch 0150 | Loss: 0.1086 | Val: 0.3089 | Test: 0.3247 | Best Test: 0.3718
Epoch 0200 | Loss: 0.0943 | Val: 0.3047 | Test: 0.3295 | Best Test: 0.3718
Epoch 0250 | Loss: 0.0862 | Val: 0.3035 | Test: 0.3228 | Best Test: 0.3718
Epoch 0300 | Loss: 0.0825 | Val: 0.3017 | Test: 0.3247 | Best Test: 0.3718
Epoch 0350 | Loss: 0.0780 | Val: 0.3029 | Test: 0.3208 | Best Test: 0.3718
Epoch 0400 | Loss: 0.0736 | Val: 0.3017 | Test: 0.3247 | Best Test: 0.3718
Epoch 0450 | Loss: 0.0753 | Val: 0.3011 | Test: 0.3228 | Best Test: 0.3718
Epoch 0500 | Loss: 0.0777 | Val: 0.3023 | Test: 0.3218 | Best Test: 0.3718
Epoch 0550 | Loss: 0.0745 | Val: 0.3023 | Test: 0.3218 | Best Test: 0.3718
Epoch 0600 | Loss: 0.0761 | Val: 0.3017 | Test: 0.3208 | Best Test: 0.3718
Epoch 0650 | Loss: 0.0733 | Val: 0.3017 | Test: 0.3199 | Best Test: 0.3718
Epoch 0700 | Loss: 0.0713 | Val: 0.3017 | Test: 0.3208 | Best Test: 0.3718
Epoch 0750 | Loss: 0.0717 | Val: 0.3017 | Test: 0.3189 | Best Test: 0.3718
Epoch 0800 | Loss: 0.0719 | Val: 0.3017 | Test: 0.3208 | Best Test: 0.3718
Epoch 0850 | Loss: 0.0738 | Val: 0.3029 | Test: 0.3228 | Best Test: 0.3718
Epoch 0900 | Loss: 0.0702 | Val: 0.3017 | Test: 0.3237 | Best Test: 0.3718
Epoch 0950 | Loss: 0.0735 | Val: 0.3017 | Test: 0.3237 | Best Test: 0.3718
Epoch 1000 | Loss: 0.0626 | Val: 0.3029 | Test: 0.3218 | Best Test: 0.3718
Early stopping at epoch 1018
[sgpc] summary data_id=4 split=8 seed=0 spec=dense best_val=0.3642 val_selected_test=0.3650 val_selected_epoch=17 oracle_best_test=0.3718 last_epoch=1018
[repro] exit_code=0
[repro] runtime_seconds=562
[repro] finished_at=2026-09-12T19:35:37+08:00
