[repro] started_at=2026-09-12T18:58:02+08:00
[repro] run_id=20260912_185802_webkb_s0_s5_Squirrel_pid114758
[repro] repo_commit=114b585d0d0e32afbf1d7232dd04c013fa8453e2
[repro] tracked_patch_sha256=1095ac78920ad815a7d50e91c59b3499d4d3fa591780737b8d7d8a22e48955ef
[repro] main_py_sha256=aeda3a2dc4468512fd23af922ea88d72714355a6d4ffae29efba86c7dea51eb7
[repro] dataset=Squirrel data_id=4 env=dtgb cuda_visible_devices=0
[repro] data_link=/tmp/Squirrel -> /home/lab_user/project/lzc/repro/sgpc/data/Squirrel
[repro] command=python main.py 4 --split 5 --seed 0
[repro] resource_cap_ratio=85 threads=17 CPUQuota=1700% MemoryMax=55139365888 cuda_fraction=0.85
[repro] python=3.10.20 torch=2.2.1+cu121 pyg=2.8.0.post1 torch_sparse=0.6.18+pt22cu121
[repro] cuda=True gpu=NVIDIA GeForce RTX 3090
[cap] cores=17/20 CPUQuota=1700% MemoryMax=55139365888 cuda_fraction=0.85 mps=85 gpu_gov=1
Running as unit: run-p114841-i2328.scope; invocation ID: 46fe8a76bd164262aa8201210ca944a2
[sgpc] config data_id=4 split=5 n_splits=10 seed=0 spec=dense max_epochs=2000 pacbayes_epoch=300
Epoch 0001 | Loss: 1.6493 | Val: 0.2308 | Test: 0.2161 | Best Test: 0.2161
Epoch 0002 | Loss: 1.6180 | Val: 0.2356 | Test: 0.2075 | Best Test: 0.2161
Epoch 0003 | Loss: 1.6012 | Val: 0.2861 | Test: 0.2824 | Best Test: 0.2824
Epoch 0004 | Loss: 1.5671 | Val: 0.3341 | Test: 0.3276 | Best Test: 0.3276
Epoch 0008 | Loss: 1.4863 | Val: 0.3359 | Test: 0.3458 | Best Test: 0.3458
Epoch 0009 | Loss: 1.4585 | Val: 0.3504 | Test: 0.3612 | Best Test: 0.3612
Epoch 0013 | Loss: 1.3553 | Val: 0.3516 | Test: 0.3631 | Best Test: 0.3641
Epoch 0015 | Loss: 1.2693 | Val: 0.3522 | Test: 0.3689 | Best Test: 0.3689
Epoch 0050 | Loss: 0.3356 | Val: 0.3131 | Test: 0.3410 | Best Test: 0.3689
Epoch 0100 | Loss: 0.1358 | Val: 0.2951 | Test: 0.3237 | Best Test: 0.3689
Epoch 0150 | Loss: 0.0980 | Val: 0.2915 | Test: 0.3122 | Best Test: 0.3689
Epoch 0200 | Loss: 0.0852 | Val: 0.2909 | Test: 0.3151 | Best Test: 0.3689
Epoch 0250 | Loss: 0.0772 | Val: 0.2897 | Test: 0.3103 | Best Test: 0.3689
Epoch 0300 | Loss: 0.0735 | Val: 0.2873 | Test: 0.3074 | Best Test: 0.3689
Epoch 0350 | Loss: 0.0725 | Val: 0.2873 | Test: 0.3064 | Best Test: 0.3689
Epoch 0400 | Loss: 0.0692 | Val: 0.2885 | Test: 0.3055 | Best Test: 0.3689
Epoch 0450 | Loss: 0.0758 | Val: 0.2891 | Test: 0.3055 | Best Test: 0.3689
Epoch 0500 | Loss: 0.0737 | Val: 0.2891 | Test: 0.3055 | Best Test: 0.3689
Epoch 0550 | Loss: 0.0716 | Val: 0.2903 | Test: 0.3055 | Best Test: 0.3689
Epoch 0600 | Loss: 0.0708 | Val: 0.2897 | Test: 0.3055 | Best Test: 0.3689
Epoch 0650 | Loss: 0.0774 | Val: 0.2891 | Test: 0.3055 | Best Test: 0.3689
Epoch 0700 | Loss: 0.0681 | Val: 0.2897 | Test: 0.3055 | Best Test: 0.3689
Epoch 0750 | Loss: 0.0722 | Val: 0.2903 | Test: 0.3045 | Best Test: 0.3689
Epoch 0800 | Loss: 0.0714 | Val: 0.2909 | Test: 0.3045 | Best Test: 0.3689
Epoch 0850 | Loss: 0.0726 | Val: 0.2891 | Test: 0.3036 | Best Test: 0.3689
Epoch 0900 | Loss: 0.0711 | Val: 0.2903 | Test: 0.3036 | Best Test: 0.3689
Epoch 0950 | Loss: 0.0674 | Val: 0.2903 | Test: 0.3036 | Best Test: 0.3689
Epoch 1000 | Loss: 0.0701 | Val: 0.2903 | Test: 0.3036 | Best Test: 0.3689
Early stopping at epoch 1016
[sgpc] summary data_id=4 split=5 seed=0 spec=dense best_val=0.3522 val_selected_test=0.3689 val_selected_epoch=15 oracle_best_test=0.3689 last_epoch=1016
[repro] exit_code=0
[repro] runtime_seconds=559
[repro] finished_at=2026-09-12T19:07:24+08:00
