[repro] started_at=2026-09-12T17:16:23+08:00
[repro] run_id=20260912_171623_planetoid_s1_Cora_pid65508
[repro] repo_commit=114b585d0d0e32afbf1d7232dd04c013fa8453e2
[repro] tracked_patch_sha256=72952adeb096a5ca61e6e115a0a29e0e484ca577aba23f57b5c11dea083afee7
[repro] main_py_sha256=dc67561acc2c8d0860a4b53c2cdbd729ddaff59fd5b61d50dd1e3a513a6e06ac
[repro] dataset=Cora data_id=0 env=dtgb cuda_visible_devices=0
[repro] data_link=/tmp/Cora -> /home/lab_user/project/lzc/repro/sgpc/data/Cora
[repro] command=python main.py 0 --seed 1
[repro] resource_cap_ratio=85 threads=17 CPUQuota=1700% MemoryMax=55139365888 cuda_fraction=0.85
[repro] python=3.10.20 torch=2.2.1+cu121 pyg=2.8.0.post1 torch_sparse=0.6.18+pt22cu121
[repro] cuda=True gpu=NVIDIA GeForce RTX 3090
[cap] cores=17/20 CPUQuota=1700% MemoryMax=55139365888 cuda_fraction=0.85 mps=85 gpu_gov=1
Running as unit: run-p65587-i98532.scope; invocation ID: 56c327f6cc88452b81a414e9deed5412
[sgpc] config data_id=0 split=0 n_splits=1 seed=1 spec=dense max_epochs=2000 pacbayes_epoch=300
Epoch 0001 | Loss: 2.6495 | Val: 0.1560 | Test: 0.1450 | Best Test: 0.1450
Epoch 0002 | Loss: 2.4124 | Val: 0.1560 | Test: 0.1450 | Best Test: 0.1450
Epoch 0003 | Loss: 2.2385 | Val: 0.2500 | Test: 0.2300 | Best Test: 0.2300
Epoch 0018 | Loss: 2.0768 | Val: 0.3040 | Test: 0.2930 | Best Test: 0.2930
Epoch 0025 | Loss: 1.9671 | Val: 0.3980 | Test: 0.4020 | Best Test: 0.4020
Epoch 0026 | Loss: 1.9890 | Val: 0.5100 | Test: 0.5080 | Best Test: 0.5080
Epoch 0045 | Loss: 1.7576 | Val: 0.5960 | Test: 0.6000 | Best Test: 0.6000
Epoch 0046 | Loss: 1.7415 | Val: 0.6820 | Test: 0.6850 | Best Test: 0.6850
Epoch 0047 | Loss: 1.6684 | Val: 0.7280 | Test: 0.7280 | Best Test: 0.7280
Epoch 0048 | Loss: 1.6132 | Val: 0.7500 | Test: 0.7350 | Best Test: 0.7350
Epoch 0049 | Loss: 1.6051 | Val: 0.7500 | Test: 0.7530 | Best Test: 0.7530
Epoch 0050 | Loss: 1.5691 | Val: 0.7560 | Test: 0.7690 | Best Test: 0.7690
Epoch 0057 | Loss: 1.1428 | Val: 0.7640 | Test: 0.7690 | Best Test: 0.7690
Epoch 0058 | Loss: 1.1797 | Val: 0.7800 | Test: 0.7970 | Best Test: 0.7970
Epoch 0060 | Loss: 1.0764 | Val: 0.7800 | Test: 0.7990 | Best Test: 0.7990
Epoch 0061 | Loss: 1.0852 | Val: 0.7820 | Test: 0.8050 | Best Test: 0.8050
Epoch 0068 | Loss: 0.9847 | Val: 0.7920 | Test: 0.8050 | Best Test: 0.8050
Epoch 0077 | Loss: 0.8866 | Val: 0.7940 | Test: 0.8080 | Best Test: 0.8080
Epoch 0078 | Loss: 0.8391 | Val: 0.8000 | Test: 0.8040 | Best Test: 0.8080
Epoch 0080 | Loss: 0.9047 | Val: 0.8040 | Test: 0.8140 | Best Test: 0.8140
Epoch 0100 | Loss: 0.6897 | Val: 0.7860 | Test: 0.8000 | Best Test: 0.8160
Epoch 0150 | Loss: 0.4293 | Val: 0.7920 | Test: 0.8140 | Best Test: 0.8200
Epoch 0200 | Loss: 0.3093 | Val: 0.7860 | Test: 0.7940 | Best Test: 0.8200
Epoch 0250 | Loss: 0.3099 | Val: 0.7800 | Test: 0.7950 | Best Test: 0.8200
Epoch 0300 | Loss: 0.3399 | Val: 0.7860 | Test: 0.7950 | Best Test: 0.8200
Epoch 0350 | Loss: 0.3941 | Val: 0.7840 | Test: 0.7970 | Best Test: 0.8200
Epoch 0400 | Loss: 0.3742 | Val: 0.7760 | Test: 0.7920 | Best Test: 0.8200
Epoch 0450 | Loss: 0.3087 | Val: 0.7840 | Test: 0.7970 | Best Test: 0.8200
Epoch 0500 | Loss: 0.4564 | Val: 0.7860 | Test: 0.7900 | Best Test: 0.8200
Epoch 0550 | Loss: 0.3499 | Val: 0.7840 | Test: 0.7930 | Best Test: 0.8200
Epoch 0600 | Loss: 0.3205 | Val: 0.7840 | Test: 0.7920 | Best Test: 0.8200
Epoch 0650 | Loss: 0.3710 | Val: 0.7840 | Test: 0.7910 | Best Test: 0.8200
Epoch 0700 | Loss: 0.3187 | Val: 0.7840 | Test: 0.7900 | Best Test: 0.8200
Epoch 0750 | Loss: 0.3798 | Val: 0.7780 | Test: 0.7890 | Best Test: 0.8200
Epoch 0800 | Loss: 0.3885 | Val: 0.7780 | Test: 0.7860 | Best Test: 0.8200
Epoch 0850 | Loss: 0.3961 | Val: 0.7860 | Test: 0.7880 | Best Test: 0.8200
Epoch 0900 | Loss: 0.4261 | Val: 0.7840 | Test: 0.7880 | Best Test: 0.8200
Epoch 0950 | Loss: 0.3589 | Val: 0.7840 | Test: 0.7910 | Best Test: 0.8200
Epoch 1000 | Loss: 0.4299 | Val: 0.7840 | Test: 0.7900 | Best Test: 0.8200
Epoch 1050 | Loss: 0.3583 | Val: 0.7840 | Test: 0.7930 | Best Test: 0.8200
Early stopping at epoch 1081
[sgpc] summary data_id=0 split=0 seed=1 spec=dense best_val=0.8040 val_selected_test=0.8140 val_selected_epoch=80 oracle_best_test=0.8200 last_epoch=1081
[repro] exit_code=0
[repro] runtime_seconds=149
[repro] finished_at=2026-09-12T17:18:54+08:00
