[repro] started_at=2026-09-12T19:16:53+08:00
[repro] run_id=20260912_191653_webkb_s0_s7_Squirrel_pid122606
[repro] repo_commit=114b585d0d0e32afbf1d7232dd04c013fa8453e2
[repro] tracked_patch_sha256=1095ac78920ad815a7d50e91c59b3499d4d3fa591780737b8d7d8a22e48955ef
[repro] main_py_sha256=aeda3a2dc4468512fd23af922ea88d72714355a6d4ffae29efba86c7dea51eb7
[repro] dataset=Squirrel data_id=4 env=dtgb cuda_visible_devices=0
[repro] data_link=/tmp/Squirrel -> /home/lab_user/project/lzc/repro/sgpc/data/Squirrel
[repro] command=python main.py 4 --split 7 --seed 0
[repro] resource_cap_ratio=85 threads=17 CPUQuota=1700% MemoryMax=55139365888 cuda_fraction=0.85
[repro] python=3.10.20 torch=2.2.1+cu121 pyg=2.8.0.post1 torch_sparse=0.6.18+pt22cu121
[repro] cuda=True gpu=NVIDIA GeForce RTX 3090
[cap] cores=17/20 CPUQuota=1700% MemoryMax=55139365888 cuda_fraction=0.85 mps=85 gpu_gov=1
Running as unit: run-p122682-i117743.scope; invocation ID: 50f41ccd459a45cf93fcc2b39efed549
[sgpc] config data_id=4 split=7 n_splits=10 seed=0 spec=dense max_epochs=2000 pacbayes_epoch=300
Epoch 0001 | Loss: 1.6539 | Val: 0.1959 | Test: 0.1921 | Best Test: 0.1921
Epoch 0002 | Loss: 1.6202 | Val: 0.1977 | Test: 0.1931 | Best Test: 0.1931
Epoch 0003 | Loss: 1.5971 | Val: 0.2398 | Test: 0.2373 | Best Test: 0.2373
Epoch 0004 | Loss: 1.5689 | Val: 0.3053 | Test: 0.3199 | Best Test: 0.3199
Epoch 0005 | Loss: 1.5515 | Val: 0.3341 | Test: 0.3468 | Best Test: 0.3468
Epoch 0007 | Loss: 1.5159 | Val: 0.3407 | Test: 0.3602 | Best Test: 0.3602
Epoch 0008 | Loss: 1.4894 | Val: 0.3468 | Test: 0.3766 | Best Test: 0.3766
Epoch 0050 | Loss: 0.3483 | Val: 0.2999 | Test: 0.3305 | Best Test: 0.3862
Epoch 0100 | Loss: 0.1494 | Val: 0.2873 | Test: 0.3401 | Best Test: 0.3862
Epoch 0150 | Loss: 0.1178 | Val: 0.2957 | Test: 0.3381 | Best Test: 0.3862
Epoch 0200 | Loss: 0.1029 | Val: 0.2939 | Test: 0.3420 | Best Test: 0.3862
Epoch 0250 | Loss: 0.0961 | Val: 0.2927 | Test: 0.3420 | Best Test: 0.3862
Epoch 0300 | Loss: 0.0950 | Val: 0.2939 | Test: 0.3429 | Best Test: 0.3862
Epoch 0350 | Loss: 0.1011 | Val: 0.2927 | Test: 0.3429 | Best Test: 0.3862
Epoch 0400 | Loss: 0.0930 | Val: 0.2915 | Test: 0.3420 | Best Test: 0.3862
Epoch 0450 | Loss: 0.0842 | Val: 0.2915 | Test: 0.3420 | Best Test: 0.3862
Epoch 0500 | Loss: 0.0923 | Val: 0.2903 | Test: 0.3429 | Best Test: 0.3862
Epoch 0550 | Loss: 0.0844 | Val: 0.2915 | Test: 0.3429 | Best Test: 0.3862
Epoch 0600 | Loss: 0.0969 | Val: 0.2909 | Test: 0.3429 | Best Test: 0.3862
Epoch 0650 | Loss: 0.0856 | Val: 0.2915 | Test: 0.3401 | Best Test: 0.3862
Epoch 0700 | Loss: 0.0832 | Val: 0.2903 | Test: 0.3410 | Best Test: 0.3862
Epoch 0750 | Loss: 0.0923 | Val: 0.2891 | Test: 0.3391 | Best Test: 0.3862
Epoch 0800 | Loss: 0.0811 | Val: 0.2897 | Test: 0.3410 | Best Test: 0.3862
Epoch 0850 | Loss: 0.0836 | Val: 0.2885 | Test: 0.3401 | Best Test: 0.3862
Epoch 0900 | Loss: 0.0796 | Val: 0.2885 | Test: 0.3391 | Best Test: 0.3862
Epoch 0950 | Loss: 0.0804 | Val: 0.2873 | Test: 0.3381 | Best Test: 0.3862
Epoch 1000 | Loss: 0.0875 | Val: 0.2879 | Test: 0.3391 | Best Test: 0.3862
Early stopping at epoch 1009
[sgpc] summary data_id=4 split=7 seed=0 spec=dense best_val=0.3468 val_selected_test=0.3766 val_selected_epoch=8 oracle_best_test=0.3862 last_epoch=1009
[repro] exit_code=0
[repro] runtime_seconds=556
[repro] finished_at=2026-09-12T19:26:11+08:00
