[repro] started_at=2026-09-12T19:35:38+08:00
[repro] run_id=20260912_193538_webkb_s0_s9_Squirrel_pid129739
[repro] repo_commit=114b585d0d0e32afbf1d7232dd04c013fa8453e2
[repro] tracked_patch_sha256=1095ac78920ad815a7d50e91c59b3499d4d3fa591780737b8d7d8a22e48955ef
[repro] main_py_sha256=aeda3a2dc4468512fd23af922ea88d72714355a6d4ffae29efba86c7dea51eb7
[repro] dataset=Squirrel data_id=4 env=dtgb cuda_visible_devices=0
[repro] data_link=/tmp/Squirrel -> /home/lab_user/project/lzc/repro/sgpc/data/Squirrel
[repro] command=python main.py 4 --split 9 --seed 0
[repro] resource_cap_ratio=85 threads=17 CPUQuota=1700% MemoryMax=55139365888 cuda_fraction=0.85
[repro] python=3.10.20 torch=2.2.1+cu121 pyg=2.8.0.post1 torch_sparse=0.6.18+pt22cu121
[repro] cuda=True gpu=NVIDIA GeForce RTX 3090
[cap] cores=17/20 CPUQuota=1700% MemoryMax=55139365888 cuda_fraction=0.85 mps=85 gpu_gov=1
Running as unit: run-p129821-i93753.scope; invocation ID: 42ef1d92967542288258366db5b5a801
[sgpc] config data_id=4 split=9 n_splits=10 seed=0 spec=dense max_epochs=2000 pacbayes_epoch=300
Epoch 0001 | Loss: 1.6437 | Val: 0.2302 | Test: 0.2459 | Best Test: 0.2459
Epoch 0002 | Loss: 1.6201 | Val: 0.2410 | Test: 0.2315 | Best Test: 0.2459
Epoch 0003 | Loss: 1.5964 | Val: 0.3017 | Test: 0.2815 | Best Test: 0.2815
Epoch 0004 | Loss: 1.5729 | Val: 0.3371 | Test: 0.3218 | Best Test: 0.3218
Epoch 0005 | Loss: 1.5548 | Val: 0.3377 | Test: 0.3333 | Best Test: 0.3333
Epoch 0008 | Loss: 1.4836 | Val: 0.3480 | Test: 0.3477 | Best Test: 0.3477
Epoch 0009 | Loss: 1.4638 | Val: 0.3570 | Test: 0.3401 | Best Test: 0.3477
Epoch 0014 | Loss: 1.2983 | Val: 0.3606 | Test: 0.3256 | Best Test: 0.3477
Epoch 0015 | Loss: 1.2715 | Val: 0.3636 | Test: 0.3343 | Best Test: 0.3477
Epoch 0019 | Loss: 1.1352 | Val: 0.3666 | Test: 0.3314 | Best Test: 0.3477
Epoch 0022 | Loss: 1.0142 | Val: 0.3684 | Test: 0.3266 | Best Test: 0.3477
Epoch 0050 | Loss: 0.3513 | Val: 0.3257 | Test: 0.3026 | Best Test: 0.3477
Epoch 0100 | Loss: 0.1435 | Val: 0.3203 | Test: 0.2939 | Best Test: 0.3477
Epoch 0150 | Loss: 0.0927 | Val: 0.3167 | Test: 0.2930 | Best Test: 0.3477
Epoch 0200 | Loss: 0.0836 | Val: 0.3119 | Test: 0.2930 | Best Test: 0.3477
Epoch 0250 | Loss: 0.0665 | Val: 0.3107 | Test: 0.2901 | Best Test: 0.3477
Epoch 0300 | Loss: 0.0689 | Val: 0.3107 | Test: 0.2882 | Best Test: 0.3477
Epoch 0350 | Loss: 0.0670 | Val: 0.3101 | Test: 0.2911 | Best Test: 0.3477
Epoch 0400 | Loss: 0.0623 | Val: 0.3119 | Test: 0.2901 | Best Test: 0.3477
Epoch 0450 | Loss: 0.0735 | Val: 0.3119 | Test: 0.2949 | Best Test: 0.3477
Epoch 0500 | Loss: 0.0744 | Val: 0.3113 | Test: 0.2920 | Best Test: 0.3477
Epoch 0550 | Loss: 0.0645 | Val: 0.3107 | Test: 0.2930 | Best Test: 0.3477
Epoch 0600 | Loss: 0.0650 | Val: 0.3101 | Test: 0.2949 | Best Test: 0.3477
Epoch 0650 | Loss: 0.0725 | Val: 0.3089 | Test: 0.2939 | Best Test: 0.3477
Epoch 0700 | Loss: 0.0608 | Val: 0.3107 | Test: 0.2939 | Best Test: 0.3477
Epoch 0750 | Loss: 0.0661 | Val: 0.3101 | Test: 0.2920 | Best Test: 0.3477
Epoch 0800 | Loss: 0.0603 | Val: 0.3095 | Test: 0.2930 | Best Test: 0.3477
Epoch 0850 | Loss: 0.0657 | Val: 0.3107 | Test: 0.2911 | Best Test: 0.3477
Epoch 0900 | Loss: 0.0615 | Val: 0.3107 | Test: 0.2930 | Best Test: 0.3477
Epoch 0950 | Loss: 0.0624 | Val: 0.3095 | Test: 0.2920 | Best Test: 0.3477
Epoch 1000 | Loss: 0.0641 | Val: 0.3095 | Test: 0.2920 | Best Test: 0.3477
Early stopping at epoch 1023
[sgpc] summary data_id=4 split=9 seed=0 spec=dense best_val=0.3684 val_selected_test=0.3266 val_selected_epoch=22 oracle_best_test=0.3477 last_epoch=1023
[repro] exit_code=0
[repro] runtime_seconds=565
[repro] finished_at=2026-09-12T19:45:06+08:00
