[repro] started_at=2026-09-12T16:33:49+08:00
[repro] run_id=20260912_163349_webkb_s0_s2_Cornell_pid44471
[repro] repo_commit=114b585d0d0e32afbf1d7232dd04c013fa8453e2
[repro] tracked_patch_sha256=72952adeb096a5ca61e6e115a0a29e0e484ca577aba23f57b5c11dea083afee7
[repro] main_py_sha256=dc67561acc2c8d0860a4b53c2cdbd729ddaff59fd5b61d50dd1e3a513a6e06ac
[repro] dataset=Cornell data_id=6 env=dtgb cuda_visible_devices=0
[repro] data_link=/tmp/Cornell -> /home/lab_user/project/lzc/repro/sgpc/data/Cornell
[repro] command=python main.py 6 --split 2 --seed 0
[repro] resource_cap_ratio=85 threads=17 CPUQuota=1700% MemoryMax=55139365888 cuda_fraction=0.85
[repro] python=3.10.20 torch=2.2.1+cu121 pyg=2.8.0.post1 torch_sparse=0.6.18+pt22cu121
[repro] cuda=True gpu=NVIDIA GeForce RTX 3090
[cap] cores=17/20 CPUQuota=1700% MemoryMax=55139365888 cuda_fraction=0.85 mps=85 gpu_gov=1
Running as unit: run-p44553-i39620.scope; invocation ID: 847e494c711e4c4f874ffcbd6b470c7f
[sgpc] config data_id=6 split=2 n_splits=10 seed=0 spec=dense max_epochs=2000 pacbayes_epoch=300
Epoch 0001 | Loss: 1.6779 | Val: 0.3559 | Test: 0.5405 | Best Test: 0.5405
Epoch 0002 | Loss: 1.3860 | Val: 0.3559 | Test: 0.5405 | Best Test: 0.5405
Epoch 0003 | Loss: 1.2893 | Val: 0.3559 | Test: 0.5405 | Best Test: 0.5405
Epoch 0004 | Loss: 1.2576 | Val: 0.3559 | Test: 0.5405 | Best Test: 0.5405
Epoch 0005 | Loss: 1.1393 | Val: 0.3559 | Test: 0.5405 | Best Test: 0.5405
Epoch 0006 | Loss: 1.1352 | Val: 0.3559 | Test: 0.5405 | Best Test: 0.5405
Epoch 0007 | Loss: 1.0604 | Val: 0.3559 | Test: 0.5676 | Best Test: 0.5676
Epoch 0008 | Loss: 0.9789 | Val: 0.5424 | Test: 0.6486 | Best Test: 0.6486
Epoch 0009 | Loss: 0.9589 | Val: 0.6441 | Test: 0.7027 | Best Test: 0.7027
Epoch 0010 | Loss: 0.9295 | Val: 0.6610 | Test: 0.7838 | Best Test: 0.7838
Epoch 0011 | Loss: 0.8718 | Val: 0.6780 | Test: 0.7838 | Best Test: 0.7838
Epoch 0012 | Loss: 0.7664 | Val: 0.6780 | Test: 0.7838 | Best Test: 0.7838
Epoch 0013 | Loss: 0.7560 | Val: 0.6780 | Test: 0.7568 | Best Test: 0.7838
Epoch 0014 | Loss: 0.6793 | Val: 0.6780 | Test: 0.7568 | Best Test: 0.7838
Epoch 0015 | Loss: 0.6441 | Val: 0.6780 | Test: 0.7568 | Best Test: 0.7838
Epoch 0016 | Loss: 0.5688 | Val: 0.6780 | Test: 0.7838 | Best Test: 0.7838
Epoch 0017 | Loss: 0.5206 | Val: 0.6780 | Test: 0.8378 | Best Test: 0.8378
Epoch 0018 | Loss: 0.5116 | Val: 0.6780 | Test: 0.8378 | Best Test: 0.8378
Epoch 0019 | Loss: 0.4243 | Val: 0.6780 | Test: 0.8378 | Best Test: 0.8378
Epoch 0020 | Loss: 0.4480 | Val: 0.6780 | Test: 0.8378 | Best Test: 0.8378
Epoch 0050 | Loss: 0.0286 | Val: 0.6610 | Test: 0.8378 | Best Test: 0.8378
Epoch 0100 | Loss: 0.0100 | Val: 0.6610 | Test: 0.8378 | Best Test: 0.8378
Epoch 0150 | Loss: 0.0053 | Val: 0.6610 | Test: 0.8378 | Best Test: 0.8378
Epoch 0200 | Loss: 0.0059 | Val: 0.6610 | Test: 0.8378 | Best Test: 0.8378
Epoch 0250 | Loss: 0.0044 | Val: 0.6610 | Test: 0.8378 | Best Test: 0.8378
Epoch 0300 | Loss: 0.0082 | Val: 0.6610 | Test: 0.8378 | Best Test: 0.8378
Epoch 0350 | Loss: 0.0275 | Val: 0.6610 | Test: 0.8378 | Best Test: 0.8378
Epoch 0400 | Loss: 0.0207 | Val: 0.6610 | Test: 0.8378 | Best Test: 0.8378
Epoch 0450 | Loss: 0.0241 | Val: 0.6610 | Test: 0.8378 | Best Test: 0.8378
Epoch 0500 | Loss: 0.0182 | Val: 0.6610 | Test: 0.8378 | Best Test: 0.8378
Epoch 0550 | Loss: 0.0181 | Val: 0.6610 | Test: 0.8378 | Best Test: 0.8378
Epoch 0600 | Loss: 0.0209 | Val: 0.6610 | Test: 0.8378 | Best Test: 0.8378
Epoch 0650 | Loss: 0.0213 | Val: 0.6610 | Test: 0.8378 | Best Test: 0.8378
Epoch 0681 | Loss: 0.0226 | Val: 0.6780 | Test: 0.8378 | Best Test: 0.8378
Epoch 0682 | Loss: 0.0241 | Val: 0.6780 | Test: 0.8378 | Best Test: 0.8378
Epoch 0683 | Loss: 0.0231 | Val: 0.6780 | Test: 0.8378 | Best Test: 0.8378
Epoch 0684 | Loss: 0.0187 | Val: 0.6780 | Test: 0.8378 | Best Test: 0.8378
Epoch 0685 | Loss: 0.0219 | Val: 0.6780 | Test: 0.8378 | Best Test: 0.8378
Epoch 0686 | Loss: 0.0195 | Val: 0.6780 | Test: 0.8378 | Best Test: 0.8378
Epoch 0687 | Loss: 0.0248 | Val: 0.6780 | Test: 0.8378 | Best Test: 0.8378
Epoch 0688 | Loss: 0.0186 | Val: 0.6780 | Test: 0.8378 | Best Test: 0.8378
Epoch 0689 | Loss: 0.0220 | Val: 0.6780 | Test: 0.8378 | Best Test: 0.8378
Epoch 0690 | Loss: 0.0207 | Val: 0.6780 | Test: 0.8378 | Best Test: 0.8378
Epoch 0691 | Loss: 0.0219 | Val: 0.6780 | Test: 0.8378 | Best Test: 0.8378
Epoch 0692 | Loss: 0.0205 | Val: 0.6780 | Test: 0.8378 | Best Test: 0.8378
Epoch 0693 | Loss: 0.0202 | Val: 0.6780 | Test: 0.8378 | Best Test: 0.8378
Epoch 0694 | Loss: 0.0198 | Val: 0.6780 | Test: 0.8378 | Best Test: 0.8378
Epoch 0695 | Loss: 0.0184 | Val: 0.6780 | Test: 0.8378 | Best Test: 0.8378
Epoch 0696 | Loss: 0.0235 | Val: 0.6780 | Test: 0.8378 | Best Test: 0.8378
Epoch 0697 | Loss: 0.0202 | Val: 0.6780 | Test: 0.8378 | Best Test: 0.8378
Epoch 0698 | Loss: 0.0197 | Val: 0.6780 | Test: 0.8378 | Best Test: 0.8378
Epoch 0699 | Loss: 0.0184 | Val: 0.6780 | Test: 0.8378 | Best Test: 0.8378
Epoch 0700 | Loss: 0.0183 | Val: 0.6780 | Test: 0.8378 | Best Test: 0.8378
Epoch 0701 | Loss: 0.0211 | Val: 0.6780 | Test: 0.8378 | Best Test: 0.8378
Epoch 0702 | Loss: 0.0206 | Val: 0.6780 | Test: 0.8378 | Best Test: 0.8378
Epoch 0703 | Loss: 0.0193 | Val: 0.6780 | Test: 0.8378 | Best Test: 0.8378
Epoch 0704 | Loss: 0.0218 | Val: 0.6780 | Test: 0.8378 | Best Test: 0.8378
Epoch 0705 | Loss: 0.0206 | Val: 0.6780 | Test: 0.8378 | Best Test: 0.8378
Epoch 0706 | Loss: 0.0211 | Val: 0.6780 | Test: 0.8378 | Best Test: 0.8378
Epoch 0707 | Loss: 0.0185 | Val: 0.6780 | Test: 0.8378 | Best Test: 0.8378
Epoch 0708 | Loss: 0.0202 | Val: 0.6780 | Test: 0.8378 | Best Test: 0.8378
Epoch 0709 | Loss: 0.0194 | Val: 0.6780 | Test: 0.8378 | Best Test: 0.8378
Epoch 0710 | Loss: 0.0202 | Val: 0.6780 | Test: 0.8378 | Best Test: 0.8378
Epoch 0711 | Loss: 0.0195 | Val: 0.6780 | Test: 0.8378 | Best Test: 0.8378
Epoch 0712 | Loss: 0.0192 | Val: 0.6780 | Test: 0.8378 | Best Test: 0.8378
Epoch 0713 | Loss: 0.0252 | Val: 0.6780 | Test: 0.8378 | Best Test: 0.8378
Epoch 0714 | Loss: 0.0203 | Val: 0.6780 | Test: 0.8378 | Best Test: 0.8378
Epoch 0715 | Loss: 0.0205 | Val: 0.6780 | Test: 0.8378 | Best Test: 0.8378
Epoch 0716 | Loss: 0.0188 | Val: 0.6780 | Test: 0.8378 | Best Test: 0.8378
Epoch 0717 | Loss: 0.0208 | Val: 0.6780 | Test: 0.8378 | Best Test: 0.8378
Epoch 0718 | Loss: 0.0209 | Val: 0.6780 | Test: 0.8378 | Best Test: 0.8378
Epoch 0719 | Loss: 0.0193 | Val: 0.6780 | Test: 0.8378 | Best Test: 0.8378
Epoch 0720 | Loss: 0.0195 | Val: 0.6780 | Test: 0.8378 | Best Test: 0.8378
Epoch 0721 | Loss: 0.0188 | Val: 0.6780 | Test: 0.8378 | Best Test: 0.8378
Epoch 0722 | Loss: 0.0187 | Val: 0.6780 | Test: 0.8378 | Best Test: 0.8378
Epoch 0723 | Loss: 0.0211 | Val: 0.6780 | Test: 0.8378 | Best Test: 0.8378
Epoch 0724 | Loss: 0.0208 | Val: 0.6780 | Test: 0.8378 | Best Test: 0.8378
Epoch 0725 | Loss: 0.0219 | Val: 0.6780 | Test: 0.8378 | Best Test: 0.8378
Epoch 0726 | Loss: 0.0196 | Val: 0.6780 | Test: 0.8378 | Best Test: 0.8378
Epoch 0727 | Loss: 0.0205 | Val: 0.6780 | Test: 0.8378 | Best Test: 0.8378
Epoch 0728 | Loss: 0.0221 | Val: 0.6780 | Test: 0.8378 | Best Test: 0.8378
Epoch 0729 | Loss: 0.0188 | Val: 0.6780 | Test: 0.8378 | Best Test: 0.8378
Epoch 0730 | Loss: 0.0185 | Val: 0.6780 | Test: 0.8378 | Best Test: 0.8378
Epoch 0731 | Loss: 0.0193 | Val: 0.6780 | Test: 0.8378 | Best Test: 0.8378
Epoch 0732 | Loss: 0.0197 | Val: 0.6780 | Test: 0.8378 | Best Test: 0.8378
Epoch 0733 | Loss: 0.0239 | Val: 0.6780 | Test: 0.8378 | Best Test: 0.8378
Epoch 0734 | Loss: 0.0192 | Val: 0.6780 | Test: 0.8378 | Best Test: 0.8378
Epoch 0735 | Loss: 0.0207 | Val: 0.6780 | Test: 0.8378 | Best Test: 0.8378
Epoch 0736 | Loss: 0.0206 | Val: 0.6780 | Test: 0.8378 | Best Test: 0.8378
Epoch 0737 | Loss: 0.0220 | Val: 0.6780 | Test: 0.8378 | Best Test: 0.8378
Epoch 0738 | Loss: 0.0191 | Val: 0.6780 | Test: 0.8378 | Best Test: 0.8378
Epoch 0739 | Loss: 0.0202 | Val: 0.6780 | Test: 0.8378 | Best Test: 0.8378
Epoch 0740 | Loss: 0.0224 | Val: 0.6780 | Test: 0.8378 | Best Test: 0.8378
Epoch 0741 | Loss: 0.0211 | Val: 0.6780 | Test: 0.8378 | Best Test: 0.8378
Epoch 0742 | Loss: 0.0196 | Val: 0.6780 | Test: 0.8378 | Best Test: 0.8378
Epoch 0743 | Loss: 0.0194 | Val: 0.6780 | Test: 0.8378 | Best Test: 0.8378
Epoch 0744 | Loss: 0.0206 | Val: 0.6780 | Test: 0.8378 | Best Test: 0.8378
Epoch 0745 | Loss: 0.0214 | Val: 0.6780 | Test: 0.8378 | Best Test: 0.8378
Epoch 0746 | Loss: 0.0194 | Val: 0.6780 | Test: 0.8378 | Best Test: 0.8378
Epoch 0747 | Loss: 0.0211 | Val: 0.6780 | Test: 0.8378 | Best Test: 0.8378
Epoch 0748 | Loss: 0.0207 | Val: 0.6780 | Test: 0.8378 | Best Test: 0.8378
Epoch 0749 | Loss: 0.0209 | Val: 0.6780 | Test: 0.8378 | Best Test: 0.8378
Epoch 0750 | Loss: 0.0206 | Val: 0.6780 | Test: 0.8378 | Best Test: 0.8378
Epoch 0751 | Loss: 0.0193 | Val: 0.6780 | Test: 0.8378 | Best Test: 0.8378
Epoch 0752 | Loss: 0.0199 | Val: 0.6780 | Test: 0.8378 | Best Test: 0.8378
Epoch 0753 | Loss: 0.0240 | Val: 0.6780 | Test: 0.8378 | Best Test: 0.8378
Epoch 0754 | Loss: 0.0201 | Val: 0.6780 | Test: 0.8378 | Best Test: 0.8378
Epoch 0755 | Loss: 0.0235 | Val: 0.6780 | Test: 0.8378 | Best Test: 0.8378
Epoch 0756 | Loss: 0.0199 | Val: 0.6780 | Test: 0.8378 | Best Test: 0.8378
Epoch 0757 | Loss: 0.0222 | Val: 0.6780 | Test: 0.8378 | Best Test: 0.8378
Epoch 0758 | Loss: 0.0207 | Val: 0.6780 | Test: 0.8378 | Best Test: 0.8378
Epoch 0759 | Loss: 0.0206 | Val: 0.6780 | Test: 0.8378 | Best Test: 0.8378
Epoch 0760 | Loss: 0.0198 | Val: 0.6780 | Test: 0.8378 | Best Test: 0.8378
Epoch 0761 | Loss: 0.0205 | Val: 0.6780 | Test: 0.8378 | Best Test: 0.8378
Epoch 0762 | Loss: 0.0209 | Val: 0.6780 | Test: 0.8378 | Best Test: 0.8378
Epoch 0763 | Loss: 0.0191 | Val: 0.6780 | Test: 0.8378 | Best Test: 0.8378
Epoch 0764 | Loss: 0.0185 | Val: 0.6780 | Test: 0.8378 | Best Test: 0.8378
Epoch 0765 | Loss: 0.0215 | Val: 0.6780 | Test: 0.8378 | Best Test: 0.8378
Epoch 0766 | Loss: 0.0200 | Val: 0.6780 | Test: 0.8378 | Best Test: 0.8378
Epoch 0767 | Loss: 0.0226 | Val: 0.6780 | Test: 0.8378 | Best Test: 0.8378
Epoch 0768 | Loss: 0.0230 | Val: 0.6780 | Test: 0.8378 | Best Test: 0.8378
Epoch 0769 | Loss: 0.0196 | Val: 0.6780 | Test: 0.8378 | Best Test: 0.8378
Epoch 0770 | Loss: 0.0192 | Val: 0.6780 | Test: 0.8378 | Best Test: 0.8378
Epoch 0771 | Loss: 0.0186 | Val: 0.6780 | Test: 0.8378 | Best Test: 0.8378
Epoch 0772 | Loss: 0.0189 | Val: 0.6780 | Test: 0.8378 | Best Test: 0.8378
Epoch 0773 | Loss: 0.0187 | Val: 0.6780 | Test: 0.8378 | Best Test: 0.8378
Epoch 0774 | Loss: 0.0187 | Val: 0.6780 | Test: 0.8378 | Best Test: 0.8378
Epoch 0775 | Loss: 0.0194 | Val: 0.6780 | Test: 0.8378 | Best Test: 0.8378
Epoch 0776 | Loss: 0.0241 | Val: 0.6780 | Test: 0.8378 | Best Test: 0.8378
Epoch 0777 | Loss: 0.0200 | Val: 0.6780 | Test: 0.8378 | Best Test: 0.8378
Epoch 0778 | Loss: 0.0192 | Val: 0.6780 | Test: 0.8378 | Best Test: 0.8378
Epoch 0779 | Loss: 0.0189 | Val: 0.6780 | Test: 0.8378 | Best Test: 0.8378
Epoch 0780 | Loss: 0.0189 | Val: 0.6780 | Test: 0.8378 | Best Test: 0.8378
Epoch 0781 | Loss: 0.0202 | Val: 0.6780 | Test: 0.8378 | Best Test: 0.8378
Epoch 0782 | Loss: 0.0193 | Val: 0.6780 | Test: 0.8378 | Best Test: 0.8378
Epoch 0783 | Loss: 0.0214 | Val: 0.6780 | Test: 0.8378 | Best Test: 0.8378
Epoch 0784 | Loss: 0.0193 | Val: 0.6780 | Test: 0.8378 | Best Test: 0.8378
Epoch 0785 | Loss: 0.0213 | Val: 0.6780 | Test: 0.8378 | Best Test: 0.8378
Epoch 0786 | Loss: 0.0187 | Val: 0.6780 | Test: 0.8378 | Best Test: 0.8378
Epoch 0787 | Loss: 0.0179 | Val: 0.6780 | Test: 0.8378 | Best Test: 0.8378
Epoch 0788 | Loss: 0.0212 | Val: 0.6780 | Test: 0.8378 | Best Test: 0.8378
Epoch 0789 | Loss: 0.0199 | Val: 0.6780 | Test: 0.8378 | Best Test: 0.8378
Epoch 0790 | Loss: 0.0213 | Val: 0.6780 | Test: 0.8378 | Best Test: 0.8378
Epoch 0791 | Loss: 0.0218 | Val: 0.6780 | Test: 0.8378 | Best Test: 0.8378
Epoch 0792 | Loss: 0.0184 | Val: 0.6780 | Test: 0.8378 | Best Test: 0.8378
Epoch 0793 | Loss: 0.0189 | Val: 0.6780 | Test: 0.8378 | Best Test: 0.8378
Epoch 0794 | Loss: 0.0216 | Val: 0.6780 | Test: 0.8378 | Best Test: 0.8378
Epoch 0795 | Loss: 0.0203 | Val: 0.6780 | Test: 0.8378 | Best Test: 0.8378
Epoch 0796 | Loss: 0.0204 | Val: 0.6780 | Test: 0.8378 | Best Test: 0.8378
Epoch 0797 | Loss: 0.0247 | Val: 0.6780 | Test: 0.8378 | Best Test: 0.8378
Epoch 0798 | Loss: 0.0194 | Val: 0.6780 | Test: 0.8378 | Best Test: 0.8378
Epoch 0799 | Loss: 0.0242 | Val: 0.6780 | Test: 0.8378 | Best Test: 0.8378
Epoch 0800 | Loss: 0.0196 | Val: 0.6780 | Test: 0.8378 | Best Test: 0.8378
Epoch 0801 | Loss: 0.0205 | Val: 0.6780 | Test: 0.8378 | Best Test: 0.8378
Epoch 0802 | Loss: 0.0203 | Val: 0.6780 | Test: 0.8378 | Best Test: 0.8378
Epoch 0803 | Loss: 0.0222 | Val: 0.6780 | Test: 0.8378 | Best Test: 0.8378
Epoch 0804 | Loss: 0.0184 | Val: 0.6780 | Test: 0.8378 | Best Test: 0.8378
Epoch 0805 | Loss: 0.0204 | Val: 0.6780 | Test: 0.8378 | Best Test: 0.8378
Epoch 0806 | Loss: 0.0223 | Val: 0.6780 | Test: 0.8378 | Best Test: 0.8378
Epoch 0807 | Loss: 0.0183 | Val: 0.6780 | Test: 0.8378 | Best Test: 0.8378
Epoch 0808 | Loss: 0.0209 | Val: 0.6780 | Test: 0.8378 | Best Test: 0.8378
Epoch 0809 | Loss: 0.0201 | Val: 0.6780 | Test: 0.8378 | Best Test: 0.8378
Epoch 0810 | Loss: 0.0193 | Val: 0.6780 | Test: 0.8378 | Best Test: 0.8378
Epoch 0811 | Loss: 0.0209 | Val: 0.6780 | Test: 0.8378 | Best Test: 0.8378
Epoch 0812 | Loss: 0.0243 | Val: 0.6780 | Test: 0.8378 | Best Test: 0.8378
Epoch 0813 | Loss: 0.0218 | Val: 0.6780 | Test: 0.8378 | Best Test: 0.8378
Epoch 0814 | Loss: 0.0193 | Val: 0.6780 | Test: 0.8378 | Best Test: 0.8378
Epoch 0815 | Loss: 0.0194 | Val: 0.6780 | Test: 0.8378 | Best Test: 0.8378
Epoch 0816 | Loss: 0.0199 | Val: 0.6780 | Test: 0.8378 | Best Test: 0.8378
Epoch 0817 | Loss: 0.0211 | Val: 0.6780 | Test: 0.8378 | Best Test: 0.8378
Epoch 0818 | Loss: 0.0176 | Val: 0.6780 | Test: 0.8378 | Best Test: 0.8378
Epoch 0819 | Loss: 0.0184 | Val: 0.6780 | Test: 0.8378 | Best Test: 0.8378
Epoch 0820 | Loss: 0.0225 | Val: 0.6780 | Test: 0.8378 | Best Test: 0.8378
Epoch 0821 | Loss: 0.0192 | Val: 0.6780 | Test: 0.8378 | Best Test: 0.8378
Epoch 0822 | Loss: 0.0201 | Val: 0.6780 | Test: 0.8378 | Best Test: 0.8378
Epoch 0823 | Loss: 0.0193 | Val: 0.6780 | Test: 0.8378 | Best Test: 0.8378
Epoch 0824 | Loss: 0.0214 | Val: 0.6780 | Test: 0.8378 | Best Test: 0.8378
Epoch 0825 | Loss: 0.0188 | Val: 0.6780 | Test: 0.8378 | Best Test: 0.8378
Epoch 0826 | Loss: 0.0200 | Val: 0.6780 | Test: 0.8378 | Best Test: 0.8378
Epoch 0827 | Loss: 0.0182 | Val: 0.6780 | Test: 0.8378 | Best Test: 0.8378
Epoch 0828 | Loss: 0.0196 | Val: 0.6780 | Test: 0.8378 | Best Test: 0.8378
Epoch 0829 | Loss: 0.0247 | Val: 0.6780 | Test: 0.8378 | Best Test: 0.8378
Epoch 0830 | Loss: 0.0199 | Val: 0.6780 | Test: 0.8378 | Best Test: 0.8378
Epoch 0831 | Loss: 0.0220 | Val: 0.6780 | Test: 0.8378 | Best Test: 0.8378
Epoch 0832 | Loss: 0.0197 | Val: 0.6780 | Test: 0.8378 | Best Test: 0.8378
Epoch 0833 | Loss: 0.0273 | Val: 0.6780 | Test: 0.8378 | Best Test: 0.8378
Epoch 0834 | Loss: 0.0256 | Val: 0.6780 | Test: 0.8378 | Best Test: 0.8378
Epoch 0835 | Loss: 0.0190 | Val: 0.6780 | Test: 0.8378 | Best Test: 0.8378
Epoch 0836 | Loss: 0.0204 | Val: 0.6780 | Test: 0.8378 | Best Test: 0.8378
Epoch 0837 | Loss: 0.0204 | Val: 0.6780 | Test: 0.8378 | Best Test: 0.8378
Epoch 0838 | Loss: 0.0193 | Val: 0.6780 | Test: 0.8378 | Best Test: 0.8378
Epoch 0839 | Loss: 0.0185 | Val: 0.6780 | Test: 0.8378 | Best Test: 0.8378
Epoch 0840 | Loss: 0.0216 | Val: 0.6780 | Test: 0.8378 | Best Test: 0.8378
Epoch 0841 | Loss: 0.0214 | Val: 0.6780 | Test: 0.8378 | Best Test: 0.8378
Epoch 0842 | Loss: 0.0197 | Val: 0.6780 | Test: 0.8378 | Best Test: 0.8378
Epoch 0843 | Loss: 0.0214 | Val: 0.6780 | Test: 0.8378 | Best Test: 0.8378
Epoch 0844 | Loss: 0.0194 | Val: 0.6780 | Test: 0.8378 | Best Test: 0.8378
Epoch 0845 | Loss: 0.0196 | Val: 0.6780 | Test: 0.8378 | Best Test: 0.8378
Epoch 0846 | Loss: 0.0188 | Val: 0.6780 | Test: 0.8378 | Best Test: 0.8378
Epoch 0847 | Loss: 0.0193 | Val: 0.6780 | Test: 0.8378 | Best Test: 0.8378
Epoch 0848 | Loss: 0.0230 | Val: 0.6780 | Test: 0.8378 | Best Test: 0.8378
Epoch 0849 | Loss: 0.0237 | Val: 0.6780 | Test: 0.8378 | Best Test: 0.8378
Epoch 0850 | Loss: 0.0198 | Val: 0.6780 | Test: 0.8378 | Best Test: 0.8378
Epoch 0851 | Loss: 0.0197 | Val: 0.6780 | Test: 0.8378 | Best Test: 0.8378
Epoch 0852 | Loss: 0.0208 | Val: 0.6780 | Test: 0.8378 | Best Test: 0.8378
Epoch 0853 | Loss: 0.0189 | Val: 0.6780 | Test: 0.8378 | Best Test: 0.8378
Epoch 0854 | Loss: 0.0198 | Val: 0.6780 | Test: 0.8378 | Best Test: 0.8378
Epoch 0855 | Loss: 0.0185 | Val: 0.6780 | Test: 0.8378 | Best Test: 0.8378
Epoch 0856 | Loss: 0.0187 | Val: 0.6780 | Test: 0.8378 | Best Test: 0.8378
Epoch 0857 | Loss: 0.0195 | Val: 0.6780 | Test: 0.8378 | Best Test: 0.8378
Epoch 0858 | Loss: 0.0193 | Val: 0.6780 | Test: 0.8378 | Best Test: 0.8378
Epoch 0859 | Loss: 0.0196 | Val: 0.6780 | Test: 0.8378 | Best Test: 0.8378
Epoch 0860 | Loss: 0.0188 | Val: 0.6780 | Test: 0.8378 | Best Test: 0.8378
Epoch 0861 | Loss: 0.0192 | Val: 0.6780 | Test: 0.8378 | Best Test: 0.8378
Epoch 0862 | Loss: 0.0208 | Val: 0.6780 | Test: 0.8378 | Best Test: 0.8378
Epoch 0863 | Loss: 0.0240 | Val: 0.6780 | Test: 0.8378 | Best Test: 0.8378
Epoch 0864 | Loss: 0.0185 | Val: 0.6780 | Test: 0.8378 | Best Test: 0.8378
Epoch 0865 | Loss: 0.0179 | Val: 0.6780 | Test: 0.8378 | Best Test: 0.8378
Epoch 0866 | Loss: 0.0185 | Val: 0.6780 | Test: 0.8378 | Best Test: 0.8378
Epoch 0867 | Loss: 0.0194 | Val: 0.6780 | Test: 0.8378 | Best Test: 0.8378
Epoch 0868 | Loss: 0.0192 | Val: 0.6780 | Test: 0.8378 | Best Test: 0.8378
Epoch 0869 | Loss: 0.0192 | Val: 0.6780 | Test: 0.8378 | Best Test: 0.8378
Epoch 0870 | Loss: 0.0221 | Val: 0.6780 | Test: 0.8378 | Best Test: 0.8378
Epoch 0871 | Loss: 0.0214 | Val: 0.6780 | Test: 0.8378 | Best Test: 0.8378
Epoch 0872 | Loss: 0.0187 | Val: 0.6780 | Test: 0.8378 | Best Test: 0.8378
Epoch 0873 | Loss: 0.0179 | Val: 0.6780 | Test: 0.8378 | Best Test: 0.8378
Epoch 0874 | Loss: 0.0185 | Val: 0.6780 | Test: 0.8378 | Best Test: 0.8378
Epoch 0875 | Loss: 0.0186 | Val: 0.6780 | Test: 0.8378 | Best Test: 0.8378
Epoch 0876 | Loss: 0.0185 | Val: 0.6780 | Test: 0.8378 | Best Test: 0.8378
Epoch 0877 | Loss: 0.0209 | Val: 0.6780 | Test: 0.8378 | Best Test: 0.8378
Epoch 0878 | Loss: 0.0184 | Val: 0.6780 | Test: 0.8378 | Best Test: 0.8378
Epoch 0879 | Loss: 0.0187 | Val: 0.6780 | Test: 0.8378 | Best Test: 0.8378
Epoch 0880 | Loss: 0.0214 | Val: 0.6780 | Test: 0.8378 | Best Test: 0.8378
Epoch 0881 | Loss: 0.0195 | Val: 0.6780 | Test: 0.8378 | Best Test: 0.8378
Epoch 0882 | Loss: 0.0185 | Val: 0.6780 | Test: 0.8378 | Best Test: 0.8378
Epoch 0883 | Loss: 0.0208 | Val: 0.6780 | Test: 0.8378 | Best Test: 0.8378
Epoch 0884 | Loss: 0.0216 | Val: 0.6780 | Test: 0.8378 | Best Test: 0.8378
Epoch 0885 | Loss: 0.0244 | Val: 0.6780 | Test: 0.8378 | Best Test: 0.8378
Epoch 0886 | Loss: 0.0220 | Val: 0.6780 | Test: 0.8378 | Best Test: 0.8378
Epoch 0887 | Loss: 0.0219 | Val: 0.6780 | Test: 0.8378 | Best Test: 0.8378
Epoch 0888 | Loss: 0.0306 | Val: 0.6780 | Test: 0.8378 | Best Test: 0.8378
Epoch 0889 | Loss: 0.0187 | Val: 0.6780 | Test: 0.8378 | Best Test: 0.8378
Epoch 0890 | Loss: 0.0202 | Val: 0.6780 | Test: 0.8378 | Best Test: 0.8378
Epoch 0891 | Loss: 0.0174 | Val: 0.6780 | Test: 0.8378 | Best Test: 0.8378
Epoch 0892 | Loss: 0.0185 | Val: 0.6780 | Test: 0.8378 | Best Test: 0.8378
Epoch 0893 | Loss: 0.0192 | Val: 0.6780 | Test: 0.8378 | Best Test: 0.8378
Epoch 0894 | Loss: 0.0197 | Val: 0.6780 | Test: 0.8378 | Best Test: 0.8378
Epoch 0895 | Loss: 0.0214 | Val: 0.6780 | Test: 0.8378 | Best Test: 0.8378
Epoch 0896 | Loss: 0.0202 | Val: 0.6780 | Test: 0.8378 | Best Test: 0.8378
Epoch 0897 | Loss: 0.0221 | Val: 0.6780 | Test: 0.8378 | Best Test: 0.8378
Epoch 0898 | Loss: 0.0182 | Val: 0.6780 | Test: 0.8378 | Best Test: 0.8378
Epoch 0899 | Loss: 0.0188 | Val: 0.6780 | Test: 0.8378 | Best Test: 0.8378
Epoch 0900 | Loss: 0.0222 | Val: 0.6780 | Test: 0.8378 | Best Test: 0.8378
Epoch 0901 | Loss: 0.0256 | Val: 0.6780 | Test: 0.8378 | Best Test: 0.8378
Epoch 0902 | Loss: 0.0213 | Val: 0.6780 | Test: 0.8378 | Best Test: 0.8378
Epoch 0903 | Loss: 0.0260 | Val: 0.6780 | Test: 0.8378 | Best Test: 0.8378
Epoch 0904 | Loss: 0.0204 | Val: 0.6780 | Test: 0.8378 | Best Test: 0.8378
Epoch 0905 | Loss: 0.0212 | Val: 0.6780 | Test: 0.8378 | Best Test: 0.8378
Epoch 0906 | Loss: 0.0245 | Val: 0.6780 | Test: 0.8378 | Best Test: 0.8378
Epoch 0907 | Loss: 0.0179 | Val: 0.6780 | Test: 0.8378 | Best Test: 0.8378
Epoch 0908 | Loss: 0.0203 | Val: 0.6780 | Test: 0.8378 | Best Test: 0.8378
Epoch 0909 | Loss: 0.0188 | Val: 0.6780 | Test: 0.8378 | Best Test: 0.8378
Epoch 0910 | Loss: 0.0250 | Val: 0.6780 | Test: 0.8378 | Best Test: 0.8378
Epoch 0911 | Loss: 0.0208 | Val: 0.6780 | Test: 0.8378 | Best Test: 0.8378
Epoch 0912 | Loss: 0.0212 | Val: 0.6780 | Test: 0.8378 | Best Test: 0.8378
Epoch 0913 | Loss: 0.0213 | Val: 0.6780 | Test: 0.8378 | Best Test: 0.8378
Epoch 0914 | Loss: 0.0226 | Val: 0.6780 | Test: 0.8378 | Best Test: 0.8378
Epoch 0915 | Loss: 0.0195 | Val: 0.6780 | Test: 0.8378 | Best Test: 0.8378
Epoch 0916 | Loss: 0.0215 | Val: 0.6780 | Test: 0.8378 | Best Test: 0.8378
Epoch 0917 | Loss: 0.0227 | Val: 0.6780 | Test: 0.8378 | Best Test: 0.8378
Epoch 0918 | Loss: 0.0186 | Val: 0.6780 | Test: 0.8378 | Best Test: 0.8378
Epoch 0919 | Loss: 0.0211 | Val: 0.6780 | Test: 0.8378 | Best Test: 0.8378
Epoch 0920 | Loss: 0.0208 | Val: 0.6780 | Test: 0.8378 | Best Test: 0.8378
Epoch 0921 | Loss: 0.0193 | Val: 0.6780 | Test: 0.8378 | Best Test: 0.8378
Epoch 0922 | Loss: 0.0258 | Val: 0.6780 | Test: 0.8378 | Best Test: 0.8378
Epoch 0923 | Loss: 0.0182 | Val: 0.6780 | Test: 0.8378 | Best Test: 0.8378
Epoch 0924 | Loss: 0.0192 | Val: 0.6780 | Test: 0.8378 | Best Test: 0.8378
Epoch 0925 | Loss: 0.0238 | Val: 0.6780 | Test: 0.8378 | Best Test: 0.8378
Epoch 0926 | Loss: 0.0186 | Val: 0.6780 | Test: 0.8378 | Best Test: 0.8378
Epoch 0927 | Loss: 0.0191 | Val: 0.6780 | Test: 0.8378 | Best Test: 0.8378
Epoch 0928 | Loss: 0.0274 | Val: 0.6780 | Test: 0.8378 | Best Test: 0.8378
Epoch 0929 | Loss: 0.0187 | Val: 0.6780 | Test: 0.8378 | Best Test: 0.8378
Epoch 0930 | Loss: 0.0201 | Val: 0.6780 | Test: 0.8378 | Best Test: 0.8378
Epoch 0931 | Loss: 0.0196 | Val: 0.6780 | Test: 0.8378 | Best Test: 0.8378
Epoch 0932 | Loss: 0.0225 | Val: 0.6780 | Test: 0.8378 | Best Test: 0.8378
Epoch 0933 | Loss: 0.0227 | Val: 0.6780 | Test: 0.8378 | Best Test: 0.8378
Epoch 0934 | Loss: 0.0193 | Val: 0.6780 | Test: 0.8378 | Best Test: 0.8378
Epoch 0935 | Loss: 0.0204 | Val: 0.6780 | Test: 0.8378 | Best Test: 0.8378
Epoch 0936 | Loss: 0.0205 | Val: 0.6780 | Test: 0.8378 | Best Test: 0.8378
Epoch 0937 | Loss: 0.0248 | Val: 0.6780 | Test: 0.8378 | Best Test: 0.8378
Epoch 0938 | Loss: 0.0202 | Val: 0.6780 | Test: 0.8378 | Best Test: 0.8378
Epoch 0939 | Loss: 0.0188 | Val: 0.6780 | Test: 0.8378 | Best Test: 0.8378
Epoch 0940 | Loss: 0.0217 | Val: 0.6780 | Test: 0.8378 | Best Test: 0.8378
Epoch 0941 | Loss: 0.0226 | Val: 0.6780 | Test: 0.8378 | Best Test: 0.8378
Epoch 0942 | Loss: 0.0240 | Val: 0.6780 | Test: 0.8378 | Best Test: 0.8378
Epoch 0943 | Loss: 0.0180 | Val: 0.6780 | Test: 0.8378 | Best Test: 0.8378
Epoch 0944 | Loss: 0.0228 | Val: 0.6780 | Test: 0.8378 | Best Test: 0.8378
Epoch 0945 | Loss: 0.0189 | Val: 0.6780 | Test: 0.8378 | Best Test: 0.8378
Epoch 0946 | Loss: 0.0203 | Val: 0.6780 | Test: 0.8378 | Best Test: 0.8378
Epoch 0947 | Loss: 0.0230 | Val: 0.6780 | Test: 0.8378 | Best Test: 0.8378
Epoch 0948 | Loss: 0.0203 | Val: 0.6780 | Test: 0.8378 | Best Test: 0.8378
Epoch 0949 | Loss: 0.0214 | Val: 0.6780 | Test: 0.8378 | Best Test: 0.8378
Epoch 0950 | Loss: 0.0182 | Val: 0.6780 | Test: 0.8378 | Best Test: 0.8378
Epoch 0951 | Loss: 0.0189 | Val: 0.6780 | Test: 0.8378 | Best Test: 0.8378
Epoch 0952 | Loss: 0.0194 | Val: 0.6780 | Test: 0.8378 | Best Test: 0.8378
Epoch 0953 | Loss: 0.0224 | Val: 0.6780 | Test: 0.8378 | Best Test: 0.8378
Epoch 0954 | Loss: 0.0231 | Val: 0.6780 | Test: 0.8378 | Best Test: 0.8378
Epoch 0955 | Loss: 0.0196 | Val: 0.6780 | Test: 0.8378 | Best Test: 0.8378
Epoch 0956 | Loss: 0.0200 | Val: 0.6780 | Test: 0.8378 | Best Test: 0.8378
Epoch 0957 | Loss: 0.0193 | Val: 0.6780 | Test: 0.8378 | Best Test: 0.8378
Epoch 0958 | Loss: 0.0213 | Val: 0.6780 | Test: 0.8378 | Best Test: 0.8378
Epoch 0959 | Loss: 0.0184 | Val: 0.6780 | Test: 0.8378 | Best Test: 0.8378
Epoch 0960 | Loss: 0.0192 | Val: 0.6780 | Test: 0.8378 | Best Test: 0.8378
Epoch 0961 | Loss: 0.0234 | Val: 0.6780 | Test: 0.8378 | Best Test: 0.8378
Epoch 0962 | Loss: 0.0178 | Val: 0.6780 | Test: 0.8378 | Best Test: 0.8378
Epoch 0963 | Loss: 0.0183 | Val: 0.6780 | Test: 0.8378 | Best Test: 0.8378
Epoch 0964 | Loss: 0.0193 | Val: 0.6780 | Test: 0.8378 | Best Test: 0.8378
Epoch 0965 | Loss: 0.0195 | Val: 0.6780 | Test: 0.8378 | Best Test: 0.8378
Epoch 0966 | Loss: 0.0189 | Val: 0.6780 | Test: 0.8378 | Best Test: 0.8378
Epoch 0967 | Loss: 0.0192 | Val: 0.6780 | Test: 0.8378 | Best Test: 0.8378
Epoch 0968 | Loss: 0.0228 | Val: 0.6780 | Test: 0.8378 | Best Test: 0.8378
Epoch 0969 | Loss: 0.0202 | Val: 0.6780 | Test: 0.8378 | Best Test: 0.8378
Epoch 0970 | Loss: 0.0253 | Val: 0.6780 | Test: 0.8378 | Best Test: 0.8378
Epoch 0971 | Loss: 0.0193 | Val: 0.6780 | Test: 0.8378 | Best Test: 0.8378
Epoch 0972 | Loss: 0.0214 | Val: 0.6780 | Test: 0.8378 | Best Test: 0.8378
Epoch 0973 | Loss: 0.0195 | Val: 0.6780 | Test: 0.8378 | Best Test: 0.8378
Epoch 0974 | Loss: 0.0276 | Val: 0.6780 | Test: 0.8378 | Best Test: 0.8378
Epoch 0975 | Loss: 0.0190 | Val: 0.6780 | Test: 0.8378 | Best Test: 0.8378
Epoch 0976 | Loss: 0.0303 | Val: 0.6780 | Test: 0.8378 | Best Test: 0.8378
Epoch 0977 | Loss: 0.0194 | Val: 0.6780 | Test: 0.8378 | Best Test: 0.8378
Epoch 0978 | Loss: 0.0218 | Val: 0.6780 | Test: 0.8378 | Best Test: 0.8378
Epoch 0979 | Loss: 0.0188 | Val: 0.6780 | Test: 0.8378 | Best Test: 0.8378
Epoch 0980 | Loss: 0.0258 | Val: 0.6780 | Test: 0.8378 | Best Test: 0.8378
Epoch 0981 | Loss: 0.0192 | Val: 0.6780 | Test: 0.8378 | Best Test: 0.8378
Epoch 0982 | Loss: 0.0182 | Val: 0.6780 | Test: 0.8378 | Best Test: 0.8378
Epoch 0983 | Loss: 0.0234 | Val: 0.6780 | Test: 0.8378 | Best Test: 0.8378
Epoch 0984 | Loss: 0.0203 | Val: 0.6780 | Test: 0.8378 | Best Test: 0.8378
Epoch 0985 | Loss: 0.0197 | Val: 0.6780 | Test: 0.8378 | Best Test: 0.8378
Epoch 0986 | Loss: 0.0218 | Val: 0.6780 | Test: 0.8378 | Best Test: 0.8378
Epoch 0987 | Loss: 0.0224 | Val: 0.6780 | Test: 0.8378 | Best Test: 0.8378
Epoch 0988 | Loss: 0.0196 | Val: 0.6780 | Test: 0.8378 | Best Test: 0.8378
Epoch 0989 | Loss: 0.0179 | Val: 0.6780 | Test: 0.8378 | Best Test: 0.8378
Epoch 0990 | Loss: 0.0275 | Val: 0.6780 | Test: 0.8378 | Best Test: 0.8378
Epoch 0991 | Loss: 0.0196 | Val: 0.6780 | Test: 0.8378 | Best Test: 0.8378
Epoch 0992 | Loss: 0.0204 | Val: 0.6780 | Test: 0.8378 | Best Test: 0.8378
Epoch 0993 | Loss: 0.0185 | Val: 0.6780 | Test: 0.8378 | Best Test: 0.8378
Epoch 0994 | Loss: 0.0190 | Val: 0.6780 | Test: 0.8378 | Best Test: 0.8378
Epoch 0995 | Loss: 0.0187 | Val: 0.6780 | Test: 0.8378 | Best Test: 0.8378
Epoch 0996 | Loss: 0.0194 | Val: 0.6780 | Test: 0.8378 | Best Test: 0.8378
Epoch 0997 | Loss: 0.0175 | Val: 0.6780 | Test: 0.8378 | Best Test: 0.8378
Epoch 0998 | Loss: 0.0225 | Val: 0.6780 | Test: 0.8378 | Best Test: 0.8378
Epoch 0999 | Loss: 0.0252 | Val: 0.6780 | Test: 0.8378 | Best Test: 0.8378
Epoch 1000 | Loss: 0.0195 | Val: 0.6780 | Test: 0.8378 | Best Test: 0.8378
Epoch 1001 | Loss: 0.0205 | Val: 0.6780 | Test: 0.8378 | Best Test: 0.8378
Epoch 1002 | Loss: 0.0196 | Val: 0.6780 | Test: 0.8378 | Best Test: 0.8378
Epoch 1003 | Loss: 0.0205 | Val: 0.6780 | Test: 0.8378 | Best Test: 0.8378
Epoch 1004 | Loss: 0.0207 | Val: 0.6780 | Test: 0.8378 | Best Test: 0.8378
Epoch 1005 | Loss: 0.0183 | Val: 0.6780 | Test: 0.8378 | Best Test: 0.8378
Epoch 1006 | Loss: 0.0191 | Val: 0.6780 | Test: 0.8378 | Best Test: 0.8378
Epoch 1007 | Loss: 0.0195 | Val: 0.6780 | Test: 0.8378 | Best Test: 0.8378
Epoch 1008 | Loss: 0.0220 | Val: 0.6780 | Test: 0.8378 | Best Test: 0.8378
Epoch 1009 | Loss: 0.0219 | Val: 0.6780 | Test: 0.8378 | Best Test: 0.8378
Epoch 1010 | Loss: 0.0188 | Val: 0.6780 | Test: 0.8378 | Best Test: 0.8378
Epoch 1011 | Loss: 0.0222 | Val: 0.6780 | Test: 0.8378 | Best Test: 0.8378
Early stopping at epoch 1012
[sgpc] summary data_id=6 split=2 seed=0 spec=dense best_val=0.6780 val_selected_test=0.7838 val_selected_epoch=11 oracle_best_test=0.8378 last_epoch=1012
[repro] exit_code=0
[repro] runtime_seconds=28
[repro] finished_at=2026-09-12T16:34:20+08:00
