[repro] started_at=2026-09-12T16:38:49+08:00
[repro] run_id=20260912_163849_webkb_s0_s0_Texas_pid47238
[repro] repo_commit=114b585d0d0e32afbf1d7232dd04c013fa8453e2
[repro] tracked_patch_sha256=72952adeb096a5ca61e6e115a0a29e0e484ca577aba23f57b5c11dea083afee7
[repro] main_py_sha256=dc67561acc2c8d0860a4b53c2cdbd729ddaff59fd5b61d50dd1e3a513a6e06ac
[repro] dataset=Texas data_id=7 env=dtgb cuda_visible_devices=0
[repro] data_link=/tmp/Texas -> /home/lab_user/project/lzc/repro/sgpc/data/Texas
[repro] command=python main.py 7 --split 0 --seed 0
[repro] resource_cap_ratio=85 threads=17 CPUQuota=1700% MemoryMax=55139365888 cuda_fraction=0.85
[repro] python=3.10.20 torch=2.2.1+cu121 pyg=2.8.0.post1 torch_sparse=0.6.18+pt22cu121
[repro] cuda=True gpu=NVIDIA GeForce RTX 3090
[cap] cores=17/20 CPUQuota=1700% MemoryMax=55139365888 cuda_fraction=0.85 mps=85 gpu_gov=1
Running as unit: run-p47321-i23799.scope; invocation ID: 89fa006defe84ef48f58fdff743b53f4
[sgpc] config data_id=7 split=0 n_splits=10 seed=0 spec=dense max_epochs=2000 pacbayes_epoch=300
Epoch 0001 | Loss: 1.6623 | Val: 0.5254 | Test: 0.6486 | Best Test: 0.6486
Epoch 0002 | Loss: 1.3083 | Val: 0.5254 | Test: 0.6486 | Best Test: 0.6486
Epoch 0003 | Loss: 1.0986 | Val: 0.5254 | Test: 0.6486 | Best Test: 0.6486
Epoch 0004 | Loss: 1.1106 | Val: 0.5254 | Test: 0.6486 | Best Test: 0.6486
Epoch 0005 | Loss: 1.0688 | Val: 0.5254 | Test: 0.6486 | Best Test: 0.6486
Epoch 0006 | Loss: 0.9975 | Val: 0.5254 | Test: 0.6757 | Best Test: 0.6757
Epoch 0007 | Loss: 0.8960 | Val: 0.5254 | Test: 0.7027 | Best Test: 0.7027
Epoch 0008 | Loss: 0.8829 | Val: 0.5763 | Test: 0.7297 | Best Test: 0.7297
Epoch 0009 | Loss: 0.8308 | Val: 0.6441 | Test: 0.7838 | Best Test: 0.7838
Epoch 0010 | Loss: 0.8030 | Val: 0.7458 | Test: 0.7838 | Best Test: 0.7838
Epoch 0011 | Loss: 0.7058 | Val: 0.7458 | Test: 0.8108 | Best Test: 0.8108
Epoch 0017 | Loss: 0.3969 | Val: 0.7458 | Test: 0.8108 | Best Test: 0.8108
Epoch 0018 | Loss: 0.3630 | Val: 0.7627 | Test: 0.8108 | Best Test: 0.8108
Epoch 0019 | Loss: 0.3169 | Val: 0.7797 | Test: 0.8108 | Best Test: 0.8108
Epoch 0020 | Loss: 0.3057 | Val: 0.7797 | Test: 0.8108 | Best Test: 0.8108
Epoch 0021 | Loss: 0.2378 | Val: 0.7797 | Test: 0.8378 | Best Test: 0.8378
Epoch 0022 | Loss: 0.2684 | Val: 0.7966 | Test: 0.8378 | Best Test: 0.8378
Epoch 0023 | Loss: 0.2005 | Val: 0.7966 | Test: 0.8378 | Best Test: 0.8378
Epoch 0025 | Loss: 0.1607 | Val: 0.7966 | Test: 0.8108 | Best Test: 0.8378
Epoch 0026 | Loss: 0.1620 | Val: 0.8136 | Test: 0.8108 | Best Test: 0.8378
Epoch 0027 | Loss: 0.1143 | Val: 0.8136 | Test: 0.8108 | Best Test: 0.8378
Epoch 0046 | Loss: 0.0200 | Val: 0.8136 | Test: 0.8378 | Best Test: 0.8378
Epoch 0047 | Loss: 0.0196 | Val: 0.8136 | Test: 0.8378 | Best Test: 0.8378
Epoch 0048 | Loss: 0.0169 | Val: 0.8136 | Test: 0.8378 | Best Test: 0.8378
Epoch 0049 | Loss: 0.0136 | Val: 0.8136 | Test: 0.8378 | Best Test: 0.8378
Epoch 0050 | Loss: 0.0064 | Val: 0.8136 | Test: 0.8378 | Best Test: 0.8378
Epoch 0100 | Loss: 0.0054 | Val: 0.7966 | Test: 0.8378 | Best Test: 0.8649
Epoch 0150 | Loss: 0.0029 | Val: 0.7966 | Test: 0.8108 | Best Test: 0.8649
Epoch 0200 | Loss: 0.0032 | Val: 0.7966 | Test: 0.8378 | Best Test: 0.8649
Epoch 0250 | Loss: 0.0018 | Val: 0.7966 | Test: 0.8108 | Best Test: 0.8649
Epoch 0300 | Loss: 0.0034 | Val: 0.7966 | Test: 0.8108 | Best Test: 0.8649
Epoch 0350 | Loss: 0.0202 | Val: 0.7966 | Test: 0.8108 | Best Test: 0.8649
Epoch 0400 | Loss: 0.0184 | Val: 0.7966 | Test: 0.8108 | Best Test: 0.8649
Epoch 0450 | Loss: 0.0178 | Val: 0.7966 | Test: 0.8108 | Best Test: 0.8649
Epoch 0500 | Loss: 0.0172 | Val: 0.7966 | Test: 0.8108 | Best Test: 0.8649
Epoch 0550 | Loss: 0.0174 | Val: 0.7966 | Test: 0.8108 | Best Test: 0.8649
Epoch 0600 | Loss: 0.0178 | Val: 0.7966 | Test: 0.8108 | Best Test: 0.8649
Epoch 0621 | Loss: 0.0168 | Val: 0.8136 | Test: 0.8108 | Best Test: 0.8649
Epoch 0622 | Loss: 0.0172 | Val: 0.8136 | Test: 0.8108 | Best Test: 0.8649
Epoch 0623 | Loss: 0.0173 | Val: 0.8136 | Test: 0.8108 | Best Test: 0.8649
Epoch 0624 | Loss: 0.0177 | Val: 0.8136 | Test: 0.8108 | Best Test: 0.8649
Epoch 0625 | Loss: 0.0170 | Val: 0.8136 | Test: 0.8108 | Best Test: 0.8649
Epoch 0626 | Loss: 0.0182 | Val: 0.8136 | Test: 0.8108 | Best Test: 0.8649
Epoch 0627 | Loss: 0.0196 | Val: 0.8136 | Test: 0.8108 | Best Test: 0.8649
Epoch 0628 | Loss: 0.0179 | Val: 0.8136 | Test: 0.8108 | Best Test: 0.8649
Epoch 0629 | Loss: 0.0174 | Val: 0.8136 | Test: 0.8108 | Best Test: 0.8649
Epoch 0630 | Loss: 0.0210 | Val: 0.8136 | Test: 0.8108 | Best Test: 0.8649
Epoch 0631 | Loss: 0.0177 | Val: 0.8136 | Test: 0.8108 | Best Test: 0.8649
Epoch 0632 | Loss: 0.0171 | Val: 0.8136 | Test: 0.8108 | Best Test: 0.8649
Epoch 0633 | Loss: 0.0173 | Val: 0.8136 | Test: 0.8108 | Best Test: 0.8649
Epoch 0634 | Loss: 0.0182 | Val: 0.8136 | Test: 0.8108 | Best Test: 0.8649
Epoch 0635 | Loss: 0.0204 | Val: 0.8136 | Test: 0.8108 | Best Test: 0.8649
Epoch 0636 | Loss: 0.0178 | Val: 0.8136 | Test: 0.8108 | Best Test: 0.8649
Epoch 0637 | Loss: 0.0170 | Val: 0.8136 | Test: 0.8108 | Best Test: 0.8649
Epoch 0638 | Loss: 0.0192 | Val: 0.8136 | Test: 0.8108 | Best Test: 0.8649
Epoch 0639 | Loss: 0.0186 | Val: 0.8136 | Test: 0.8108 | Best Test: 0.8649
Epoch 0640 | Loss: 0.0194 | Val: 0.8136 | Test: 0.8108 | Best Test: 0.8649
Epoch 0641 | Loss: 0.0179 | Val: 0.8136 | Test: 0.8108 | Best Test: 0.8649
Epoch 0642 | Loss: 0.0174 | Val: 0.8136 | Test: 0.8108 | Best Test: 0.8649
Epoch 0643 | Loss: 0.0179 | Val: 0.8136 | Test: 0.8108 | Best Test: 0.8649
Epoch 0644 | Loss: 0.0186 | Val: 0.8136 | Test: 0.8108 | Best Test: 0.8649
Epoch 0645 | Loss: 0.0170 | Val: 0.8136 | Test: 0.8108 | Best Test: 0.8649
Epoch 0646 | Loss: 0.0206 | Val: 0.8136 | Test: 0.8108 | Best Test: 0.8649
Epoch 0647 | Loss: 0.0184 | Val: 0.8136 | Test: 0.8108 | Best Test: 0.8649
Epoch 0648 | Loss: 0.0186 | Val: 0.8136 | Test: 0.8108 | Best Test: 0.8649
Epoch 0649 | Loss: 0.0188 | Val: 0.8136 | Test: 0.8108 | Best Test: 0.8649
Epoch 0650 | Loss: 0.0177 | Val: 0.8136 | Test: 0.8108 | Best Test: 0.8649
Epoch 0651 | Loss: 0.0179 | Val: 0.8136 | Test: 0.8108 | Best Test: 0.8649
Epoch 0652 | Loss: 0.0203 | Val: 0.8136 | Test: 0.8108 | Best Test: 0.8649
Epoch 0653 | Loss: 0.0172 | Val: 0.8136 | Test: 0.8108 | Best Test: 0.8649
Epoch 0654 | Loss: 0.0176 | Val: 0.8136 | Test: 0.8108 | Best Test: 0.8649
Epoch 0655 | Loss: 0.0178 | Val: 0.8136 | Test: 0.8108 | Best Test: 0.8649
Epoch 0656 | Loss: 0.0186 | Val: 0.8136 | Test: 0.8108 | Best Test: 0.8649
Epoch 0657 | Loss: 0.0182 | Val: 0.8136 | Test: 0.8108 | Best Test: 0.8649
Epoch 0658 | Loss: 0.0182 | Val: 0.8136 | Test: 0.8108 | Best Test: 0.8649
Epoch 0659 | Loss: 0.0172 | Val: 0.8136 | Test: 0.8108 | Best Test: 0.8649
Epoch 0660 | Loss: 0.0167 | Val: 0.8136 | Test: 0.8108 | Best Test: 0.8649
Epoch 0661 | Loss: 0.0176 | Val: 0.8136 | Test: 0.8108 | Best Test: 0.8649
Epoch 0662 | Loss: 0.0179 | Val: 0.8136 | Test: 0.8108 | Best Test: 0.8649
Epoch 0663 | Loss: 0.0184 | Val: 0.8136 | Test: 0.8108 | Best Test: 0.8649
Epoch 0664 | Loss: 0.0178 | Val: 0.8136 | Test: 0.8108 | Best Test: 0.8649
Epoch 0665 | Loss: 0.0171 | Val: 0.8136 | Test: 0.8108 | Best Test: 0.8649
Epoch 0666 | Loss: 0.0198 | Val: 0.8136 | Test: 0.8108 | Best Test: 0.8649
Epoch 0667 | Loss: 0.0173 | Val: 0.8136 | Test: 0.8108 | Best Test: 0.8649
Epoch 0668 | Loss: 0.0192 | Val: 0.8136 | Test: 0.8108 | Best Test: 0.8649
Epoch 0669 | Loss: 0.0182 | Val: 0.8136 | Test: 0.8108 | Best Test: 0.8649
Epoch 0670 | Loss: 0.0185 | Val: 0.8136 | Test: 0.8108 | Best Test: 0.8649
Epoch 0671 | Loss: 0.0190 | Val: 0.8136 | Test: 0.8108 | Best Test: 0.8649
Epoch 0672 | Loss: 0.0167 | Val: 0.8136 | Test: 0.8108 | Best Test: 0.8649
Epoch 0673 | Loss: 0.0172 | Val: 0.8136 | Test: 0.8108 | Best Test: 0.8649
Epoch 0674 | Loss: 0.0181 | Val: 0.8136 | Test: 0.8108 | Best Test: 0.8649
Epoch 0675 | Loss: 0.0169 | Val: 0.8136 | Test: 0.8108 | Best Test: 0.8649
Epoch 0676 | Loss: 0.0184 | Val: 0.8136 | Test: 0.8108 | Best Test: 0.8649
Epoch 0677 | Loss: 0.0180 | Val: 0.8136 | Test: 0.8108 | Best Test: 0.8649
Epoch 0678 | Loss: 0.0166 | Val: 0.8136 | Test: 0.8108 | Best Test: 0.8649
Epoch 0679 | Loss: 0.0170 | Val: 0.8136 | Test: 0.8108 | Best Test: 0.8649
Epoch 0680 | Loss: 0.0166 | Val: 0.8136 | Test: 0.8108 | Best Test: 0.8649
Epoch 0681 | Loss: 0.0173 | Val: 0.8136 | Test: 0.8108 | Best Test: 0.8649
Epoch 0682 | Loss: 0.0189 | Val: 0.8136 | Test: 0.8108 | Best Test: 0.8649
Epoch 0683 | Loss: 0.0188 | Val: 0.8136 | Test: 0.8108 | Best Test: 0.8649
Epoch 0684 | Loss: 0.0177 | Val: 0.8136 | Test: 0.8108 | Best Test: 0.8649
Epoch 0685 | Loss: 0.0185 | Val: 0.8136 | Test: 0.8108 | Best Test: 0.8649
Epoch 0686 | Loss: 0.0173 | Val: 0.8136 | Test: 0.8108 | Best Test: 0.8649
Epoch 0687 | Loss: 0.0181 | Val: 0.8136 | Test: 0.8108 | Best Test: 0.8649
Epoch 0688 | Loss: 0.0176 | Val: 0.8136 | Test: 0.8108 | Best Test: 0.8649
Epoch 0689 | Loss: 0.0184 | Val: 0.8136 | Test: 0.8108 | Best Test: 0.8649
Epoch 0690 | Loss: 0.0172 | Val: 0.8136 | Test: 0.8108 | Best Test: 0.8649
Epoch 0691 | Loss: 0.0186 | Val: 0.8136 | Test: 0.8108 | Best Test: 0.8649
Epoch 0692 | Loss: 0.0185 | Val: 0.8136 | Test: 0.8108 | Best Test: 0.8649
Epoch 0693 | Loss: 0.0171 | Val: 0.8136 | Test: 0.8108 | Best Test: 0.8649
Epoch 0694 | Loss: 0.0165 | Val: 0.8136 | Test: 0.8108 | Best Test: 0.8649
Epoch 0695 | Loss: 0.0174 | Val: 0.8136 | Test: 0.8108 | Best Test: 0.8649
Epoch 0696 | Loss: 0.0176 | Val: 0.8136 | Test: 0.8108 | Best Test: 0.8649
Epoch 0697 | Loss: 0.0180 | Val: 0.8136 | Test: 0.8108 | Best Test: 0.8649
Epoch 0698 | Loss: 0.0177 | Val: 0.8136 | Test: 0.8108 | Best Test: 0.8649
Epoch 0699 | Loss: 0.0185 | Val: 0.8136 | Test: 0.8108 | Best Test: 0.8649
Epoch 0700 | Loss: 0.0172 | Val: 0.8136 | Test: 0.8108 | Best Test: 0.8649
Epoch 0701 | Loss: 0.0171 | Val: 0.8136 | Test: 0.8108 | Best Test: 0.8649
Epoch 0702 | Loss: 0.0176 | Val: 0.8136 | Test: 0.8108 | Best Test: 0.8649
Epoch 0703 | Loss: 0.0172 | Val: 0.8136 | Test: 0.8108 | Best Test: 0.8649
Epoch 0704 | Loss: 0.0172 | Val: 0.8136 | Test: 0.8108 | Best Test: 0.8649
Epoch 0705 | Loss: 0.0180 | Val: 0.8136 | Test: 0.8108 | Best Test: 0.8649
Epoch 0706 | Loss: 0.0217 | Val: 0.8136 | Test: 0.8108 | Best Test: 0.8649
Epoch 0707 | Loss: 0.0174 | Val: 0.8136 | Test: 0.8108 | Best Test: 0.8649
Epoch 0708 | Loss: 0.0176 | Val: 0.8136 | Test: 0.8108 | Best Test: 0.8649
Epoch 0709 | Loss: 0.0174 | Val: 0.8136 | Test: 0.8108 | Best Test: 0.8649
Epoch 0710 | Loss: 0.0170 | Val: 0.8136 | Test: 0.8108 | Best Test: 0.8649
Epoch 0711 | Loss: 0.0176 | Val: 0.8136 | Test: 0.8108 | Best Test: 0.8649
Epoch 0712 | Loss: 0.0178 | Val: 0.8136 | Test: 0.8108 | Best Test: 0.8649
Epoch 0713 | Loss: 0.0176 | Val: 0.8136 | Test: 0.8108 | Best Test: 0.8649
Epoch 0714 | Loss: 0.0180 | Val: 0.8136 | Test: 0.8108 | Best Test: 0.8649
Epoch 0715 | Loss: 0.0168 | Val: 0.8136 | Test: 0.8108 | Best Test: 0.8649
Epoch 0716 | Loss: 0.0178 | Val: 0.8136 | Test: 0.8108 | Best Test: 0.8649
Epoch 0717 | Loss: 0.0169 | Val: 0.8136 | Test: 0.8108 | Best Test: 0.8649
Epoch 0718 | Loss: 0.0174 | Val: 0.8136 | Test: 0.8108 | Best Test: 0.8649
Epoch 0719 | Loss: 0.0179 | Val: 0.8136 | Test: 0.8108 | Best Test: 0.8649
Epoch 0720 | Loss: 0.0168 | Val: 0.8136 | Test: 0.8108 | Best Test: 0.8649
Epoch 0721 | Loss: 0.0206 | Val: 0.8136 | Test: 0.8108 | Best Test: 0.8649
Epoch 0722 | Loss: 0.0172 | Val: 0.8136 | Test: 0.8108 | Best Test: 0.8649
Epoch 0723 | Loss: 0.0178 | Val: 0.8136 | Test: 0.8108 | Best Test: 0.8649
Epoch 0724 | Loss: 0.0194 | Val: 0.8136 | Test: 0.8108 | Best Test: 0.8649
Epoch 0725 | Loss: 0.0178 | Val: 0.8136 | Test: 0.8108 | Best Test: 0.8649
Epoch 0726 | Loss: 0.0163 | Val: 0.8136 | Test: 0.8108 | Best Test: 0.8649
Epoch 0727 | Loss: 0.0181 | Val: 0.8136 | Test: 0.8108 | Best Test: 0.8649
Epoch 0728 | Loss: 0.0166 | Val: 0.8136 | Test: 0.8108 | Best Test: 0.8649
Epoch 0729 | Loss: 0.0166 | Val: 0.8136 | Test: 0.8108 | Best Test: 0.8649
Epoch 0730 | Loss: 0.0186 | Val: 0.8136 | Test: 0.8108 | Best Test: 0.8649
Epoch 0731 | Loss: 0.0206 | Val: 0.8136 | Test: 0.8108 | Best Test: 0.8649
Epoch 0732 | Loss: 0.0185 | Val: 0.8136 | Test: 0.8108 | Best Test: 0.8649
Epoch 0733 | Loss: 0.0222 | Val: 0.8136 | Test: 0.8108 | Best Test: 0.8649
Epoch 0734 | Loss: 0.0185 | Val: 0.8136 | Test: 0.8108 | Best Test: 0.8649
Epoch 0735 | Loss: 0.0172 | Val: 0.8136 | Test: 0.8108 | Best Test: 0.8649
Epoch 0736 | Loss: 0.0176 | Val: 0.8136 | Test: 0.8108 | Best Test: 0.8649
Epoch 0737 | Loss: 0.0193 | Val: 0.8136 | Test: 0.8108 | Best Test: 0.8649
Epoch 0738 | Loss: 0.0183 | Val: 0.8136 | Test: 0.8108 | Best Test: 0.8649
Epoch 0739 | Loss: 0.0178 | Val: 0.8136 | Test: 0.8108 | Best Test: 0.8649
Epoch 0740 | Loss: 0.0189 | Val: 0.8136 | Test: 0.8108 | Best Test: 0.8649
Epoch 0741 | Loss: 0.0184 | Val: 0.8136 | Test: 0.8108 | Best Test: 0.8649
Epoch 0742 | Loss: 0.0180 | Val: 0.8136 | Test: 0.8108 | Best Test: 0.8649
Epoch 0743 | Loss: 0.0176 | Val: 0.8136 | Test: 0.8108 | Best Test: 0.8649
Epoch 0744 | Loss: 0.0175 | Val: 0.8136 | Test: 0.8108 | Best Test: 0.8649
Epoch 0745 | Loss: 0.0185 | Val: 0.8136 | Test: 0.8108 | Best Test: 0.8649
Epoch 0746 | Loss: 0.0174 | Val: 0.8136 | Test: 0.8108 | Best Test: 0.8649
Epoch 0747 | Loss: 0.0179 | Val: 0.8136 | Test: 0.8108 | Best Test: 0.8649
Epoch 0748 | Loss: 0.0180 | Val: 0.8136 | Test: 0.8108 | Best Test: 0.8649
Epoch 0749 | Loss: 0.0173 | Val: 0.8136 | Test: 0.8108 | Best Test: 0.8649
Epoch 0750 | Loss: 0.0167 | Val: 0.8136 | Test: 0.8108 | Best Test: 0.8649
Epoch 0751 | Loss: 0.0244 | Val: 0.8136 | Test: 0.8108 | Best Test: 0.8649
Epoch 0752 | Loss: 0.0180 | Val: 0.8136 | Test: 0.8108 | Best Test: 0.8649
Epoch 0753 | Loss: 0.0188 | Val: 0.8136 | Test: 0.8108 | Best Test: 0.8649
Epoch 0754 | Loss: 0.0186 | Val: 0.8136 | Test: 0.8108 | Best Test: 0.8649
Epoch 0755 | Loss: 0.0170 | Val: 0.8136 | Test: 0.8108 | Best Test: 0.8649
Epoch 0756 | Loss: 0.0179 | Val: 0.8136 | Test: 0.8108 | Best Test: 0.8649
Epoch 0757 | Loss: 0.0175 | Val: 0.8136 | Test: 0.8108 | Best Test: 0.8649
Epoch 0758 | Loss: 0.0179 | Val: 0.8136 | Test: 0.8108 | Best Test: 0.8649
Epoch 0759 | Loss: 0.0173 | Val: 0.8136 | Test: 0.8108 | Best Test: 0.8649
Epoch 0760 | Loss: 0.0172 | Val: 0.8136 | Test: 0.8108 | Best Test: 0.8649
Epoch 0761 | Loss: 0.0195 | Val: 0.8136 | Test: 0.8108 | Best Test: 0.8649
Epoch 0762 | Loss: 0.0176 | Val: 0.8136 | Test: 0.8108 | Best Test: 0.8649
Epoch 0763 | Loss: 0.0186 | Val: 0.8136 | Test: 0.8108 | Best Test: 0.8649
Epoch 0764 | Loss: 0.0186 | Val: 0.8136 | Test: 0.8108 | Best Test: 0.8649
Epoch 0765 | Loss: 0.0192 | Val: 0.8136 | Test: 0.8108 | Best Test: 0.8649
Epoch 0766 | Loss: 0.0170 | Val: 0.8136 | Test: 0.8108 | Best Test: 0.8649
Epoch 0767 | Loss: 0.0176 | Val: 0.8136 | Test: 0.8108 | Best Test: 0.8649
Epoch 0768 | Loss: 0.0182 | Val: 0.8136 | Test: 0.8108 | Best Test: 0.8649
Epoch 0769 | Loss: 0.0184 | Val: 0.8136 | Test: 0.8108 | Best Test: 0.8649
Epoch 0770 | Loss: 0.0179 | Val: 0.8136 | Test: 0.8108 | Best Test: 0.8649
Epoch 0771 | Loss: 0.0175 | Val: 0.8136 | Test: 0.8108 | Best Test: 0.8649
Epoch 0772 | Loss: 0.0173 | Val: 0.8136 | Test: 0.8108 | Best Test: 0.8649
Epoch 0773 | Loss: 0.0170 | Val: 0.8136 | Test: 0.8108 | Best Test: 0.8649
Epoch 0774 | Loss: 0.0174 | Val: 0.8136 | Test: 0.8108 | Best Test: 0.8649
Epoch 0775 | Loss: 0.0180 | Val: 0.8136 | Test: 0.8108 | Best Test: 0.8649
Epoch 0776 | Loss: 0.0166 | Val: 0.8136 | Test: 0.8108 | Best Test: 0.8649
Epoch 0777 | Loss: 0.0184 | Val: 0.8136 | Test: 0.8108 | Best Test: 0.8649
Epoch 0778 | Loss: 0.0173 | Val: 0.8136 | Test: 0.8108 | Best Test: 0.8649
Epoch 0779 | Loss: 0.0169 | Val: 0.8136 | Test: 0.8108 | Best Test: 0.8649
Epoch 0780 | Loss: 0.0176 | Val: 0.8136 | Test: 0.8108 | Best Test: 0.8649
Epoch 0781 | Loss: 0.0174 | Val: 0.8136 | Test: 0.8108 | Best Test: 0.8649
Epoch 0782 | Loss: 0.0173 | Val: 0.8136 | Test: 0.8108 | Best Test: 0.8649
Epoch 0783 | Loss: 0.0170 | Val: 0.8136 | Test: 0.8108 | Best Test: 0.8649
Epoch 0784 | Loss: 0.0184 | Val: 0.8136 | Test: 0.8108 | Best Test: 0.8649
Epoch 0785 | Loss: 0.0198 | Val: 0.8136 | Test: 0.8108 | Best Test: 0.8649
Epoch 0786 | Loss: 0.0195 | Val: 0.8136 | Test: 0.8108 | Best Test: 0.8649
Epoch 0787 | Loss: 0.0201 | Val: 0.8136 | Test: 0.8108 | Best Test: 0.8649
Epoch 0788 | Loss: 0.0172 | Val: 0.8136 | Test: 0.8108 | Best Test: 0.8649
Epoch 0789 | Loss: 0.0181 | Val: 0.8136 | Test: 0.8108 | Best Test: 0.8649
Epoch 0790 | Loss: 0.0170 | Val: 0.8136 | Test: 0.8108 | Best Test: 0.8649
Epoch 0791 | Loss: 0.0175 | Val: 0.8136 | Test: 0.8108 | Best Test: 0.8649
Epoch 0792 | Loss: 0.0180 | Val: 0.8136 | Test: 0.8108 | Best Test: 0.8649
Epoch 0793 | Loss: 0.0189 | Val: 0.8136 | Test: 0.8108 | Best Test: 0.8649
Epoch 0794 | Loss: 0.0222 | Val: 0.8136 | Test: 0.8108 | Best Test: 0.8649
Epoch 0795 | Loss: 0.0173 | Val: 0.8136 | Test: 0.8108 | Best Test: 0.8649
Epoch 0796 | Loss: 0.0168 | Val: 0.8136 | Test: 0.8108 | Best Test: 0.8649
Epoch 0797 | Loss: 0.0171 | Val: 0.8136 | Test: 0.8108 | Best Test: 0.8649
Epoch 0798 | Loss: 0.0189 | Val: 0.8136 | Test: 0.8108 | Best Test: 0.8649
Epoch 0799 | Loss: 0.0192 | Val: 0.8136 | Test: 0.8108 | Best Test: 0.8649
Epoch 0800 | Loss: 0.0205 | Val: 0.8136 | Test: 0.8108 | Best Test: 0.8649
Epoch 0801 | Loss: 0.0174 | Val: 0.8136 | Test: 0.8108 | Best Test: 0.8649
Epoch 0802 | Loss: 0.0178 | Val: 0.8136 | Test: 0.8108 | Best Test: 0.8649
Epoch 0803 | Loss: 0.0176 | Val: 0.8136 | Test: 0.8108 | Best Test: 0.8649
Epoch 0804 | Loss: 0.0183 | Val: 0.8136 | Test: 0.8108 | Best Test: 0.8649
Epoch 0805 | Loss: 0.0182 | Val: 0.8136 | Test: 0.8108 | Best Test: 0.8649
Epoch 0806 | Loss: 0.0177 | Val: 0.8136 | Test: 0.8108 | Best Test: 0.8649
Epoch 0807 | Loss: 0.0177 | Val: 0.8136 | Test: 0.8108 | Best Test: 0.8649
Epoch 0808 | Loss: 0.0169 | Val: 0.8136 | Test: 0.8108 | Best Test: 0.8649
Epoch 0809 | Loss: 0.0162 | Val: 0.8136 | Test: 0.8108 | Best Test: 0.8649
Epoch 0810 | Loss: 0.0176 | Val: 0.8136 | Test: 0.8108 | Best Test: 0.8649
Epoch 0811 | Loss: 0.0178 | Val: 0.8136 | Test: 0.8108 | Best Test: 0.8649
Epoch 0812 | Loss: 0.0172 | Val: 0.8136 | Test: 0.8108 | Best Test: 0.8649
Epoch 0813 | Loss: 0.0178 | Val: 0.8136 | Test: 0.8108 | Best Test: 0.8649
Epoch 0814 | Loss: 0.0175 | Val: 0.8136 | Test: 0.8108 | Best Test: 0.8649
Epoch 0815 | Loss: 0.0180 | Val: 0.8136 | Test: 0.8108 | Best Test: 0.8649
Epoch 0816 | Loss: 0.0178 | Val: 0.8136 | Test: 0.8108 | Best Test: 0.8649
Epoch 0817 | Loss: 0.0171 | Val: 0.8136 | Test: 0.8108 | Best Test: 0.8649
Epoch 0818 | Loss: 0.0170 | Val: 0.8136 | Test: 0.8108 | Best Test: 0.8649
Epoch 0819 | Loss: 0.0167 | Val: 0.8136 | Test: 0.8108 | Best Test: 0.8649
Epoch 0820 | Loss: 0.0187 | Val: 0.8136 | Test: 0.8108 | Best Test: 0.8649
Epoch 0821 | Loss: 0.0180 | Val: 0.8136 | Test: 0.8108 | Best Test: 0.8649
Epoch 0822 | Loss: 0.0177 | Val: 0.8136 | Test: 0.8108 | Best Test: 0.8649
Epoch 0823 | Loss: 0.0180 | Val: 0.8136 | Test: 0.8108 | Best Test: 0.8649
Epoch 0824 | Loss: 0.0176 | Val: 0.8136 | Test: 0.8108 | Best Test: 0.8649
Epoch 0825 | Loss: 0.0168 | Val: 0.8136 | Test: 0.8108 | Best Test: 0.8649
Epoch 0826 | Loss: 0.0168 | Val: 0.8136 | Test: 0.8108 | Best Test: 0.8649
Epoch 0827 | Loss: 0.0201 | Val: 0.8136 | Test: 0.8108 | Best Test: 0.8649
Epoch 0828 | Loss: 0.0173 | Val: 0.8136 | Test: 0.8108 | Best Test: 0.8649
Epoch 0829 | Loss: 0.0174 | Val: 0.8136 | Test: 0.8108 | Best Test: 0.8649
Epoch 0830 | Loss: 0.0201 | Val: 0.8136 | Test: 0.8108 | Best Test: 0.8649
Epoch 0831 | Loss: 0.0184 | Val: 0.8136 | Test: 0.8108 | Best Test: 0.8649
Epoch 0832 | Loss: 0.0190 | Val: 0.8136 | Test: 0.8108 | Best Test: 0.8649
Epoch 0833 | Loss: 0.0169 | Val: 0.8136 | Test: 0.8108 | Best Test: 0.8649
Epoch 0834 | Loss: 0.0173 | Val: 0.8136 | Test: 0.8108 | Best Test: 0.8649
Epoch 0835 | Loss: 0.0179 | Val: 0.8136 | Test: 0.8108 | Best Test: 0.8649
Epoch 0836 | Loss: 0.0172 | Val: 0.8136 | Test: 0.8108 | Best Test: 0.8649
Epoch 0837 | Loss: 0.0181 | Val: 0.8136 | Test: 0.8108 | Best Test: 0.8649
Epoch 0838 | Loss: 0.0178 | Val: 0.8136 | Test: 0.8108 | Best Test: 0.8649
Epoch 0839 | Loss: 0.0169 | Val: 0.8136 | Test: 0.8108 | Best Test: 0.8649
Epoch 0840 | Loss: 0.0176 | Val: 0.8136 | Test: 0.8108 | Best Test: 0.8649
Epoch 0841 | Loss: 0.0207 | Val: 0.8136 | Test: 0.8108 | Best Test: 0.8649
Epoch 0842 | Loss: 0.0223 | Val: 0.8136 | Test: 0.8108 | Best Test: 0.8649
Epoch 0843 | Loss: 0.0176 | Val: 0.8136 | Test: 0.8108 | Best Test: 0.8649
Epoch 0844 | Loss: 0.0196 | Val: 0.8136 | Test: 0.8108 | Best Test: 0.8649
Epoch 0845 | Loss: 0.0174 | Val: 0.8136 | Test: 0.8108 | Best Test: 0.8649
Epoch 0846 | Loss: 0.0181 | Val: 0.8136 | Test: 0.8108 | Best Test: 0.8649
Epoch 0847 | Loss: 0.0175 | Val: 0.8136 | Test: 0.8108 | Best Test: 0.8649
Epoch 0848 | Loss: 0.0186 | Val: 0.8136 | Test: 0.8108 | Best Test: 0.8649
Epoch 0849 | Loss: 0.0184 | Val: 0.8136 | Test: 0.8108 | Best Test: 0.8649
Epoch 0850 | Loss: 0.0173 | Val: 0.8136 | Test: 0.8108 | Best Test: 0.8649
Epoch 0851 | Loss: 0.0179 | Val: 0.8136 | Test: 0.8108 | Best Test: 0.8649
Epoch 0852 | Loss: 0.0180 | Val: 0.8136 | Test: 0.8108 | Best Test: 0.8649
Epoch 0853 | Loss: 0.0173 | Val: 0.8136 | Test: 0.8108 | Best Test: 0.8649
Epoch 0854 | Loss: 0.0166 | Val: 0.8136 | Test: 0.8108 | Best Test: 0.8649
Epoch 0855 | Loss: 0.0172 | Val: 0.8136 | Test: 0.8108 | Best Test: 0.8649
Epoch 0856 | Loss: 0.0190 | Val: 0.8136 | Test: 0.8108 | Best Test: 0.8649
Epoch 0857 | Loss: 0.0176 | Val: 0.8136 | Test: 0.8108 | Best Test: 0.8649
Epoch 0858 | Loss: 0.0167 | Val: 0.8136 | Test: 0.8108 | Best Test: 0.8649
Epoch 0859 | Loss: 0.0181 | Val: 0.8136 | Test: 0.8108 | Best Test: 0.8649
Epoch 0900 | Loss: 0.0179 | Val: 0.7966 | Test: 0.8108 | Best Test: 0.8649
Epoch 0950 | Loss: 0.0176 | Val: 0.7966 | Test: 0.8108 | Best Test: 0.8649
Epoch 1000 | Loss: 0.0183 | Val: 0.7966 | Test: 0.8108 | Best Test: 0.8649
Early stopping at epoch 1027
[sgpc] summary data_id=7 split=0 seed=0 spec=dense best_val=0.8136 val_selected_test=0.8108 val_selected_epoch=26 oracle_best_test=0.8649 last_epoch=1027
[repro] exit_code=0
[repro] runtime_seconds=27
[repro] finished_at=2026-09-12T16:39:19+08:00
