[repro] started_at=2026-09-12T16:11:12+08:00
[repro] run_id=20260912_161112_official_cap85_Chameleon_pid34550
[repro] repo_commit=114b585d0d0e32afbf1d7232dd04c013fa8453e2
[repro] tracked_patch=none
[repro] main_py_sha256=9f852918f355839c1b26a966d88eb5beb9c0d7479cc2f7483f4fc67253a637c3
[repro] dataset=Chameleon data_id=3 env=dtgb cuda_visible_devices=0
[repro] data_link=/tmp/Chameleon -> /home/lab_user/project/lzc/repro/sgpc/data/Chameleon
[repro] command=python main.py 3 
[repro] resource_cap_ratio=85 threads=17 CPUQuota=1700% MemoryMax=55139365888 cuda_fraction=0.85
[repro] python=3.10.20 torch=2.2.1+cu121 pyg=2.8.0.post1 torch_sparse=0.6.18+pt22cu121
[repro] cuda=True gpu=NVIDIA GeForce RTX 3090
[cap] cores=17/20 CPUQuota=1700% MemoryMax=55139365888 cuda_fraction=0.85 mps=85 gpu_gov=1
Running as unit: run-p34629-i58936.scope; invocation ID: b17e40423cb84261b415b7521bd51701
Epoch 0001 | Loss: 1.6448 | Val: 0.3498 | Test: 0.3202 | Best Test: 0.3202
Epoch 0002 | Loss: 1.5758 | Val: 0.3676 | Test: 0.3399 | Best Test: 0.3399
Epoch 0003 | Loss: 1.5527 | Val: 0.4019 | Test: 0.3662 | Best Test: 0.3662
Epoch 0004 | Loss: 1.5126 | Val: 0.4376 | Test: 0.4123 | Best Test: 0.4123
Epoch 0005 | Loss: 1.4716 | Val: 0.4499 | Test: 0.4364 | Best Test: 0.4364
Epoch 0006 | Loss: 1.4367 | Val: 0.4746 | Test: 0.4846 | Best Test: 0.4846
Epoch 0007 | Loss: 1.3880 | Val: 0.4883 | Test: 0.4934 | Best Test: 0.4934
Epoch 0008 | Loss: 1.3271 | Val: 0.4952 | Test: 0.5000 | Best Test: 0.5000
Epoch 0009 | Loss: 1.2758 | Val: 0.5021 | Test: 0.4846 | Best Test: 0.5000
Epoch 0012 | Loss: 1.1133 | Val: 0.5130 | Test: 0.4912 | Best Test: 0.5000
Epoch 0013 | Loss: 1.0493 | Val: 0.5171 | Test: 0.4978 | Best Test: 0.5000
Epoch 0014 | Loss: 1.0089 | Val: 0.5309 | Test: 0.5022 | Best Test: 0.5022
Epoch 0015 | Loss: 0.9323 | Val: 0.5336 | Test: 0.5066 | Best Test: 0.5066
Epoch 0018 | Loss: 0.7919 | Val: 0.5364 | Test: 0.5088 | Best Test: 0.5154
Epoch 0022 | Loss: 0.6079 | Val: 0.5364 | Test: 0.5066 | Best Test: 0.5154
Epoch 0050 | Loss: 0.1979 | Val: 0.4993 | Test: 0.4868 | Best Test: 0.5154
Epoch 0100 | Loss: 0.1618 | Val: 0.4938 | Test: 0.4737 | Best Test: 0.5154
Epoch 0150 | Loss: 0.1524 | Val: 0.4856 | Test: 0.4605 | Best Test: 0.5154
Epoch 0200 | Loss: 0.1421 | Val: 0.4787 | Test: 0.4496 | Best Test: 0.5154
Epoch 0250 | Loss: 0.1403 | Val: 0.4815 | Test: 0.4474 | Best Test: 0.5154
Epoch 0300 | Loss: 0.1444 | Val: 0.4829 | Test: 0.4496 | Best Test: 0.5154
Epoch 0350 | Loss: 0.1593 | Val: 0.4829 | Test: 0.4408 | Best Test: 0.5154
Epoch 0400 | Loss: 0.1435 | Val: 0.4829 | Test: 0.4430 | Best Test: 0.5154
Epoch 0450 | Loss: 0.1468 | Val: 0.4815 | Test: 0.4474 | Best Test: 0.5154
Epoch 0500 | Loss: 0.1445 | Val: 0.4815 | Test: 0.4474 | Best Test: 0.5154
Epoch 0550 | Loss: 0.1485 | Val: 0.4815 | Test: 0.4452 | Best Test: 0.5154
Epoch 0600 | Loss: 0.1458 | Val: 0.4801 | Test: 0.4430 | Best Test: 0.5154
Epoch 0650 | Loss: 0.1523 | Val: 0.4787 | Test: 0.4408 | Best Test: 0.5154
Epoch 0700 | Loss: 0.1558 | Val: 0.4787 | Test: 0.4408 | Best Test: 0.5154
Epoch 0750 | Loss: 0.1529 | Val: 0.4774 | Test: 0.4408 | Best Test: 0.5154
Epoch 0800 | Loss: 0.1584 | Val: 0.4760 | Test: 0.4386 | Best Test: 0.5154
Epoch 0850 | Loss: 0.1481 | Val: 0.4801 | Test: 0.4364 | Best Test: 0.5154
Epoch 0900 | Loss: 0.1425 | Val: 0.4801 | Test: 0.4386 | Best Test: 0.5154
Epoch 0950 | Loss: 0.1482 | Val: 0.4787 | Test: 0.4408 | Best Test: 0.5154
Epoch 1000 | Loss: 0.1448 | Val: 0.4774 | Test: 0.4430 | Best Test: 0.5154
Early stopping at epoch 1019
[repro] exit_code=0
[repro] runtime_seconds=113
[repro] finished_at=2026-09-12T16:13:07+08:00
