[repro] started_at=2026-09-12T18:39:11+08:00
[repro] run_id=20260912_183911_webkb_s0_s3_Squirrel_pid106197
[repro] repo_commit=114b585d0d0e32afbf1d7232dd04c013fa8453e2
[repro] tracked_patch_sha256=1095ac78920ad815a7d50e91c59b3499d4d3fa591780737b8d7d8a22e48955ef
[repro] main_py_sha256=aeda3a2dc4468512fd23af922ea88d72714355a6d4ffae29efba86c7dea51eb7
[repro] dataset=Squirrel data_id=4 env=dtgb cuda_visible_devices=0
[repro] data_link=/tmp/Squirrel -> /home/lab_user/project/lzc/repro/sgpc/data/Squirrel
[repro] command=python main.py 4 --split 3 --seed 0
[repro] resource_cap_ratio=85 threads=17 CPUQuota=1700% MemoryMax=55139365888 cuda_fraction=0.85
[repro] python=3.10.20 torch=2.2.1+cu121 pyg=2.8.0.post1 torch_sparse=0.6.18+pt22cu121
[repro] cuda=True gpu=NVIDIA GeForce RTX 3090
[cap] cores=17/20 CPUQuota=1700% MemoryMax=55139365888 cuda_fraction=0.85 mps=85 gpu_gov=1
Running as unit: run-p106281-i139939.scope; invocation ID: f76c0e20b9e84b3ea58c0e3883491f82
[sgpc] config data_id=4 split=3 n_splits=10 seed=0 spec=dense max_epochs=2000 pacbayes_epoch=300
Epoch 0001 | Loss: 1.6452 | Val: 0.2025 | Test: 0.2056 | Best Test: 0.2056
Epoch 0002 | Loss: 1.6237 | Val: 0.2037 | Test: 0.2075 | Best Test: 0.2075
Epoch 0003 | Loss: 1.5968 | Val: 0.2620 | Test: 0.2622 | Best Test: 0.2622
Epoch 0004 | Loss: 1.5664 | Val: 0.3305 | Test: 0.3420 | Best Test: 0.3420
Epoch 0007 | Loss: 1.5110 | Val: 0.3456 | Test: 0.3660 | Best Test: 0.3660
Epoch 0008 | Loss: 1.4877 | Val: 0.3486 | Test: 0.3650 | Best Test: 0.3660
Epoch 0009 | Loss: 1.4653 | Val: 0.3594 | Test: 0.3564 | Best Test: 0.3660
Epoch 0014 | Loss: 1.3153 | Val: 0.3612 | Test: 0.3622 | Best Test: 0.3660
Epoch 0050 | Loss: 0.3516 | Val: 0.3101 | Test: 0.3333 | Best Test: 0.3804
Epoch 0100 | Loss: 0.1289 | Val: 0.2873 | Test: 0.3256 | Best Test: 0.3804
Epoch 0150 | Loss: 0.0953 | Val: 0.2903 | Test: 0.3218 | Best Test: 0.3804
Epoch 0200 | Loss: 0.0819 | Val: 0.2873 | Test: 0.3180 | Best Test: 0.3804
Epoch 0250 | Loss: 0.0790 | Val: 0.2885 | Test: 0.3208 | Best Test: 0.3804
Epoch 0300 | Loss: 0.0748 | Val: 0.2861 | Test: 0.3160 | Best Test: 0.3804
Epoch 0350 | Loss: 0.0732 | Val: 0.2855 | Test: 0.3141 | Best Test: 0.3804
Epoch 0400 | Loss: 0.0803 | Val: 0.2843 | Test: 0.3141 | Best Test: 0.3804
Epoch 0450 | Loss: 0.0725 | Val: 0.2843 | Test: 0.3141 | Best Test: 0.3804
Epoch 0500 | Loss: 0.0723 | Val: 0.2855 | Test: 0.3141 | Best Test: 0.3804
Epoch 0550 | Loss: 0.0786 | Val: 0.2855 | Test: 0.3141 | Best Test: 0.3804
Epoch 0600 | Loss: 0.0766 | Val: 0.2849 | Test: 0.3151 | Best Test: 0.3804
Epoch 0650 | Loss: 0.0681 | Val: 0.2843 | Test: 0.3151 | Best Test: 0.3804
Epoch 0700 | Loss: 0.0688 | Val: 0.2843 | Test: 0.3141 | Best Test: 0.3804
Epoch 0750 | Loss: 0.0720 | Val: 0.2849 | Test: 0.3151 | Best Test: 0.3804
Epoch 0800 | Loss: 0.0707 | Val: 0.2831 | Test: 0.3160 | Best Test: 0.3804
Epoch 0850 | Loss: 0.0711 | Val: 0.2825 | Test: 0.3151 | Best Test: 0.3804
Epoch 0900 | Loss: 0.0646 | Val: 0.2819 | Test: 0.3151 | Best Test: 0.3804
Epoch 0950 | Loss: 0.0677 | Val: 0.2819 | Test: 0.3151 | Best Test: 0.3804
Epoch 1000 | Loss: 0.0666 | Val: 0.2819 | Test: 0.3151 | Best Test: 0.3804
Early stopping at epoch 1015
[sgpc] summary data_id=4 split=3 seed=0 spec=dense best_val=0.3612 val_selected_test=0.3622 val_selected_epoch=14 oracle_best_test=0.3804 last_epoch=1015
[repro] exit_code=0
[repro] runtime_seconds=561
[repro] finished_at=2026-09-12T18:48:34+08:00
