[repro] started_at=2026-09-12T16:43:37+08:00
[repro] run_id=20260912_164337_webkb_s0_s8_Texas_pid49856
[repro] repo_commit=114b585d0d0e32afbf1d7232dd04c013fa8453e2
[repro] tracked_patch_sha256=72952adeb096a5ca61e6e115a0a29e0e484ca577aba23f57b5c11dea083afee7
[repro] main_py_sha256=dc67561acc2c8d0860a4b53c2cdbd729ddaff59fd5b61d50dd1e3a513a6e06ac
[repro] dataset=Texas data_id=7 env=dtgb cuda_visible_devices=0
[repro] data_link=/tmp/Texas -> /home/lab_user/project/lzc/repro/sgpc/data/Texas
[repro] command=python main.py 7 --split 8 --seed 0
[repro] resource_cap_ratio=85 threads=17 CPUQuota=1700% MemoryMax=55139365888 cuda_fraction=0.85
[repro] python=3.10.20 torch=2.2.1+cu121 pyg=2.8.0.post1 torch_sparse=0.6.18+pt22cu121
[repro] cuda=True gpu=NVIDIA GeForce RTX 3090
[cap] cores=17/20 CPUQuota=1700% MemoryMax=55139365888 cuda_fraction=0.85 mps=85 gpu_gov=1
Running as unit: run-p49974-i55176.scope; invocation ID: b079b64e2356459c90c9b1bc47393c9d
[sgpc] config data_id=7 split=8 n_splits=10 seed=0 spec=dense max_epochs=2000 pacbayes_epoch=300
Epoch 0001 | Loss: 1.6827 | Val: 0.4915 | Test: 0.5946 | Best Test: 0.5946
Epoch 0002 | Loss: 1.2956 | Val: 0.4915 | Test: 0.5946 | Best Test: 0.5946
Epoch 0003 | Loss: 1.0949 | Val: 0.4915 | Test: 0.5946 | Best Test: 0.5946
Epoch 0004 | Loss: 1.0949 | Val: 0.4915 | Test: 0.5946 | Best Test: 0.5946
Epoch 0005 | Loss: 1.0269 | Val: 0.4915 | Test: 0.5946 | Best Test: 0.5946
Epoch 0006 | Loss: 1.0236 | Val: 0.4915 | Test: 0.6216 | Best Test: 0.6216
Epoch 0007 | Loss: 0.9373 | Val: 0.4915 | Test: 0.6216 | Best Test: 0.6216
Epoch 0008 | Loss: 0.9189 | Val: 0.4915 | Test: 0.7027 | Best Test: 0.7027
Epoch 0009 | Loss: 0.8548 | Val: 0.5424 | Test: 0.7838 | Best Test: 0.7838
Epoch 0010 | Loss: 0.8409 | Val: 0.6271 | Test: 0.7838 | Best Test: 0.7838
Epoch 0011 | Loss: 0.8140 | Val: 0.6610 | Test: 0.7838 | Best Test: 0.7838
Epoch 0012 | Loss: 0.6993 | Val: 0.6949 | Test: 0.7838 | Best Test: 0.7838
Epoch 0013 | Loss: 0.6687 | Val: 0.7119 | Test: 0.7838 | Best Test: 0.7838
Epoch 0014 | Loss: 0.6390 | Val: 0.7119 | Test: 0.7838 | Best Test: 0.7838
Epoch 0015 | Loss: 0.5567 | Val: 0.7119 | Test: 0.7838 | Best Test: 0.7838
Epoch 0016 | Loss: 0.5628 | Val: 0.7119 | Test: 0.7838 | Best Test: 0.7838
Epoch 0017 | Loss: 0.5125 | Val: 0.7119 | Test: 0.7838 | Best Test: 0.7838
Epoch 0018 | Loss: 0.4439 | Val: 0.7288 | Test: 0.7838 | Best Test: 0.7838
Epoch 0019 | Loss: 0.3946 | Val: 0.7288 | Test: 0.8108 | Best Test: 0.8108
Epoch 0020 | Loss: 0.3767 | Val: 0.7458 | Test: 0.8108 | Best Test: 0.8108
Epoch 0021 | Loss: 0.3412 | Val: 0.7458 | Test: 0.8108 | Best Test: 0.8108
Epoch 0022 | Loss: 0.3408 | Val: 0.7797 | Test: 0.7838 | Best Test: 0.8108
Epoch 0023 | Loss: 0.2930 | Val: 0.7797 | Test: 0.7838 | Best Test: 0.8108
Epoch 0024 | Loss: 0.2328 | Val: 0.7797 | Test: 0.7838 | Best Test: 0.8108
Epoch 0025 | Loss: 0.2444 | Val: 0.7966 | Test: 0.7838 | Best Test: 0.8108
Epoch 0026 | Loss: 0.2275 | Val: 0.7966 | Test: 0.7838 | Best Test: 0.8108
Epoch 0027 | Loss: 0.1755 | Val: 0.7966 | Test: 0.7838 | Best Test: 0.8108
Epoch 0028 | Loss: 0.2018 | Val: 0.7966 | Test: 0.7838 | Best Test: 0.8108
Epoch 0029 | Loss: 0.1598 | Val: 0.7966 | Test: 0.7838 | Best Test: 0.8108
Epoch 0050 | Loss: 0.0262 | Val: 0.7627 | Test: 0.7838 | Best Test: 0.8108
Epoch 0071 | Loss: 0.0167 | Val: 0.7966 | Test: 0.7838 | Best Test: 0.8108
Epoch 0072 | Loss: 0.0126 | Val: 0.7966 | Test: 0.7838 | Best Test: 0.8108
Epoch 0073 | Loss: 0.0179 | Val: 0.7966 | Test: 0.7838 | Best Test: 0.8108
Epoch 0074 | Loss: 0.0283 | Val: 0.7966 | Test: 0.7838 | Best Test: 0.8108
Epoch 0075 | Loss: 0.0163 | Val: 0.7966 | Test: 0.7838 | Best Test: 0.8108
Epoch 0076 | Loss: 0.0148 | Val: 0.7966 | Test: 0.7838 | Best Test: 0.8108
Epoch 0077 | Loss: 0.0120 | Val: 0.7966 | Test: 0.7838 | Best Test: 0.8108
Epoch 0078 | Loss: 0.0169 | Val: 0.7966 | Test: 0.7838 | Best Test: 0.8108
Epoch 0079 | Loss: 0.0142 | Val: 0.7966 | Test: 0.7838 | Best Test: 0.8108
Epoch 0080 | Loss: 0.0129 | Val: 0.7966 | Test: 0.7838 | Best Test: 0.8108
Epoch 0083 | Loss: 0.0112 | Val: 0.7966 | Test: 0.7838 | Best Test: 0.8108
Epoch 0084 | Loss: 0.0103 | Val: 0.7966 | Test: 0.7838 | Best Test: 0.8108
Epoch 0085 | Loss: 0.0093 | Val: 0.7966 | Test: 0.7838 | Best Test: 0.8108
Epoch 0086 | Loss: 0.0112 | Val: 0.7966 | Test: 0.7838 | Best Test: 0.8108
Epoch 0087 | Loss: 0.0088 | Val: 0.7966 | Test: 0.7838 | Best Test: 0.8108
Epoch 0088 | Loss: 0.0203 | Val: 0.7966 | Test: 0.7838 | Best Test: 0.8108
Epoch 0089 | Loss: 0.0127 | Val: 0.7966 | Test: 0.7838 | Best Test: 0.8108
Epoch 0090 | Loss: 0.0130 | Val: 0.7966 | Test: 0.7838 | Best Test: 0.8108
Epoch 0091 | Loss: 0.0121 | Val: 0.7966 | Test: 0.7568 | Best Test: 0.8108
Epoch 0092 | Loss: 0.0092 | Val: 0.7966 | Test: 0.7568 | Best Test: 0.8108
Epoch 0093 | Loss: 0.0156 | Val: 0.7966 | Test: 0.7838 | Best Test: 0.8108
Epoch 0094 | Loss: 0.0243 | Val: 0.7966 | Test: 0.7838 | Best Test: 0.8108
Epoch 0095 | Loss: 0.0131 | Val: 0.7966 | Test: 0.7838 | Best Test: 0.8108
Epoch 0096 | Loss: 0.0115 | Val: 0.7966 | Test: 0.7838 | Best Test: 0.8108
Epoch 0097 | Loss: 0.0117 | Val: 0.7966 | Test: 0.7838 | Best Test: 0.8108
Epoch 0098 | Loss: 0.0121 | Val: 0.7966 | Test: 0.7838 | Best Test: 0.8108
Epoch 0099 | Loss: 0.0116 | Val: 0.7966 | Test: 0.7838 | Best Test: 0.8108
Epoch 0100 | Loss: 0.0111 | Val: 0.7966 | Test: 0.7838 | Best Test: 0.8108
Epoch 0101 | Loss: 0.0069 | Val: 0.7966 | Test: 0.7838 | Best Test: 0.8108
Epoch 0102 | Loss: 0.0095 | Val: 0.7966 | Test: 0.7838 | Best Test: 0.8108
Epoch 0103 | Loss: 0.0107 | Val: 0.7966 | Test: 0.7838 | Best Test: 0.8108
Epoch 0150 | Loss: 0.0070 | Val: 0.7627 | Test: 0.7568 | Best Test: 0.8108
Epoch 0200 | Loss: 0.0067 | Val: 0.7627 | Test: 0.7568 | Best Test: 0.8108
Epoch 0250 | Loss: 0.0029 | Val: 0.7627 | Test: 0.7568 | Best Test: 0.8108
Epoch 0300 | Loss: 0.0058 | Val: 0.7627 | Test: 0.7568 | Best Test: 0.8108
Epoch 0350 | Loss: 0.0221 | Val: 0.7627 | Test: 0.7568 | Best Test: 0.8108
Epoch 0400 | Loss: 0.0211 | Val: 0.7627 | Test: 0.7568 | Best Test: 0.8108
Epoch 0450 | Loss: 0.0219 | Val: 0.7627 | Test: 0.7568 | Best Test: 0.8108
Epoch 0500 | Loss: 0.0202 | Val: 0.7627 | Test: 0.7568 | Best Test: 0.8108
Epoch 0550 | Loss: 0.0222 | Val: 0.7627 | Test: 0.7568 | Best Test: 0.8108
Epoch 0600 | Loss: 0.0202 | Val: 0.7627 | Test: 0.7568 | Best Test: 0.8108
Epoch 0650 | Loss: 0.0192 | Val: 0.7627 | Test: 0.7568 | Best Test: 0.8108
Epoch 0700 | Loss: 0.0183 | Val: 0.7627 | Test: 0.7568 | Best Test: 0.8108
Epoch 0750 | Loss: 0.0186 | Val: 0.7627 | Test: 0.7568 | Best Test: 0.8108
Epoch 0800 | Loss: 0.0179 | Val: 0.7627 | Test: 0.7568 | Best Test: 0.8108
Epoch 0850 | Loss: 0.0183 | Val: 0.7627 | Test: 0.7568 | Best Test: 0.8108
Epoch 0900 | Loss: 0.0204 | Val: 0.7627 | Test: 0.7568 | Best Test: 0.8108
Epoch 0950 | Loss: 0.0204 | Val: 0.7627 | Test: 0.7568 | Best Test: 0.8108
Epoch 1000 | Loss: 0.0206 | Val: 0.7627 | Test: 0.7568 | Best Test: 0.8108
Early stopping at epoch 1026
[sgpc] summary data_id=7 split=8 seed=0 spec=dense best_val=0.7966 val_selected_test=0.7838 val_selected_epoch=25 oracle_best_test=0.8108 last_epoch=1026
[repro] exit_code=0
[repro] runtime_seconds=28
[repro] finished_at=2026-09-12T16:44:08+08:00
