[repro] started_at=2026-09-12T17:08:46+08:00
[repro] run_id=20260912_170846_webkb_s0_s9_Chameleon_pid62068
[repro] repo_commit=114b585d0d0e32afbf1d7232dd04c013fa8453e2
[repro] tracked_patch_sha256=72952adeb096a5ca61e6e115a0a29e0e484ca577aba23f57b5c11dea083afee7
[repro] main_py_sha256=dc67561acc2c8d0860a4b53c2cdbd729ddaff59fd5b61d50dd1e3a513a6e06ac
[repro] dataset=Chameleon data_id=3 env=dtgb cuda_visible_devices=0
[repro] data_link=/tmp/Chameleon -> /home/lab_user/project/lzc/repro/sgpc/data/Chameleon
[repro] command=python main.py 3 --split 9 --seed 0
[repro] resource_cap_ratio=85 threads=17 CPUQuota=1700% MemoryMax=55139365888 cuda_fraction=0.85
[repro] python=3.10.20 torch=2.2.1+cu121 pyg=2.8.0.post1 torch_sparse=0.6.18+pt22cu121
[repro] cuda=True gpu=NVIDIA GeForce RTX 3090
[cap] cores=17/20 CPUQuota=1700% MemoryMax=55139365888 cuda_fraction=0.85 mps=85 gpu_gov=1
Running as unit: run-p62158-i43013.scope; invocation ID: f5ae92082ba442de8ed64770eb6d0df9
[sgpc] config data_id=3 split=9 n_splits=10 seed=0 spec=dense max_epochs=2000 pacbayes_epoch=300
Epoch 0001 | Loss: 1.6387 | Val: 0.2867 | Test: 0.3180 | Best Test: 0.3180
Epoch 0002 | Loss: 1.5918 | Val: 0.3388 | Test: 0.3509 | Best Test: 0.3509
Epoch 0003 | Loss: 1.5437 | Val: 0.3621 | Test: 0.3728 | Best Test: 0.3728
Epoch 0004 | Loss: 1.5057 | Val: 0.4170 | Test: 0.4342 | Best Test: 0.4342
Epoch 0007 | Loss: 1.3810 | Val: 0.4321 | Test: 0.4452 | Best Test: 0.4452
Epoch 0008 | Loss: 1.3280 | Val: 0.4540 | Test: 0.4496 | Best Test: 0.4496
Epoch 0009 | Loss: 1.2643 | Val: 0.4664 | Test: 0.4518 | Best Test: 0.4518
Epoch 0010 | Loss: 1.2221 | Val: 0.4760 | Test: 0.4561 | Best Test: 0.4561
Epoch 0011 | Loss: 1.1592 | Val: 0.4856 | Test: 0.4649 | Best Test: 0.4649
Epoch 0012 | Loss: 1.0970 | Val: 0.4911 | Test: 0.4693 | Best Test: 0.4693
Epoch 0013 | Loss: 1.0496 | Val: 0.4993 | Test: 0.4781 | Best Test: 0.4781
Epoch 0014 | Loss: 0.9771 | Val: 0.5117 | Test: 0.5110 | Best Test: 0.5110
Epoch 0015 | Loss: 0.9108 | Val: 0.5117 | Test: 0.5219 | Best Test: 0.5219
Epoch 0016 | Loss: 0.8934 | Val: 0.5144 | Test: 0.5175 | Best Test: 0.5219
Epoch 0017 | Loss: 0.8310 | Val: 0.5267 | Test: 0.5285 | Best Test: 0.5285
Epoch 0020 | Loss: 0.6590 | Val: 0.5281 | Test: 0.5154 | Best Test: 0.5285
Epoch 0050 | Loss: 0.1982 | Val: 0.4705 | Test: 0.4759 | Best Test: 0.5285
Epoch 0100 | Loss: 0.1672 | Val: 0.4705 | Test: 0.4737 | Best Test: 0.5285
Epoch 0150 | Loss: 0.1543 | Val: 0.4678 | Test: 0.4759 | Best Test: 0.5285
Epoch 0200 | Loss: 0.1615 | Val: 0.4678 | Test: 0.4649 | Best Test: 0.5285
Epoch 0250 | Loss: 0.1507 | Val: 0.4650 | Test: 0.4605 | Best Test: 0.5285
Epoch 0300 | Loss: 0.1533 | Val: 0.4636 | Test: 0.4583 | Best Test: 0.5285
Epoch 0350 | Loss: 0.1590 | Val: 0.4650 | Test: 0.4561 | Best Test: 0.5285
Epoch 0400 | Loss: 0.1479 | Val: 0.4650 | Test: 0.4561 | Best Test: 0.5285
Epoch 0450 | Loss: 0.1430 | Val: 0.4664 | Test: 0.4561 | Best Test: 0.5285
Epoch 0500 | Loss: 0.1476 | Val: 0.4650 | Test: 0.4561 | Best Test: 0.5285
Epoch 0550 | Loss: 0.1602 | Val: 0.4636 | Test: 0.4561 | Best Test: 0.5285
Epoch 0600 | Loss: 0.1528 | Val: 0.4636 | Test: 0.4539 | Best Test: 0.5285
Epoch 0650 | Loss: 0.1480 | Val: 0.4636 | Test: 0.4539 | Best Test: 0.5285
Epoch 0700 | Loss: 0.1592 | Val: 0.4623 | Test: 0.4539 | Best Test: 0.5285
Epoch 0750 | Loss: 0.1546 | Val: 0.4609 | Test: 0.4539 | Best Test: 0.5285
Epoch 0800 | Loss: 0.1577 | Val: 0.4609 | Test: 0.4539 | Best Test: 0.5285
Epoch 0850 | Loss: 0.1573 | Val: 0.4609 | Test: 0.4539 | Best Test: 0.5285
Epoch 0900 | Loss: 0.1557 | Val: 0.4609 | Test: 0.4518 | Best Test: 0.5285
Epoch 0950 | Loss: 0.1643 | Val: 0.4623 | Test: 0.4518 | Best Test: 0.5285
Epoch 1000 | Loss: 0.1562 | Val: 0.4609 | Test: 0.4518 | Best Test: 0.5285
Early stopping at epoch 1021
[sgpc] summary data_id=3 split=9 seed=0 spec=dense best_val=0.5281 val_selected_test=0.5154 val_selected_epoch=20 oracle_best_test=0.5285 last_epoch=1021
[repro] exit_code=0
[repro] runtime_seconds=113
[repro] finished_at=2026-09-12T17:10:42+08:00
