[repro] started_at=2026-09-12T16:47:28+08:00
[repro] run_id=20260912_164728_webkb_s0_s4_Wisconsin_pid52022
[repro] repo_commit=114b585d0d0e32afbf1d7232dd04c013fa8453e2
[repro] tracked_patch_sha256=72952adeb096a5ca61e6e115a0a29e0e484ca577aba23f57b5c11dea083afee7
[repro] main_py_sha256=dc67561acc2c8d0860a4b53c2cdbd729ddaff59fd5b61d50dd1e3a513a6e06ac
[repro] dataset=Wisconsin data_id=8 env=dtgb cuda_visible_devices=0
[repro] data_link=/tmp/Wisconsin -> /home/lab_user/project/lzc/repro/sgpc/data/Wisconsin
[repro] command=python main.py 8 --split 4 --seed 0
[repro] resource_cap_ratio=85 threads=17 CPUQuota=1700% MemoryMax=55139365888 cuda_fraction=0.85
[repro] python=3.10.20 torch=2.2.1+cu121 pyg=2.8.0.post1 torch_sparse=0.6.18+pt22cu121
[repro] cuda=True gpu=NVIDIA GeForce RTX 3090
[cap] cores=17/20 CPUQuota=1700% MemoryMax=55139365888 cuda_fraction=0.85 mps=85 gpu_gov=1
Running as unit: run-p52102-i14683.scope; invocation ID: e3c75daa2ed643cda25fbf2b195e3ee9
[sgpc] config data_id=8 split=4 n_splits=10 seed=0 spec=dense max_epochs=2000 pacbayes_epoch=300
Epoch 0001 | Loss: 1.7067 | Val: 0.5250 | Test: 0.4118 | Best Test: 0.4118
Epoch 0005 | Loss: 1.0923 | Val: 0.5375 | Test: 0.4118 | Best Test: 0.4118
Epoch 0006 | Loss: 1.0416 | Val: 0.6500 | Test: 0.5294 | Best Test: 0.5294
Epoch 0007 | Loss: 0.9296 | Val: 0.7000 | Test: 0.6078 | Best Test: 0.6078
Epoch 0008 | Loss: 0.9174 | Val: 0.7125 | Test: 0.7059 | Best Test: 0.7059
Epoch 0009 | Loss: 0.8480 | Val: 0.7375 | Test: 0.7451 | Best Test: 0.7451
Epoch 0010 | Loss: 0.7802 | Val: 0.7750 | Test: 0.7843 | Best Test: 0.7843
Epoch 0011 | Loss: 0.7386 | Val: 0.8000 | Test: 0.7843 | Best Test: 0.7843
Epoch 0012 | Loss: 0.6713 | Val: 0.8000 | Test: 0.7843 | Best Test: 0.7843
Epoch 0013 | Loss: 0.6106 | Val: 0.8000 | Test: 0.7647 | Best Test: 0.7843
Epoch 0014 | Loss: 0.5690 | Val: 0.8000 | Test: 0.7647 | Best Test: 0.7843
Epoch 0015 | Loss: 0.5084 | Val: 0.8000 | Test: 0.7647 | Best Test: 0.7843
Epoch 0016 | Loss: 0.5125 | Val: 0.8000 | Test: 0.7843 | Best Test: 0.7843
Epoch 0017 | Loss: 0.4576 | Val: 0.8000 | Test: 0.7843 | Best Test: 0.7843
Epoch 0018 | Loss: 0.3939 | Val: 0.8000 | Test: 0.7647 | Best Test: 0.7843
Epoch 0019 | Loss: 0.3595 | Val: 0.8000 | Test: 0.8039 | Best Test: 0.8039
Epoch 0050 | Loss: 0.0437 | Val: 0.7625 | Test: 0.8431 | Best Test: 0.8627
Epoch 0100 | Loss: 0.0118 | Val: 0.7750 | Test: 0.8824 | Best Test: 0.9020
Epoch 0150 | Loss: 0.0070 | Val: 0.7750 | Test: 0.8627 | Best Test: 0.9020
Epoch 0200 | Loss: 0.0054 | Val: 0.7750 | Test: 0.8627 | Best Test: 0.9020
Epoch 0250 | Loss: 0.0044 | Val: 0.7750 | Test: 0.8627 | Best Test: 0.9020
Epoch 0300 | Loss: 0.0072 | Val: 0.7750 | Test: 0.8627 | Best Test: 0.9020
Epoch 0350 | Loss: 0.0201 | Val: 0.7750 | Test: 0.8627 | Best Test: 0.9020
Epoch 0400 | Loss: 0.0185 | Val: 0.7750 | Test: 0.8627 | Best Test: 0.9020
Epoch 0450 | Loss: 0.0186 | Val: 0.7750 | Test: 0.8627 | Best Test: 0.9020
Epoch 0500 | Loss: 0.0177 | Val: 0.7750 | Test: 0.8627 | Best Test: 0.9020
Epoch 0550 | Loss: 0.0182 | Val: 0.7750 | Test: 0.8627 | Best Test: 0.9020
Epoch 0600 | Loss: 0.0184 | Val: 0.7750 | Test: 0.8627 | Best Test: 0.9020
Epoch 0650 | Loss: 0.0236 | Val: 0.7750 | Test: 0.8627 | Best Test: 0.9020
Epoch 0700 | Loss: 0.0163 | Val: 0.7750 | Test: 0.8627 | Best Test: 0.9020
Epoch 0750 | Loss: 0.0192 | Val: 0.7750 | Test: 0.8627 | Best Test: 0.9020
Epoch 0800 | Loss: 0.0191 | Val: 0.7750 | Test: 0.8627 | Best Test: 0.9020
Epoch 0850 | Loss: 0.0195 | Val: 0.7750 | Test: 0.8627 | Best Test: 0.9020
Epoch 0900 | Loss: 0.0158 | Val: 0.7750 | Test: 0.8627 | Best Test: 0.9020
Epoch 0950 | Loss: 0.0251 | Val: 0.7750 | Test: 0.8431 | Best Test: 0.9020
Epoch 1000 | Loss: 0.0180 | Val: 0.7750 | Test: 0.8431 | Best Test: 0.9020
Early stopping at epoch 1012
[sgpc] summary data_id=8 split=4 seed=0 spec=dense best_val=0.8000 val_selected_test=0.7843 val_selected_epoch=11 oracle_best_test=0.9020 last_epoch=1012
[repro] exit_code=0
[repro] runtime_seconds=28
[repro] finished_at=2026-09-12T16:47:59+08:00
