[repro] started_at=2026-09-12T16:35:29+08:00
[repro] run_id=20260912_163529_webkb_s0_s5_Cornell_pid45343
[repro] repo_commit=114b585d0d0e32afbf1d7232dd04c013fa8453e2
[repro] tracked_patch_sha256=72952adeb096a5ca61e6e115a0a29e0e484ca577aba23f57b5c11dea083afee7
[repro] main_py_sha256=dc67561acc2c8d0860a4b53c2cdbd729ddaff59fd5b61d50dd1e3a513a6e06ac
[repro] dataset=Cornell data_id=6 env=dtgb cuda_visible_devices=0
[repro] data_link=/tmp/Cornell -> /home/lab_user/project/lzc/repro/sgpc/data/Cornell
[repro] command=python main.py 6 --split 5 --seed 0
[repro] resource_cap_ratio=85 threads=17 CPUQuota=1700% MemoryMax=55139365888 cuda_fraction=0.85
[repro] python=3.10.20 torch=2.2.1+cu121 pyg=2.8.0.post1 torch_sparse=0.6.18+pt22cu121
[repro] cuda=True gpu=NVIDIA GeForce RTX 3090
[cap] cores=17/20 CPUQuota=1700% MemoryMax=55139365888 cuda_fraction=0.85 mps=85 gpu_gov=1
Running as unit: run-p45420-i17634.scope; invocation ID: 5c1d8912dc1e417cbb17fd88e2621e12
[sgpc] config data_id=6 split=5 n_splits=10 seed=0 spec=dense max_epochs=2000 pacbayes_epoch=300
Epoch 0001 | Loss: 1.6788 | Val: 0.4068 | Test: 0.4595 | Best Test: 0.4595
Epoch 0002 | Loss: 1.4183 | Val: 0.4068 | Test: 0.4595 | Best Test: 0.4595
Epoch 0003 | Loss: 1.3214 | Val: 0.4068 | Test: 0.4595 | Best Test: 0.4595
Epoch 0004 | Loss: 1.2788 | Val: 0.4068 | Test: 0.4595 | Best Test: 0.4595
Epoch 0005 | Loss: 1.1819 | Val: 0.4068 | Test: 0.4595 | Best Test: 0.4595
Epoch 0006 | Loss: 1.1783 | Val: 0.4068 | Test: 0.4595 | Best Test: 0.4595
Epoch 0007 | Loss: 1.1041 | Val: 0.4576 | Test: 0.4595 | Best Test: 0.4595
Epoch 0008 | Loss: 1.0583 | Val: 0.5593 | Test: 0.5676 | Best Test: 0.5676
Epoch 0009 | Loss: 1.0130 | Val: 0.6102 | Test: 0.5946 | Best Test: 0.5946
Epoch 0010 | Loss: 0.9393 | Val: 0.6949 | Test: 0.7027 | Best Test: 0.7027
Epoch 0011 | Loss: 0.9299 | Val: 0.7627 | Test: 0.7297 | Best Test: 0.7297
Epoch 0012 | Loss: 0.8086 | Val: 0.7627 | Test: 0.7568 | Best Test: 0.7568
Epoch 0020 | Loss: 0.4703 | Val: 0.7627 | Test: 0.7568 | Best Test: 0.7568
Epoch 0026 | Loss: 0.2483 | Val: 0.7627 | Test: 0.7568 | Best Test: 0.7568
Epoch 0027 | Loss: 0.2193 | Val: 0.7627 | Test: 0.7568 | Best Test: 0.7568
Epoch 0028 | Loss: 0.2093 | Val: 0.7627 | Test: 0.7568 | Best Test: 0.7568
Epoch 0029 | Loss: 0.1956 | Val: 0.7627 | Test: 0.7838 | Best Test: 0.7838
Epoch 0042 | Loss: 0.0600 | Val: 0.7627 | Test: 0.7838 | Best Test: 0.7838
Epoch 0043 | Loss: 0.0403 | Val: 0.7797 | Test: 0.7838 | Best Test: 0.7838
Epoch 0044 | Loss: 0.0332 | Val: 0.7797 | Test: 0.7838 | Best Test: 0.7838
Epoch 0045 | Loss: 0.0437 | Val: 0.7797 | Test: 0.7838 | Best Test: 0.7838
Epoch 0046 | Loss: 0.0225 | Val: 0.7797 | Test: 0.7838 | Best Test: 0.7838
Epoch 0047 | Loss: 0.0303 | Val: 0.7797 | Test: 0.7838 | Best Test: 0.7838
Epoch 0050 | Loss: 0.0474 | Val: 0.7458 | Test: 0.7568 | Best Test: 0.7838
Epoch 0071 | Loss: 0.0111 | Val: 0.7797 | Test: 0.7838 | Best Test: 0.7838
Epoch 0072 | Loss: 0.0105 | Val: 0.7797 | Test: 0.7838 | Best Test: 0.7838
Epoch 0073 | Loss: 0.0070 | Val: 0.7797 | Test: 0.7838 | Best Test: 0.7838
Epoch 0074 | Loss: 0.0092 | Val: 0.7797 | Test: 0.8108 | Best Test: 0.8108
Epoch 0075 | Loss: 0.0081 | Val: 0.7797 | Test: 0.8108 | Best Test: 0.8108
Epoch 0076 | Loss: 0.0095 | Val: 0.7966 | Test: 0.8108 | Best Test: 0.8108
Epoch 0077 | Loss: 0.0098 | Val: 0.7966 | Test: 0.8108 | Best Test: 0.8108
Epoch 0091 | Loss: 0.0103 | Val: 0.7966 | Test: 0.8108 | Best Test: 0.8108
Epoch 0092 | Loss: 0.0058 | Val: 0.7966 | Test: 0.8108 | Best Test: 0.8108
Epoch 0093 | Loss: 0.0048 | Val: 0.7966 | Test: 0.8108 | Best Test: 0.8108
Epoch 0094 | Loss: 0.0082 | Val: 0.7966 | Test: 0.8108 | Best Test: 0.8108
Epoch 0095 | Loss: 0.0079 | Val: 0.7966 | Test: 0.8108 | Best Test: 0.8108
Epoch 0096 | Loss: 0.0044 | Val: 0.7966 | Test: 0.8108 | Best Test: 0.8108
Epoch 0097 | Loss: 0.0062 | Val: 0.7966 | Test: 0.8108 | Best Test: 0.8108
Epoch 0098 | Loss: 0.0062 | Val: 0.7966 | Test: 0.8108 | Best Test: 0.8108
Epoch 0099 | Loss: 0.0102 | Val: 0.7966 | Test: 0.8108 | Best Test: 0.8108
Epoch 0100 | Loss: 0.0082 | Val: 0.7966 | Test: 0.8108 | Best Test: 0.8108
Epoch 0101 | Loss: 0.0049 | Val: 0.7966 | Test: 0.8108 | Best Test: 0.8108
Epoch 0102 | Loss: 0.0044 | Val: 0.7966 | Test: 0.8108 | Best Test: 0.8108
Epoch 0103 | Loss: 0.0062 | Val: 0.7966 | Test: 0.8108 | Best Test: 0.8108
Epoch 0104 | Loss: 0.0065 | Val: 0.7966 | Test: 0.8108 | Best Test: 0.8108
Epoch 0105 | Loss: 0.0034 | Val: 0.7966 | Test: 0.8108 | Best Test: 0.8108
Epoch 0106 | Loss: 0.0097 | Val: 0.7966 | Test: 0.8108 | Best Test: 0.8108
Epoch 0107 | Loss: 0.0037 | Val: 0.7966 | Test: 0.8108 | Best Test: 0.8108
Epoch 0108 | Loss: 0.0052 | Val: 0.7966 | Test: 0.8108 | Best Test: 0.8108
Epoch 0109 | Loss: 0.0079 | Val: 0.7966 | Test: 0.8108 | Best Test: 0.8108
Epoch 0110 | Loss: 0.0057 | Val: 0.7966 | Test: 0.8108 | Best Test: 0.8108
Epoch 0111 | Loss: 0.0049 | Val: 0.7966 | Test: 0.8108 | Best Test: 0.8108
Epoch 0112 | Loss: 0.0036 | Val: 0.7966 | Test: 0.8108 | Best Test: 0.8108
Epoch 0113 | Loss: 0.0192 | Val: 0.7966 | Test: 0.8108 | Best Test: 0.8108
Epoch 0114 | Loss: 0.0042 | Val: 0.7966 | Test: 0.8108 | Best Test: 0.8108
Epoch 0115 | Loss: 0.0050 | Val: 0.7966 | Test: 0.8108 | Best Test: 0.8108
Epoch 0116 | Loss: 0.0077 | Val: 0.7966 | Test: 0.8108 | Best Test: 0.8108
Epoch 0117 | Loss: 0.0024 | Val: 0.7966 | Test: 0.8108 | Best Test: 0.8108
Epoch 0118 | Loss: 0.0056 | Val: 0.7966 | Test: 0.8108 | Best Test: 0.8108
Epoch 0120 | Loss: 0.0041 | Val: 0.7966 | Test: 0.8108 | Best Test: 0.8108
Epoch 0121 | Loss: 0.0037 | Val: 0.7966 | Test: 0.8108 | Best Test: 0.8108
Epoch 0122 | Loss: 0.0026 | Val: 0.7966 | Test: 0.8108 | Best Test: 0.8108
Epoch 0123 | Loss: 0.0040 | Val: 0.7966 | Test: 0.8108 | Best Test: 0.8108
Epoch 0124 | Loss: 0.0025 | Val: 0.7966 | Test: 0.8108 | Best Test: 0.8108
Epoch 0150 | Loss: 0.0054 | Val: 0.7797 | Test: 0.8108 | Best Test: 0.8108
Epoch 0195 | Loss: 0.0023 | Val: 0.7966 | Test: 0.8108 | Best Test: 0.8108
Epoch 0196 | Loss: 0.0046 | Val: 0.7966 | Test: 0.8108 | Best Test: 0.8108
Epoch 0197 | Loss: 0.0049 | Val: 0.7966 | Test: 0.8108 | Best Test: 0.8108
Epoch 0198 | Loss: 0.0039 | Val: 0.7966 | Test: 0.8108 | Best Test: 0.8108
Epoch 0199 | Loss: 0.0040 | Val: 0.7966 | Test: 0.8108 | Best Test: 0.8108
Epoch 0200 | Loss: 0.0024 | Val: 0.7966 | Test: 0.8108 | Best Test: 0.8108
Epoch 0201 | Loss: 0.0025 | Val: 0.7966 | Test: 0.8108 | Best Test: 0.8108
Epoch 0202 | Loss: 0.0027 | Val: 0.7966 | Test: 0.8108 | Best Test: 0.8108
Epoch 0203 | Loss: 0.0043 | Val: 0.7966 | Test: 0.8108 | Best Test: 0.8108
Epoch 0204 | Loss: 0.0041 | Val: 0.7966 | Test: 0.8108 | Best Test: 0.8108
Epoch 0205 | Loss: 0.0090 | Val: 0.7966 | Test: 0.8108 | Best Test: 0.8108
Epoch 0206 | Loss: 0.0037 | Val: 0.7966 | Test: 0.8108 | Best Test: 0.8108
Epoch 0207 | Loss: 0.0115 | Val: 0.7966 | Test: 0.8108 | Best Test: 0.8108
Epoch 0208 | Loss: 0.0062 | Val: 0.7966 | Test: 0.8378 | Best Test: 0.8378
Epoch 0209 | Loss: 0.0026 | Val: 0.7966 | Test: 0.8378 | Best Test: 0.8378
Epoch 0210 | Loss: 0.0028 | Val: 0.7966 | Test: 0.8378 | Best Test: 0.8378
Epoch 0211 | Loss: 0.0036 | Val: 0.7966 | Test: 0.8378 | Best Test: 0.8378
Epoch 0212 | Loss: 0.0036 | Val: 0.7966 | Test: 0.8378 | Best Test: 0.8378
Epoch 0213 | Loss: 0.0031 | Val: 0.7966 | Test: 0.8378 | Best Test: 0.8378
Epoch 0214 | Loss: 0.0027 | Val: 0.7966 | Test: 0.8378 | Best Test: 0.8378
Epoch 0215 | Loss: 0.0035 | Val: 0.7966 | Test: 0.8378 | Best Test: 0.8378
Epoch 0216 | Loss: 0.0024 | Val: 0.7966 | Test: 0.8378 | Best Test: 0.8378
Epoch 0217 | Loss: 0.0058 | Val: 0.7966 | Test: 0.8378 | Best Test: 0.8378
Epoch 0218 | Loss: 0.0049 | Val: 0.7966 | Test: 0.8378 | Best Test: 0.8378
Epoch 0219 | Loss: 0.0028 | Val: 0.7966 | Test: 0.8378 | Best Test: 0.8378
Epoch 0220 | Loss: 0.0025 | Val: 0.7966 | Test: 0.8378 | Best Test: 0.8378
Epoch 0221 | Loss: 0.0023 | Val: 0.7966 | Test: 0.8378 | Best Test: 0.8378
Epoch 0222 | Loss: 0.0033 | Val: 0.7966 | Test: 0.8378 | Best Test: 0.8378
Epoch 0223 | Loss: 0.0032 | Val: 0.7966 | Test: 0.8378 | Best Test: 0.8378
Epoch 0224 | Loss: 0.0115 | Val: 0.7966 | Test: 0.8378 | Best Test: 0.8378
Epoch 0225 | Loss: 0.0056 | Val: 0.7966 | Test: 0.8378 | Best Test: 0.8378
Epoch 0226 | Loss: 0.0037 | Val: 0.7966 | Test: 0.8378 | Best Test: 0.8378
Epoch 0227 | Loss: 0.0029 | Val: 0.7966 | Test: 0.8378 | Best Test: 0.8378
Epoch 0228 | Loss: 0.0031 | Val: 0.7966 | Test: 0.8378 | Best Test: 0.8378
Epoch 0229 | Loss: 0.0047 | Val: 0.7966 | Test: 0.8378 | Best Test: 0.8378
Epoch 0230 | Loss: 0.0031 | Val: 0.7966 | Test: 0.8378 | Best Test: 0.8378
Epoch 0231 | Loss: 0.0027 | Val: 0.7966 | Test: 0.8378 | Best Test: 0.8378
Epoch 0232 | Loss: 0.0045 | Val: 0.7966 | Test: 0.8378 | Best Test: 0.8378
Epoch 0233 | Loss: 0.0028 | Val: 0.7966 | Test: 0.8378 | Best Test: 0.8378
Epoch 0234 | Loss: 0.0061 | Val: 0.7966 | Test: 0.8378 | Best Test: 0.8378
Epoch 0235 | Loss: 0.0030 | Val: 0.7966 | Test: 0.8378 | Best Test: 0.8378
Epoch 0236 | Loss: 0.0052 | Val: 0.7966 | Test: 0.8378 | Best Test: 0.8378
Epoch 0237 | Loss: 0.0024 | Val: 0.7966 | Test: 0.8378 | Best Test: 0.8378
Epoch 0238 | Loss: 0.0048 | Val: 0.7966 | Test: 0.8378 | Best Test: 0.8378
Epoch 0239 | Loss: 0.0026 | Val: 0.7966 | Test: 0.8378 | Best Test: 0.8378
Epoch 0240 | Loss: 0.0022 | Val: 0.7966 | Test: 0.8378 | Best Test: 0.8378
Epoch 0241 | Loss: 0.0023 | Val: 0.7966 | Test: 0.8378 | Best Test: 0.8378
Epoch 0242 | Loss: 0.0036 | Val: 0.7966 | Test: 0.8378 | Best Test: 0.8378
Epoch 0243 | Loss: 0.0040 | Val: 0.7966 | Test: 0.8378 | Best Test: 0.8378
Epoch 0244 | Loss: 0.0049 | Val: 0.7966 | Test: 0.8378 | Best Test: 0.8378
Epoch 0245 | Loss: 0.0071 | Val: 0.7966 | Test: 0.8378 | Best Test: 0.8378
Epoch 0246 | Loss: 0.0034 | Val: 0.7966 | Test: 0.8378 | Best Test: 0.8378
Epoch 0247 | Loss: 0.0024 | Val: 0.7966 | Test: 0.8378 | Best Test: 0.8378
Epoch 0248 | Loss: 0.0046 | Val: 0.7966 | Test: 0.8378 | Best Test: 0.8378
Epoch 0249 | Loss: 0.0049 | Val: 0.7966 | Test: 0.8378 | Best Test: 0.8378
Epoch 0250 | Loss: 0.0027 | Val: 0.7966 | Test: 0.8378 | Best Test: 0.8378
Epoch 0251 | Loss: 0.0028 | Val: 0.7966 | Test: 0.8378 | Best Test: 0.8378
Epoch 0252 | Loss: 0.0057 | Val: 0.7966 | Test: 0.8378 | Best Test: 0.8378
Epoch 0253 | Loss: 0.0023 | Val: 0.7966 | Test: 0.8378 | Best Test: 0.8378
Epoch 0254 | Loss: 0.0032 | Val: 0.7966 | Test: 0.8378 | Best Test: 0.8378
Epoch 0255 | Loss: 0.0029 | Val: 0.7966 | Test: 0.8378 | Best Test: 0.8378
Epoch 0256 | Loss: 0.0041 | Val: 0.7966 | Test: 0.8378 | Best Test: 0.8378
Epoch 0257 | Loss: 0.0019 | Val: 0.7966 | Test: 0.8378 | Best Test: 0.8378
Epoch 0258 | Loss: 0.0036 | Val: 0.7966 | Test: 0.8378 | Best Test: 0.8378
Epoch 0259 | Loss: 0.0035 | Val: 0.7966 | Test: 0.8378 | Best Test: 0.8378
Epoch 0260 | Loss: 0.0020 | Val: 0.7966 | Test: 0.8378 | Best Test: 0.8378
Epoch 0261 | Loss: 0.0029 | Val: 0.7966 | Test: 0.8378 | Best Test: 0.8378
Epoch 0262 | Loss: 0.0058 | Val: 0.7966 | Test: 0.8378 | Best Test: 0.8378
Epoch 0263 | Loss: 0.0041 | Val: 0.7966 | Test: 0.8378 | Best Test: 0.8378
Epoch 0264 | Loss: 0.0027 | Val: 0.7966 | Test: 0.8378 | Best Test: 0.8378
Epoch 0265 | Loss: 0.0036 | Val: 0.7966 | Test: 0.8378 | Best Test: 0.8378
Epoch 0266 | Loss: 0.0031 | Val: 0.7966 | Test: 0.8378 | Best Test: 0.8378
Epoch 0267 | Loss: 0.0022 | Val: 0.7966 | Test: 0.8378 | Best Test: 0.8378
Epoch 0268 | Loss: 0.0060 | Val: 0.7966 | Test: 0.8378 | Best Test: 0.8378
Epoch 0269 | Loss: 0.0040 | Val: 0.7966 | Test: 0.8378 | Best Test: 0.8378
Epoch 0270 | Loss: 0.0015 | Val: 0.7966 | Test: 0.8378 | Best Test: 0.8378
Epoch 0271 | Loss: 0.0039 | Val: 0.7966 | Test: 0.8378 | Best Test: 0.8378
Epoch 0272 | Loss: 0.0022 | Val: 0.7966 | Test: 0.8378 | Best Test: 0.8378
Epoch 0273 | Loss: 0.0033 | Val: 0.7966 | Test: 0.8378 | Best Test: 0.8378
Epoch 0274 | Loss: 0.0036 | Val: 0.7966 | Test: 0.8378 | Best Test: 0.8378
Epoch 0275 | Loss: 0.0026 | Val: 0.7966 | Test: 0.8378 | Best Test: 0.8378
Epoch 0276 | Loss: 0.0038 | Val: 0.7966 | Test: 0.8378 | Best Test: 0.8378
Epoch 0277 | Loss: 0.0021 | Val: 0.7966 | Test: 0.8378 | Best Test: 0.8378
Epoch 0278 | Loss: 0.0039 | Val: 0.7966 | Test: 0.8378 | Best Test: 0.8378
Epoch 0279 | Loss: 0.0033 | Val: 0.7966 | Test: 0.8378 | Best Test: 0.8378
Epoch 0280 | Loss: 0.0045 | Val: 0.7966 | Test: 0.8378 | Best Test: 0.8378
Epoch 0281 | Loss: 0.0039 | Val: 0.7966 | Test: 0.8378 | Best Test: 0.8378
Epoch 0282 | Loss: 0.0017 | Val: 0.7966 | Test: 0.8378 | Best Test: 0.8378
Epoch 0300 | Loss: 0.0049 | Val: 0.7797 | Test: 0.8378 | Best Test: 0.8378
Epoch 0350 | Loss: 0.0207 | Val: 0.7797 | Test: 0.8378 | Best Test: 0.8378
Epoch 0400 | Loss: 0.0201 | Val: 0.7797 | Test: 0.8378 | Best Test: 0.8378
Epoch 0422 | Loss: 0.0179 | Val: 0.7966 | Test: 0.8378 | Best Test: 0.8378
Epoch 0423 | Loss: 0.0182 | Val: 0.7966 | Test: 0.8378 | Best Test: 0.8378
Epoch 0424 | Loss: 0.0202 | Val: 0.7966 | Test: 0.8378 | Best Test: 0.8378
Epoch 0425 | Loss: 0.0182 | Val: 0.7966 | Test: 0.8378 | Best Test: 0.8378
Epoch 0426 | Loss: 0.0178 | Val: 0.7966 | Test: 0.8378 | Best Test: 0.8378
Epoch 0427 | Loss: 0.0186 | Val: 0.7966 | Test: 0.8378 | Best Test: 0.8378
Epoch 0428 | Loss: 0.0190 | Val: 0.7966 | Test: 0.8378 | Best Test: 0.8378
Epoch 0429 | Loss: 0.0186 | Val: 0.7966 | Test: 0.8378 | Best Test: 0.8378
Epoch 0430 | Loss: 0.0181 | Val: 0.7966 | Test: 0.8378 | Best Test: 0.8378
Epoch 0431 | Loss: 0.0195 | Val: 0.7966 | Test: 0.8378 | Best Test: 0.8378
Epoch 0432 | Loss: 0.0218 | Val: 0.7966 | Test: 0.8378 | Best Test: 0.8378
Epoch 0433 | Loss: 0.0199 | Val: 0.7966 | Test: 0.8378 | Best Test: 0.8378
Epoch 0434 | Loss: 0.0197 | Val: 0.7966 | Test: 0.8378 | Best Test: 0.8378
Epoch 0435 | Loss: 0.0177 | Val: 0.7966 | Test: 0.8378 | Best Test: 0.8378
Epoch 0436 | Loss: 0.0223 | Val: 0.7966 | Test: 0.8378 | Best Test: 0.8378
Epoch 0437 | Loss: 0.0182 | Val: 0.7966 | Test: 0.8378 | Best Test: 0.8378
Epoch 0438 | Loss: 0.0192 | Val: 0.7966 | Test: 0.8378 | Best Test: 0.8378
Epoch 0439 | Loss: 0.0189 | Val: 0.7966 | Test: 0.8378 | Best Test: 0.8378
Epoch 0440 | Loss: 0.0181 | Val: 0.7966 | Test: 0.8378 | Best Test: 0.8378
Epoch 0441 | Loss: 0.0176 | Val: 0.7966 | Test: 0.8378 | Best Test: 0.8378
Epoch 0442 | Loss: 0.0180 | Val: 0.7966 | Test: 0.8378 | Best Test: 0.8378
Epoch 0443 | Loss: 0.0182 | Val: 0.7966 | Test: 0.8378 | Best Test: 0.8378
Epoch 0444 | Loss: 0.0171 | Val: 0.7966 | Test: 0.8378 | Best Test: 0.8378
Epoch 0445 | Loss: 0.0192 | Val: 0.7966 | Test: 0.8378 | Best Test: 0.8378
Epoch 0446 | Loss: 0.0179 | Val: 0.7966 | Test: 0.8378 | Best Test: 0.8378
Epoch 0447 | Loss: 0.0213 | Val: 0.7966 | Test: 0.8378 | Best Test: 0.8378
Epoch 0448 | Loss: 0.0175 | Val: 0.7966 | Test: 0.8378 | Best Test: 0.8378
Epoch 0449 | Loss: 0.0226 | Val: 0.7966 | Test: 0.8378 | Best Test: 0.8378
Epoch 0450 | Loss: 0.0209 | Val: 0.7966 | Test: 0.8378 | Best Test: 0.8378
Epoch 0451 | Loss: 0.0182 | Val: 0.7966 | Test: 0.8378 | Best Test: 0.8378
Epoch 0452 | Loss: 0.0209 | Val: 0.7966 | Test: 0.8378 | Best Test: 0.8378
Epoch 0453 | Loss: 0.0226 | Val: 0.7966 | Test: 0.8378 | Best Test: 0.8378
Epoch 0454 | Loss: 0.0169 | Val: 0.7966 | Test: 0.8378 | Best Test: 0.8378
Epoch 0455 | Loss: 0.0192 | Val: 0.7966 | Test: 0.8378 | Best Test: 0.8378
Epoch 0456 | Loss: 0.0175 | Val: 0.7966 | Test: 0.8378 | Best Test: 0.8378
Epoch 0457 | Loss: 0.0191 | Val: 0.7966 | Test: 0.8378 | Best Test: 0.8378
Epoch 0458 | Loss: 0.0184 | Val: 0.7966 | Test: 0.8378 | Best Test: 0.8378
Epoch 0459 | Loss: 0.0190 | Val: 0.7966 | Test: 0.8378 | Best Test: 0.8378
Epoch 0460 | Loss: 0.0181 | Val: 0.7966 | Test: 0.8378 | Best Test: 0.8378
Epoch 0461 | Loss: 0.0197 | Val: 0.7966 | Test: 0.8378 | Best Test: 0.8378
Epoch 0462 | Loss: 0.0182 | Val: 0.7966 | Test: 0.8378 | Best Test: 0.8378
Epoch 0463 | Loss: 0.0212 | Val: 0.7966 | Test: 0.8378 | Best Test: 0.8378
Epoch 0464 | Loss: 0.0193 | Val: 0.7966 | Test: 0.8378 | Best Test: 0.8378
Epoch 0465 | Loss: 0.0194 | Val: 0.7966 | Test: 0.8378 | Best Test: 0.8378
Epoch 0466 | Loss: 0.0252 | Val: 0.7966 | Test: 0.8378 | Best Test: 0.8378
Epoch 0493 | Loss: 0.0193 | Val: 0.7966 | Test: 0.8378 | Best Test: 0.8378
Epoch 0494 | Loss: 0.0182 | Val: 0.7966 | Test: 0.8378 | Best Test: 0.8378
Epoch 0495 | Loss: 0.0208 | Val: 0.7966 | Test: 0.8378 | Best Test: 0.8378
Epoch 0496 | Loss: 0.0198 | Val: 0.7966 | Test: 0.8378 | Best Test: 0.8378
Epoch 0497 | Loss: 0.0185 | Val: 0.7966 | Test: 0.8378 | Best Test: 0.8378
Epoch 0498 | Loss: 0.0177 | Val: 0.7966 | Test: 0.8378 | Best Test: 0.8378
Epoch 0499 | Loss: 0.0191 | Val: 0.7966 | Test: 0.8378 | Best Test: 0.8378
Epoch 0500 | Loss: 0.0167 | Val: 0.7966 | Test: 0.8378 | Best Test: 0.8378
Epoch 0501 | Loss: 0.0205 | Val: 0.7966 | Test: 0.8378 | Best Test: 0.8378
Epoch 0502 | Loss: 0.0176 | Val: 0.7966 | Test: 0.8378 | Best Test: 0.8378
Epoch 0503 | Loss: 0.0170 | Val: 0.7966 | Test: 0.8378 | Best Test: 0.8378
Epoch 0504 | Loss: 0.0210 | Val: 0.7966 | Test: 0.8378 | Best Test: 0.8378
Epoch 0505 | Loss: 0.0183 | Val: 0.7966 | Test: 0.8378 | Best Test: 0.8378
Epoch 0506 | Loss: 0.0203 | Val: 0.7966 | Test: 0.8378 | Best Test: 0.8378
Epoch 0507 | Loss: 0.0185 | Val: 0.7966 | Test: 0.8378 | Best Test: 0.8378
Epoch 0508 | Loss: 0.0181 | Val: 0.7966 | Test: 0.8378 | Best Test: 0.8378
Epoch 0509 | Loss: 0.0178 | Val: 0.7966 | Test: 0.8378 | Best Test: 0.8378
Epoch 0510 | Loss: 0.0188 | Val: 0.7966 | Test: 0.8378 | Best Test: 0.8378
Epoch 0511 | Loss: 0.0209 | Val: 0.7966 | Test: 0.8378 | Best Test: 0.8378
Epoch 0512 | Loss: 0.0178 | Val: 0.7966 | Test: 0.8378 | Best Test: 0.8378
Epoch 0513 | Loss: 0.0182 | Val: 0.7966 | Test: 0.8378 | Best Test: 0.8378
Epoch 0514 | Loss: 0.0219 | Val: 0.7966 | Test: 0.8378 | Best Test: 0.8378
Epoch 0515 | Loss: 0.0180 | Val: 0.7966 | Test: 0.8378 | Best Test: 0.8378
Epoch 0516 | Loss: 0.0180 | Val: 0.7966 | Test: 0.8378 | Best Test: 0.8378
Epoch 0517 | Loss: 0.0190 | Val: 0.7966 | Test: 0.8378 | Best Test: 0.8378
Epoch 0518 | Loss: 0.0182 | Val: 0.7966 | Test: 0.8378 | Best Test: 0.8378
Epoch 0519 | Loss: 0.0173 | Val: 0.7966 | Test: 0.8378 | Best Test: 0.8378
Epoch 0520 | Loss: 0.0233 | Val: 0.7966 | Test: 0.8378 | Best Test: 0.8378
Epoch 0521 | Loss: 0.0180 | Val: 0.7966 | Test: 0.8378 | Best Test: 0.8378
Epoch 0522 | Loss: 0.0184 | Val: 0.7966 | Test: 0.8378 | Best Test: 0.8378
Epoch 0523 | Loss: 0.0169 | Val: 0.7966 | Test: 0.8378 | Best Test: 0.8378
Epoch 0524 | Loss: 0.0214 | Val: 0.7966 | Test: 0.8378 | Best Test: 0.8378
Epoch 0525 | Loss: 0.0188 | Val: 0.7966 | Test: 0.8378 | Best Test: 0.8378
Epoch 0526 | Loss: 0.0200 | Val: 0.7966 | Test: 0.8378 | Best Test: 0.8378
Epoch 0527 | Loss: 0.0201 | Val: 0.7966 | Test: 0.8378 | Best Test: 0.8378
Epoch 0528 | Loss: 0.0171 | Val: 0.7966 | Test: 0.8378 | Best Test: 0.8378
Epoch 0529 | Loss: 0.0181 | Val: 0.7966 | Test: 0.8378 | Best Test: 0.8378
Epoch 0530 | Loss: 0.0201 | Val: 0.7966 | Test: 0.8378 | Best Test: 0.8378
Epoch 0531 | Loss: 0.0192 | Val: 0.7966 | Test: 0.8378 | Best Test: 0.8378
Epoch 0532 | Loss: 0.0185 | Val: 0.7966 | Test: 0.8378 | Best Test: 0.8378
Epoch 0533 | Loss: 0.0186 | Val: 0.7966 | Test: 0.8378 | Best Test: 0.8378
Epoch 0534 | Loss: 0.0205 | Val: 0.7966 | Test: 0.8378 | Best Test: 0.8378
Epoch 0535 | Loss: 0.0202 | Val: 0.7966 | Test: 0.8378 | Best Test: 0.8378
Epoch 0536 | Loss: 0.0180 | Val: 0.7966 | Test: 0.8378 | Best Test: 0.8378
Epoch 0537 | Loss: 0.0224 | Val: 0.7966 | Test: 0.8378 | Best Test: 0.8378
Epoch 0538 | Loss: 0.0187 | Val: 0.7966 | Test: 0.8378 | Best Test: 0.8378
Epoch 0539 | Loss: 0.0172 | Val: 0.7966 | Test: 0.8378 | Best Test: 0.8378
Epoch 0540 | Loss: 0.0172 | Val: 0.7966 | Test: 0.8378 | Best Test: 0.8378
Epoch 0541 | Loss: 0.0212 | Val: 0.7966 | Test: 0.8378 | Best Test: 0.8378
Epoch 0542 | Loss: 0.0192 | Val: 0.7966 | Test: 0.8378 | Best Test: 0.8378
Epoch 0543 | Loss: 0.0185 | Val: 0.7966 | Test: 0.8378 | Best Test: 0.8378
Epoch 0544 | Loss: 0.0192 | Val: 0.7966 | Test: 0.8378 | Best Test: 0.8378
Epoch 0545 | Loss: 0.0183 | Val: 0.7966 | Test: 0.8378 | Best Test: 0.8378
Epoch 0546 | Loss: 0.0188 | Val: 0.7966 | Test: 0.8378 | Best Test: 0.8378
Epoch 0547 | Loss: 0.0176 | Val: 0.7966 | Test: 0.8378 | Best Test: 0.8378
Epoch 0548 | Loss: 0.0191 | Val: 0.7966 | Test: 0.8378 | Best Test: 0.8378
Epoch 0549 | Loss: 0.0175 | Val: 0.7966 | Test: 0.8378 | Best Test: 0.8378
Epoch 0550 | Loss: 0.0183 | Val: 0.7966 | Test: 0.8378 | Best Test: 0.8378
Epoch 0551 | Loss: 0.0181 | Val: 0.7966 | Test: 0.8378 | Best Test: 0.8378
Epoch 0552 | Loss: 0.0174 | Val: 0.7966 | Test: 0.8378 | Best Test: 0.8378
Epoch 0553 | Loss: 0.0181 | Val: 0.7966 | Test: 0.8378 | Best Test: 0.8378
Epoch 0554 | Loss: 0.0206 | Val: 0.7966 | Test: 0.8378 | Best Test: 0.8378
Epoch 0555 | Loss: 0.0207 | Val: 0.7966 | Test: 0.8378 | Best Test: 0.8378
Epoch 0556 | Loss: 0.0173 | Val: 0.7966 | Test: 0.8378 | Best Test: 0.8378
Epoch 0557 | Loss: 0.0208 | Val: 0.7966 | Test: 0.8378 | Best Test: 0.8378
Epoch 0558 | Loss: 0.0170 | Val: 0.7966 | Test: 0.8378 | Best Test: 0.8378
Epoch 0559 | Loss: 0.0215 | Val: 0.7966 | Test: 0.8378 | Best Test: 0.8378
Epoch 0600 | Loss: 0.0189 | Val: 0.7797 | Test: 0.8378 | Best Test: 0.8378
Epoch 0650 | Loss: 0.0175 | Val: 0.7797 | Test: 0.8378 | Best Test: 0.8378
Epoch 0700 | Loss: 0.0166 | Val: 0.7797 | Test: 0.8378 | Best Test: 0.8378
Epoch 0750 | Loss: 0.0170 | Val: 0.7797 | Test: 0.8378 | Best Test: 0.8378
Epoch 0800 | Loss: 0.0178 | Val: 0.7797 | Test: 0.8378 | Best Test: 0.8378
Epoch 0850 | Loss: 0.0173 | Val: 0.7797 | Test: 0.8378 | Best Test: 0.8378
Epoch 0900 | Loss: 0.0176 | Val: 0.7797 | Test: 0.8378 | Best Test: 0.8378
Epoch 0950 | Loss: 0.0265 | Val: 0.7797 | Test: 0.8378 | Best Test: 0.8378
Epoch 1000 | Loss: 0.0170 | Val: 0.7797 | Test: 0.8378 | Best Test: 0.8378
Epoch 1050 | Loss: 0.0196 | Val: 0.7797 | Test: 0.8378 | Best Test: 0.8378
Early stopping at epoch 1077
[sgpc] summary data_id=6 split=5 seed=0 spec=dense best_val=0.7966 val_selected_test=0.8108 val_selected_epoch=76 oracle_best_test=0.8378 last_epoch=1077
[repro] exit_code=0
[repro] runtime_seconds=31
[repro] finished_at=2026-09-12T16:36:02+08:00
