[repro] started_at=2026-09-12T16:41:22+08:00
[repro] run_id=20260912_164122_webkb_s0_s4_Texas_pid48587
[repro] repo_commit=114b585d0d0e32afbf1d7232dd04c013fa8453e2
[repro] tracked_patch_sha256=72952adeb096a5ca61e6e115a0a29e0e484ca577aba23f57b5c11dea083afee7
[repro] main_py_sha256=dc67561acc2c8d0860a4b53c2cdbd729ddaff59fd5b61d50dd1e3a513a6e06ac
[repro] dataset=Texas data_id=7 env=dtgb cuda_visible_devices=0
[repro] data_link=/tmp/Texas -> /home/lab_user/project/lzc/repro/sgpc/data/Texas
[repro] command=python main.py 7 --split 4 --seed 0
[repro] resource_cap_ratio=85 threads=17 CPUQuota=1700% MemoryMax=55139365888 cuda_fraction=0.85
[repro] python=3.10.20 torch=2.2.1+cu121 pyg=2.8.0.post1 torch_sparse=0.6.18+pt22cu121
[repro] cuda=True gpu=NVIDIA GeForce RTX 3090
[cap] cores=17/20 CPUQuota=1700% MemoryMax=55139365888 cuda_fraction=0.85 mps=85 gpu_gov=1
Running as unit: run-p48666-i31829.scope; invocation ID: 44071975223d4a548f24eef90881c90b
[sgpc] config data_id=7 split=4 n_splits=10 seed=0 spec=dense max_epochs=2000 pacbayes_epoch=300
Epoch 0001 | Loss: 1.6532 | Val: 0.6271 | Test: 0.5676 | Best Test: 0.5676
Epoch 0002 | Loss: 1.3850 | Val: 0.6271 | Test: 0.5676 | Best Test: 0.5676
Epoch 0003 | Loss: 1.1895 | Val: 0.6271 | Test: 0.5676 | Best Test: 0.5676
Epoch 0004 | Loss: 1.1758 | Val: 0.6271 | Test: 0.5676 | Best Test: 0.5676
Epoch 0005 | Loss: 1.0896 | Val: 0.6271 | Test: 0.5676 | Best Test: 0.5676
Epoch 0006 | Loss: 1.0940 | Val: 0.6271 | Test: 0.5676 | Best Test: 0.5676
Epoch 0007 | Loss: 1.0090 | Val: 0.6271 | Test: 0.5676 | Best Test: 0.5676
Epoch 0008 | Loss: 0.9877 | Val: 0.7458 | Test: 0.6486 | Best Test: 0.6486
Epoch 0009 | Loss: 0.9062 | Val: 0.7966 | Test: 0.7027 | Best Test: 0.7027
Epoch 0010 | Loss: 0.8843 | Val: 0.8136 | Test: 0.7838 | Best Test: 0.7838
Epoch 0020 | Loss: 0.3344 | Val: 0.8136 | Test: 0.8378 | Best Test: 0.8378
Epoch 0021 | Loss: 0.3459 | Val: 0.8136 | Test: 0.8378 | Best Test: 0.8378
Epoch 0022 | Loss: 0.3592 | Val: 0.8136 | Test: 0.8378 | Best Test: 0.8378
Epoch 0023 | Loss: 0.2824 | Val: 0.8475 | Test: 0.8378 | Best Test: 0.8378
Epoch 0024 | Loss: 0.2243 | Val: 0.8644 | Test: 0.8378 | Best Test: 0.8378
Epoch 0025 | Loss: 0.2347 | Val: 0.8644 | Test: 0.8378 | Best Test: 0.8378
Epoch 0026 | Loss: 0.2229 | Val: 0.8644 | Test: 0.8378 | Best Test: 0.8378
Epoch 0027 | Loss: 0.1912 | Val: 0.8814 | Test: 0.8378 | Best Test: 0.8378
Epoch 0028 | Loss: 0.1589 | Val: 0.8814 | Test: 0.8378 | Best Test: 0.8378
Epoch 0039 | Loss: 0.0878 | Val: 0.8814 | Test: 0.8649 | Best Test: 0.8649
Epoch 0040 | Loss: 0.0746 | Val: 0.8814 | Test: 0.8378 | Best Test: 0.8649
Epoch 0041 | Loss: 0.0736 | Val: 0.8814 | Test: 0.8378 | Best Test: 0.8649
Epoch 0042 | Loss: 0.0497 | Val: 0.8814 | Test: 0.8378 | Best Test: 0.8649
Epoch 0043 | Loss: 0.0522 | Val: 0.8814 | Test: 0.8378 | Best Test: 0.8649
Epoch 0044 | Loss: 0.0445 | Val: 0.8814 | Test: 0.8378 | Best Test: 0.8649
Epoch 0050 | Loss: 0.0266 | Val: 0.8644 | Test: 0.8649 | Best Test: 0.8649
Epoch 0070 | Loss: 0.0140 | Val: 0.8814 | Test: 0.8378 | Best Test: 0.8919
Epoch 0071 | Loss: 0.0120 | Val: 0.8814 | Test: 0.8378 | Best Test: 0.8919
Epoch 0072 | Loss: 0.0151 | Val: 0.8814 | Test: 0.8649 | Best Test: 0.8919
Epoch 0073 | Loss: 0.0183 | Val: 0.8814 | Test: 0.8649 | Best Test: 0.8919
Epoch 0074 | Loss: 0.0286 | Val: 0.8814 | Test: 0.8649 | Best Test: 0.8919
Epoch 0075 | Loss: 0.0181 | Val: 0.8814 | Test: 0.8378 | Best Test: 0.8919
Epoch 0076 | Loss: 0.0141 | Val: 0.8814 | Test: 0.8378 | Best Test: 0.8919
Epoch 0077 | Loss: 0.0107 | Val: 0.8814 | Test: 0.8378 | Best Test: 0.8919
Epoch 0092 | Loss: 0.0125 | Val: 0.8983 | Test: 0.8649 | Best Test: 0.8919
Epoch 0093 | Loss: 0.0127 | Val: 0.8983 | Test: 0.8649 | Best Test: 0.8919
Epoch 0094 | Loss: 0.0138 | Val: 0.8983 | Test: 0.8649 | Best Test: 0.8919
Epoch 0095 | Loss: 0.0157 | Val: 0.8983 | Test: 0.8649 | Best Test: 0.8919
Epoch 0096 | Loss: 0.0136 | Val: 0.8983 | Test: 0.8649 | Best Test: 0.8919
Epoch 0097 | Loss: 0.0117 | Val: 0.8983 | Test: 0.8649 | Best Test: 0.8919
Epoch 0098 | Loss: 0.0111 | Val: 0.8983 | Test: 0.8649 | Best Test: 0.8919
Epoch 0099 | Loss: 0.0116 | Val: 0.8983 | Test: 0.8378 | Best Test: 0.8919
Epoch 0100 | Loss: 0.0129 | Val: 0.8983 | Test: 0.8378 | Best Test: 0.8919
Epoch 0101 | Loss: 0.0066 | Val: 0.8983 | Test: 0.8378 | Best Test: 0.8919
Epoch 0125 | Loss: 0.0080 | Val: 0.8983 | Test: 0.8649 | Best Test: 0.8919
Epoch 0126 | Loss: 0.0068 | Val: 0.8983 | Test: 0.8649 | Best Test: 0.8919
Epoch 0127 | Loss: 0.0067 | Val: 0.8983 | Test: 0.8649 | Best Test: 0.8919
Epoch 0128 | Loss: 0.0102 | Val: 0.8983 | Test: 0.8649 | Best Test: 0.8919
Epoch 0129 | Loss: 0.0070 | Val: 0.9153 | Test: 0.8649 | Best Test: 0.8919
Epoch 0130 | Loss: 0.0105 | Val: 0.9153 | Test: 0.8649 | Best Test: 0.8919
Epoch 0131 | Loss: 0.0122 | Val: 0.9153 | Test: 0.8649 | Best Test: 0.8919
Epoch 0132 | Loss: 0.0096 | Val: 0.9153 | Test: 0.8649 | Best Test: 0.8919
Epoch 0133 | Loss: 0.0098 | Val: 0.9153 | Test: 0.8649 | Best Test: 0.8919
Epoch 0134 | Loss: 0.0074 | Val: 0.9153 | Test: 0.8649 | Best Test: 0.8919
Epoch 0135 | Loss: 0.0076 | Val: 0.9153 | Test: 0.8649 | Best Test: 0.8919
Epoch 0136 | Loss: 0.0079 | Val: 0.9153 | Test: 0.8649 | Best Test: 0.8919
Epoch 0137 | Loss: 0.0052 | Val: 0.9153 | Test: 0.8649 | Best Test: 0.8919
Epoch 0138 | Loss: 0.0079 | Val: 0.9153 | Test: 0.8649 | Best Test: 0.8919
Epoch 0139 | Loss: 0.0131 | Val: 0.9153 | Test: 0.8649 | Best Test: 0.8919
Epoch 0140 | Loss: 0.0047 | Val: 0.9153 | Test: 0.8649 | Best Test: 0.8919
Epoch 0141 | Loss: 0.0087 | Val: 0.9153 | Test: 0.8649 | Best Test: 0.8919
Epoch 0142 | Loss: 0.0072 | Val: 0.9153 | Test: 0.8649 | Best Test: 0.8919
Epoch 0143 | Loss: 0.0088 | Val: 0.9153 | Test: 0.8649 | Best Test: 0.8919
Epoch 0144 | Loss: 0.0048 | Val: 0.9153 | Test: 0.8649 | Best Test: 0.8919
Epoch 0145 | Loss: 0.0070 | Val: 0.9153 | Test: 0.8649 | Best Test: 0.8919
Epoch 0146 | Loss: 0.0063 | Val: 0.9153 | Test: 0.8649 | Best Test: 0.8919
Epoch 0147 | Loss: 0.0058 | Val: 0.9153 | Test: 0.8649 | Best Test: 0.8919
Epoch 0148 | Loss: 0.0050 | Val: 0.9153 | Test: 0.8649 | Best Test: 0.8919
Epoch 0149 | Loss: 0.0066 | Val: 0.9153 | Test: 0.8649 | Best Test: 0.8919
Epoch 0150 | Loss: 0.0084 | Val: 0.9153 | Test: 0.8649 | Best Test: 0.8919
Epoch 0151 | Loss: 0.0062 | Val: 0.9153 | Test: 0.8649 | Best Test: 0.8919
Epoch 0152 | Loss: 0.0046 | Val: 0.9153 | Test: 0.8649 | Best Test: 0.8919
Epoch 0175 | Loss: 0.0051 | Val: 0.9153 | Test: 0.8378 | Best Test: 0.8919
Epoch 0176 | Loss: 0.0074 | Val: 0.9153 | Test: 0.8378 | Best Test: 0.8919
Epoch 0177 | Loss: 0.0045 | Val: 0.9153 | Test: 0.8378 | Best Test: 0.8919
Epoch 0178 | Loss: 0.0092 | Val: 0.9153 | Test: 0.8378 | Best Test: 0.8919
Epoch 0179 | Loss: 0.0058 | Val: 0.9153 | Test: 0.8378 | Best Test: 0.8919
Epoch 0180 | Loss: 0.0040 | Val: 0.9153 | Test: 0.8378 | Best Test: 0.8919
Epoch 0181 | Loss: 0.0041 | Val: 0.9153 | Test: 0.8378 | Best Test: 0.8919
Epoch 0182 | Loss: 0.0047 | Val: 0.9153 | Test: 0.8378 | Best Test: 0.8919
Epoch 0183 | Loss: 0.0053 | Val: 0.9153 | Test: 0.8378 | Best Test: 0.8919
Epoch 0184 | Loss: 0.0032 | Val: 0.9153 | Test: 0.8378 | Best Test: 0.8919
Epoch 0185 | Loss: 0.0079 | Val: 0.9153 | Test: 0.8378 | Best Test: 0.8919
Epoch 0186 | Loss: 0.0056 | Val: 0.9153 | Test: 0.8378 | Best Test: 0.8919
Epoch 0187 | Loss: 0.0024 | Val: 0.9153 | Test: 0.8378 | Best Test: 0.8919
Epoch 0188 | Loss: 0.0068 | Val: 0.9153 | Test: 0.8378 | Best Test: 0.8919
Epoch 0189 | Loss: 0.0194 | Val: 0.9153 | Test: 0.8378 | Best Test: 0.8919
Epoch 0190 | Loss: 0.0036 | Val: 0.9153 | Test: 0.8378 | Best Test: 0.8919
Epoch 0191 | Loss: 0.0048 | Val: 0.9153 | Test: 0.8378 | Best Test: 0.8919
Epoch 0192 | Loss: 0.0080 | Val: 0.9153 | Test: 0.8378 | Best Test: 0.8919
Epoch 0193 | Loss: 0.0052 | Val: 0.9153 | Test: 0.8378 | Best Test: 0.8919
Epoch 0194 | Loss: 0.0061 | Val: 0.9153 | Test: 0.8378 | Best Test: 0.8919
Epoch 0195 | Loss: 0.0040 | Val: 0.9153 | Test: 0.8378 | Best Test: 0.8919
Epoch 0196 | Loss: 0.0128 | Val: 0.9153 | Test: 0.8378 | Best Test: 0.8919
Epoch 0197 | Loss: 0.0059 | Val: 0.9153 | Test: 0.8378 | Best Test: 0.8919
Epoch 0198 | Loss: 0.0039 | Val: 0.9153 | Test: 0.8378 | Best Test: 0.8919
Epoch 0199 | Loss: 0.0053 | Val: 0.9153 | Test: 0.8378 | Best Test: 0.8919
Epoch 0200 | Loss: 0.0054 | Val: 0.9153 | Test: 0.8378 | Best Test: 0.8919
Epoch 0201 | Loss: 0.0056 | Val: 0.9153 | Test: 0.8378 | Best Test: 0.8919
Epoch 0202 | Loss: 0.0046 | Val: 0.9153 | Test: 0.8378 | Best Test: 0.8919
Epoch 0203 | Loss: 0.0041 | Val: 0.9153 | Test: 0.8378 | Best Test: 0.8919
Epoch 0204 | Loss: 0.0093 | Val: 0.9153 | Test: 0.8378 | Best Test: 0.8919
Epoch 0205 | Loss: 0.0033 | Val: 0.9153 | Test: 0.8378 | Best Test: 0.8919
Epoch 0206 | Loss: 0.0035 | Val: 0.9153 | Test: 0.8378 | Best Test: 0.8919
Epoch 0207 | Loss: 0.0044 | Val: 0.9153 | Test: 0.8378 | Best Test: 0.8919
Epoch 0208 | Loss: 0.0186 | Val: 0.9153 | Test: 0.8649 | Best Test: 0.8919
Epoch 0209 | Loss: 0.0056 | Val: 0.9153 | Test: 0.8649 | Best Test: 0.8919
Epoch 0210 | Loss: 0.0128 | Val: 0.9153 | Test: 0.8649 | Best Test: 0.8919
Epoch 0211 | Loss: 0.0042 | Val: 0.9153 | Test: 0.8649 | Best Test: 0.8919
Epoch 0212 | Loss: 0.0083 | Val: 0.9153 | Test: 0.8649 | Best Test: 0.8919
Epoch 0213 | Loss: 0.0029 | Val: 0.9153 | Test: 0.8649 | Best Test: 0.8919
Epoch 0214 | Loss: 0.0042 | Val: 0.9153 | Test: 0.8649 | Best Test: 0.8919
Epoch 0215 | Loss: 0.0026 | Val: 0.9153 | Test: 0.8649 | Best Test: 0.8919
Epoch 0216 | Loss: 0.0039 | Val: 0.9153 | Test: 0.8378 | Best Test: 0.8919
Epoch 0217 | Loss: 0.0053 | Val: 0.9153 | Test: 0.8378 | Best Test: 0.8919
Epoch 0218 | Loss: 0.0031 | Val: 0.9153 | Test: 0.8378 | Best Test: 0.8919
Epoch 0219 | Loss: 0.0037 | Val: 0.9153 | Test: 0.8378 | Best Test: 0.8919
Epoch 0220 | Loss: 0.0031 | Val: 0.9153 | Test: 0.8378 | Best Test: 0.8919
Epoch 0221 | Loss: 0.0049 | Val: 0.9153 | Test: 0.8378 | Best Test: 0.8919
Epoch 0222 | Loss: 0.0103 | Val: 0.9153 | Test: 0.8378 | Best Test: 0.8919
Epoch 0223 | Loss: 0.0033 | Val: 0.9153 | Test: 0.8378 | Best Test: 0.8919
Epoch 0224 | Loss: 0.0071 | Val: 0.9153 | Test: 0.8378 | Best Test: 0.8919
Epoch 0225 | Loss: 0.0064 | Val: 0.9153 | Test: 0.8378 | Best Test: 0.8919
Epoch 0226 | Loss: 0.0037 | Val: 0.9153 | Test: 0.8378 | Best Test: 0.8919
Epoch 0227 | Loss: 0.0066 | Val: 0.9153 | Test: 0.8649 | Best Test: 0.8919
Epoch 0243 | Loss: 0.0048 | Val: 0.9153 | Test: 0.8378 | Best Test: 0.8919
Epoch 0244 | Loss: 0.0034 | Val: 0.9153 | Test: 0.8378 | Best Test: 0.8919
Epoch 0245 | Loss: 0.0043 | Val: 0.9153 | Test: 0.8378 | Best Test: 0.8919
Epoch 0246 | Loss: 0.0048 | Val: 0.9153 | Test: 0.8378 | Best Test: 0.8919
Epoch 0247 | Loss: 0.0038 | Val: 0.9153 | Test: 0.8378 | Best Test: 0.8919
Epoch 0248 | Loss: 0.0053 | Val: 0.9153 | Test: 0.8378 | Best Test: 0.8919
Epoch 0249 | Loss: 0.0033 | Val: 0.9153 | Test: 0.8378 | Best Test: 0.8919
Epoch 0250 | Loss: 0.0027 | Val: 0.9153 | Test: 0.8378 | Best Test: 0.8919
Epoch 0251 | Loss: 0.0072 | Val: 0.9153 | Test: 0.8378 | Best Test: 0.8919
Epoch 0252 | Loss: 0.0037 | Val: 0.9153 | Test: 0.8378 | Best Test: 0.8919
Epoch 0253 | Loss: 0.0030 | Val: 0.9153 | Test: 0.8378 | Best Test: 0.8919
Epoch 0254 | Loss: 0.0105 | Val: 0.9153 | Test: 0.8378 | Best Test: 0.8919
Epoch 0255 | Loss: 0.0060 | Val: 0.9153 | Test: 0.8378 | Best Test: 0.8919
Epoch 0256 | Loss: 0.0088 | Val: 0.9153 | Test: 0.8378 | Best Test: 0.8919
Epoch 0257 | Loss: 0.0048 | Val: 0.9153 | Test: 0.8378 | Best Test: 0.8919
Epoch 0258 | Loss: 0.0059 | Val: 0.9153 | Test: 0.8378 | Best Test: 0.8919
Epoch 0259 | Loss: 0.0056 | Val: 0.9153 | Test: 0.8378 | Best Test: 0.8919
Epoch 0260 | Loss: 0.0052 | Val: 0.9153 | Test: 0.8378 | Best Test: 0.8919
Epoch 0261 | Loss: 0.0047 | Val: 0.9153 | Test: 0.8378 | Best Test: 0.8919
Epoch 0262 | Loss: 0.0020 | Val: 0.9153 | Test: 0.8378 | Best Test: 0.8919
Epoch 0263 | Loss: 0.0036 | Val: 0.9153 | Test: 0.8378 | Best Test: 0.8919
Epoch 0264 | Loss: 0.0051 | Val: 0.9153 | Test: 0.8378 | Best Test: 0.8919
Epoch 0265 | Loss: 0.0057 | Val: 0.9153 | Test: 0.8378 | Best Test: 0.8919
Epoch 0266 | Loss: 0.0038 | Val: 0.9153 | Test: 0.8378 | Best Test: 0.8919
Epoch 0267 | Loss: 0.0041 | Val: 0.9153 | Test: 0.8378 | Best Test: 0.8919
Epoch 0268 | Loss: 0.0109 | Val: 0.9153 | Test: 0.8378 | Best Test: 0.8919
Epoch 0269 | Loss: 0.0060 | Val: 0.9153 | Test: 0.8378 | Best Test: 0.8919
Epoch 0270 | Loss: 0.0038 | Val: 0.9153 | Test: 0.8378 | Best Test: 0.8919
Epoch 0271 | Loss: 0.0035 | Val: 0.9153 | Test: 0.8378 | Best Test: 0.8919
Epoch 0272 | Loss: 0.0040 | Val: 0.9153 | Test: 0.8378 | Best Test: 0.8919
Epoch 0273 | Loss: 0.0033 | Val: 0.9153 | Test: 0.8378 | Best Test: 0.8919
Epoch 0274 | Loss: 0.0074 | Val: 0.9153 | Test: 0.8378 | Best Test: 0.8919
Epoch 0275 | Loss: 0.0042 | Val: 0.9153 | Test: 0.8378 | Best Test: 0.8919
Epoch 0276 | Loss: 0.0088 | Val: 0.9153 | Test: 0.8378 | Best Test: 0.8919
Epoch 0277 | Loss: 0.0033 | Val: 0.9153 | Test: 0.8378 | Best Test: 0.8919
Epoch 0278 | Loss: 0.0030 | Val: 0.9153 | Test: 0.8378 | Best Test: 0.8919
Epoch 0279 | Loss: 0.0036 | Val: 0.9153 | Test: 0.8378 | Best Test: 0.8919
Epoch 0280 | Loss: 0.0055 | Val: 0.9153 | Test: 0.8378 | Best Test: 0.8919
Epoch 0281 | Loss: 0.0100 | Val: 0.9153 | Test: 0.8378 | Best Test: 0.8919
Epoch 0282 | Loss: 0.0055 | Val: 0.9153 | Test: 0.8378 | Best Test: 0.8919
Epoch 0283 | Loss: 0.0028 | Val: 0.9153 | Test: 0.8378 | Best Test: 0.8919
Epoch 0284 | Loss: 0.0079 | Val: 0.9153 | Test: 0.8378 | Best Test: 0.8919
Epoch 0285 | Loss: 0.0034 | Val: 0.9153 | Test: 0.8378 | Best Test: 0.8919
Epoch 0286 | Loss: 0.0058 | Val: 0.9153 | Test: 0.8378 | Best Test: 0.8919
Epoch 0287 | Loss: 0.0044 | Val: 0.9153 | Test: 0.8378 | Best Test: 0.8919
Epoch 0288 | Loss: 0.0043 | Val: 0.9153 | Test: 0.8378 | Best Test: 0.8919
Epoch 0289 | Loss: 0.0031 | Val: 0.9153 | Test: 0.8378 | Best Test: 0.8919
Epoch 0290 | Loss: 0.0049 | Val: 0.9153 | Test: 0.8378 | Best Test: 0.8919
Epoch 0291 | Loss: 0.0031 | Val: 0.9153 | Test: 0.8378 | Best Test: 0.8919
Epoch 0292 | Loss: 0.0035 | Val: 0.9153 | Test: 0.8378 | Best Test: 0.8919
Epoch 0293 | Loss: 0.0030 | Val: 0.9153 | Test: 0.8378 | Best Test: 0.8919
Epoch 0294 | Loss: 0.0024 | Val: 0.9153 | Test: 0.8378 | Best Test: 0.8919
Epoch 0295 | Loss: 0.0049 | Val: 0.9153 | Test: 0.8378 | Best Test: 0.8919
Epoch 0296 | Loss: 0.0031 | Val: 0.9153 | Test: 0.8378 | Best Test: 0.8919
Epoch 0297 | Loss: 0.0036 | Val: 0.9153 | Test: 0.8378 | Best Test: 0.8919
Epoch 0298 | Loss: 0.0106 | Val: 0.9153 | Test: 0.8378 | Best Test: 0.8919
Epoch 0299 | Loss: 0.0053 | Val: 0.9153 | Test: 0.8378 | Best Test: 0.8919
Epoch 0300 | Loss: 0.0071 | Val: 0.9153 | Test: 0.8378 | Best Test: 0.8919
Epoch 0301 | Loss: 0.0207 | Val: 0.9153 | Test: 0.8378 | Best Test: 0.8919
Epoch 0302 | Loss: 0.0202 | Val: 0.9153 | Test: 0.8378 | Best Test: 0.8919
Epoch 0303 | Loss: 0.0200 | Val: 0.9153 | Test: 0.8378 | Best Test: 0.8919
Epoch 0304 | Loss: 0.0196 | Val: 0.9153 | Test: 0.8378 | Best Test: 0.8919
Epoch 0305 | Loss: 0.0186 | Val: 0.9153 | Test: 0.8378 | Best Test: 0.8919
Epoch 0306 | Loss: 0.0205 | Val: 0.9153 | Test: 0.8378 | Best Test: 0.8919
Epoch 0307 | Loss: 0.0170 | Val: 0.9153 | Test: 0.8378 | Best Test: 0.8919
Epoch 0308 | Loss: 0.0205 | Val: 0.9153 | Test: 0.8378 | Best Test: 0.8919
Epoch 0309 | Loss: 0.0195 | Val: 0.9153 | Test: 0.8378 | Best Test: 0.8919
Epoch 0310 | Loss: 0.0177 | Val: 0.9153 | Test: 0.8378 | Best Test: 0.8919
Epoch 0311 | Loss: 0.0188 | Val: 0.9153 | Test: 0.8378 | Best Test: 0.8919
Epoch 0312 | Loss: 0.0221 | Val: 0.9153 | Test: 0.8378 | Best Test: 0.8919
Epoch 0313 | Loss: 0.0176 | Val: 0.9153 | Test: 0.8378 | Best Test: 0.8919
Epoch 0314 | Loss: 0.0180 | Val: 0.9153 | Test: 0.8378 | Best Test: 0.8919
Epoch 0315 | Loss: 0.0182 | Val: 0.9153 | Test: 0.8378 | Best Test: 0.8919
Epoch 0316 | Loss: 0.0178 | Val: 0.9153 | Test: 0.8378 | Best Test: 0.8919
Epoch 0317 | Loss: 0.0193 | Val: 0.9153 | Test: 0.8378 | Best Test: 0.8919
Epoch 0318 | Loss: 0.0168 | Val: 0.9153 | Test: 0.8378 | Best Test: 0.8919
Epoch 0319 | Loss: 0.0186 | Val: 0.9153 | Test: 0.8378 | Best Test: 0.8919
Epoch 0320 | Loss: 0.0196 | Val: 0.9153 | Test: 0.8378 | Best Test: 0.8919
Epoch 0321 | Loss: 0.0189 | Val: 0.9153 | Test: 0.8378 | Best Test: 0.8919
Epoch 0322 | Loss: 0.0190 | Val: 0.9153 | Test: 0.8378 | Best Test: 0.8919
Epoch 0323 | Loss: 0.0189 | Val: 0.9153 | Test: 0.8378 | Best Test: 0.8919
Epoch 0324 | Loss: 0.0193 | Val: 0.9153 | Test: 0.8378 | Best Test: 0.8919
Epoch 0325 | Loss: 0.0192 | Val: 0.9153 | Test: 0.8378 | Best Test: 0.8919
Epoch 0326 | Loss: 0.0201 | Val: 0.9153 | Test: 0.8378 | Best Test: 0.8919
Epoch 0327 | Loss: 0.0200 | Val: 0.9153 | Test: 0.8378 | Best Test: 0.8919
Epoch 0328 | Loss: 0.0182 | Val: 0.9153 | Test: 0.8378 | Best Test: 0.8919
Epoch 0329 | Loss: 0.0185 | Val: 0.9153 | Test: 0.8378 | Best Test: 0.8919
Epoch 0330 | Loss: 0.0173 | Val: 0.9153 | Test: 0.8378 | Best Test: 0.8919
Epoch 0331 | Loss: 0.0218 | Val: 0.9153 | Test: 0.8378 | Best Test: 0.8919
Epoch 0332 | Loss: 0.0183 | Val: 0.9153 | Test: 0.8378 | Best Test: 0.8919
Epoch 0333 | Loss: 0.0283 | Val: 0.9153 | Test: 0.8378 | Best Test: 0.8919
Epoch 0334 | Loss: 0.0205 | Val: 0.9153 | Test: 0.8378 | Best Test: 0.8919
Epoch 0335 | Loss: 0.0220 | Val: 0.9153 | Test: 0.8378 | Best Test: 0.8919
Epoch 0336 | Loss: 0.0207 | Val: 0.9153 | Test: 0.8378 | Best Test: 0.8919
Epoch 0337 | Loss: 0.0187 | Val: 0.9153 | Test: 0.8378 | Best Test: 0.8919
Epoch 0338 | Loss: 0.0188 | Val: 0.9153 | Test: 0.8378 | Best Test: 0.8919
Epoch 0339 | Loss: 0.0180 | Val: 0.9153 | Test: 0.8378 | Best Test: 0.8919
Epoch 0340 | Loss: 0.0182 | Val: 0.9153 | Test: 0.8378 | Best Test: 0.8919
Epoch 0341 | Loss: 0.0200 | Val: 0.9153 | Test: 0.8378 | Best Test: 0.8919
Epoch 0342 | Loss: 0.0200 | Val: 0.9153 | Test: 0.8378 | Best Test: 0.8919
Epoch 0343 | Loss: 0.0189 | Val: 0.9153 | Test: 0.8378 | Best Test: 0.8919
Epoch 0344 | Loss: 0.0200 | Val: 0.9153 | Test: 0.8378 | Best Test: 0.8919
Epoch 0345 | Loss: 0.0267 | Val: 0.9153 | Test: 0.8378 | Best Test: 0.8919
Epoch 0346 | Loss: 0.0178 | Val: 0.9153 | Test: 0.8378 | Best Test: 0.8919
Epoch 0347 | Loss: 0.0169 | Val: 0.9153 | Test: 0.8378 | Best Test: 0.8919
Epoch 0348 | Loss: 0.0217 | Val: 0.9153 | Test: 0.8378 | Best Test: 0.8919
Epoch 0349 | Loss: 0.0225 | Val: 0.9153 | Test: 0.8378 | Best Test: 0.8919
Epoch 0350 | Loss: 0.0180 | Val: 0.9153 | Test: 0.8378 | Best Test: 0.8919
Epoch 0351 | Loss: 0.0183 | Val: 0.9153 | Test: 0.8378 | Best Test: 0.8919
Epoch 0352 | Loss: 0.0186 | Val: 0.9153 | Test: 0.8649 | Best Test: 0.8919
Epoch 0353 | Loss: 0.0213 | Val: 0.9153 | Test: 0.8649 | Best Test: 0.8919
Epoch 0354 | Loss: 0.0212 | Val: 0.9153 | Test: 0.8649 | Best Test: 0.8919
Epoch 0355 | Loss: 0.0189 | Val: 0.9153 | Test: 0.8649 | Best Test: 0.8919
Epoch 0356 | Loss: 0.0182 | Val: 0.9153 | Test: 0.8649 | Best Test: 0.8919
Epoch 0357 | Loss: 0.0211 | Val: 0.9153 | Test: 0.8649 | Best Test: 0.8919
Epoch 0358 | Loss: 0.0194 | Val: 0.9153 | Test: 0.8649 | Best Test: 0.8919
Epoch 0359 | Loss: 0.0259 | Val: 0.9153 | Test: 0.8649 | Best Test: 0.8919
Epoch 0360 | Loss: 0.0192 | Val: 0.9153 | Test: 0.8649 | Best Test: 0.8919
Epoch 0361 | Loss: 0.0204 | Val: 0.9153 | Test: 0.8649 | Best Test: 0.8919
Epoch 0362 | Loss: 0.0192 | Val: 0.9153 | Test: 0.8649 | Best Test: 0.8919
Epoch 0363 | Loss: 0.0200 | Val: 0.9153 | Test: 0.8649 | Best Test: 0.8919
Epoch 0364 | Loss: 0.0176 | Val: 0.9153 | Test: 0.8649 | Best Test: 0.8919
Epoch 0365 | Loss: 0.0175 | Val: 0.9153 | Test: 0.8649 | Best Test: 0.8919
Epoch 0366 | Loss: 0.0242 | Val: 0.9153 | Test: 0.8649 | Best Test: 0.8919
Epoch 0367 | Loss: 0.0231 | Val: 0.9153 | Test: 0.8649 | Best Test: 0.8919
Epoch 0368 | Loss: 0.0201 | Val: 0.9153 | Test: 0.8649 | Best Test: 0.8919
Epoch 0369 | Loss: 0.0228 | Val: 0.9153 | Test: 0.8649 | Best Test: 0.8919
Epoch 0370 | Loss: 0.0200 | Val: 0.9153 | Test: 0.8649 | Best Test: 0.8919
Epoch 0371 | Loss: 0.0183 | Val: 0.9153 | Test: 0.8649 | Best Test: 0.8919
Epoch 0372 | Loss: 0.0213 | Val: 0.9153 | Test: 0.8649 | Best Test: 0.8919
Epoch 0373 | Loss: 0.0207 | Val: 0.9153 | Test: 0.8649 | Best Test: 0.8919
Epoch 0374 | Loss: 0.0184 | Val: 0.9153 | Test: 0.8649 | Best Test: 0.8919
Epoch 0375 | Loss: 0.0171 | Val: 0.9153 | Test: 0.8649 | Best Test: 0.8919
Epoch 0376 | Loss: 0.0220 | Val: 0.9153 | Test: 0.8649 | Best Test: 0.8919
Epoch 0377 | Loss: 0.0185 | Val: 0.9322 | Test: 0.8649 | Best Test: 0.8919
Epoch 0378 | Loss: 0.0201 | Val: 0.9322 | Test: 0.8649 | Best Test: 0.8919
Epoch 0379 | Loss: 0.0176 | Val: 0.9322 | Test: 0.8649 | Best Test: 0.8919
Epoch 0380 | Loss: 0.0185 | Val: 0.9322 | Test: 0.8649 | Best Test: 0.8919
Epoch 0381 | Loss: 0.0185 | Val: 0.9322 | Test: 0.8649 | Best Test: 0.8919
Epoch 0382 | Loss: 0.0257 | Val: 0.9322 | Test: 0.8649 | Best Test: 0.8919
Epoch 0383 | Loss: 0.0227 | Val: 0.9322 | Test: 0.8649 | Best Test: 0.8919
Epoch 0384 | Loss: 0.0172 | Val: 0.9322 | Test: 0.8649 | Best Test: 0.8919
Epoch 0385 | Loss: 0.0192 | Val: 0.9322 | Test: 0.8649 | Best Test: 0.8919
Epoch 0386 | Loss: 0.0182 | Val: 0.9322 | Test: 0.8649 | Best Test: 0.8919
Epoch 0387 | Loss: 0.0192 | Val: 0.9322 | Test: 0.8649 | Best Test: 0.8919
Epoch 0388 | Loss: 0.0191 | Val: 0.9322 | Test: 0.8649 | Best Test: 0.8919
Epoch 0389 | Loss: 0.0219 | Val: 0.9322 | Test: 0.8649 | Best Test: 0.8919
Epoch 0390 | Loss: 0.0197 | Val: 0.9322 | Test: 0.8649 | Best Test: 0.8919
Epoch 0391 | Loss: 0.0181 | Val: 0.9322 | Test: 0.8649 | Best Test: 0.8919
Epoch 0392 | Loss: 0.0203 | Val: 0.9322 | Test: 0.8649 | Best Test: 0.8919
Epoch 0393 | Loss: 0.0182 | Val: 0.9322 | Test: 0.8649 | Best Test: 0.8919
Epoch 0394 | Loss: 0.0177 | Val: 0.9322 | Test: 0.8649 | Best Test: 0.8919
Epoch 0395 | Loss: 0.0170 | Val: 0.9322 | Test: 0.8649 | Best Test: 0.8919
Epoch 0396 | Loss: 0.0192 | Val: 0.9322 | Test: 0.8649 | Best Test: 0.8919
Epoch 0397 | Loss: 0.0206 | Val: 0.9322 | Test: 0.8649 | Best Test: 0.8919
Epoch 0398 | Loss: 0.0174 | Val: 0.9322 | Test: 0.8649 | Best Test: 0.8919
Epoch 0399 | Loss: 0.0178 | Val: 0.9322 | Test: 0.8649 | Best Test: 0.8919
Epoch 0400 | Loss: 0.0181 | Val: 0.9322 | Test: 0.8649 | Best Test: 0.8919
Epoch 0401 | Loss: 0.0208 | Val: 0.9322 | Test: 0.8649 | Best Test: 0.8919
Epoch 0402 | Loss: 0.0191 | Val: 0.9322 | Test: 0.8649 | Best Test: 0.8919
Epoch 0403 | Loss: 0.0182 | Val: 0.9322 | Test: 0.8649 | Best Test: 0.8919
Epoch 0404 | Loss: 0.0181 | Val: 0.9322 | Test: 0.8649 | Best Test: 0.8919
Epoch 0405 | Loss: 0.0166 | Val: 0.9322 | Test: 0.8649 | Best Test: 0.8919
Epoch 0406 | Loss: 0.0190 | Val: 0.9322 | Test: 0.8649 | Best Test: 0.8919
Epoch 0407 | Loss: 0.0200 | Val: 0.9322 | Test: 0.8649 | Best Test: 0.8919
Epoch 0408 | Loss: 0.0190 | Val: 0.9322 | Test: 0.8649 | Best Test: 0.8919
Epoch 0409 | Loss: 0.0193 | Val: 0.9322 | Test: 0.8649 | Best Test: 0.8919
Epoch 0410 | Loss: 0.0238 | Val: 0.9322 | Test: 0.8649 | Best Test: 0.8919
Epoch 0411 | Loss: 0.0212 | Val: 0.9322 | Test: 0.8649 | Best Test: 0.8919
Epoch 0412 | Loss: 0.0181 | Val: 0.9322 | Test: 0.8649 | Best Test: 0.8919
Epoch 0413 | Loss: 0.0194 | Val: 0.9322 | Test: 0.8649 | Best Test: 0.8919
Epoch 0414 | Loss: 0.0187 | Val: 0.9322 | Test: 0.8649 | Best Test: 0.8919
Epoch 0415 | Loss: 0.0188 | Val: 0.9322 | Test: 0.8649 | Best Test: 0.8919
Epoch 0416 | Loss: 0.0187 | Val: 0.9322 | Test: 0.8649 | Best Test: 0.8919
Epoch 0417 | Loss: 0.0215 | Val: 0.9322 | Test: 0.8649 | Best Test: 0.8919
Epoch 0418 | Loss: 0.0192 | Val: 0.9322 | Test: 0.8649 | Best Test: 0.8919
Epoch 0419 | Loss: 0.0217 | Val: 0.9322 | Test: 0.8649 | Best Test: 0.8919
Epoch 0420 | Loss: 0.0214 | Val: 0.9322 | Test: 0.8649 | Best Test: 0.8919
Epoch 0421 | Loss: 0.0184 | Val: 0.9322 | Test: 0.8649 | Best Test: 0.8919
Epoch 0422 | Loss: 0.0201 | Val: 0.9322 | Test: 0.8649 | Best Test: 0.8919
Epoch 0423 | Loss: 0.0213 | Val: 0.9322 | Test: 0.8649 | Best Test: 0.8919
Epoch 0424 | Loss: 0.0174 | Val: 0.9322 | Test: 0.8649 | Best Test: 0.8919
Epoch 0425 | Loss: 0.0186 | Val: 0.9322 | Test: 0.8649 | Best Test: 0.8919
Epoch 0426 | Loss: 0.0184 | Val: 0.9322 | Test: 0.8649 | Best Test: 0.8919
Epoch 0427 | Loss: 0.0198 | Val: 0.9322 | Test: 0.8649 | Best Test: 0.8919
Epoch 0428 | Loss: 0.0184 | Val: 0.9322 | Test: 0.8649 | Best Test: 0.8919
Epoch 0429 | Loss: 0.0189 | Val: 0.9322 | Test: 0.8649 | Best Test: 0.8919
Epoch 0430 | Loss: 0.0189 | Val: 0.9322 | Test: 0.8649 | Best Test: 0.8919
Epoch 0431 | Loss: 0.0206 | Val: 0.9322 | Test: 0.8649 | Best Test: 0.8919
Epoch 0432 | Loss: 0.0182 | Val: 0.9322 | Test: 0.8649 | Best Test: 0.8919
Epoch 0433 | Loss: 0.0207 | Val: 0.9322 | Test: 0.8649 | Best Test: 0.8919
Epoch 0434 | Loss: 0.0209 | Val: 0.9322 | Test: 0.8649 | Best Test: 0.8919
Epoch 0435 | Loss: 0.0204 | Val: 0.9322 | Test: 0.8649 | Best Test: 0.8919
Epoch 0436 | Loss: 0.0202 | Val: 0.9322 | Test: 0.8649 | Best Test: 0.8919
Epoch 0437 | Loss: 0.0173 | Val: 0.9322 | Test: 0.8649 | Best Test: 0.8919
Epoch 0438 | Loss: 0.0186 | Val: 0.9322 | Test: 0.8649 | Best Test: 0.8919
Epoch 0439 | Loss: 0.0178 | Val: 0.9322 | Test: 0.8649 | Best Test: 0.8919
Epoch 0440 | Loss: 0.0191 | Val: 0.9322 | Test: 0.8649 | Best Test: 0.8919
Epoch 0441 | Loss: 0.0193 | Val: 0.9322 | Test: 0.8649 | Best Test: 0.8919
Epoch 0442 | Loss: 0.0191 | Val: 0.9322 | Test: 0.8649 | Best Test: 0.8919
Epoch 0443 | Loss: 0.0267 | Val: 0.9322 | Test: 0.8649 | Best Test: 0.8919
Epoch 0444 | Loss: 0.0242 | Val: 0.9322 | Test: 0.8649 | Best Test: 0.8919
Epoch 0445 | Loss: 0.0208 | Val: 0.9322 | Test: 0.8649 | Best Test: 0.8919
Epoch 0446 | Loss: 0.0179 | Val: 0.9322 | Test: 0.8649 | Best Test: 0.8919
Epoch 0447 | Loss: 0.0183 | Val: 0.9322 | Test: 0.8649 | Best Test: 0.8919
Epoch 0448 | Loss: 0.0172 | Val: 0.9322 | Test: 0.8649 | Best Test: 0.8919
Epoch 0449 | Loss: 0.0195 | Val: 0.9322 | Test: 0.8649 | Best Test: 0.8919
Epoch 0450 | Loss: 0.0202 | Val: 0.9322 | Test: 0.8649 | Best Test: 0.8919
Epoch 0451 | Loss: 0.0192 | Val: 0.9322 | Test: 0.8649 | Best Test: 0.8919
Epoch 0452 | Loss: 0.0179 | Val: 0.9322 | Test: 0.8649 | Best Test: 0.8919
Epoch 0453 | Loss: 0.0181 | Val: 0.9322 | Test: 0.8649 | Best Test: 0.8919
Epoch 0454 | Loss: 0.0293 | Val: 0.9322 | Test: 0.8649 | Best Test: 0.8919
Epoch 0455 | Loss: 0.0185 | Val: 0.9322 | Test: 0.8649 | Best Test: 0.8919
Epoch 0456 | Loss: 0.0190 | Val: 0.9322 | Test: 0.8649 | Best Test: 0.8919
Epoch 0457 | Loss: 0.0202 | Val: 0.9322 | Test: 0.8649 | Best Test: 0.8919
Epoch 0458 | Loss: 0.0185 | Val: 0.9322 | Test: 0.8649 | Best Test: 0.8919
Epoch 0459 | Loss: 0.0200 | Val: 0.9322 | Test: 0.8649 | Best Test: 0.8919
Epoch 0460 | Loss: 0.0184 | Val: 0.9322 | Test: 0.8649 | Best Test: 0.8919
Epoch 0461 | Loss: 0.0186 | Val: 0.9322 | Test: 0.8649 | Best Test: 0.8919
Epoch 0462 | Loss: 0.0230 | Val: 0.9322 | Test: 0.8649 | Best Test: 0.8919
Epoch 0463 | Loss: 0.0193 | Val: 0.9322 | Test: 0.8649 | Best Test: 0.8919
Epoch 0464 | Loss: 0.0319 | Val: 0.9322 | Test: 0.8649 | Best Test: 0.8919
Epoch 0465 | Loss: 0.0268 | Val: 0.9322 | Test: 0.8649 | Best Test: 0.8919
Epoch 0466 | Loss: 0.0195 | Val: 0.9322 | Test: 0.8649 | Best Test: 0.8919
Epoch 0467 | Loss: 0.0179 | Val: 0.9322 | Test: 0.8649 | Best Test: 0.8919
Epoch 0468 | Loss: 0.0213 | Val: 0.9322 | Test: 0.8649 | Best Test: 0.8919
Epoch 0469 | Loss: 0.0198 | Val: 0.9322 | Test: 0.8649 | Best Test: 0.8919
Epoch 0470 | Loss: 0.0205 | Val: 0.9322 | Test: 0.8649 | Best Test: 0.8919
Epoch 0471 | Loss: 0.0203 | Val: 0.9322 | Test: 0.8649 | Best Test: 0.8919
Epoch 0472 | Loss: 0.0176 | Val: 0.9322 | Test: 0.8649 | Best Test: 0.8919
Epoch 0473 | Loss: 0.0211 | Val: 0.9322 | Test: 0.8649 | Best Test: 0.8919
Epoch 0474 | Loss: 0.0183 | Val: 0.9322 | Test: 0.8649 | Best Test: 0.8919
Epoch 0475 | Loss: 0.0182 | Val: 0.9322 | Test: 0.8649 | Best Test: 0.8919
Epoch 0476 | Loss: 0.0194 | Val: 0.9322 | Test: 0.8649 | Best Test: 0.8919
Epoch 0477 | Loss: 0.0172 | Val: 0.9322 | Test: 0.8649 | Best Test: 0.8919
Epoch 0478 | Loss: 0.0209 | Val: 0.9322 | Test: 0.8649 | Best Test: 0.8919
Epoch 0479 | Loss: 0.0179 | Val: 0.9322 | Test: 0.8649 | Best Test: 0.8919
Epoch 0480 | Loss: 0.0188 | Val: 0.9322 | Test: 0.8649 | Best Test: 0.8919
Epoch 0481 | Loss: 0.0188 | Val: 0.9322 | Test: 0.8649 | Best Test: 0.8919
Epoch 0482 | Loss: 0.0195 | Val: 0.9322 | Test: 0.8649 | Best Test: 0.8919
Epoch 0483 | Loss: 0.0186 | Val: 0.9322 | Test: 0.8649 | Best Test: 0.8919
Epoch 0484 | Loss: 0.0180 | Val: 0.9322 | Test: 0.8649 | Best Test: 0.8919
Epoch 0485 | Loss: 0.0189 | Val: 0.9322 | Test: 0.8649 | Best Test: 0.8919
Epoch 0486 | Loss: 0.0186 | Val: 0.9322 | Test: 0.8649 | Best Test: 0.8919
Epoch 0487 | Loss: 0.0244 | Val: 0.9322 | Test: 0.8649 | Best Test: 0.8919
Epoch 0488 | Loss: 0.0183 | Val: 0.9322 | Test: 0.8649 | Best Test: 0.8919
Epoch 0489 | Loss: 0.0199 | Val: 0.9322 | Test: 0.8649 | Best Test: 0.8919
Epoch 0490 | Loss: 0.0221 | Val: 0.9322 | Test: 0.8649 | Best Test: 0.8919
Epoch 0491 | Loss: 0.0176 | Val: 0.9322 | Test: 0.8649 | Best Test: 0.8919
Epoch 0492 | Loss: 0.0189 | Val: 0.9322 | Test: 0.8649 | Best Test: 0.8919
Epoch 0493 | Loss: 0.0177 | Val: 0.9322 | Test: 0.8649 | Best Test: 0.8919
Epoch 0494 | Loss: 0.0201 | Val: 0.9322 | Test: 0.8649 | Best Test: 0.8919
Epoch 0495 | Loss: 0.0184 | Val: 0.9322 | Test: 0.8649 | Best Test: 0.8919
Epoch 0496 | Loss: 0.0216 | Val: 0.9322 | Test: 0.8649 | Best Test: 0.8919
Epoch 0497 | Loss: 0.0249 | Val: 0.9322 | Test: 0.8649 | Best Test: 0.8919
Epoch 0498 | Loss: 0.0212 | Val: 0.9322 | Test: 0.8649 | Best Test: 0.8919
Epoch 0499 | Loss: 0.0188 | Val: 0.9322 | Test: 0.8649 | Best Test: 0.8919
Epoch 0500 | Loss: 0.0171 | Val: 0.9322 | Test: 0.8649 | Best Test: 0.8919
Epoch 0501 | Loss: 0.0188 | Val: 0.9322 | Test: 0.8649 | Best Test: 0.8919
Epoch 0502 | Loss: 0.0188 | Val: 0.9322 | Test: 0.8649 | Best Test: 0.8919
Epoch 0503 | Loss: 0.0194 | Val: 0.9322 | Test: 0.8649 | Best Test: 0.8919
Epoch 0504 | Loss: 0.0190 | Val: 0.9322 | Test: 0.8649 | Best Test: 0.8919
Epoch 0505 | Loss: 0.0192 | Val: 0.9322 | Test: 0.8649 | Best Test: 0.8919
Epoch 0506 | Loss: 0.0191 | Val: 0.9322 | Test: 0.8649 | Best Test: 0.8919
Epoch 0507 | Loss: 0.0192 | Val: 0.9322 | Test: 0.8649 | Best Test: 0.8919
Epoch 0508 | Loss: 0.0180 | Val: 0.9322 | Test: 0.8649 | Best Test: 0.8919
Epoch 0509 | Loss: 0.0178 | Val: 0.9322 | Test: 0.8649 | Best Test: 0.8919
Epoch 0510 | Loss: 0.0177 | Val: 0.9322 | Test: 0.8649 | Best Test: 0.8919
Epoch 0511 | Loss: 0.0216 | Val: 0.9322 | Test: 0.8649 | Best Test: 0.8919
Epoch 0512 | Loss: 0.0185 | Val: 0.9322 | Test: 0.8649 | Best Test: 0.8919
Epoch 0513 | Loss: 0.0181 | Val: 0.9322 | Test: 0.8649 | Best Test: 0.8919
Epoch 0514 | Loss: 0.0259 | Val: 0.9322 | Test: 0.8649 | Best Test: 0.8919
Epoch 0515 | Loss: 0.0178 | Val: 0.9322 | Test: 0.8649 | Best Test: 0.8919
Epoch 0516 | Loss: 0.0176 | Val: 0.9322 | Test: 0.8649 | Best Test: 0.8919
Epoch 0517 | Loss: 0.0195 | Val: 0.9322 | Test: 0.8649 | Best Test: 0.8919
Epoch 0518 | Loss: 0.0188 | Val: 0.9322 | Test: 0.8649 | Best Test: 0.8919
Epoch 0519 | Loss: 0.0202 | Val: 0.9322 | Test: 0.8649 | Best Test: 0.8919
Epoch 0520 | Loss: 0.0171 | Val: 0.9322 | Test: 0.8649 | Best Test: 0.8919
Epoch 0521 | Loss: 0.0182 | Val: 0.9322 | Test: 0.8649 | Best Test: 0.8919
Epoch 0522 | Loss: 0.0183 | Val: 0.9322 | Test: 0.8649 | Best Test: 0.8919
Epoch 0523 | Loss: 0.0199 | Val: 0.9322 | Test: 0.8649 | Best Test: 0.8919
Epoch 0524 | Loss: 0.0175 | Val: 0.9322 | Test: 0.8649 | Best Test: 0.8919
Epoch 0525 | Loss: 0.0250 | Val: 0.9322 | Test: 0.8649 | Best Test: 0.8919
Epoch 0526 | Loss: 0.0185 | Val: 0.9322 | Test: 0.8649 | Best Test: 0.8919
Epoch 0527 | Loss: 0.0223 | Val: 0.9322 | Test: 0.8649 | Best Test: 0.8919
Epoch 0528 | Loss: 0.0184 | Val: 0.9322 | Test: 0.8649 | Best Test: 0.8919
Epoch 0529 | Loss: 0.0212 | Val: 0.9322 | Test: 0.8649 | Best Test: 0.8919
Epoch 0530 | Loss: 0.0188 | Val: 0.9322 | Test: 0.8649 | Best Test: 0.8919
Epoch 0531 | Loss: 0.0184 | Val: 0.9322 | Test: 0.8649 | Best Test: 0.8919
Epoch 0532 | Loss: 0.0178 | Val: 0.9322 | Test: 0.8649 | Best Test: 0.8919
Epoch 0533 | Loss: 0.0182 | Val: 0.9322 | Test: 0.8649 | Best Test: 0.8919
Epoch 0534 | Loss: 0.0191 | Val: 0.9322 | Test: 0.8649 | Best Test: 0.8919
Epoch 0535 | Loss: 0.0178 | Val: 0.9322 | Test: 0.8649 | Best Test: 0.8919
Epoch 0536 | Loss: 0.0180 | Val: 0.9322 | Test: 0.8649 | Best Test: 0.8919
Epoch 0537 | Loss: 0.0192 | Val: 0.9322 | Test: 0.8649 | Best Test: 0.8919
Epoch 0550 | Loss: 0.0188 | Val: 0.9153 | Test: 0.8649 | Best Test: 0.8919
Epoch 0600 | Loss: 0.0195 | Val: 0.9153 | Test: 0.8649 | Best Test: 0.8919
Epoch 0650 | Loss: 0.0193 | Val: 0.9153 | Test: 0.8649 | Best Test: 0.8919
Epoch 0700 | Loss: 0.0184 | Val: 0.9153 | Test: 0.8649 | Best Test: 0.8919
Epoch 0750 | Loss: 0.0177 | Val: 0.9153 | Test: 0.8649 | Best Test: 0.8919
Epoch 0800 | Loss: 0.0178 | Val: 0.9153 | Test: 0.8649 | Best Test: 0.8919
Epoch 0850 | Loss: 0.0179 | Val: 0.9153 | Test: 0.8649 | Best Test: 0.8919
Epoch 0900 | Loss: 0.0190 | Val: 0.9153 | Test: 0.8649 | Best Test: 0.8919
Epoch 0950 | Loss: 0.0182 | Val: 0.9153 | Test: 0.8649 | Best Test: 0.8919
Epoch 1000 | Loss: 0.0184 | Val: 0.9153 | Test: 0.8649 | Best Test: 0.8919
Epoch 1050 | Loss: 0.0175 | Val: 0.9153 | Test: 0.8649 | Best Test: 0.8919
Epoch 1100 | Loss: 0.0209 | Val: 0.9153 | Test: 0.8649 | Best Test: 0.8919
Epoch 1150 | Loss: 0.0181 | Val: 0.9153 | Test: 0.8378 | Best Test: 0.8919
Epoch 1200 | Loss: 0.0180 | Val: 0.9153 | Test: 0.8649 | Best Test: 0.8919
Epoch 1250 | Loss: 0.0240 | Val: 0.9153 | Test: 0.8649 | Best Test: 0.8919
Epoch 1300 | Loss: 0.0179 | Val: 0.9153 | Test: 0.8649 | Best Test: 0.8919
Epoch 1350 | Loss: 0.0176 | Val: 0.9153 | Test: 0.8649 | Best Test: 0.8919
Early stopping at epoch 1378
[sgpc] summary data_id=7 split=4 seed=0 spec=dense best_val=0.9322 val_selected_test=0.8649 val_selected_epoch=377 oracle_best_test=0.8919 last_epoch=1378
[repro] exit_code=0
[repro] runtime_seconds=37
[repro] finished_at=2026-09-12T16:42:01+08:00
