[repro] started_at=2026-09-12T18:48:35+08:00
[repro] run_id=20260912_184835_webkb_s0_s4_Squirrel_pid110682
[repro] repo_commit=114b585d0d0e32afbf1d7232dd04c013fa8453e2
[repro] tracked_patch_sha256=1095ac78920ad815a7d50e91c59b3499d4d3fa591780737b8d7d8a22e48955ef
[repro] main_py_sha256=aeda3a2dc4468512fd23af922ea88d72714355a6d4ffae29efba86c7dea51eb7
[repro] dataset=Squirrel data_id=4 env=dtgb cuda_visible_devices=0
[repro] data_link=/tmp/Squirrel -> /home/lab_user/project/lzc/repro/sgpc/data/Squirrel
[repro] command=python main.py 4 --split 4 --seed 0
[repro] resource_cap_ratio=85 threads=17 CPUQuota=1700% MemoryMax=55139365888 cuda_fraction=0.85
[repro] python=3.10.20 torch=2.2.1+cu121 pyg=2.8.0.post1 torch_sparse=0.6.18+pt22cu121
[repro] cuda=True gpu=NVIDIA GeForce RTX 3090
[cap] cores=17/20 CPUQuota=1700% MemoryMax=55139365888 cuda_fraction=0.85 mps=85 gpu_gov=1
Running as unit: run-p110764-i105038.scope; invocation ID: 5f68fc3b00b44ba8905c55ab3bd60733
[sgpc] config data_id=4 split=4 n_splits=10 seed=0 spec=dense max_epochs=2000 pacbayes_epoch=300
Epoch 0001 | Loss: 1.6471 | Val: 0.2103 | Test: 0.2171 | Best Test: 0.2171
Epoch 0002 | Loss: 1.6202 | Val: 0.2236 | Test: 0.2267 | Best Test: 0.2267
Epoch 0003 | Loss: 1.5951 | Val: 0.2843 | Test: 0.2824 | Best Test: 0.2824
Epoch 0004 | Loss: 1.5678 | Val: 0.3263 | Test: 0.3622 | Best Test: 0.3622
Epoch 0005 | Loss: 1.5560 | Val: 0.3275 | Test: 0.3689 | Best Test: 0.3689
Epoch 0008 | Loss: 1.4857 | Val: 0.3419 | Test: 0.3842 | Best Test: 0.3842
Epoch 0012 | Loss: 1.3669 | Val: 0.3438 | Test: 0.3593 | Best Test: 0.3842
Epoch 0013 | Loss: 1.3537 | Val: 0.3474 | Test: 0.3670 | Best Test: 0.3842
Epoch 0050 | Loss: 0.3533 | Val: 0.3143 | Test: 0.3343 | Best Test: 0.3842
Epoch 0100 | Loss: 0.1450 | Val: 0.3125 | Test: 0.3343 | Best Test: 0.3842
Epoch 0150 | Loss: 0.1018 | Val: 0.3095 | Test: 0.3410 | Best Test: 0.3842
Epoch 0200 | Loss: 0.0888 | Val: 0.3059 | Test: 0.3372 | Best Test: 0.3842
Epoch 0250 | Loss: 0.0803 | Val: 0.3047 | Test: 0.3372 | Best Test: 0.3842
Epoch 0300 | Loss: 0.0724 | Val: 0.3065 | Test: 0.3401 | Best Test: 0.3842
Epoch 0350 | Loss: 0.0817 | Val: 0.3065 | Test: 0.3381 | Best Test: 0.3842
Epoch 0400 | Loss: 0.0703 | Val: 0.3065 | Test: 0.3381 | Best Test: 0.3842
Epoch 0450 | Loss: 0.0781 | Val: 0.3059 | Test: 0.3391 | Best Test: 0.3842
Epoch 0500 | Loss: 0.0752 | Val: 0.3065 | Test: 0.3372 | Best Test: 0.3842
Epoch 0550 | Loss: 0.0762 | Val: 0.3059 | Test: 0.3362 | Best Test: 0.3842
Epoch 0600 | Loss: 0.0895 | Val: 0.3065 | Test: 0.3372 | Best Test: 0.3842
Epoch 0650 | Loss: 0.0789 | Val: 0.3053 | Test: 0.3362 | Best Test: 0.3842
Epoch 0700 | Loss: 0.0678 | Val: 0.3041 | Test: 0.3353 | Best Test: 0.3842
Epoch 0750 | Loss: 0.0721 | Val: 0.3053 | Test: 0.3362 | Best Test: 0.3842
Epoch 0800 | Loss: 0.0717 | Val: 0.3047 | Test: 0.3381 | Best Test: 0.3842
Epoch 0850 | Loss: 0.0722 | Val: 0.3059 | Test: 0.3362 | Best Test: 0.3842
Epoch 0900 | Loss: 0.0712 | Val: 0.3053 | Test: 0.3372 | Best Test: 0.3842
Epoch 0950 | Loss: 0.0694 | Val: 0.3053 | Test: 0.3372 | Best Test: 0.3842
Epoch 1000 | Loss: 0.0763 | Val: 0.3053 | Test: 0.3372 | Best Test: 0.3842
Early stopping at epoch 1014
[sgpc] summary data_id=4 split=4 seed=0 spec=dense best_val=0.3474 val_selected_test=0.3670 val_selected_epoch=13 oracle_best_test=0.3842 last_epoch=1014
[repro] exit_code=0
[repro] runtime_seconds=563
[repro] finished_at=2026-09-12T18:58:01+08:00
