[repro] started_at=2026-09-12T22:15:47+08:00
[repro] run_id=20260912_221547_webkb_s0_s7_Actor_pid163198
[repro] repo_commit=114b585d0d0e32afbf1d7232dd04c013fa8453e2
[repro] tracked_patch_sha256=1095ac78920ad815a7d50e91c59b3499d4d3fa591780737b8d7d8a22e48955ef
[repro] main_py_sha256=aeda3a2dc4468512fd23af922ea88d72714355a6d4ffae29efba86c7dea51eb7
[repro] dataset=Actor data_id=5 env=dtgb cuda_visible_devices=0
[repro] data_link=/tmp/Actor -> /home/lab_user/project/lzc/repro/sgpc/data/Actor
[repro] command=python main.py 5 --split 7 --seed 0
[repro] resource_cap_ratio=85 threads=17 CPUQuota=1700% MemoryMax=55139365888 cuda_fraction=0.85
[repro] python=3.10.20 torch=2.2.1+cu121 pyg=2.8.0.post1 torch_sparse=0.6.18+pt22cu121
[repro] cuda=True gpu=NVIDIA GeForce RTX 3090
[cap] cores=17/20 CPUQuota=1700% MemoryMax=55139365888 cuda_fraction=0.85 mps=85 gpu_gov=1
Running as unit: run-p163258-i168674.scope; invocation ID: d3020796fce0440e803dbce9d954e4fd
[sgpc] config data_id=5 split=7 n_splits=10 seed=0 spec=dense max_epochs=2000 pacbayes_epoch=300
Epoch 0001 | Loss: 1.6318 | Val: 0.2545 | Test: 0.2474 | Best Test: 0.2474
Epoch 0002 | Loss: 1.5947 | Val: 0.2545 | Test: 0.2474 | Best Test: 0.2474
Epoch 0003 | Loss: 1.5877 | Val: 0.2545 | Test: 0.2467 | Best Test: 0.2474
Epoch 0004 | Loss: 1.5761 | Val: 0.2636 | Test: 0.2559 | Best Test: 0.2559
Epoch 0005 | Loss: 1.5582 | Val: 0.2784 | Test: 0.2724 | Best Test: 0.2724
Epoch 0006 | Loss: 1.5502 | Val: 0.2936 | Test: 0.2855 | Best Test: 0.2855
Epoch 0007 | Loss: 1.5364 | Val: 0.2993 | Test: 0.2928 | Best Test: 0.2928
Epoch 0010 | Loss: 1.5072 | Val: 0.3072 | Test: 0.3026 | Best Test: 0.3026
Epoch 0011 | Loss: 1.4983 | Val: 0.3141 | Test: 0.3145 | Best Test: 0.3145
Epoch 0012 | Loss: 1.4811 | Val: 0.3252 | Test: 0.3151 | Best Test: 0.3151
Epoch 0013 | Loss: 1.4654 | Val: 0.3392 | Test: 0.3309 | Best Test: 0.3309
Epoch 0014 | Loss: 1.4507 | Val: 0.3499 | Test: 0.3401 | Best Test: 0.3401
Epoch 0015 | Loss: 1.4255 | Val: 0.3647 | Test: 0.3454 | Best Test: 0.3454
Epoch 0016 | Loss: 1.4107 | Val: 0.3680 | Test: 0.3553 | Best Test: 0.3553
Epoch 0027 | Loss: 1.2380 | Val: 0.3709 | Test: 0.3566 | Best Test: 0.3566
Epoch 0050 | Loss: 0.9439 | Val: 0.3495 | Test: 0.3737 | Best Test: 0.3783
Epoch 0100 | Loss: 0.7185 | Val: 0.3396 | Test: 0.3526 | Best Test: 0.3783
Epoch 0150 | Loss: 0.6322 | Val: 0.3380 | Test: 0.3487 | Best Test: 0.3783
Epoch 0200 | Loss: 0.5748 | Val: 0.3380 | Test: 0.3520 | Best Test: 0.3783
Epoch 0250 | Loss: 0.5622 | Val: 0.3368 | Test: 0.3559 | Best Test: 0.3783
Epoch 0300 | Loss: 0.5521 | Val: 0.3392 | Test: 0.3539 | Best Test: 0.3783
Epoch 0350 | Loss: 0.5505 | Val: 0.3384 | Test: 0.3513 | Best Test: 0.3783
Epoch 0400 | Loss: 0.5486 | Val: 0.3380 | Test: 0.3500 | Best Test: 0.3783
Epoch 0450 | Loss: 0.5424 | Val: 0.3384 | Test: 0.3493 | Best Test: 0.3783
Epoch 0500 | Loss: 0.5440 | Val: 0.3359 | Test: 0.3507 | Best Test: 0.3783
Epoch 0550 | Loss: 0.5413 | Val: 0.3380 | Test: 0.3480 | Best Test: 0.3783
Epoch 0600 | Loss: 0.5478 | Val: 0.3384 | Test: 0.3493 | Best Test: 0.3783
Epoch 0650 | Loss: 0.5470 | Val: 0.3388 | Test: 0.3513 | Best Test: 0.3783
Epoch 0700 | Loss: 0.5451 | Val: 0.3384 | Test: 0.3487 | Best Test: 0.3783
Epoch 0750 | Loss: 0.5273 | Val: 0.3388 | Test: 0.3487 | Best Test: 0.3783
Epoch 0800 | Loss: 0.5363 | Val: 0.3405 | Test: 0.3500 | Best Test: 0.3783
Epoch 0850 | Loss: 0.5348 | Val: 0.3400 | Test: 0.3493 | Best Test: 0.3783
Epoch 0900 | Loss: 0.5441 | Val: 0.3405 | Test: 0.3480 | Best Test: 0.3783
Epoch 0950 | Loss: 0.5291 | Val: 0.3409 | Test: 0.3493 | Best Test: 0.3783
Epoch 1000 | Loss: 0.5326 | Val: 0.3392 | Test: 0.3487 | Best Test: 0.3783
Early stopping at epoch 1028
[sgpc] summary data_id=5 split=7 seed=0 spec=dense best_val=0.3709 val_selected_test=0.3566 val_selected_epoch=27 oracle_best_test=0.3783 last_epoch=1028
[repro] exit_code=0
[repro] runtime_seconds=1201
[repro] finished_at=2026-09-12T22:35:51+08:00
