[repro] started_at=2026-09-12T16:34:21+08:00
[repro] run_id=20260912_163421_webkb_s0_s3_Cornell_pid44733
[repro] repo_commit=114b585d0d0e32afbf1d7232dd04c013fa8453e2
[repro] tracked_patch_sha256=72952adeb096a5ca61e6e115a0a29e0e484ca577aba23f57b5c11dea083afee7
[repro] main_py_sha256=dc67561acc2c8d0860a4b53c2cdbd729ddaff59fd5b61d50dd1e3a513a6e06ac
[repro] dataset=Cornell data_id=6 env=dtgb cuda_visible_devices=0
[repro] data_link=/tmp/Cornell -> /home/lab_user/project/lzc/repro/sgpc/data/Cornell
[repro] command=python main.py 6 --split 3 --seed 0
[repro] resource_cap_ratio=85 threads=17 CPUQuota=1700% MemoryMax=55139365888 cuda_fraction=0.85
[repro] python=3.10.20 torch=2.2.1+cu121 pyg=2.8.0.post1 torch_sparse=0.6.18+pt22cu121
[repro] cuda=True gpu=NVIDIA GeForce RTX 3090
[cap] cores=17/20 CPUQuota=1700% MemoryMax=55139365888 cuda_fraction=0.85 mps=85 gpu_gov=1
Running as unit: run-p44815-i9381.scope; invocation ID: 7cbe754f46eb490ca87de645d6819673
[sgpc] config data_id=6 split=3 n_splits=10 seed=0 spec=dense max_epochs=2000 pacbayes_epoch=300
Epoch 0001 | Loss: 1.6772 | Val: 0.4237 | Test: 0.3784 | Best Test: 0.3784
Epoch 0002 | Loss: 1.3865 | Val: 0.4237 | Test: 0.3784 | Best Test: 0.3784
Epoch 0003 | Loss: 1.2831 | Val: 0.4237 | Test: 0.3784 | Best Test: 0.3784
Epoch 0004 | Loss: 1.2648 | Val: 0.4237 | Test: 0.3784 | Best Test: 0.3784
Epoch 0005 | Loss: 1.1638 | Val: 0.4237 | Test: 0.3784 | Best Test: 0.3784
Epoch 0006 | Loss: 1.1373 | Val: 0.4237 | Test: 0.3784 | Best Test: 0.3784
Epoch 0007 | Loss: 1.0973 | Val: 0.4237 | Test: 0.3784 | Best Test: 0.3784
Epoch 0008 | Loss: 1.0032 | Val: 0.4746 | Test: 0.4324 | Best Test: 0.4324
Epoch 0009 | Loss: 0.9851 | Val: 0.4915 | Test: 0.5405 | Best Test: 0.5405
Epoch 0010 | Loss: 0.9023 | Val: 0.6271 | Test: 0.6216 | Best Test: 0.6216
Epoch 0011 | Loss: 0.8578 | Val: 0.6441 | Test: 0.7027 | Best Test: 0.7027
Epoch 0012 | Loss: 0.8355 | Val: 0.6610 | Test: 0.7297 | Best Test: 0.7297
Epoch 0013 | Loss: 0.8094 | Val: 0.6610 | Test: 0.7297 | Best Test: 0.7297
Epoch 0017 | Loss: 0.5754 | Val: 0.6610 | Test: 0.7568 | Best Test: 0.7568
Epoch 0018 | Loss: 0.5337 | Val: 0.6610 | Test: 0.7568 | Best Test: 0.7568
Epoch 0019 | Loss: 0.4269 | Val: 0.6949 | Test: 0.7568 | Best Test: 0.7568
Epoch 0020 | Loss: 0.4702 | Val: 0.6949 | Test: 0.7568 | Best Test: 0.7568
Epoch 0021 | Loss: 0.3566 | Val: 0.6949 | Test: 0.7568 | Best Test: 0.7568
Epoch 0022 | Loss: 0.3352 | Val: 0.7119 | Test: 0.7568 | Best Test: 0.7568
Epoch 0023 | Loss: 0.3587 | Val: 0.7458 | Test: 0.7568 | Best Test: 0.7568
Epoch 0028 | Loss: 0.1750 | Val: 0.7458 | Test: 0.7838 | Best Test: 0.7838
Epoch 0029 | Loss: 0.1647 | Val: 0.7458 | Test: 0.7838 | Best Test: 0.7838
Epoch 0031 | Loss: 0.1150 | Val: 0.7458 | Test: 0.7838 | Best Test: 0.7838
Epoch 0032 | Loss: 0.1149 | Val: 0.7458 | Test: 0.7568 | Best Test: 0.7838
Epoch 0033 | Loss: 0.0911 | Val: 0.7458 | Test: 0.7568 | Best Test: 0.7838
Epoch 0043 | Loss: 0.0431 | Val: 0.7458 | Test: 0.7838 | Best Test: 0.7838
Epoch 0046 | Loss: 0.0323 | Val: 0.7458 | Test: 0.7838 | Best Test: 0.7838
Epoch 0047 | Loss: 0.0223 | Val: 0.7458 | Test: 0.7838 | Best Test: 0.7838
Epoch 0048 | Loss: 0.0306 | Val: 0.7458 | Test: 0.7838 | Best Test: 0.7838
Epoch 0049 | Loss: 0.0218 | Val: 0.7458 | Test: 0.7838 | Best Test: 0.7838
Epoch 0050 | Loss: 0.0192 | Val: 0.7458 | Test: 0.7838 | Best Test: 0.7838
Epoch 0051 | Loss: 0.0300 | Val: 0.7458 | Test: 0.7838 | Best Test: 0.7838
Epoch 0052 | Loss: 0.0256 | Val: 0.7458 | Test: 0.7838 | Best Test: 0.7838
Epoch 0053 | Loss: 0.0200 | Val: 0.7458 | Test: 0.7838 | Best Test: 0.7838
Epoch 0095 | Loss: 0.0057 | Val: 0.7458 | Test: 0.7838 | Best Test: 0.7838
Epoch 0096 | Loss: 0.0058 | Val: 0.7458 | Test: 0.7838 | Best Test: 0.7838
Epoch 0097 | Loss: 0.0054 | Val: 0.7458 | Test: 0.7838 | Best Test: 0.7838
Epoch 0098 | Loss: 0.0058 | Val: 0.7458 | Test: 0.7838 | Best Test: 0.7838
Epoch 0099 | Loss: 0.0045 | Val: 0.7458 | Test: 0.7838 | Best Test: 0.7838
Epoch 0100 | Loss: 0.0088 | Val: 0.7458 | Test: 0.7838 | Best Test: 0.7838
Epoch 0101 | Loss: 0.0058 | Val: 0.7458 | Test: 0.7838 | Best Test: 0.7838
Epoch 0102 | Loss: 0.0091 | Val: 0.7458 | Test: 0.7838 | Best Test: 0.7838
Epoch 0103 | Loss: 0.0102 | Val: 0.7458 | Test: 0.7838 | Best Test: 0.7838
Epoch 0104 | Loss: 0.0040 | Val: 0.7458 | Test: 0.7838 | Best Test: 0.7838
Epoch 0105 | Loss: 0.0062 | Val: 0.7458 | Test: 0.8108 | Best Test: 0.8108
Epoch 0106 | Loss: 0.0099 | Val: 0.7458 | Test: 0.8108 | Best Test: 0.8108
Epoch 0107 | Loss: 0.0063 | Val: 0.7458 | Test: 0.8108 | Best Test: 0.8108
Epoch 0108 | Loss: 0.0062 | Val: 0.7458 | Test: 0.8108 | Best Test: 0.8108
Epoch 0109 | Loss: 0.0043 | Val: 0.7458 | Test: 0.8108 | Best Test: 0.8108
Epoch 0110 | Loss: 0.0051 | Val: 0.7458 | Test: 0.8108 | Best Test: 0.8108
Epoch 0111 | Loss: 0.0055 | Val: 0.7458 | Test: 0.8108 | Best Test: 0.8108
Epoch 0112 | Loss: 0.0050 | Val: 0.7458 | Test: 0.8108 | Best Test: 0.8108
Epoch 0113 | Loss: 0.0199 | Val: 0.7458 | Test: 0.8108 | Best Test: 0.8108
Epoch 0114 | Loss: 0.0048 | Val: 0.7458 | Test: 0.8108 | Best Test: 0.8108
Epoch 0115 | Loss: 0.0054 | Val: 0.7458 | Test: 0.8108 | Best Test: 0.8108
Epoch 0116 | Loss: 0.0103 | Val: 0.7458 | Test: 0.8108 | Best Test: 0.8108
Epoch 0117 | Loss: 0.0130 | Val: 0.7458 | Test: 0.8108 | Best Test: 0.8108
Epoch 0118 | Loss: 0.0092 | Val: 0.7458 | Test: 0.8108 | Best Test: 0.8108
Epoch 0119 | Loss: 0.0055 | Val: 0.7458 | Test: 0.7838 | Best Test: 0.8108
Epoch 0120 | Loss: 0.0082 | Val: 0.7458 | Test: 0.7838 | Best Test: 0.8108
Epoch 0121 | Loss: 0.0063 | Val: 0.7458 | Test: 0.7838 | Best Test: 0.8108
Epoch 0122 | Loss: 0.0050 | Val: 0.7458 | Test: 0.7838 | Best Test: 0.8108
Epoch 0139 | Loss: 0.0061 | Val: 0.7458 | Test: 0.8108 | Best Test: 0.8108
Epoch 0140 | Loss: 0.0064 | Val: 0.7458 | Test: 0.8108 | Best Test: 0.8108
Epoch 0141 | Loss: 0.0049 | Val: 0.7458 | Test: 0.8108 | Best Test: 0.8108
Epoch 0142 | Loss: 0.0102 | Val: 0.7458 | Test: 0.8108 | Best Test: 0.8108
Epoch 0143 | Loss: 0.0053 | Val: 0.7458 | Test: 0.8108 | Best Test: 0.8108
Epoch 0144 | Loss: 0.0048 | Val: 0.7458 | Test: 0.8108 | Best Test: 0.8108
Epoch 0145 | Loss: 0.0077 | Val: 0.7458 | Test: 0.8108 | Best Test: 0.8108
Epoch 0146 | Loss: 0.0062 | Val: 0.7458 | Test: 0.8108 | Best Test: 0.8108
Epoch 0147 | Loss: 0.0049 | Val: 0.7458 | Test: 0.8108 | Best Test: 0.8108
Epoch 0148 | Loss: 0.0046 | Val: 0.7458 | Test: 0.8108 | Best Test: 0.8108
Epoch 0149 | Loss: 0.0065 | Val: 0.7458 | Test: 0.8108 | Best Test: 0.8108
Epoch 0150 | Loss: 0.0041 | Val: 0.7458 | Test: 0.8108 | Best Test: 0.8108
Epoch 0151 | Loss: 0.0055 | Val: 0.7458 | Test: 0.8108 | Best Test: 0.8108
Epoch 0152 | Loss: 0.0043 | Val: 0.7458 | Test: 0.8108 | Best Test: 0.8108
Epoch 0153 | Loss: 0.0136 | Val: 0.7458 | Test: 0.8108 | Best Test: 0.8108
Epoch 0154 | Loss: 0.0045 | Val: 0.7458 | Test: 0.8108 | Best Test: 0.8108
Epoch 0155 | Loss: 0.0033 | Val: 0.7458 | Test: 0.8108 | Best Test: 0.8108
Epoch 0156 | Loss: 0.0062 | Val: 0.7458 | Test: 0.8108 | Best Test: 0.8108
Epoch 0157 | Loss: 0.0045 | Val: 0.7458 | Test: 0.8108 | Best Test: 0.8108
Epoch 0158 | Loss: 0.0059 | Val: 0.7458 | Test: 0.8108 | Best Test: 0.8108
Epoch 0159 | Loss: 0.0032 | Val: 0.7458 | Test: 0.8108 | Best Test: 0.8108
Epoch 0160 | Loss: 0.0056 | Val: 0.7458 | Test: 0.8108 | Best Test: 0.8108
Epoch 0161 | Loss: 0.0047 | Val: 0.7458 | Test: 0.8108 | Best Test: 0.8108
Epoch 0162 | Loss: 0.0085 | Val: 0.7458 | Test: 0.8108 | Best Test: 0.8108
Epoch 0163 | Loss: 0.0067 | Val: 0.7458 | Test: 0.8108 | Best Test: 0.8108
Epoch 0164 | Loss: 0.0071 | Val: 0.7458 | Test: 0.8108 | Best Test: 0.8108
Epoch 0165 | Loss: 0.0062 | Val: 0.7458 | Test: 0.8108 | Best Test: 0.8108
Epoch 0166 | Loss: 0.0044 | Val: 0.7458 | Test: 0.8108 | Best Test: 0.8108
Epoch 0167 | Loss: 0.0052 | Val: 0.7458 | Test: 0.8108 | Best Test: 0.8108
Epoch 0168 | Loss: 0.0045 | Val: 0.7458 | Test: 0.8108 | Best Test: 0.8108
Epoch 0169 | Loss: 0.0064 | Val: 0.7458 | Test: 0.8108 | Best Test: 0.8108
Epoch 0170 | Loss: 0.0036 | Val: 0.7458 | Test: 0.8108 | Best Test: 0.8108
Epoch 0171 | Loss: 0.0038 | Val: 0.7458 | Test: 0.8108 | Best Test: 0.8108
Epoch 0172 | Loss: 0.0049 | Val: 0.7458 | Test: 0.8108 | Best Test: 0.8108
Epoch 0173 | Loss: 0.0084 | Val: 0.7458 | Test: 0.8108 | Best Test: 0.8108
Epoch 0174 | Loss: 0.0059 | Val: 0.7458 | Test: 0.8108 | Best Test: 0.8108
Epoch 0175 | Loss: 0.0036 | Val: 0.7458 | Test: 0.8108 | Best Test: 0.8108
Epoch 0176 | Loss: 0.0089 | Val: 0.7458 | Test: 0.8108 | Best Test: 0.8108
Epoch 0177 | Loss: 0.0066 | Val: 0.7458 | Test: 0.8108 | Best Test: 0.8108
Epoch 0178 | Loss: 0.0048 | Val: 0.7458 | Test: 0.8108 | Best Test: 0.8108
Epoch 0179 | Loss: 0.0049 | Val: 0.7458 | Test: 0.8108 | Best Test: 0.8108
Epoch 0180 | Loss: 0.0066 | Val: 0.7458 | Test: 0.8108 | Best Test: 0.8108
Epoch 0181 | Loss: 0.0072 | Val: 0.7458 | Test: 0.8108 | Best Test: 0.8108
Epoch 0182 | Loss: 0.0050 | Val: 0.7458 | Test: 0.8108 | Best Test: 0.8108
Epoch 0183 | Loss: 0.0078 | Val: 0.7458 | Test: 0.8108 | Best Test: 0.8108
Epoch 0184 | Loss: 0.0047 | Val: 0.7458 | Test: 0.8108 | Best Test: 0.8108
Epoch 0185 | Loss: 0.0057 | Val: 0.7458 | Test: 0.8108 | Best Test: 0.8108
Epoch 0186 | Loss: 0.0076 | Val: 0.7458 | Test: 0.8108 | Best Test: 0.8108
Epoch 0187 | Loss: 0.0053 | Val: 0.7458 | Test: 0.8108 | Best Test: 0.8108
Epoch 0188 | Loss: 0.0046 | Val: 0.7458 | Test: 0.8108 | Best Test: 0.8108
Epoch 0189 | Loss: 0.0056 | Val: 0.7458 | Test: 0.8108 | Best Test: 0.8108
Epoch 0190 | Loss: 0.0054 | Val: 0.7458 | Test: 0.8108 | Best Test: 0.8108
Epoch 0191 | Loss: 0.0096 | Val: 0.7458 | Test: 0.8108 | Best Test: 0.8108
Epoch 0192 | Loss: 0.0039 | Val: 0.7458 | Test: 0.8108 | Best Test: 0.8108
Epoch 0193 | Loss: 0.0046 | Val: 0.7458 | Test: 0.8108 | Best Test: 0.8108
Epoch 0194 | Loss: 0.0055 | Val: 0.7458 | Test: 0.8108 | Best Test: 0.8108
Epoch 0195 | Loss: 0.0069 | Val: 0.7458 | Test: 0.8108 | Best Test: 0.8108
Epoch 0196 | Loss: 0.0073 | Val: 0.7458 | Test: 0.8108 | Best Test: 0.8108
Epoch 0197 | Loss: 0.0054 | Val: 0.7458 | Test: 0.8108 | Best Test: 0.8108
Epoch 0198 | Loss: 0.0066 | Val: 0.7458 | Test: 0.8108 | Best Test: 0.8108
Epoch 0199 | Loss: 0.0041 | Val: 0.7458 | Test: 0.8108 | Best Test: 0.8108
Epoch 0200 | Loss: 0.0045 | Val: 0.7458 | Test: 0.8108 | Best Test: 0.8108
Epoch 0201 | Loss: 0.0047 | Val: 0.7458 | Test: 0.8108 | Best Test: 0.8108
Epoch 0202 | Loss: 0.0036 | Val: 0.7458 | Test: 0.8108 | Best Test: 0.8108
Epoch 0203 | Loss: 0.0059 | Val: 0.7458 | Test: 0.8108 | Best Test: 0.8108
Epoch 0204 | Loss: 0.0105 | Val: 0.7458 | Test: 0.8108 | Best Test: 0.8108
Epoch 0205 | Loss: 0.0037 | Val: 0.7458 | Test: 0.8108 | Best Test: 0.8108
Epoch 0206 | Loss: 0.0045 | Val: 0.7458 | Test: 0.8108 | Best Test: 0.8108
Epoch 0207 | Loss: 0.0101 | Val: 0.7458 | Test: 0.8108 | Best Test: 0.8108
Epoch 0208 | Loss: 0.0062 | Val: 0.7458 | Test: 0.8108 | Best Test: 0.8108
Epoch 0209 | Loss: 0.0054 | Val: 0.7458 | Test: 0.8108 | Best Test: 0.8108
Epoch 0210 | Loss: 0.0037 | Val: 0.7458 | Test: 0.8108 | Best Test: 0.8108
Epoch 0211 | Loss: 0.0019 | Val: 0.7458 | Test: 0.8108 | Best Test: 0.8108
Epoch 0212 | Loss: 0.0053 | Val: 0.7458 | Test: 0.8108 | Best Test: 0.8108
Epoch 0213 | Loss: 0.0057 | Val: 0.7458 | Test: 0.8108 | Best Test: 0.8108
Epoch 0214 | Loss: 0.0061 | Val: 0.7458 | Test: 0.8108 | Best Test: 0.8108
Epoch 0215 | Loss: 0.0060 | Val: 0.7458 | Test: 0.8108 | Best Test: 0.8108
Epoch 0216 | Loss: 0.0040 | Val: 0.7458 | Test: 0.8108 | Best Test: 0.8108
Epoch 0217 | Loss: 0.0089 | Val: 0.7458 | Test: 0.8108 | Best Test: 0.8108
Epoch 0218 | Loss: 0.0075 | Val: 0.7458 | Test: 0.8108 | Best Test: 0.8108
Epoch 0219 | Loss: 0.0032 | Val: 0.7458 | Test: 0.8108 | Best Test: 0.8108
Epoch 0220 | Loss: 0.0041 | Val: 0.7458 | Test: 0.8108 | Best Test: 0.8108
Epoch 0221 | Loss: 0.0048 | Val: 0.7458 | Test: 0.8108 | Best Test: 0.8108
Epoch 0222 | Loss: 0.0056 | Val: 0.7458 | Test: 0.8108 | Best Test: 0.8108
Epoch 0223 | Loss: 0.0070 | Val: 0.7458 | Test: 0.8108 | Best Test: 0.8108
Epoch 0224 | Loss: 0.0030 | Val: 0.7458 | Test: 0.8108 | Best Test: 0.8108
Epoch 0225 | Loss: 0.0027 | Val: 0.7458 | Test: 0.8108 | Best Test: 0.8108
Epoch 0226 | Loss: 0.0041 | Val: 0.7458 | Test: 0.8108 | Best Test: 0.8108
Epoch 0227 | Loss: 0.0023 | Val: 0.7458 | Test: 0.8108 | Best Test: 0.8108
Epoch 0228 | Loss: 0.0032 | Val: 0.7458 | Test: 0.8108 | Best Test: 0.8108
Epoch 0229 | Loss: 0.0047 | Val: 0.7458 | Test: 0.8108 | Best Test: 0.8108
Epoch 0230 | Loss: 0.0037 | Val: 0.7458 | Test: 0.8108 | Best Test: 0.8108
Epoch 0231 | Loss: 0.0030 | Val: 0.7458 | Test: 0.8108 | Best Test: 0.8108
Epoch 0232 | Loss: 0.0067 | Val: 0.7458 | Test: 0.8108 | Best Test: 0.8108
Epoch 0233 | Loss: 0.0085 | Val: 0.7458 | Test: 0.8108 | Best Test: 0.8108
Epoch 0234 | Loss: 0.0037 | Val: 0.7458 | Test: 0.8108 | Best Test: 0.8108
Epoch 0235 | Loss: 0.0107 | Val: 0.7458 | Test: 0.8108 | Best Test: 0.8108
Epoch 0236 | Loss: 0.0076 | Val: 0.7458 | Test: 0.8108 | Best Test: 0.8108
Epoch 0237 | Loss: 0.0042 | Val: 0.7458 | Test: 0.8108 | Best Test: 0.8108
Epoch 0238 | Loss: 0.0031 | Val: 0.7458 | Test: 0.8108 | Best Test: 0.8108
Epoch 0239 | Loss: 0.0044 | Val: 0.7458 | Test: 0.8108 | Best Test: 0.8108
Epoch 0240 | Loss: 0.0037 | Val: 0.7458 | Test: 0.8108 | Best Test: 0.8108
Epoch 0241 | Loss: 0.0071 | Val: 0.7458 | Test: 0.8108 | Best Test: 0.8108
Epoch 0242 | Loss: 0.0055 | Val: 0.7458 | Test: 0.8108 | Best Test: 0.8108
Epoch 0243 | Loss: 0.0056 | Val: 0.7458 | Test: 0.8108 | Best Test: 0.8108
Epoch 0244 | Loss: 0.0031 | Val: 0.7458 | Test: 0.8108 | Best Test: 0.8108
Epoch 0245 | Loss: 0.0071 | Val: 0.7458 | Test: 0.8108 | Best Test: 0.8108
Epoch 0246 | Loss: 0.0076 | Val: 0.7458 | Test: 0.8108 | Best Test: 0.8108
Epoch 0247 | Loss: 0.0053 | Val: 0.7458 | Test: 0.8108 | Best Test: 0.8108
Epoch 0248 | Loss: 0.0067 | Val: 0.7458 | Test: 0.8108 | Best Test: 0.8108
Epoch 0249 | Loss: 0.0054 | Val: 0.7458 | Test: 0.8108 | Best Test: 0.8108
Epoch 0250 | Loss: 0.0049 | Val: 0.7458 | Test: 0.8108 | Best Test: 0.8108
Epoch 0251 | Loss: 0.0037 | Val: 0.7458 | Test: 0.8108 | Best Test: 0.8108
Epoch 0252 | Loss: 0.0068 | Val: 0.7458 | Test: 0.8108 | Best Test: 0.8108
Epoch 0253 | Loss: 0.0042 | Val: 0.7458 | Test: 0.8108 | Best Test: 0.8108
Epoch 0254 | Loss: 0.0063 | Val: 0.7458 | Test: 0.8108 | Best Test: 0.8108
Epoch 0255 | Loss: 0.0049 | Val: 0.7458 | Test: 0.8108 | Best Test: 0.8108
Epoch 0256 | Loss: 0.0051 | Val: 0.7458 | Test: 0.8108 | Best Test: 0.8108
Epoch 0257 | Loss: 0.0041 | Val: 0.7458 | Test: 0.8108 | Best Test: 0.8108
Epoch 0258 | Loss: 0.0041 | Val: 0.7458 | Test: 0.8108 | Best Test: 0.8108
Epoch 0259 | Loss: 0.0028 | Val: 0.7458 | Test: 0.8108 | Best Test: 0.8108
Epoch 0260 | Loss: 0.0039 | Val: 0.7458 | Test: 0.8108 | Best Test: 0.8108
Epoch 0261 | Loss: 0.0060 | Val: 0.7458 | Test: 0.8108 | Best Test: 0.8108
Epoch 0262 | Loss: 0.0060 | Val: 0.7458 | Test: 0.8108 | Best Test: 0.8108
Epoch 0263 | Loss: 0.0070 | Val: 0.7458 | Test: 0.8108 | Best Test: 0.8108
Epoch 0264 | Loss: 0.0045 | Val: 0.7458 | Test: 0.8108 | Best Test: 0.8108
Epoch 0265 | Loss: 0.0046 | Val: 0.7458 | Test: 0.8108 | Best Test: 0.8108
Epoch 0266 | Loss: 0.0045 | Val: 0.7458 | Test: 0.8108 | Best Test: 0.8108
Epoch 0267 | Loss: 0.0034 | Val: 0.7458 | Test: 0.8108 | Best Test: 0.8108
Epoch 0268 | Loss: 0.0113 | Val: 0.7458 | Test: 0.8108 | Best Test: 0.8108
Epoch 0269 | Loss: 0.0042 | Val: 0.7458 | Test: 0.8108 | Best Test: 0.8108
Epoch 0270 | Loss: 0.0061 | Val: 0.7458 | Test: 0.8108 | Best Test: 0.8108
Epoch 0271 | Loss: 0.0035 | Val: 0.7458 | Test: 0.8108 | Best Test: 0.8108
Epoch 0272 | Loss: 0.0042 | Val: 0.7458 | Test: 0.8108 | Best Test: 0.8108
Epoch 0273 | Loss: 0.0040 | Val: 0.7458 | Test: 0.8108 | Best Test: 0.8108
Epoch 0274 | Loss: 0.0046 | Val: 0.7458 | Test: 0.8108 | Best Test: 0.8108
Epoch 0275 | Loss: 0.0040 | Val: 0.7458 | Test: 0.8108 | Best Test: 0.8108
Epoch 0276 | Loss: 0.0047 | Val: 0.7458 | Test: 0.8108 | Best Test: 0.8108
Epoch 0277 | Loss: 0.0050 | Val: 0.7458 | Test: 0.8108 | Best Test: 0.8108
Epoch 0278 | Loss: 0.0034 | Val: 0.7458 | Test: 0.8108 | Best Test: 0.8108
Epoch 0279 | Loss: 0.0043 | Val: 0.7458 | Test: 0.8108 | Best Test: 0.8108
Epoch 0280 | Loss: 0.0055 | Val: 0.7458 | Test: 0.8108 | Best Test: 0.8108
Epoch 0281 | Loss: 0.0065 | Val: 0.7458 | Test: 0.8108 | Best Test: 0.8108
Epoch 0282 | Loss: 0.0036 | Val: 0.7458 | Test: 0.8108 | Best Test: 0.8108
Epoch 0283 | Loss: 0.0057 | Val: 0.7458 | Test: 0.8108 | Best Test: 0.8108
Epoch 0284 | Loss: 0.0035 | Val: 0.7458 | Test: 0.8108 | Best Test: 0.8108
Epoch 0285 | Loss: 0.0086 | Val: 0.7458 | Test: 0.8108 | Best Test: 0.8108
Epoch 0286 | Loss: 0.0036 | Val: 0.7458 | Test: 0.8108 | Best Test: 0.8108
Epoch 0287 | Loss: 0.0048 | Val: 0.7458 | Test: 0.8108 | Best Test: 0.8108
Epoch 0288 | Loss: 0.0049 | Val: 0.7458 | Test: 0.8108 | Best Test: 0.8108
Epoch 0289 | Loss: 0.0025 | Val: 0.7458 | Test: 0.8108 | Best Test: 0.8108
Epoch 0290 | Loss: 0.0097 | Val: 0.7458 | Test: 0.8108 | Best Test: 0.8108
Epoch 0291 | Loss: 0.0036 | Val: 0.7458 | Test: 0.8108 | Best Test: 0.8108
Epoch 0292 | Loss: 0.0031 | Val: 0.7458 | Test: 0.8108 | Best Test: 0.8108
Epoch 0293 | Loss: 0.0046 | Val: 0.7458 | Test: 0.8108 | Best Test: 0.8108
Epoch 0294 | Loss: 0.0032 | Val: 0.7458 | Test: 0.8108 | Best Test: 0.8108
Epoch 0295 | Loss: 0.0042 | Val: 0.7458 | Test: 0.8108 | Best Test: 0.8108
Epoch 0296 | Loss: 0.0061 | Val: 0.7458 | Test: 0.8108 | Best Test: 0.8108
Epoch 0297 | Loss: 0.0022 | Val: 0.7458 | Test: 0.8108 | Best Test: 0.8108
Epoch 0298 | Loss: 0.0078 | Val: 0.7458 | Test: 0.8108 | Best Test: 0.8108
Epoch 0299 | Loss: 0.0055 | Val: 0.7458 | Test: 0.8108 | Best Test: 0.8108
Epoch 0300 | Loss: 0.0052 | Val: 0.7458 | Test: 0.8108 | Best Test: 0.8108
Epoch 0301 | Loss: 0.0182 | Val: 0.7458 | Test: 0.8108 | Best Test: 0.8108
Epoch 0302 | Loss: 0.0232 | Val: 0.7458 | Test: 0.8108 | Best Test: 0.8108
Epoch 0303 | Loss: 0.0203 | Val: 0.7458 | Test: 0.8108 | Best Test: 0.8108
Epoch 0304 | Loss: 0.0194 | Val: 0.7458 | Test: 0.8108 | Best Test: 0.8108
Epoch 0305 | Loss: 0.0202 | Val: 0.7458 | Test: 0.8108 | Best Test: 0.8108
Epoch 0306 | Loss: 0.0200 | Val: 0.7458 | Test: 0.8108 | Best Test: 0.8108
Epoch 0307 | Loss: 0.0215 | Val: 0.7458 | Test: 0.8108 | Best Test: 0.8108
Epoch 0308 | Loss: 0.0189 | Val: 0.7458 | Test: 0.8108 | Best Test: 0.8108
Epoch 0309 | Loss: 0.0203 | Val: 0.7458 | Test: 0.8108 | Best Test: 0.8108
Epoch 0310 | Loss: 0.0205 | Val: 0.7458 | Test: 0.8108 | Best Test: 0.8108
Epoch 0311 | Loss: 0.0197 | Val: 0.7458 | Test: 0.8108 | Best Test: 0.8108
Epoch 0312 | Loss: 0.0203 | Val: 0.7458 | Test: 0.8108 | Best Test: 0.8108
Epoch 0313 | Loss: 0.0181 | Val: 0.7458 | Test: 0.8108 | Best Test: 0.8108
Epoch 0314 | Loss: 0.0199 | Val: 0.7458 | Test: 0.8108 | Best Test: 0.8108
Epoch 0315 | Loss: 0.0214 | Val: 0.7458 | Test: 0.8108 | Best Test: 0.8108
Epoch 0316 | Loss: 0.0281 | Val: 0.7458 | Test: 0.8108 | Best Test: 0.8108
Epoch 0317 | Loss: 0.0185 | Val: 0.7458 | Test: 0.8108 | Best Test: 0.8108
Epoch 0318 | Loss: 0.0191 | Val: 0.7458 | Test: 0.8108 | Best Test: 0.8108
Epoch 0319 | Loss: 0.0191 | Val: 0.7458 | Test: 0.8108 | Best Test: 0.8108
Epoch 0320 | Loss: 0.0190 | Val: 0.7458 | Test: 0.8108 | Best Test: 0.8108
Epoch 0321 | Loss: 0.0194 | Val: 0.7458 | Test: 0.8108 | Best Test: 0.8108
Epoch 0322 | Loss: 0.0193 | Val: 0.7458 | Test: 0.8108 | Best Test: 0.8108
Epoch 0323 | Loss: 0.0222 | Val: 0.7458 | Test: 0.8108 | Best Test: 0.8108
Epoch 0324 | Loss: 0.0204 | Val: 0.7458 | Test: 0.8108 | Best Test: 0.8108
Epoch 0325 | Loss: 0.0198 | Val: 0.7458 | Test: 0.8108 | Best Test: 0.8108
Epoch 0326 | Loss: 0.0271 | Val: 0.7458 | Test: 0.8108 | Best Test: 0.8108
Epoch 0327 | Loss: 0.0188 | Val: 0.7458 | Test: 0.8108 | Best Test: 0.8108
Epoch 0328 | Loss: 0.0185 | Val: 0.7458 | Test: 0.8108 | Best Test: 0.8108
Epoch 0329 | Loss: 0.0220 | Val: 0.7458 | Test: 0.8108 | Best Test: 0.8108
Epoch 0330 | Loss: 0.0219 | Val: 0.7458 | Test: 0.8108 | Best Test: 0.8108
Epoch 0331 | Loss: 0.0188 | Val: 0.7458 | Test: 0.8108 | Best Test: 0.8108
Epoch 0332 | Loss: 0.0221 | Val: 0.7458 | Test: 0.8108 | Best Test: 0.8108
Epoch 0333 | Loss: 0.0233 | Val: 0.7458 | Test: 0.8108 | Best Test: 0.8108
Epoch 0334 | Loss: 0.0221 | Val: 0.7458 | Test: 0.8108 | Best Test: 0.8108
Epoch 0335 | Loss: 0.0215 | Val: 0.7458 | Test: 0.8108 | Best Test: 0.8108
Epoch 0336 | Loss: 0.0221 | Val: 0.7458 | Test: 0.8108 | Best Test: 0.8108
Epoch 0337 | Loss: 0.0191 | Val: 0.7458 | Test: 0.8108 | Best Test: 0.8108
Epoch 0338 | Loss: 0.0200 | Val: 0.7458 | Test: 0.8108 | Best Test: 0.8108
Epoch 0339 | Loss: 0.0195 | Val: 0.7458 | Test: 0.8108 | Best Test: 0.8108
Epoch 0340 | Loss: 0.0182 | Val: 0.7458 | Test: 0.8108 | Best Test: 0.8108
Epoch 0341 | Loss: 0.0204 | Val: 0.7458 | Test: 0.8108 | Best Test: 0.8108
Epoch 0342 | Loss: 0.0219 | Val: 0.7458 | Test: 0.8108 | Best Test: 0.8108
Epoch 0343 | Loss: 0.0194 | Val: 0.7458 | Test: 0.8108 | Best Test: 0.8108
Epoch 0344 | Loss: 0.0223 | Val: 0.7458 | Test: 0.8108 | Best Test: 0.8108
Epoch 0345 | Loss: 0.0193 | Val: 0.7458 | Test: 0.8108 | Best Test: 0.8108
Epoch 0346 | Loss: 0.0187 | Val: 0.7458 | Test: 0.8108 | Best Test: 0.8108
Epoch 0347 | Loss: 0.0196 | Val: 0.7458 | Test: 0.8108 | Best Test: 0.8108
Epoch 0348 | Loss: 0.0224 | Val: 0.7458 | Test: 0.8108 | Best Test: 0.8108
Epoch 0349 | Loss: 0.0219 | Val: 0.7458 | Test: 0.8108 | Best Test: 0.8108
Epoch 0350 | Loss: 0.0188 | Val: 0.7458 | Test: 0.8108 | Best Test: 0.8108
Epoch 0351 | Loss: 0.0187 | Val: 0.7458 | Test: 0.8108 | Best Test: 0.8108
Epoch 0352 | Loss: 0.0191 | Val: 0.7458 | Test: 0.8108 | Best Test: 0.8108
Epoch 0353 | Loss: 0.0188 | Val: 0.7458 | Test: 0.8108 | Best Test: 0.8108
Epoch 0354 | Loss: 0.0194 | Val: 0.7458 | Test: 0.8108 | Best Test: 0.8108
Epoch 0355 | Loss: 0.0214 | Val: 0.7458 | Test: 0.8108 | Best Test: 0.8108
Epoch 0356 | Loss: 0.0205 | Val: 0.7458 | Test: 0.8108 | Best Test: 0.8108
Epoch 0357 | Loss: 0.0207 | Val: 0.7458 | Test: 0.8108 | Best Test: 0.8108
Epoch 0358 | Loss: 0.0188 | Val: 0.7458 | Test: 0.8108 | Best Test: 0.8108
Epoch 0359 | Loss: 0.0184 | Val: 0.7458 | Test: 0.8108 | Best Test: 0.8108
Epoch 0360 | Loss: 0.0201 | Val: 0.7458 | Test: 0.8108 | Best Test: 0.8108
Epoch 0361 | Loss: 0.0213 | Val: 0.7458 | Test: 0.8108 | Best Test: 0.8108
Epoch 0362 | Loss: 0.0217 | Val: 0.7458 | Test: 0.8108 | Best Test: 0.8108
Epoch 0363 | Loss: 0.0226 | Val: 0.7458 | Test: 0.8108 | Best Test: 0.8108
Epoch 0364 | Loss: 0.0211 | Val: 0.7458 | Test: 0.8108 | Best Test: 0.8108
Epoch 0365 | Loss: 0.0184 | Val: 0.7458 | Test: 0.8108 | Best Test: 0.8108
Epoch 0366 | Loss: 0.0190 | Val: 0.7458 | Test: 0.8108 | Best Test: 0.8108
Epoch 0367 | Loss: 0.0223 | Val: 0.7458 | Test: 0.8108 | Best Test: 0.8108
Epoch 0368 | Loss: 0.0185 | Val: 0.7458 | Test: 0.8108 | Best Test: 0.8108
Epoch 0369 | Loss: 0.0195 | Val: 0.7458 | Test: 0.8108 | Best Test: 0.8108
Epoch 0370 | Loss: 0.0198 | Val: 0.7458 | Test: 0.8108 | Best Test: 0.8108
Epoch 0371 | Loss: 0.0203 | Val: 0.7458 | Test: 0.8108 | Best Test: 0.8108
Epoch 0372 | Loss: 0.0194 | Val: 0.7458 | Test: 0.8108 | Best Test: 0.8108
Epoch 0373 | Loss: 0.0209 | Val: 0.7458 | Test: 0.8108 | Best Test: 0.8108
Epoch 0374 | Loss: 0.0203 | Val: 0.7458 | Test: 0.8108 | Best Test: 0.8108
Epoch 0375 | Loss: 0.0259 | Val: 0.7458 | Test: 0.8108 | Best Test: 0.8108
Epoch 0376 | Loss: 0.0191 | Val: 0.7458 | Test: 0.8108 | Best Test: 0.8108
Epoch 0377 | Loss: 0.0227 | Val: 0.7458 | Test: 0.8108 | Best Test: 0.8108
Epoch 0378 | Loss: 0.0196 | Val: 0.7458 | Test: 0.8108 | Best Test: 0.8108
Epoch 0379 | Loss: 0.0181 | Val: 0.7458 | Test: 0.8108 | Best Test: 0.8108
Epoch 0380 | Loss: 0.0274 | Val: 0.7458 | Test: 0.8108 | Best Test: 0.8108
Epoch 0381 | Loss: 0.0205 | Val: 0.7458 | Test: 0.8108 | Best Test: 0.8108
Epoch 0382 | Loss: 0.0225 | Val: 0.7458 | Test: 0.8108 | Best Test: 0.8108
Epoch 0383 | Loss: 0.0195 | Val: 0.7458 | Test: 0.8108 | Best Test: 0.8108
Epoch 0384 | Loss: 0.0206 | Val: 0.7458 | Test: 0.8108 | Best Test: 0.8108
Epoch 0385 | Loss: 0.0252 | Val: 0.7458 | Test: 0.8108 | Best Test: 0.8108
Epoch 0386 | Loss: 0.0264 | Val: 0.7458 | Test: 0.8108 | Best Test: 0.8108
Epoch 0387 | Loss: 0.0200 | Val: 0.7458 | Test: 0.8108 | Best Test: 0.8108
Epoch 0388 | Loss: 0.0189 | Val: 0.7458 | Test: 0.8108 | Best Test: 0.8108
Epoch 0389 | Loss: 0.0230 | Val: 0.7458 | Test: 0.8108 | Best Test: 0.8108
Epoch 0390 | Loss: 0.0187 | Val: 0.7458 | Test: 0.8108 | Best Test: 0.8108
Epoch 0391 | Loss: 0.0230 | Val: 0.7458 | Test: 0.8108 | Best Test: 0.8108
Epoch 0392 | Loss: 0.0196 | Val: 0.7458 | Test: 0.8108 | Best Test: 0.8108
Epoch 0393 | Loss: 0.0196 | Val: 0.7458 | Test: 0.8108 | Best Test: 0.8108
Epoch 0394 | Loss: 0.0209 | Val: 0.7458 | Test: 0.8108 | Best Test: 0.8108
Epoch 0395 | Loss: 0.0215 | Val: 0.7458 | Test: 0.8108 | Best Test: 0.8108
Epoch 0396 | Loss: 0.0190 | Val: 0.7458 | Test: 0.8108 | Best Test: 0.8108
Epoch 0397 | Loss: 0.0195 | Val: 0.7458 | Test: 0.8108 | Best Test: 0.8108
Epoch 0398 | Loss: 0.0206 | Val: 0.7458 | Test: 0.8108 | Best Test: 0.8108
Epoch 0399 | Loss: 0.0209 | Val: 0.7458 | Test: 0.8108 | Best Test: 0.8108
Epoch 0400 | Loss: 0.0200 | Val: 0.7458 | Test: 0.8108 | Best Test: 0.8108
Epoch 0401 | Loss: 0.0291 | Val: 0.7458 | Test: 0.8108 | Best Test: 0.8108
Epoch 0402 | Loss: 0.0188 | Val: 0.7458 | Test: 0.8108 | Best Test: 0.8108
Epoch 0403 | Loss: 0.0222 | Val: 0.7458 | Test: 0.8108 | Best Test: 0.8108
Epoch 0404 | Loss: 0.0188 | Val: 0.7458 | Test: 0.8108 | Best Test: 0.8108
Epoch 0405 | Loss: 0.0197 | Val: 0.7458 | Test: 0.8108 | Best Test: 0.8108
Epoch 0406 | Loss: 0.0206 | Val: 0.7458 | Test: 0.8108 | Best Test: 0.8108
Epoch 0407 | Loss: 0.0212 | Val: 0.7458 | Test: 0.8108 | Best Test: 0.8108
Epoch 0408 | Loss: 0.0179 | Val: 0.7458 | Test: 0.8108 | Best Test: 0.8108
Epoch 0409 | Loss: 0.0184 | Val: 0.7458 | Test: 0.8108 | Best Test: 0.8108
Epoch 0410 | Loss: 0.0195 | Val: 0.7458 | Test: 0.8108 | Best Test: 0.8108
Epoch 0411 | Loss: 0.0193 | Val: 0.7458 | Test: 0.8108 | Best Test: 0.8108
Epoch 0412 | Loss: 0.0215 | Val: 0.7458 | Test: 0.8108 | Best Test: 0.8108
Epoch 0413 | Loss: 0.0205 | Val: 0.7458 | Test: 0.8108 | Best Test: 0.8108
Epoch 0414 | Loss: 0.0255 | Val: 0.7458 | Test: 0.8108 | Best Test: 0.8108
Epoch 0415 | Loss: 0.0183 | Val: 0.7458 | Test: 0.8108 | Best Test: 0.8108
Epoch 0416 | Loss: 0.0198 | Val: 0.7458 | Test: 0.8108 | Best Test: 0.8108
Epoch 0417 | Loss: 0.0191 | Val: 0.7458 | Test: 0.8108 | Best Test: 0.8108
Epoch 0418 | Loss: 0.0190 | Val: 0.7458 | Test: 0.8108 | Best Test: 0.8108
Epoch 0419 | Loss: 0.0182 | Val: 0.7458 | Test: 0.8108 | Best Test: 0.8108
Epoch 0420 | Loss: 0.0198 | Val: 0.7458 | Test: 0.8108 | Best Test: 0.8108
Epoch 0421 | Loss: 0.0201 | Val: 0.7458 | Test: 0.8108 | Best Test: 0.8108
Epoch 0422 | Loss: 0.0200 | Val: 0.7458 | Test: 0.8108 | Best Test: 0.8108
Epoch 0423 | Loss: 0.0254 | Val: 0.7458 | Test: 0.8108 | Best Test: 0.8108
Epoch 0424 | Loss: 0.0199 | Val: 0.7458 | Test: 0.8108 | Best Test: 0.8108
Epoch 0425 | Loss: 0.0195 | Val: 0.7458 | Test: 0.8108 | Best Test: 0.8108
Epoch 0426 | Loss: 0.0176 | Val: 0.7458 | Test: 0.8108 | Best Test: 0.8108
Epoch 0427 | Loss: 0.0252 | Val: 0.7458 | Test: 0.8108 | Best Test: 0.8108
Epoch 0428 | Loss: 0.0221 | Val: 0.7458 | Test: 0.8108 | Best Test: 0.8108
Epoch 0429 | Loss: 0.0194 | Val: 0.7458 | Test: 0.8108 | Best Test: 0.8108
Epoch 0430 | Loss: 0.0195 | Val: 0.7458 | Test: 0.8108 | Best Test: 0.8108
Epoch 0431 | Loss: 0.0204 | Val: 0.7458 | Test: 0.8108 | Best Test: 0.8108
Epoch 0432 | Loss: 0.0218 | Val: 0.7458 | Test: 0.8108 | Best Test: 0.8108
Epoch 0433 | Loss: 0.0208 | Val: 0.7458 | Test: 0.8108 | Best Test: 0.8108
Epoch 0434 | Loss: 0.0239 | Val: 0.7458 | Test: 0.8108 | Best Test: 0.8108
Epoch 0435 | Loss: 0.0182 | Val: 0.7458 | Test: 0.8108 | Best Test: 0.8108
Epoch 0436 | Loss: 0.0196 | Val: 0.7458 | Test: 0.8108 | Best Test: 0.8108
Epoch 0437 | Loss: 0.0202 | Val: 0.7458 | Test: 0.8108 | Best Test: 0.8108
Epoch 0438 | Loss: 0.0235 | Val: 0.7458 | Test: 0.8108 | Best Test: 0.8108
Epoch 0439 | Loss: 0.0227 | Val: 0.7458 | Test: 0.8108 | Best Test: 0.8108
Epoch 0440 | Loss: 0.0214 | Val: 0.7458 | Test: 0.8108 | Best Test: 0.8108
Epoch 0441 | Loss: 0.0180 | Val: 0.7458 | Test: 0.8108 | Best Test: 0.8108
Epoch 0442 | Loss: 0.0183 | Val: 0.7458 | Test: 0.8108 | Best Test: 0.8108
Epoch 0443 | Loss: 0.0195 | Val: 0.7458 | Test: 0.8108 | Best Test: 0.8108
Epoch 0444 | Loss: 0.0197 | Val: 0.7458 | Test: 0.8108 | Best Test: 0.8108
Epoch 0445 | Loss: 0.0196 | Val: 0.7458 | Test: 0.8108 | Best Test: 0.8108
Epoch 0446 | Loss: 0.0194 | Val: 0.7458 | Test: 0.8108 | Best Test: 0.8108
Epoch 0447 | Loss: 0.0220 | Val: 0.7458 | Test: 0.8108 | Best Test: 0.8108
Epoch 0448 | Loss: 0.0199 | Val: 0.7458 | Test: 0.8108 | Best Test: 0.8108
Epoch 0449 | Loss: 0.0193 | Val: 0.7458 | Test: 0.8108 | Best Test: 0.8108
Epoch 0450 | Loss: 0.0196 | Val: 0.7458 | Test: 0.8108 | Best Test: 0.8108
Epoch 0451 | Loss: 0.0219 | Val: 0.7458 | Test: 0.8108 | Best Test: 0.8108
Epoch 0452 | Loss: 0.0202 | Val: 0.7458 | Test: 0.8108 | Best Test: 0.8108
Epoch 0453 | Loss: 0.0223 | Val: 0.7458 | Test: 0.8108 | Best Test: 0.8108
Epoch 0454 | Loss: 0.0196 | Val: 0.7458 | Test: 0.8108 | Best Test: 0.8108
Epoch 0455 | Loss: 0.0222 | Val: 0.7458 | Test: 0.8108 | Best Test: 0.8108
Epoch 0456 | Loss: 0.0186 | Val: 0.7458 | Test: 0.8108 | Best Test: 0.8108
Epoch 0457 | Loss: 0.0195 | Val: 0.7458 | Test: 0.8108 | Best Test: 0.8108
Epoch 0458 | Loss: 0.0215 | Val: 0.7458 | Test: 0.8108 | Best Test: 0.8108
Epoch 0459 | Loss: 0.0184 | Val: 0.7458 | Test: 0.8108 | Best Test: 0.8108
Epoch 0460 | Loss: 0.0193 | Val: 0.7458 | Test: 0.8108 | Best Test: 0.8108
Epoch 0461 | Loss: 0.0211 | Val: 0.7458 | Test: 0.8108 | Best Test: 0.8108
Epoch 0462 | Loss: 0.0221 | Val: 0.7458 | Test: 0.8108 | Best Test: 0.8108
Epoch 0463 | Loss: 0.0200 | Val: 0.7458 | Test: 0.8108 | Best Test: 0.8108
Epoch 0464 | Loss: 0.0198 | Val: 0.7458 | Test: 0.8108 | Best Test: 0.8108
Epoch 0465 | Loss: 0.0203 | Val: 0.7458 | Test: 0.8108 | Best Test: 0.8108
Epoch 0466 | Loss: 0.0207 | Val: 0.7458 | Test: 0.8108 | Best Test: 0.8108
Epoch 0467 | Loss: 0.0181 | Val: 0.7458 | Test: 0.8108 | Best Test: 0.8108
Epoch 0468 | Loss: 0.0191 | Val: 0.7458 | Test: 0.8108 | Best Test: 0.8108
Epoch 0469 | Loss: 0.0187 | Val: 0.7458 | Test: 0.8108 | Best Test: 0.8108
Epoch 0470 | Loss: 0.0200 | Val: 0.7458 | Test: 0.8108 | Best Test: 0.8108
Epoch 0471 | Loss: 0.0278 | Val: 0.7458 | Test: 0.8108 | Best Test: 0.8108
Epoch 0472 | Loss: 0.0222 | Val: 0.7458 | Test: 0.8108 | Best Test: 0.8108
Epoch 0473 | Loss: 0.0246 | Val: 0.7458 | Test: 0.8108 | Best Test: 0.8108
Epoch 0474 | Loss: 0.0187 | Val: 0.7458 | Test: 0.8108 | Best Test: 0.8108
Epoch 0475 | Loss: 0.0202 | Val: 0.7458 | Test: 0.8108 | Best Test: 0.8108
Epoch 0476 | Loss: 0.0183 | Val: 0.7458 | Test: 0.8108 | Best Test: 0.8108
Epoch 0477 | Loss: 0.0213 | Val: 0.7458 | Test: 0.8108 | Best Test: 0.8108
Epoch 0478 | Loss: 0.0207 | Val: 0.7458 | Test: 0.8108 | Best Test: 0.8108
Epoch 0479 | Loss: 0.0238 | Val: 0.7458 | Test: 0.8108 | Best Test: 0.8108
Epoch 0480 | Loss: 0.0207 | Val: 0.7458 | Test: 0.8108 | Best Test: 0.8108
Epoch 0481 | Loss: 0.0214 | Val: 0.7458 | Test: 0.8108 | Best Test: 0.8108
Epoch 0482 | Loss: 0.0200 | Val: 0.7458 | Test: 0.8108 | Best Test: 0.8108
Epoch 0483 | Loss: 0.0202 | Val: 0.7458 | Test: 0.8108 | Best Test: 0.8108
Epoch 0484 | Loss: 0.0188 | Val: 0.7458 | Test: 0.8108 | Best Test: 0.8108
Epoch 0485 | Loss: 0.0194 | Val: 0.7458 | Test: 0.8108 | Best Test: 0.8108
Epoch 0486 | Loss: 0.0189 | Val: 0.7458 | Test: 0.8108 | Best Test: 0.8108
Epoch 0487 | Loss: 0.0199 | Val: 0.7458 | Test: 0.8108 | Best Test: 0.8108
Epoch 0488 | Loss: 0.0217 | Val: 0.7458 | Test: 0.8108 | Best Test: 0.8108
Epoch 0489 | Loss: 0.0189 | Val: 0.7458 | Test: 0.8108 | Best Test: 0.8108
Epoch 0490 | Loss: 0.0234 | Val: 0.7458 | Test: 0.8108 | Best Test: 0.8108
Epoch 0491 | Loss: 0.0178 | Val: 0.7458 | Test: 0.8108 | Best Test: 0.8108
Epoch 0492 | Loss: 0.0230 | Val: 0.7458 | Test: 0.8108 | Best Test: 0.8108
Epoch 0493 | Loss: 0.0232 | Val: 0.7458 | Test: 0.8108 | Best Test: 0.8108
Epoch 0494 | Loss: 0.0211 | Val: 0.7458 | Test: 0.8108 | Best Test: 0.8108
Epoch 0495 | Loss: 0.0211 | Val: 0.7458 | Test: 0.8108 | Best Test: 0.8108
Epoch 0496 | Loss: 0.0206 | Val: 0.7458 | Test: 0.8108 | Best Test: 0.8108
Epoch 0497 | Loss: 0.0242 | Val: 0.7458 | Test: 0.8108 | Best Test: 0.8108
Epoch 0498 | Loss: 0.0195 | Val: 0.7458 | Test: 0.8108 | Best Test: 0.8108
Epoch 0499 | Loss: 0.0179 | Val: 0.7458 | Test: 0.8108 | Best Test: 0.8108
Epoch 0500 | Loss: 0.0187 | Val: 0.7458 | Test: 0.8108 | Best Test: 0.8108
Epoch 0501 | Loss: 0.0214 | Val: 0.7458 | Test: 0.8108 | Best Test: 0.8108
Epoch 0502 | Loss: 0.0183 | Val: 0.7458 | Test: 0.8108 | Best Test: 0.8108
Epoch 0503 | Loss: 0.0183 | Val: 0.7458 | Test: 0.8108 | Best Test: 0.8108
Epoch 0504 | Loss: 0.0202 | Val: 0.7458 | Test: 0.8108 | Best Test: 0.8108
Epoch 0505 | Loss: 0.0204 | Val: 0.7458 | Test: 0.8108 | Best Test: 0.8108
Epoch 0506 | Loss: 0.0232 | Val: 0.7458 | Test: 0.8108 | Best Test: 0.8108
Epoch 0507 | Loss: 0.0197 | Val: 0.7458 | Test: 0.8108 | Best Test: 0.8108
Epoch 0508 | Loss: 0.0201 | Val: 0.7458 | Test: 0.8108 | Best Test: 0.8108
Epoch 0509 | Loss: 0.0197 | Val: 0.7458 | Test: 0.8108 | Best Test: 0.8108
Epoch 0510 | Loss: 0.0195 | Val: 0.7458 | Test: 0.8108 | Best Test: 0.8108
Epoch 0511 | Loss: 0.0256 | Val: 0.7458 | Test: 0.8108 | Best Test: 0.8108
Epoch 0512 | Loss: 0.0207 | Val: 0.7458 | Test: 0.8108 | Best Test: 0.8108
Epoch 0513 | Loss: 0.0200 | Val: 0.7458 | Test: 0.8108 | Best Test: 0.8108
Epoch 0514 | Loss: 0.0260 | Val: 0.7458 | Test: 0.8108 | Best Test: 0.8108
Epoch 0515 | Loss: 0.0190 | Val: 0.7458 | Test: 0.8108 | Best Test: 0.8108
Epoch 0516 | Loss: 0.0194 | Val: 0.7458 | Test: 0.8108 | Best Test: 0.8108
Epoch 0517 | Loss: 0.0211 | Val: 0.7458 | Test: 0.8108 | Best Test: 0.8108
Epoch 0518 | Loss: 0.0217 | Val: 0.7458 | Test: 0.8108 | Best Test: 0.8108
Epoch 0519 | Loss: 0.0189 | Val: 0.7458 | Test: 0.8108 | Best Test: 0.8108
Epoch 0520 | Loss: 0.0295 | Val: 0.7458 | Test: 0.8108 | Best Test: 0.8108
Epoch 0521 | Loss: 0.0208 | Val: 0.7458 | Test: 0.8108 | Best Test: 0.8108
Epoch 0522 | Loss: 0.0180 | Val: 0.7458 | Test: 0.8108 | Best Test: 0.8108
Epoch 0523 | Loss: 0.0197 | Val: 0.7458 | Test: 0.8108 | Best Test: 0.8108
Epoch 0524 | Loss: 0.0191 | Val: 0.7458 | Test: 0.8108 | Best Test: 0.8108
Epoch 0525 | Loss: 0.0228 | Val: 0.7458 | Test: 0.8108 | Best Test: 0.8108
Epoch 0526 | Loss: 0.0203 | Val: 0.7458 | Test: 0.8108 | Best Test: 0.8108
Epoch 0527 | Loss: 0.0201 | Val: 0.7458 | Test: 0.8108 | Best Test: 0.8108
Epoch 0528 | Loss: 0.0201 | Val: 0.7458 | Test: 0.8108 | Best Test: 0.8108
Epoch 0529 | Loss: 0.0217 | Val: 0.7458 | Test: 0.8108 | Best Test: 0.8108
Epoch 0530 | Loss: 0.0196 | Val: 0.7458 | Test: 0.8108 | Best Test: 0.8108
Epoch 0531 | Loss: 0.0204 | Val: 0.7458 | Test: 0.8108 | Best Test: 0.8108
Epoch 0532 | Loss: 0.0183 | Val: 0.7458 | Test: 0.8108 | Best Test: 0.8108
Epoch 0533 | Loss: 0.0193 | Val: 0.7458 | Test: 0.8108 | Best Test: 0.8108
Epoch 0534 | Loss: 0.0189 | Val: 0.7458 | Test: 0.8108 | Best Test: 0.8108
Epoch 0535 | Loss: 0.0222 | Val: 0.7458 | Test: 0.8108 | Best Test: 0.8108
Epoch 0536 | Loss: 0.0199 | Val: 0.7458 | Test: 0.8108 | Best Test: 0.8108
Epoch 0537 | Loss: 0.0248 | Val: 0.7458 | Test: 0.8108 | Best Test: 0.8108
Epoch 0538 | Loss: 0.0202 | Val: 0.7458 | Test: 0.8108 | Best Test: 0.8108
Epoch 0539 | Loss: 0.0220 | Val: 0.7458 | Test: 0.8108 | Best Test: 0.8108
Epoch 0540 | Loss: 0.0197 | Val: 0.7458 | Test: 0.8108 | Best Test: 0.8108
Epoch 0541 | Loss: 0.0250 | Val: 0.7458 | Test: 0.8108 | Best Test: 0.8108
Epoch 0542 | Loss: 0.0189 | Val: 0.7458 | Test: 0.8108 | Best Test: 0.8108
Epoch 0543 | Loss: 0.0191 | Val: 0.7458 | Test: 0.8108 | Best Test: 0.8108
Epoch 0544 | Loss: 0.0194 | Val: 0.7458 | Test: 0.8108 | Best Test: 0.8108
Epoch 0545 | Loss: 0.0184 | Val: 0.7458 | Test: 0.8108 | Best Test: 0.8108
Epoch 0546 | Loss: 0.0218 | Val: 0.7458 | Test: 0.8108 | Best Test: 0.8108
Epoch 0547 | Loss: 0.0183 | Val: 0.7458 | Test: 0.8108 | Best Test: 0.8108
Epoch 0548 | Loss: 0.0188 | Val: 0.7458 | Test: 0.8108 | Best Test: 0.8108
Epoch 0549 | Loss: 0.0204 | Val: 0.7458 | Test: 0.8108 | Best Test: 0.8108
Epoch 0550 | Loss: 0.0200 | Val: 0.7458 | Test: 0.8108 | Best Test: 0.8108
Epoch 0551 | Loss: 0.0213 | Val: 0.7458 | Test: 0.8108 | Best Test: 0.8108
Epoch 0552 | Loss: 0.0184 | Val: 0.7458 | Test: 0.8108 | Best Test: 0.8108
Epoch 0553 | Loss: 0.0200 | Val: 0.7458 | Test: 0.8108 | Best Test: 0.8108
Epoch 0554 | Loss: 0.0189 | Val: 0.7458 | Test: 0.8108 | Best Test: 0.8108
Epoch 0555 | Loss: 0.0207 | Val: 0.7458 | Test: 0.8108 | Best Test: 0.8108
Epoch 0556 | Loss: 0.0208 | Val: 0.7458 | Test: 0.8108 | Best Test: 0.8108
Epoch 0557 | Loss: 0.0206 | Val: 0.7458 | Test: 0.8108 | Best Test: 0.8108
Epoch 0558 | Loss: 0.0192 | Val: 0.7458 | Test: 0.8108 | Best Test: 0.8108
Epoch 0559 | Loss: 0.0239 | Val: 0.7458 | Test: 0.8108 | Best Test: 0.8108
Epoch 0560 | Loss: 0.0203 | Val: 0.7458 | Test: 0.8108 | Best Test: 0.8108
Epoch 0561 | Loss: 0.0197 | Val: 0.7458 | Test: 0.8108 | Best Test: 0.8108
Epoch 0562 | Loss: 0.0197 | Val: 0.7458 | Test: 0.8108 | Best Test: 0.8108
Epoch 0563 | Loss: 0.0205 | Val: 0.7458 | Test: 0.8108 | Best Test: 0.8108
Epoch 0564 | Loss: 0.0229 | Val: 0.7458 | Test: 0.8108 | Best Test: 0.8108
Epoch 0565 | Loss: 0.0250 | Val: 0.7458 | Test: 0.8108 | Best Test: 0.8108
Epoch 0566 | Loss: 0.0211 | Val: 0.7458 | Test: 0.8108 | Best Test: 0.8108
Epoch 0567 | Loss: 0.0190 | Val: 0.7458 | Test: 0.8108 | Best Test: 0.8108
Epoch 0568 | Loss: 0.0232 | Val: 0.7458 | Test: 0.8108 | Best Test: 0.8108
Epoch 0569 | Loss: 0.0239 | Val: 0.7458 | Test: 0.8108 | Best Test: 0.8108
Epoch 0570 | Loss: 0.0218 | Val: 0.7458 | Test: 0.8108 | Best Test: 0.8108
Epoch 0571 | Loss: 0.0207 | Val: 0.7458 | Test: 0.8108 | Best Test: 0.8108
Epoch 0572 | Loss: 0.0221 | Val: 0.7458 | Test: 0.8108 | Best Test: 0.8108
Epoch 0573 | Loss: 0.0181 | Val: 0.7458 | Test: 0.8108 | Best Test: 0.8108
Epoch 0574 | Loss: 0.0215 | Val: 0.7458 | Test: 0.8108 | Best Test: 0.8108
Epoch 0575 | Loss: 0.0202 | Val: 0.7458 | Test: 0.8108 | Best Test: 0.8108
Epoch 0576 | Loss: 0.0200 | Val: 0.7458 | Test: 0.8108 | Best Test: 0.8108
Epoch 0577 | Loss: 0.0195 | Val: 0.7458 | Test: 0.8108 | Best Test: 0.8108
Epoch 0578 | Loss: 0.0207 | Val: 0.7458 | Test: 0.8108 | Best Test: 0.8108
Epoch 0579 | Loss: 0.0207 | Val: 0.7458 | Test: 0.8108 | Best Test: 0.8108
Epoch 0580 | Loss: 0.0192 | Val: 0.7458 | Test: 0.8108 | Best Test: 0.8108
Epoch 0581 | Loss: 0.0197 | Val: 0.7458 | Test: 0.8108 | Best Test: 0.8108
Epoch 0582 | Loss: 0.0214 | Val: 0.7458 | Test: 0.8108 | Best Test: 0.8108
Epoch 0583 | Loss: 0.0200 | Val: 0.7458 | Test: 0.8108 | Best Test: 0.8108
Epoch 0584 | Loss: 0.0212 | Val: 0.7458 | Test: 0.8108 | Best Test: 0.8108
Epoch 0585 | Loss: 0.0224 | Val: 0.7458 | Test: 0.8108 | Best Test: 0.8108
Epoch 0586 | Loss: 0.0238 | Val: 0.7458 | Test: 0.8108 | Best Test: 0.8108
Epoch 0587 | Loss: 0.0197 | Val: 0.7458 | Test: 0.8108 | Best Test: 0.8108
Epoch 0588 | Loss: 0.0188 | Val: 0.7458 | Test: 0.8108 | Best Test: 0.8108
Epoch 0589 | Loss: 0.0183 | Val: 0.7458 | Test: 0.8108 | Best Test: 0.8108
Epoch 0590 | Loss: 0.0180 | Val: 0.7458 | Test: 0.8108 | Best Test: 0.8108
Epoch 0591 | Loss: 0.0194 | Val: 0.7458 | Test: 0.8108 | Best Test: 0.8108
Epoch 0592 | Loss: 0.0252 | Val: 0.7458 | Test: 0.8108 | Best Test: 0.8108
Epoch 0593 | Loss: 0.0210 | Val: 0.7458 | Test: 0.8108 | Best Test: 0.8108
Epoch 0594 | Loss: 0.0206 | Val: 0.7458 | Test: 0.8108 | Best Test: 0.8108
Epoch 0595 | Loss: 0.0200 | Val: 0.7458 | Test: 0.8108 | Best Test: 0.8108
Epoch 0596 | Loss: 0.0206 | Val: 0.7458 | Test: 0.8108 | Best Test: 0.8108
Epoch 0597 | Loss: 0.0194 | Val: 0.7458 | Test: 0.8108 | Best Test: 0.8108
Epoch 0598 | Loss: 0.0188 | Val: 0.7458 | Test: 0.8108 | Best Test: 0.8108
Epoch 0599 | Loss: 0.0213 | Val: 0.7458 | Test: 0.8108 | Best Test: 0.8108
Epoch 0600 | Loss: 0.0226 | Val: 0.7458 | Test: 0.8108 | Best Test: 0.8108
Epoch 0601 | Loss: 0.0183 | Val: 0.7458 | Test: 0.8108 | Best Test: 0.8108
Epoch 0602 | Loss: 0.0190 | Val: 0.7458 | Test: 0.8108 | Best Test: 0.8108
Epoch 0603 | Loss: 0.0211 | Val: 0.7458 | Test: 0.8108 | Best Test: 0.8108
Epoch 0604 | Loss: 0.0185 | Val: 0.7458 | Test: 0.8108 | Best Test: 0.8108
Epoch 0605 | Loss: 0.0184 | Val: 0.7458 | Test: 0.8108 | Best Test: 0.8108
Epoch 0606 | Loss: 0.0192 | Val: 0.7458 | Test: 0.8108 | Best Test: 0.8108
Epoch 0607 | Loss: 0.0249 | Val: 0.7458 | Test: 0.8108 | Best Test: 0.8108
Epoch 0608 | Loss: 0.0200 | Val: 0.7458 | Test: 0.8108 | Best Test: 0.8108
Epoch 0609 | Loss: 0.0210 | Val: 0.7458 | Test: 0.8108 | Best Test: 0.8108
Epoch 0610 | Loss: 0.0199 | Val: 0.7458 | Test: 0.8108 | Best Test: 0.8108
Epoch 0611 | Loss: 0.0190 | Val: 0.7458 | Test: 0.8108 | Best Test: 0.8108
Epoch 0612 | Loss: 0.0308 | Val: 0.7458 | Test: 0.8108 | Best Test: 0.8108
Epoch 0613 | Loss: 0.0201 | Val: 0.7458 | Test: 0.8108 | Best Test: 0.8108
Epoch 0614 | Loss: 0.0189 | Val: 0.7458 | Test: 0.8108 | Best Test: 0.8108
Epoch 0615 | Loss: 0.0189 | Val: 0.7458 | Test: 0.8108 | Best Test: 0.8108
Epoch 0616 | Loss: 0.0203 | Val: 0.7458 | Test: 0.8108 | Best Test: 0.8108
Epoch 0617 | Loss: 0.0199 | Val: 0.7458 | Test: 0.8108 | Best Test: 0.8108
Epoch 0618 | Loss: 0.0229 | Val: 0.7458 | Test: 0.8108 | Best Test: 0.8108
Epoch 0619 | Loss: 0.0201 | Val: 0.7458 | Test: 0.8108 | Best Test: 0.8108
Epoch 0620 | Loss: 0.0201 | Val: 0.7458 | Test: 0.8108 | Best Test: 0.8108
Epoch 0621 | Loss: 0.0271 | Val: 0.7458 | Test: 0.8108 | Best Test: 0.8108
Epoch 0622 | Loss: 0.0225 | Val: 0.7458 | Test: 0.8108 | Best Test: 0.8108
Epoch 0623 | Loss: 0.0187 | Val: 0.7458 | Test: 0.8108 | Best Test: 0.8108
Epoch 0624 | Loss: 0.0219 | Val: 0.7458 | Test: 0.8108 | Best Test: 0.8108
Epoch 0625 | Loss: 0.0191 | Val: 0.7458 | Test: 0.8108 | Best Test: 0.8108
Epoch 0626 | Loss: 0.0209 | Val: 0.7458 | Test: 0.8108 | Best Test: 0.8108
Epoch 0627 | Loss: 0.0184 | Val: 0.7458 | Test: 0.8108 | Best Test: 0.8108
Epoch 0628 | Loss: 0.0213 | Val: 0.7458 | Test: 0.8108 | Best Test: 0.8108
Epoch 0629 | Loss: 0.0187 | Val: 0.7458 | Test: 0.8108 | Best Test: 0.8108
Epoch 0630 | Loss: 0.0198 | Val: 0.7458 | Test: 0.8108 | Best Test: 0.8108
Epoch 0631 | Loss: 0.0189 | Val: 0.7458 | Test: 0.8108 | Best Test: 0.8108
Epoch 0632 | Loss: 0.0197 | Val: 0.7458 | Test: 0.8108 | Best Test: 0.8108
Epoch 0633 | Loss: 0.0245 | Val: 0.7458 | Test: 0.8108 | Best Test: 0.8108
Epoch 0634 | Loss: 0.0200 | Val: 0.7458 | Test: 0.8108 | Best Test: 0.8108
Epoch 0635 | Loss: 0.0190 | Val: 0.7458 | Test: 0.8108 | Best Test: 0.8108
Epoch 0636 | Loss: 0.0227 | Val: 0.7458 | Test: 0.8108 | Best Test: 0.8108
Epoch 0637 | Loss: 0.0200 | Val: 0.7458 | Test: 0.8108 | Best Test: 0.8108
Epoch 0638 | Loss: 0.0208 | Val: 0.7458 | Test: 0.8108 | Best Test: 0.8108
Epoch 0639 | Loss: 0.0216 | Val: 0.7458 | Test: 0.8108 | Best Test: 0.8108
Epoch 0640 | Loss: 0.0246 | Val: 0.7458 | Test: 0.8108 | Best Test: 0.8108
Epoch 0641 | Loss: 0.0193 | Val: 0.7458 | Test: 0.8108 | Best Test: 0.8108
Epoch 0642 | Loss: 0.0221 | Val: 0.7458 | Test: 0.8108 | Best Test: 0.8108
Epoch 0643 | Loss: 0.0201 | Val: 0.7458 | Test: 0.8108 | Best Test: 0.8108
Epoch 0644 | Loss: 0.0206 | Val: 0.7458 | Test: 0.8108 | Best Test: 0.8108
Epoch 0645 | Loss: 0.0227 | Val: 0.7458 | Test: 0.8108 | Best Test: 0.8108
Epoch 0646 | Loss: 0.0181 | Val: 0.7458 | Test: 0.8108 | Best Test: 0.8108
Epoch 0647 | Loss: 0.0216 | Val: 0.7458 | Test: 0.8108 | Best Test: 0.8108
Epoch 0648 | Loss: 0.0194 | Val: 0.7458 | Test: 0.8108 | Best Test: 0.8108
Epoch 0649 | Loss: 0.0192 | Val: 0.7458 | Test: 0.8108 | Best Test: 0.8108
Epoch 0650 | Loss: 0.0204 | Val: 0.7458 | Test: 0.8108 | Best Test: 0.8108
Epoch 0651 | Loss: 0.0205 | Val: 0.7458 | Test: 0.8108 | Best Test: 0.8108
Epoch 0652 | Loss: 0.0196 | Val: 0.7458 | Test: 0.8108 | Best Test: 0.8108
Epoch 0653 | Loss: 0.0220 | Val: 0.7458 | Test: 0.8108 | Best Test: 0.8108
Epoch 0654 | Loss: 0.0227 | Val: 0.7458 | Test: 0.8108 | Best Test: 0.8108
Epoch 0655 | Loss: 0.0204 | Val: 0.7458 | Test: 0.8108 | Best Test: 0.8108
Epoch 0656 | Loss: 0.0201 | Val: 0.7458 | Test: 0.8108 | Best Test: 0.8108
Epoch 0657 | Loss: 0.0187 | Val: 0.7458 | Test: 0.8108 | Best Test: 0.8108
Epoch 0658 | Loss: 0.0192 | Val: 0.7458 | Test: 0.8108 | Best Test: 0.8108
Epoch 0659 | Loss: 0.0211 | Val: 0.7458 | Test: 0.8108 | Best Test: 0.8108
Epoch 0660 | Loss: 0.0222 | Val: 0.7458 | Test: 0.8108 | Best Test: 0.8108
Epoch 0661 | Loss: 0.0179 | Val: 0.7458 | Test: 0.8108 | Best Test: 0.8108
Epoch 0662 | Loss: 0.0201 | Val: 0.7458 | Test: 0.8108 | Best Test: 0.8108
Epoch 0663 | Loss: 0.0195 | Val: 0.7458 | Test: 0.8108 | Best Test: 0.8108
Epoch 0664 | Loss: 0.0222 | Val: 0.7458 | Test: 0.8108 | Best Test: 0.8108
Epoch 0665 | Loss: 0.0193 | Val: 0.7458 | Test: 0.8108 | Best Test: 0.8108
Epoch 0666 | Loss: 0.0219 | Val: 0.7458 | Test: 0.8108 | Best Test: 0.8108
Epoch 0667 | Loss: 0.0203 | Val: 0.7458 | Test: 0.8108 | Best Test: 0.8108
Epoch 0668 | Loss: 0.0196 | Val: 0.7458 | Test: 0.8108 | Best Test: 0.8108
Epoch 0669 | Loss: 0.0187 | Val: 0.7458 | Test: 0.8108 | Best Test: 0.8108
Epoch 0670 | Loss: 0.0193 | Val: 0.7458 | Test: 0.8108 | Best Test: 0.8108
Epoch 0671 | Loss: 0.0208 | Val: 0.7458 | Test: 0.8108 | Best Test: 0.8108
Epoch 0672 | Loss: 0.0216 | Val: 0.7458 | Test: 0.8108 | Best Test: 0.8108
Epoch 0673 | Loss: 0.0190 | Val: 0.7458 | Test: 0.8108 | Best Test: 0.8108
Epoch 0674 | Loss: 0.0200 | Val: 0.7458 | Test: 0.8108 | Best Test: 0.8108
Epoch 0675 | Loss: 0.0218 | Val: 0.7458 | Test: 0.8108 | Best Test: 0.8108
Epoch 0676 | Loss: 0.0199 | Val: 0.7458 | Test: 0.8108 | Best Test: 0.8108
Epoch 0677 | Loss: 0.0203 | Val: 0.7458 | Test: 0.8108 | Best Test: 0.8108
Epoch 0678 | Loss: 0.0204 | Val: 0.7458 | Test: 0.8108 | Best Test: 0.8108
Epoch 0679 | Loss: 0.0187 | Val: 0.7458 | Test: 0.8108 | Best Test: 0.8108
Epoch 0680 | Loss: 0.0223 | Val: 0.7458 | Test: 0.8108 | Best Test: 0.8108
Epoch 0681 | Loss: 0.0195 | Val: 0.7458 | Test: 0.8108 | Best Test: 0.8108
Epoch 0682 | Loss: 0.0252 | Val: 0.7458 | Test: 0.8108 | Best Test: 0.8108
Epoch 0683 | Loss: 0.0200 | Val: 0.7458 | Test: 0.8108 | Best Test: 0.8108
Epoch 0684 | Loss: 0.0199 | Val: 0.7458 | Test: 0.8108 | Best Test: 0.8108
Epoch 0685 | Loss: 0.0217 | Val: 0.7458 | Test: 0.8108 | Best Test: 0.8108
Epoch 0686 | Loss: 0.0183 | Val: 0.7458 | Test: 0.8108 | Best Test: 0.8108
Epoch 0687 | Loss: 0.0247 | Val: 0.7458 | Test: 0.8108 | Best Test: 0.8108
Epoch 0688 | Loss: 0.0201 | Val: 0.7458 | Test: 0.8108 | Best Test: 0.8108
Epoch 0689 | Loss: 0.0199 | Val: 0.7458 | Test: 0.8108 | Best Test: 0.8108
Epoch 0690 | Loss: 0.0224 | Val: 0.7458 | Test: 0.8108 | Best Test: 0.8108
Epoch 0691 | Loss: 0.0201 | Val: 0.7458 | Test: 0.8108 | Best Test: 0.8108
Epoch 0692 | Loss: 0.0184 | Val: 0.7458 | Test: 0.8108 | Best Test: 0.8108
Epoch 0693 | Loss: 0.0211 | Val: 0.7458 | Test: 0.8108 | Best Test: 0.8108
Epoch 0694 | Loss: 0.0192 | Val: 0.7458 | Test: 0.8108 | Best Test: 0.8108
Epoch 0695 | Loss: 0.0208 | Val: 0.7458 | Test: 0.8108 | Best Test: 0.8108
Epoch 0696 | Loss: 0.0220 | Val: 0.7458 | Test: 0.8108 | Best Test: 0.8108
Epoch 0697 | Loss: 0.0195 | Val: 0.7458 | Test: 0.8108 | Best Test: 0.8108
Epoch 0698 | Loss: 0.0200 | Val: 0.7458 | Test: 0.8108 | Best Test: 0.8108
Epoch 0699 | Loss: 0.0183 | Val: 0.7458 | Test: 0.8108 | Best Test: 0.8108
Epoch 0700 | Loss: 0.0180 | Val: 0.7458 | Test: 0.8108 | Best Test: 0.8108
Epoch 0701 | Loss: 0.0202 | Val: 0.7458 | Test: 0.8108 | Best Test: 0.8108
Epoch 0702 | Loss: 0.0180 | Val: 0.7458 | Test: 0.8108 | Best Test: 0.8108
Epoch 0703 | Loss: 0.0183 | Val: 0.7458 | Test: 0.8108 | Best Test: 0.8108
Epoch 0704 | Loss: 0.0200 | Val: 0.7458 | Test: 0.8108 | Best Test: 0.8108
Epoch 0705 | Loss: 0.0225 | Val: 0.7458 | Test: 0.8108 | Best Test: 0.8108
Epoch 0706 | Loss: 0.0191 | Val: 0.7458 | Test: 0.8108 | Best Test: 0.8108
Epoch 0707 | Loss: 0.0188 | Val: 0.7458 | Test: 0.8108 | Best Test: 0.8108
Epoch 0708 | Loss: 0.0181 | Val: 0.7458 | Test: 0.8108 | Best Test: 0.8108
Epoch 0709 | Loss: 0.0227 | Val: 0.7458 | Test: 0.8108 | Best Test: 0.8108
Epoch 0710 | Loss: 0.0206 | Val: 0.7458 | Test: 0.8108 | Best Test: 0.8108
Epoch 0711 | Loss: 0.0192 | Val: 0.7458 | Test: 0.8108 | Best Test: 0.8108
Epoch 0712 | Loss: 0.0192 | Val: 0.7458 | Test: 0.8108 | Best Test: 0.8108
Epoch 0713 | Loss: 0.0243 | Val: 0.7458 | Test: 0.8108 | Best Test: 0.8108
Epoch 0714 | Loss: 0.0200 | Val: 0.7458 | Test: 0.8108 | Best Test: 0.8108
Epoch 0715 | Loss: 0.0202 | Val: 0.7458 | Test: 0.8108 | Best Test: 0.8108
Epoch 0716 | Loss: 0.0193 | Val: 0.7458 | Test: 0.8108 | Best Test: 0.8108
Epoch 0717 | Loss: 0.0199 | Val: 0.7458 | Test: 0.8108 | Best Test: 0.8108
Epoch 0718 | Loss: 0.0201 | Val: 0.7458 | Test: 0.8108 | Best Test: 0.8108
Epoch 0719 | Loss: 0.0199 | Val: 0.7458 | Test: 0.8108 | Best Test: 0.8108
Epoch 0720 | Loss: 0.0196 | Val: 0.7458 | Test: 0.8108 | Best Test: 0.8108
Epoch 0721 | Loss: 0.0271 | Val: 0.7458 | Test: 0.8108 | Best Test: 0.8108
Epoch 0722 | Loss: 0.0186 | Val: 0.7458 | Test: 0.8108 | Best Test: 0.8108
Epoch 0723 | Loss: 0.0200 | Val: 0.7458 | Test: 0.8108 | Best Test: 0.8108
Epoch 0724 | Loss: 0.0198 | Val: 0.7458 | Test: 0.8108 | Best Test: 0.8108
Epoch 0725 | Loss: 0.0202 | Val: 0.7458 | Test: 0.8108 | Best Test: 0.8108
Epoch 0726 | Loss: 0.0196 | Val: 0.7458 | Test: 0.8108 | Best Test: 0.8108
Epoch 0727 | Loss: 0.0232 | Val: 0.7458 | Test: 0.8108 | Best Test: 0.8108
Epoch 0728 | Loss: 0.0211 | Val: 0.7458 | Test: 0.8108 | Best Test: 0.8108
Epoch 0729 | Loss: 0.0190 | Val: 0.7458 | Test: 0.8108 | Best Test: 0.8108
Epoch 0730 | Loss: 0.0207 | Val: 0.7458 | Test: 0.8108 | Best Test: 0.8108
Epoch 0731 | Loss: 0.0183 | Val: 0.7458 | Test: 0.8108 | Best Test: 0.8108
Epoch 0732 | Loss: 0.0234 | Val: 0.7458 | Test: 0.8108 | Best Test: 0.8108
Epoch 0733 | Loss: 0.0215 | Val: 0.7458 | Test: 0.8108 | Best Test: 0.8108
Epoch 0734 | Loss: 0.0216 | Val: 0.7458 | Test: 0.8108 | Best Test: 0.8108
Epoch 0735 | Loss: 0.0194 | Val: 0.7458 | Test: 0.8108 | Best Test: 0.8108
Epoch 0736 | Loss: 0.0183 | Val: 0.7458 | Test: 0.8108 | Best Test: 0.8108
Epoch 0737 | Loss: 0.0186 | Val: 0.7458 | Test: 0.8108 | Best Test: 0.8108
Epoch 0738 | Loss: 0.0202 | Val: 0.7458 | Test: 0.8108 | Best Test: 0.8108
Epoch 0739 | Loss: 0.0184 | Val: 0.7458 | Test: 0.8108 | Best Test: 0.8108
Epoch 0740 | Loss: 0.0227 | Val: 0.7458 | Test: 0.8108 | Best Test: 0.8108
Epoch 0741 | Loss: 0.0204 | Val: 0.7458 | Test: 0.8108 | Best Test: 0.8108
Epoch 0742 | Loss: 0.0204 | Val: 0.7458 | Test: 0.8108 | Best Test: 0.8108
Epoch 0743 | Loss: 0.0230 | Val: 0.7458 | Test: 0.8108 | Best Test: 0.8108
Epoch 0744 | Loss: 0.0243 | Val: 0.7458 | Test: 0.8108 | Best Test: 0.8108
Epoch 0745 | Loss: 0.0202 | Val: 0.7458 | Test: 0.8108 | Best Test: 0.8108
Epoch 0746 | Loss: 0.0193 | Val: 0.7458 | Test: 0.8108 | Best Test: 0.8108
Epoch 0747 | Loss: 0.0196 | Val: 0.7458 | Test: 0.8108 | Best Test: 0.8108
Epoch 0748 | Loss: 0.0188 | Val: 0.7458 | Test: 0.8108 | Best Test: 0.8108
Epoch 0749 | Loss: 0.0205 | Val: 0.7458 | Test: 0.8108 | Best Test: 0.8108
Epoch 0750 | Loss: 0.0181 | Val: 0.7458 | Test: 0.8108 | Best Test: 0.8108
Epoch 0751 | Loss: 0.0214 | Val: 0.7458 | Test: 0.8108 | Best Test: 0.8108
Epoch 0752 | Loss: 0.0183 | Val: 0.7458 | Test: 0.8108 | Best Test: 0.8108
Epoch 0753 | Loss: 0.0236 | Val: 0.7458 | Test: 0.8108 | Best Test: 0.8108
Epoch 0754 | Loss: 0.0190 | Val: 0.7458 | Test: 0.8108 | Best Test: 0.8108
Epoch 0755 | Loss: 0.0180 | Val: 0.7458 | Test: 0.8108 | Best Test: 0.8108
Epoch 0756 | Loss: 0.0200 | Val: 0.7458 | Test: 0.8108 | Best Test: 0.8108
Epoch 0757 | Loss: 0.0195 | Val: 0.7458 | Test: 0.8108 | Best Test: 0.8108
Epoch 0758 | Loss: 0.0242 | Val: 0.7458 | Test: 0.8108 | Best Test: 0.8108
Epoch 0759 | Loss: 0.0183 | Val: 0.7458 | Test: 0.8108 | Best Test: 0.8108
Epoch 0760 | Loss: 0.0204 | Val: 0.7458 | Test: 0.8108 | Best Test: 0.8108
Epoch 0761 | Loss: 0.0190 | Val: 0.7458 | Test: 0.8108 | Best Test: 0.8108
Epoch 0762 | Loss: 0.0209 | Val: 0.7458 | Test: 0.8108 | Best Test: 0.8108
Epoch 0763 | Loss: 0.0190 | Val: 0.7458 | Test: 0.8108 | Best Test: 0.8108
Epoch 0764 | Loss: 0.0209 | Val: 0.7458 | Test: 0.8108 | Best Test: 0.8108
Epoch 0765 | Loss: 0.0208 | Val: 0.7458 | Test: 0.8108 | Best Test: 0.8108
Epoch 0766 | Loss: 0.0247 | Val: 0.7458 | Test: 0.8108 | Best Test: 0.8108
Epoch 0767 | Loss: 0.0221 | Val: 0.7458 | Test: 0.8108 | Best Test: 0.8108
Epoch 0768 | Loss: 0.0204 | Val: 0.7458 | Test: 0.8108 | Best Test: 0.8108
Epoch 0769 | Loss: 0.0205 | Val: 0.7458 | Test: 0.8108 | Best Test: 0.8108
Epoch 0770 | Loss: 0.0207 | Val: 0.7458 | Test: 0.8108 | Best Test: 0.8108
Epoch 0771 | Loss: 0.0204 | Val: 0.7458 | Test: 0.8108 | Best Test: 0.8108
Epoch 0772 | Loss: 0.0192 | Val: 0.7458 | Test: 0.8108 | Best Test: 0.8108
Epoch 0773 | Loss: 0.0202 | Val: 0.7458 | Test: 0.8108 | Best Test: 0.8108
Epoch 0774 | Loss: 0.0198 | Val: 0.7458 | Test: 0.8108 | Best Test: 0.8108
Epoch 0775 | Loss: 0.0187 | Val: 0.7458 | Test: 0.8108 | Best Test: 0.8108
Epoch 0776 | Loss: 0.0229 | Val: 0.7458 | Test: 0.8108 | Best Test: 0.8108
Epoch 0777 | Loss: 0.0206 | Val: 0.7458 | Test: 0.8108 | Best Test: 0.8108
Epoch 0778 | Loss: 0.0184 | Val: 0.7458 | Test: 0.8108 | Best Test: 0.8108
Epoch 0779 | Loss: 0.0186 | Val: 0.7458 | Test: 0.8108 | Best Test: 0.8108
Epoch 0780 | Loss: 0.0192 | Val: 0.7458 | Test: 0.8108 | Best Test: 0.8108
Epoch 0781 | Loss: 0.0196 | Val: 0.7458 | Test: 0.8108 | Best Test: 0.8108
Epoch 0782 | Loss: 0.0196 | Val: 0.7458 | Test: 0.8108 | Best Test: 0.8108
Epoch 0783 | Loss: 0.0196 | Val: 0.7458 | Test: 0.8108 | Best Test: 0.8108
Epoch 0784 | Loss: 0.0194 | Val: 0.7458 | Test: 0.8108 | Best Test: 0.8108
Epoch 0785 | Loss: 0.0199 | Val: 0.7458 | Test: 0.8108 | Best Test: 0.8108
Epoch 0786 | Loss: 0.0184 | Val: 0.7458 | Test: 0.8108 | Best Test: 0.8108
Epoch 0787 | Loss: 0.0176 | Val: 0.7458 | Test: 0.8108 | Best Test: 0.8108
Epoch 0788 | Loss: 0.0205 | Val: 0.7458 | Test: 0.8108 | Best Test: 0.8108
Epoch 0789 | Loss: 0.0218 | Val: 0.7458 | Test: 0.8108 | Best Test: 0.8108
Epoch 0790 | Loss: 0.0191 | Val: 0.7458 | Test: 0.8108 | Best Test: 0.8108
Epoch 0791 | Loss: 0.0237 | Val: 0.7458 | Test: 0.8108 | Best Test: 0.8108
Epoch 0792 | Loss: 0.0183 | Val: 0.7458 | Test: 0.8108 | Best Test: 0.8108
Epoch 0793 | Loss: 0.0216 | Val: 0.7458 | Test: 0.8108 | Best Test: 0.8108
Epoch 0794 | Loss: 0.0206 | Val: 0.7458 | Test: 0.8108 | Best Test: 0.8108
Epoch 0795 | Loss: 0.0200 | Val: 0.7458 | Test: 0.8108 | Best Test: 0.8108
Epoch 0796 | Loss: 0.0206 | Val: 0.7458 | Test: 0.8108 | Best Test: 0.8108
Epoch 0797 | Loss: 0.0208 | Val: 0.7458 | Test: 0.8108 | Best Test: 0.8108
Epoch 0798 | Loss: 0.0193 | Val: 0.7458 | Test: 0.8108 | Best Test: 0.8108
Epoch 0799 | Loss: 0.0204 | Val: 0.7458 | Test: 0.8108 | Best Test: 0.8108
Epoch 0800 | Loss: 0.0206 | Val: 0.7458 | Test: 0.8108 | Best Test: 0.8108
Epoch 0801 | Loss: 0.0200 | Val: 0.7458 | Test: 0.8108 | Best Test: 0.8108
Epoch 0802 | Loss: 0.0203 | Val: 0.7458 | Test: 0.8108 | Best Test: 0.8108
Epoch 0803 | Loss: 0.0209 | Val: 0.7458 | Test: 0.8108 | Best Test: 0.8108
Epoch 0804 | Loss: 0.0187 | Val: 0.7458 | Test: 0.8108 | Best Test: 0.8108
Epoch 0805 | Loss: 0.0244 | Val: 0.7458 | Test: 0.8108 | Best Test: 0.8108
Epoch 0806 | Loss: 0.0187 | Val: 0.7458 | Test: 0.8108 | Best Test: 0.8108
Epoch 0807 | Loss: 0.0186 | Val: 0.7458 | Test: 0.8108 | Best Test: 0.8108
Epoch 0808 | Loss: 0.0190 | Val: 0.7458 | Test: 0.8108 | Best Test: 0.8108
Epoch 0809 | Loss: 0.0211 | Val: 0.7458 | Test: 0.8108 | Best Test: 0.8108
Epoch 0810 | Loss: 0.0190 | Val: 0.7458 | Test: 0.8108 | Best Test: 0.8108
Epoch 0811 | Loss: 0.0229 | Val: 0.7458 | Test: 0.8108 | Best Test: 0.8108
Epoch 0812 | Loss: 0.0227 | Val: 0.7458 | Test: 0.8108 | Best Test: 0.8108
Epoch 0813 | Loss: 0.0192 | Val: 0.7458 | Test: 0.8108 | Best Test: 0.8108
Epoch 0814 | Loss: 0.0226 | Val: 0.7458 | Test: 0.8108 | Best Test: 0.8108
Epoch 0815 | Loss: 0.0211 | Val: 0.7458 | Test: 0.8108 | Best Test: 0.8108
Epoch 0816 | Loss: 0.0216 | Val: 0.7458 | Test: 0.8108 | Best Test: 0.8108
Epoch 0817 | Loss: 0.0188 | Val: 0.7458 | Test: 0.8108 | Best Test: 0.8108
Epoch 0818 | Loss: 0.0196 | Val: 0.7458 | Test: 0.8108 | Best Test: 0.8108
Epoch 0819 | Loss: 0.0183 | Val: 0.7458 | Test: 0.8108 | Best Test: 0.8108
Epoch 0820 | Loss: 0.0181 | Val: 0.7458 | Test: 0.8108 | Best Test: 0.8108
Epoch 0821 | Loss: 0.0186 | Val: 0.7458 | Test: 0.8108 | Best Test: 0.8108
Epoch 0822 | Loss: 0.0180 | Val: 0.7458 | Test: 0.8108 | Best Test: 0.8108
Epoch 0823 | Loss: 0.0200 | Val: 0.7458 | Test: 0.8108 | Best Test: 0.8108
Epoch 0824 | Loss: 0.0204 | Val: 0.7458 | Test: 0.8108 | Best Test: 0.8108
Epoch 0825 | Loss: 0.0189 | Val: 0.7458 | Test: 0.8108 | Best Test: 0.8108
Epoch 0826 | Loss: 0.0180 | Val: 0.7458 | Test: 0.8108 | Best Test: 0.8108
Epoch 0827 | Loss: 0.0183 | Val: 0.7458 | Test: 0.8108 | Best Test: 0.8108
Epoch 0828 | Loss: 0.0191 | Val: 0.7458 | Test: 0.8108 | Best Test: 0.8108
Epoch 0829 | Loss: 0.0185 | Val: 0.7458 | Test: 0.8108 | Best Test: 0.8108
Epoch 0830 | Loss: 0.0199 | Val: 0.7458 | Test: 0.8108 | Best Test: 0.8108
Epoch 0831 | Loss: 0.0194 | Val: 0.7458 | Test: 0.8108 | Best Test: 0.8108
Epoch 0832 | Loss: 0.0190 | Val: 0.7458 | Test: 0.8108 | Best Test: 0.8108
Epoch 0833 | Loss: 0.0228 | Val: 0.7458 | Test: 0.8108 | Best Test: 0.8108
Epoch 0834 | Loss: 0.0184 | Val: 0.7458 | Test: 0.8108 | Best Test: 0.8108
Epoch 0835 | Loss: 0.0178 | Val: 0.7458 | Test: 0.8108 | Best Test: 0.8108
Epoch 0836 | Loss: 0.0196 | Val: 0.7458 | Test: 0.8108 | Best Test: 0.8108
Epoch 0837 | Loss: 0.0184 | Val: 0.7458 | Test: 0.8108 | Best Test: 0.8108
Epoch 0838 | Loss: 0.0186 | Val: 0.7458 | Test: 0.8108 | Best Test: 0.8108
Epoch 0839 | Loss: 0.0180 | Val: 0.7458 | Test: 0.8108 | Best Test: 0.8108
Epoch 0840 | Loss: 0.0205 | Val: 0.7458 | Test: 0.8108 | Best Test: 0.8108
Epoch 0841 | Loss: 0.0180 | Val: 0.7458 | Test: 0.8108 | Best Test: 0.8108
Epoch 0842 | Loss: 0.0200 | Val: 0.7458 | Test: 0.8108 | Best Test: 0.8108
Epoch 0843 | Loss: 0.0227 | Val: 0.7458 | Test: 0.8108 | Best Test: 0.8108
Epoch 0844 | Loss: 0.0189 | Val: 0.7458 | Test: 0.8108 | Best Test: 0.8108
Epoch 0845 | Loss: 0.0196 | Val: 0.7458 | Test: 0.8108 | Best Test: 0.8108
Epoch 0846 | Loss: 0.0216 | Val: 0.7458 | Test: 0.8108 | Best Test: 0.8108
Epoch 0847 | Loss: 0.0194 | Val: 0.7458 | Test: 0.8108 | Best Test: 0.8108
Epoch 0848 | Loss: 0.0188 | Val: 0.7458 | Test: 0.8108 | Best Test: 0.8108
Epoch 0849 | Loss: 0.0207 | Val: 0.7458 | Test: 0.8108 | Best Test: 0.8108
Epoch 0850 | Loss: 0.0184 | Val: 0.7458 | Test: 0.8108 | Best Test: 0.8108
Epoch 0851 | Loss: 0.0180 | Val: 0.7458 | Test: 0.8108 | Best Test: 0.8108
Epoch 0852 | Loss: 0.0225 | Val: 0.7458 | Test: 0.8108 | Best Test: 0.8108
Epoch 0853 | Loss: 0.0176 | Val: 0.7458 | Test: 0.8108 | Best Test: 0.8108
Epoch 0854 | Loss: 0.0191 | Val: 0.7458 | Test: 0.8108 | Best Test: 0.8108
Epoch 0855 | Loss: 0.0176 | Val: 0.7458 | Test: 0.8108 | Best Test: 0.8108
Epoch 0856 | Loss: 0.0182 | Val: 0.7458 | Test: 0.8108 | Best Test: 0.8108
Epoch 0857 | Loss: 0.0188 | Val: 0.7458 | Test: 0.8108 | Best Test: 0.8108
Epoch 0858 | Loss: 0.0205 | Val: 0.7458 | Test: 0.8108 | Best Test: 0.8108
Epoch 0859 | Loss: 0.0181 | Val: 0.7458 | Test: 0.8108 | Best Test: 0.8108
Epoch 0860 | Loss: 0.0205 | Val: 0.7458 | Test: 0.8108 | Best Test: 0.8108
Epoch 0861 | Loss: 0.0212 | Val: 0.7458 | Test: 0.8108 | Best Test: 0.8108
Epoch 0862 | Loss: 0.0231 | Val: 0.7458 | Test: 0.8108 | Best Test: 0.8108
Epoch 0863 | Loss: 0.0239 | Val: 0.7458 | Test: 0.8108 | Best Test: 0.8108
Epoch 0864 | Loss: 0.0195 | Val: 0.7458 | Test: 0.8108 | Best Test: 0.8108
Epoch 0865 | Loss: 0.0199 | Val: 0.7458 | Test: 0.8108 | Best Test: 0.8108
Epoch 0866 | Loss: 0.0185 | Val: 0.7458 | Test: 0.8108 | Best Test: 0.8108
Epoch 0867 | Loss: 0.0196 | Val: 0.7458 | Test: 0.8108 | Best Test: 0.8108
Epoch 0868 | Loss: 0.0201 | Val: 0.7458 | Test: 0.8108 | Best Test: 0.8108
Epoch 0869 | Loss: 0.0182 | Val: 0.7458 | Test: 0.8108 | Best Test: 0.8108
Epoch 0870 | Loss: 0.0213 | Val: 0.7458 | Test: 0.8108 | Best Test: 0.8108
Epoch 0871 | Loss: 0.0188 | Val: 0.7458 | Test: 0.8108 | Best Test: 0.8108
Epoch 0872 | Loss: 0.0186 | Val: 0.7458 | Test: 0.8108 | Best Test: 0.8108
Epoch 0873 | Loss: 0.0185 | Val: 0.7458 | Test: 0.8108 | Best Test: 0.8108
Epoch 0874 | Loss: 0.0183 | Val: 0.7458 | Test: 0.8108 | Best Test: 0.8108
Epoch 0875 | Loss: 0.0176 | Val: 0.7458 | Test: 0.8108 | Best Test: 0.8108
Epoch 0876 | Loss: 0.0178 | Val: 0.7458 | Test: 0.8108 | Best Test: 0.8108
Epoch 0877 | Loss: 0.0204 | Val: 0.7458 | Test: 0.8108 | Best Test: 0.8108
Epoch 0878 | Loss: 0.0189 | Val: 0.7458 | Test: 0.8108 | Best Test: 0.8108
Epoch 0879 | Loss: 0.0185 | Val: 0.7458 | Test: 0.8108 | Best Test: 0.8108
Epoch 0880 | Loss: 0.0235 | Val: 0.7458 | Test: 0.8108 | Best Test: 0.8108
Epoch 0881 | Loss: 0.0182 | Val: 0.7458 | Test: 0.8108 | Best Test: 0.8108
Epoch 0882 | Loss: 0.0193 | Val: 0.7458 | Test: 0.8108 | Best Test: 0.8108
Epoch 0883 | Loss: 0.0228 | Val: 0.7458 | Test: 0.8108 | Best Test: 0.8108
Epoch 0884 | Loss: 0.0197 | Val: 0.7458 | Test: 0.8108 | Best Test: 0.8108
Epoch 0885 | Loss: 0.0183 | Val: 0.7458 | Test: 0.8108 | Best Test: 0.8108
Epoch 0886 | Loss: 0.0187 | Val: 0.7458 | Test: 0.8108 | Best Test: 0.8108
Epoch 0887 | Loss: 0.0214 | Val: 0.7458 | Test: 0.8108 | Best Test: 0.8108
Epoch 0888 | Loss: 0.0247 | Val: 0.7458 | Test: 0.8108 | Best Test: 0.8108
Epoch 0889 | Loss: 0.0195 | Val: 0.7458 | Test: 0.8108 | Best Test: 0.8108
Epoch 0890 | Loss: 0.0192 | Val: 0.7458 | Test: 0.8108 | Best Test: 0.8108
Epoch 0891 | Loss: 0.0192 | Val: 0.7458 | Test: 0.8108 | Best Test: 0.8108
Epoch 0892 | Loss: 0.0232 | Val: 0.7458 | Test: 0.8108 | Best Test: 0.8108
Epoch 0893 | Loss: 0.0199 | Val: 0.7458 | Test: 0.8108 | Best Test: 0.8108
Epoch 0894 | Loss: 0.0198 | Val: 0.7458 | Test: 0.8108 | Best Test: 0.8108
Epoch 0895 | Loss: 0.0259 | Val: 0.7458 | Test: 0.8108 | Best Test: 0.8108
Epoch 0896 | Loss: 0.0182 | Val: 0.7458 | Test: 0.8108 | Best Test: 0.8108
Epoch 0897 | Loss: 0.0194 | Val: 0.7458 | Test: 0.8108 | Best Test: 0.8108
Epoch 0898 | Loss: 0.0201 | Val: 0.7458 | Test: 0.8108 | Best Test: 0.8108
Epoch 0899 | Loss: 0.0189 | Val: 0.7458 | Test: 0.8108 | Best Test: 0.8108
Epoch 0900 | Loss: 0.0190 | Val: 0.7458 | Test: 0.8108 | Best Test: 0.8108
Epoch 0901 | Loss: 0.0231 | Val: 0.7458 | Test: 0.8108 | Best Test: 0.8108
Epoch 0902 | Loss: 0.0200 | Val: 0.7458 | Test: 0.8108 | Best Test: 0.8108
Epoch 0903 | Loss: 0.0211 | Val: 0.7458 | Test: 0.8108 | Best Test: 0.8108
Epoch 0904 | Loss: 0.0191 | Val: 0.7458 | Test: 0.8108 | Best Test: 0.8108
Epoch 0905 | Loss: 0.0200 | Val: 0.7458 | Test: 0.8108 | Best Test: 0.8108
Epoch 0906 | Loss: 0.0191 | Val: 0.7458 | Test: 0.8108 | Best Test: 0.8108
Epoch 0907 | Loss: 0.0189 | Val: 0.7458 | Test: 0.8108 | Best Test: 0.8108
Epoch 0908 | Loss: 0.0173 | Val: 0.7458 | Test: 0.8108 | Best Test: 0.8108
Epoch 0909 | Loss: 0.0180 | Val: 0.7458 | Test: 0.8108 | Best Test: 0.8108
Epoch 0910 | Loss: 0.0226 | Val: 0.7458 | Test: 0.8108 | Best Test: 0.8108
Epoch 0911 | Loss: 0.0199 | Val: 0.7458 | Test: 0.8108 | Best Test: 0.8108
Epoch 0912 | Loss: 0.0210 | Val: 0.7458 | Test: 0.8108 | Best Test: 0.8108
Epoch 0913 | Loss: 0.0180 | Val: 0.7458 | Test: 0.8108 | Best Test: 0.8108
Epoch 0914 | Loss: 0.0190 | Val: 0.7458 | Test: 0.8108 | Best Test: 0.8108
Epoch 0915 | Loss: 0.0194 | Val: 0.7458 | Test: 0.8108 | Best Test: 0.8108
Epoch 0916 | Loss: 0.0219 | Val: 0.7458 | Test: 0.8108 | Best Test: 0.8108
Epoch 0917 | Loss: 0.0199 | Val: 0.7458 | Test: 0.8108 | Best Test: 0.8108
Epoch 0918 | Loss: 0.0248 | Val: 0.7458 | Test: 0.8108 | Best Test: 0.8108
Epoch 0919 | Loss: 0.0181 | Val: 0.7458 | Test: 0.8108 | Best Test: 0.8108
Epoch 0920 | Loss: 0.0215 | Val: 0.7458 | Test: 0.8108 | Best Test: 0.8108
Epoch 0921 | Loss: 0.0204 | Val: 0.7458 | Test: 0.8108 | Best Test: 0.8108
Epoch 0922 | Loss: 0.0181 | Val: 0.7458 | Test: 0.8108 | Best Test: 0.8108
Epoch 0923 | Loss: 0.0323 | Val: 0.7458 | Test: 0.8108 | Best Test: 0.8108
Epoch 0924 | Loss: 0.0234 | Val: 0.7458 | Test: 0.8108 | Best Test: 0.8108
Epoch 0925 | Loss: 0.0200 | Val: 0.7458 | Test: 0.8108 | Best Test: 0.8108
Epoch 0926 | Loss: 0.0193 | Val: 0.7458 | Test: 0.8108 | Best Test: 0.8108
Epoch 0927 | Loss: 0.0217 | Val: 0.7458 | Test: 0.8108 | Best Test: 0.8108
Epoch 0928 | Loss: 0.0191 | Val: 0.7458 | Test: 0.8108 | Best Test: 0.8108
Epoch 0929 | Loss: 0.0184 | Val: 0.7458 | Test: 0.8108 | Best Test: 0.8108
Epoch 0930 | Loss: 0.0192 | Val: 0.7458 | Test: 0.8108 | Best Test: 0.8108
Epoch 0931 | Loss: 0.0192 | Val: 0.7458 | Test: 0.8108 | Best Test: 0.8108
Epoch 0932 | Loss: 0.0184 | Val: 0.7458 | Test: 0.8108 | Best Test: 0.8108
Epoch 0933 | Loss: 0.0194 | Val: 0.7458 | Test: 0.8108 | Best Test: 0.8108
Epoch 0934 | Loss: 0.0193 | Val: 0.7458 | Test: 0.8108 | Best Test: 0.8108
Epoch 0935 | Loss: 0.0204 | Val: 0.7458 | Test: 0.8108 | Best Test: 0.8108
Epoch 0936 | Loss: 0.0184 | Val: 0.7458 | Test: 0.8108 | Best Test: 0.8108
Epoch 0937 | Loss: 0.0222 | Val: 0.7458 | Test: 0.8108 | Best Test: 0.8108
Epoch 0938 | Loss: 0.0199 | Val: 0.7458 | Test: 0.8108 | Best Test: 0.8108
Epoch 0939 | Loss: 0.0187 | Val: 0.7458 | Test: 0.8108 | Best Test: 0.8108
Epoch 0940 | Loss: 0.0204 | Val: 0.7458 | Test: 0.8108 | Best Test: 0.8108
Epoch 0941 | Loss: 0.0195 | Val: 0.7458 | Test: 0.8108 | Best Test: 0.8108
Epoch 0942 | Loss: 0.0228 | Val: 0.7458 | Test: 0.8108 | Best Test: 0.8108
Epoch 0943 | Loss: 0.0188 | Val: 0.7458 | Test: 0.8108 | Best Test: 0.8108
Epoch 0944 | Loss: 0.0221 | Val: 0.7458 | Test: 0.8108 | Best Test: 0.8108
Epoch 0945 | Loss: 0.0221 | Val: 0.7458 | Test: 0.8108 | Best Test: 0.8108
Epoch 0946 | Loss: 0.0202 | Val: 0.7458 | Test: 0.8108 | Best Test: 0.8108
Epoch 0947 | Loss: 0.0206 | Val: 0.7458 | Test: 0.8108 | Best Test: 0.8108
Epoch 0948 | Loss: 0.0199 | Val: 0.7458 | Test: 0.8108 | Best Test: 0.8108
Epoch 0949 | Loss: 0.0212 | Val: 0.7458 | Test: 0.8108 | Best Test: 0.8108
Epoch 0950 | Loss: 0.0174 | Val: 0.7458 | Test: 0.8108 | Best Test: 0.8108
Epoch 0951 | Loss: 0.0181 | Val: 0.7458 | Test: 0.8108 | Best Test: 0.8108
Epoch 0952 | Loss: 0.0227 | Val: 0.7458 | Test: 0.8108 | Best Test: 0.8108
Epoch 0953 | Loss: 0.0189 | Val: 0.7458 | Test: 0.8108 | Best Test: 0.8108
Epoch 0954 | Loss: 0.0214 | Val: 0.7458 | Test: 0.8108 | Best Test: 0.8108
Epoch 0955 | Loss: 0.0195 | Val: 0.7458 | Test: 0.8108 | Best Test: 0.8108
Epoch 0956 | Loss: 0.0221 | Val: 0.7458 | Test: 0.8108 | Best Test: 0.8108
Epoch 0957 | Loss: 0.0191 | Val: 0.7458 | Test: 0.8108 | Best Test: 0.8108
Epoch 0958 | Loss: 0.0188 | Val: 0.7458 | Test: 0.8108 | Best Test: 0.8108
Epoch 0959 | Loss: 0.0182 | Val: 0.7458 | Test: 0.8108 | Best Test: 0.8108
Epoch 0960 | Loss: 0.0189 | Val: 0.7458 | Test: 0.8108 | Best Test: 0.8108
Epoch 0961 | Loss: 0.0283 | Val: 0.7458 | Test: 0.8108 | Best Test: 0.8108
Epoch 0962 | Loss: 0.0194 | Val: 0.7458 | Test: 0.8108 | Best Test: 0.8108
Epoch 0963 | Loss: 0.0200 | Val: 0.7458 | Test: 0.8108 | Best Test: 0.8108
Epoch 0964 | Loss: 0.0211 | Val: 0.7458 | Test: 0.8108 | Best Test: 0.8108
Epoch 0965 | Loss: 0.0195 | Val: 0.7458 | Test: 0.8108 | Best Test: 0.8108
Epoch 0966 | Loss: 0.0185 | Val: 0.7458 | Test: 0.8108 | Best Test: 0.8108
Epoch 0967 | Loss: 0.0197 | Val: 0.7458 | Test: 0.8108 | Best Test: 0.8108
Epoch 0968 | Loss: 0.0195 | Val: 0.7458 | Test: 0.8108 | Best Test: 0.8108
Epoch 0969 | Loss: 0.0191 | Val: 0.7458 | Test: 0.8108 | Best Test: 0.8108
Epoch 0970 | Loss: 0.0188 | Val: 0.7458 | Test: 0.8108 | Best Test: 0.8108
Epoch 0971 | Loss: 0.0196 | Val: 0.7458 | Test: 0.8108 | Best Test: 0.8108
Epoch 0972 | Loss: 0.0203 | Val: 0.7458 | Test: 0.8108 | Best Test: 0.8108
Epoch 0973 | Loss: 0.0187 | Val: 0.7458 | Test: 0.8108 | Best Test: 0.8108
Epoch 0974 | Loss: 0.0225 | Val: 0.7458 | Test: 0.8108 | Best Test: 0.8108
Epoch 0975 | Loss: 0.0202 | Val: 0.7458 | Test: 0.8108 | Best Test: 0.8108
Epoch 0976 | Loss: 0.0236 | Val: 0.7458 | Test: 0.8108 | Best Test: 0.8108
Epoch 0977 | Loss: 0.0207 | Val: 0.7458 | Test: 0.8108 | Best Test: 0.8108
Epoch 0978 | Loss: 0.0239 | Val: 0.7458 | Test: 0.8108 | Best Test: 0.8108
Epoch 0979 | Loss: 0.0195 | Val: 0.7458 | Test: 0.8108 | Best Test: 0.8108
Epoch 0980 | Loss: 0.0226 | Val: 0.7458 | Test: 0.8108 | Best Test: 0.8108
Epoch 0981 | Loss: 0.0204 | Val: 0.7458 | Test: 0.8108 | Best Test: 0.8108
Epoch 0982 | Loss: 0.0189 | Val: 0.7458 | Test: 0.8108 | Best Test: 0.8108
Epoch 0983 | Loss: 0.0218 | Val: 0.7458 | Test: 0.8108 | Best Test: 0.8108
Epoch 0984 | Loss: 0.0217 | Val: 0.7458 | Test: 0.8108 | Best Test: 0.8108
Epoch 0985 | Loss: 0.0188 | Val: 0.7458 | Test: 0.8108 | Best Test: 0.8108
Epoch 0986 | Loss: 0.0217 | Val: 0.7458 | Test: 0.8108 | Best Test: 0.8108
Epoch 0987 | Loss: 0.0220 | Val: 0.7458 | Test: 0.8108 | Best Test: 0.8108
Epoch 0988 | Loss: 0.0214 | Val: 0.7458 | Test: 0.8108 | Best Test: 0.8108
Epoch 0989 | Loss: 0.0183 | Val: 0.7458 | Test: 0.8108 | Best Test: 0.8108
Epoch 0990 | Loss: 0.0192 | Val: 0.7458 | Test: 0.8108 | Best Test: 0.8108
Epoch 0991 | Loss: 0.0194 | Val: 0.7458 | Test: 0.8108 | Best Test: 0.8108
Epoch 0992 | Loss: 0.0183 | Val: 0.7458 | Test: 0.8108 | Best Test: 0.8108
Epoch 0993 | Loss: 0.0185 | Val: 0.7458 | Test: 0.8108 | Best Test: 0.8108
Epoch 0994 | Loss: 0.0175 | Val: 0.7458 | Test: 0.8108 | Best Test: 0.8108
Epoch 0995 | Loss: 0.0187 | Val: 0.7458 | Test: 0.8108 | Best Test: 0.8108
Epoch 0996 | Loss: 0.0232 | Val: 0.7458 | Test: 0.8108 | Best Test: 0.8108
Epoch 0997 | Loss: 0.0191 | Val: 0.7458 | Test: 0.8108 | Best Test: 0.8108
Epoch 0998 | Loss: 0.0221 | Val: 0.7458 | Test: 0.8108 | Best Test: 0.8108
Epoch 0999 | Loss: 0.0227 | Val: 0.7458 | Test: 0.8108 | Best Test: 0.8108
Epoch 1000 | Loss: 0.0195 | Val: 0.7458 | Test: 0.8108 | Best Test: 0.8108
Epoch 1001 | Loss: 0.0202 | Val: 0.7458 | Test: 0.8108 | Best Test: 0.8108
Epoch 1002 | Loss: 0.0188 | Val: 0.7458 | Test: 0.8108 | Best Test: 0.8108
Epoch 1003 | Loss: 0.0193 | Val: 0.7458 | Test: 0.8108 | Best Test: 0.8108
Epoch 1004 | Loss: 0.0221 | Val: 0.7458 | Test: 0.8108 | Best Test: 0.8108
Epoch 1005 | Loss: 0.0187 | Val: 0.7458 | Test: 0.8108 | Best Test: 0.8108
Epoch 1006 | Loss: 0.0202 | Val: 0.7458 | Test: 0.8108 | Best Test: 0.8108
Epoch 1007 | Loss: 0.0187 | Val: 0.7458 | Test: 0.8108 | Best Test: 0.8108
Epoch 1008 | Loss: 0.0224 | Val: 0.7458 | Test: 0.8108 | Best Test: 0.8108
Epoch 1009 | Loss: 0.0221 | Val: 0.7458 | Test: 0.8108 | Best Test: 0.8108
Epoch 1010 | Loss: 0.0210 | Val: 0.7458 | Test: 0.8108 | Best Test: 0.8108
Epoch 1011 | Loss: 0.0183 | Val: 0.7458 | Test: 0.8108 | Best Test: 0.8108
Epoch 1012 | Loss: 0.0195 | Val: 0.7458 | Test: 0.8108 | Best Test: 0.8108
Epoch 1013 | Loss: 0.0208 | Val: 0.7458 | Test: 0.8108 | Best Test: 0.8108
Epoch 1014 | Loss: 0.0202 | Val: 0.7458 | Test: 0.8108 | Best Test: 0.8108
Epoch 1015 | Loss: 0.0183 | Val: 0.7458 | Test: 0.8108 | Best Test: 0.8108
Epoch 1016 | Loss: 0.0208 | Val: 0.7458 | Test: 0.8108 | Best Test: 0.8108
Epoch 1017 | Loss: 0.0204 | Val: 0.7458 | Test: 0.8108 | Best Test: 0.8108
Epoch 1018 | Loss: 0.0238 | Val: 0.7458 | Test: 0.8108 | Best Test: 0.8108
Epoch 1019 | Loss: 0.0177 | Val: 0.7458 | Test: 0.8108 | Best Test: 0.8108
Epoch 1020 | Loss: 0.0188 | Val: 0.7458 | Test: 0.8108 | Best Test: 0.8108
Epoch 1021 | Loss: 0.0180 | Val: 0.7458 | Test: 0.8108 | Best Test: 0.8108
Epoch 1022 | Loss: 0.0194 | Val: 0.7458 | Test: 0.8108 | Best Test: 0.8108
Epoch 1023 | Loss: 0.0193 | Val: 0.7458 | Test: 0.8108 | Best Test: 0.8108
Early stopping at epoch 1024
[sgpc] summary data_id=6 split=3 seed=0 spec=dense best_val=0.7458 val_selected_test=0.7568 val_selected_epoch=23 oracle_best_test=0.8108 last_epoch=1024
[repro] exit_code=0
[repro] runtime_seconds=28
[repro] finished_at=2026-09-12T16:34:52+08:00
