[repro] started_at=2026-09-12T16:53:13+08:00
[repro] run_id=20260912_165313_webkb_s0_s1_Chameleon_pid54982
[repro] repo_commit=114b585d0d0e32afbf1d7232dd04c013fa8453e2
[repro] tracked_patch_sha256=72952adeb096a5ca61e6e115a0a29e0e484ca577aba23f57b5c11dea083afee7
[repro] main_py_sha256=dc67561acc2c8d0860a4b53c2cdbd729ddaff59fd5b61d50dd1e3a513a6e06ac
[repro] dataset=Chameleon data_id=3 env=dtgb cuda_visible_devices=0
[repro] data_link=/tmp/Chameleon -> /home/lab_user/project/lzc/repro/sgpc/data/Chameleon
[repro] command=python main.py 3 --split 1 --seed 0
[repro] resource_cap_ratio=85 threads=17 CPUQuota=1700% MemoryMax=55139365888 cuda_fraction=0.85
[repro] python=3.10.20 torch=2.2.1+cu121 pyg=2.8.0.post1 torch_sparse=0.6.18+pt22cu121
[repro] cuda=True gpu=NVIDIA GeForce RTX 3090
[cap] cores=17/20 CPUQuota=1700% MemoryMax=55139365888 cuda_fraction=0.85 mps=85 gpu_gov=1
Running as unit: run-p55063-i32241.scope; invocation ID: 322ad995ae114537930dd6df9d34071b
[sgpc] config data_id=3 split=1 n_splits=10 seed=0 spec=dense max_epochs=2000 pacbayes_epoch=300
Epoch 0001 | Loss: 1.6469 | Val: 0.2209 | Test: 0.2412 | Best Test: 0.2412
Epoch 0003 | Loss: 1.5519 | Val: 0.2250 | Test: 0.2325 | Best Test: 0.2412
Epoch 0004 | Loss: 1.5209 | Val: 0.3278 | Test: 0.3289 | Best Test: 0.3289
Epoch 0005 | Loss: 1.4722 | Val: 0.4129 | Test: 0.3969 | Best Test: 0.3969
Epoch 0006 | Loss: 1.4273 | Val: 0.4335 | Test: 0.4189 | Best Test: 0.4189
Epoch 0007 | Loss: 1.3806 | Val: 0.4527 | Test: 0.4605 | Best Test: 0.4605
Epoch 0008 | Loss: 1.3372 | Val: 0.4582 | Test: 0.4803 | Best Test: 0.4803
Epoch 0009 | Loss: 1.2876 | Val: 0.4719 | Test: 0.4956 | Best Test: 0.4956
Epoch 0010 | Loss: 1.2367 | Val: 0.4733 | Test: 0.5088 | Best Test: 0.5088
Epoch 0011 | Loss: 1.1601 | Val: 0.4842 | Test: 0.5154 | Best Test: 0.5154
Epoch 0017 | Loss: 0.8477 | Val: 0.4870 | Test: 0.5132 | Best Test: 0.5197
Epoch 0018 | Loss: 0.7844 | Val: 0.4911 | Test: 0.5285 | Best Test: 0.5285
Epoch 0020 | Loss: 0.6804 | Val: 0.4911 | Test: 0.5351 | Best Test: 0.5351
Epoch 0022 | Loss: 0.5964 | Val: 0.4952 | Test: 0.5197 | Best Test: 0.5351
Epoch 0023 | Loss: 0.5497 | Val: 0.4993 | Test: 0.5197 | Best Test: 0.5351
Epoch 0024 | Loss: 0.5006 | Val: 0.4993 | Test: 0.5175 | Best Test: 0.5351
Epoch 0050 | Loss: 0.1922 | Val: 0.4705 | Test: 0.4868 | Best Test: 0.5351
Epoch 0100 | Loss: 0.1496 | Val: 0.4705 | Test: 0.4649 | Best Test: 0.5351
Epoch 0150 | Loss: 0.1489 | Val: 0.4664 | Test: 0.4715 | Best Test: 0.5351
Epoch 0200 | Loss: 0.1407 | Val: 0.4664 | Test: 0.4627 | Best Test: 0.5351
Epoch 0250 | Loss: 0.1328 | Val: 0.4678 | Test: 0.4671 | Best Test: 0.5351
Epoch 0300 | Loss: 0.1372 | Val: 0.4678 | Test: 0.4627 | Best Test: 0.5351
Epoch 0350 | Loss: 0.1393 | Val: 0.4650 | Test: 0.4583 | Best Test: 0.5351
Epoch 0400 | Loss: 0.1409 | Val: 0.4650 | Test: 0.4561 | Best Test: 0.5351
Epoch 0450 | Loss: 0.1412 | Val: 0.4650 | Test: 0.4561 | Best Test: 0.5351
Epoch 0500 | Loss: 0.1414 | Val: 0.4664 | Test: 0.4605 | Best Test: 0.5351
Epoch 0550 | Loss: 0.1432 | Val: 0.4650 | Test: 0.4583 | Best Test: 0.5351
Epoch 0600 | Loss: 0.1365 | Val: 0.4650 | Test: 0.4605 | Best Test: 0.5351
Epoch 0650 | Loss: 0.1383 | Val: 0.4650 | Test: 0.4561 | Best Test: 0.5351
Epoch 0700 | Loss: 0.1491 | Val: 0.4636 | Test: 0.4605 | Best Test: 0.5351
Epoch 0750 | Loss: 0.1445 | Val: 0.4636 | Test: 0.4605 | Best Test: 0.5351
Epoch 0800 | Loss: 0.1408 | Val: 0.4623 | Test: 0.4605 | Best Test: 0.5351
Epoch 0850 | Loss: 0.1458 | Val: 0.4623 | Test: 0.4583 | Best Test: 0.5351
Epoch 0900 | Loss: 0.1315 | Val: 0.4623 | Test: 0.4583 | Best Test: 0.5351
Epoch 0950 | Loss: 0.1466 | Val: 0.4623 | Test: 0.4583 | Best Test: 0.5351
Epoch 1000 | Loss: 0.1444 | Val: 0.4623 | Test: 0.4605 | Best Test: 0.5351
Early stopping at epoch 1024
[sgpc] summary data_id=3 split=1 seed=0 spec=dense best_val=0.4993 val_selected_test=0.5197 val_selected_epoch=23 oracle_best_test=0.5351 last_epoch=1024
[repro] exit_code=0
[repro] runtime_seconds=114
[repro] finished_at=2026-09-12T16:55:09+08:00
