[repro] started_at=2026-09-12T16:46:55+08:00
[repro] run_id=20260912_164655_webkb_s0_s3_Wisconsin_pid51654
[repro] repo_commit=114b585d0d0e32afbf1d7232dd04c013fa8453e2
[repro] tracked_patch_sha256=72952adeb096a5ca61e6e115a0a29e0e484ca577aba23f57b5c11dea083afee7
[repro] main_py_sha256=dc67561acc2c8d0860a4b53c2cdbd729ddaff59fd5b61d50dd1e3a513a6e06ac
[repro] dataset=Wisconsin data_id=8 env=dtgb cuda_visible_devices=0
[repro] data_link=/tmp/Wisconsin -> /home/lab_user/project/lzc/repro/sgpc/data/Wisconsin
[repro] command=python main.py 8 --split 3 --seed 0
[repro] resource_cap_ratio=85 threads=17 CPUQuota=1700% MemoryMax=55139365888 cuda_fraction=0.85
[repro] python=3.10.20 torch=2.2.1+cu121 pyg=2.8.0.post1 torch_sparse=0.6.18+pt22cu121
[repro] cuda=True gpu=NVIDIA GeForce RTX 3090
[cap] cores=17/20 CPUQuota=1700% MemoryMax=55139365888 cuda_fraction=0.85 mps=85 gpu_gov=1
Running as unit: run-p51739-i1262.scope; invocation ID: 8d3906811ed24718bedd851b7c8bbe69
[sgpc] config data_id=8 split=3 n_splits=10 seed=0 spec=dense max_epochs=2000 pacbayes_epoch=300
Epoch 0001 | Loss: 1.7199 | Val: 0.5000 | Test: 0.4314 | Best Test: 0.4314
Epoch 0006 | Loss: 1.0397 | Val: 0.6125 | Test: 0.5098 | Best Test: 0.5098
Epoch 0007 | Loss: 0.9805 | Val: 0.7250 | Test: 0.6078 | Best Test: 0.6078
Epoch 0008 | Loss: 0.9257 | Val: 0.7875 | Test: 0.6863 | Best Test: 0.6863
Epoch 0009 | Loss: 0.8783 | Val: 0.8000 | Test: 0.7451 | Best Test: 0.7451
Epoch 0010 | Loss: 0.8330 | Val: 0.8000 | Test: 0.7843 | Best Test: 0.7843
Epoch 0011 | Loss: 0.7625 | Val: 0.8000 | Test: 0.8039 | Best Test: 0.8039
Epoch 0012 | Loss: 0.7096 | Val: 0.8000 | Test: 0.8039 | Best Test: 0.8039
Epoch 0013 | Loss: 0.6691 | Val: 0.8000 | Test: 0.8039 | Best Test: 0.8039
Epoch 0014 | Loss: 0.6400 | Val: 0.8000 | Test: 0.7843 | Best Test: 0.8039
Epoch 0015 | Loss: 0.5710 | Val: 0.8000 | Test: 0.7843 | Best Test: 0.8039
Epoch 0016 | Loss: 0.5363 | Val: 0.8000 | Test: 0.7843 | Best Test: 0.8039
Epoch 0017 | Loss: 0.4999 | Val: 0.8000 | Test: 0.7843 | Best Test: 0.8039
Epoch 0018 | Loss: 0.4526 | Val: 0.8000 | Test: 0.7843 | Best Test: 0.8039
Epoch 0019 | Loss: 0.4007 | Val: 0.8000 | Test: 0.8431 | Best Test: 0.8431
Epoch 0020 | Loss: 0.3835 | Val: 0.8000 | Test: 0.8431 | Best Test: 0.8431
Epoch 0021 | Loss: 0.3405 | Val: 0.8000 | Test: 0.8431 | Best Test: 0.8431
Epoch 0022 | Loss: 0.3162 | Val: 0.8000 | Test: 0.8431 | Best Test: 0.8431
Epoch 0023 | Loss: 0.2770 | Val: 0.8000 | Test: 0.8431 | Best Test: 0.8431
Epoch 0024 | Loss: 0.2519 | Val: 0.8000 | Test: 0.8431 | Best Test: 0.8431
Epoch 0025 | Loss: 0.2484 | Val: 0.8125 | Test: 0.8431 | Best Test: 0.8431
Epoch 0026 | Loss: 0.2268 | Val: 0.8125 | Test: 0.8627 | Best Test: 0.8627
Epoch 0027 | Loss: 0.2054 | Val: 0.8125 | Test: 0.8627 | Best Test: 0.8627
Epoch 0028 | Loss: 0.2023 | Val: 0.8125 | Test: 0.8824 | Best Test: 0.8824
Epoch 0029 | Loss: 0.1923 | Val: 0.8125 | Test: 0.8824 | Best Test: 0.8824
Epoch 0030 | Loss: 0.1744 | Val: 0.8125 | Test: 0.8824 | Best Test: 0.8824
Epoch 0031 | Loss: 0.1576 | Val: 0.8250 | Test: 0.8627 | Best Test: 0.8824
Epoch 0032 | Loss: 0.1160 | Val: 0.8250 | Test: 0.8627 | Best Test: 0.8824
Epoch 0033 | Loss: 0.1033 | Val: 0.8250 | Test: 0.8627 | Best Test: 0.8824
Epoch 0034 | Loss: 0.1239 | Val: 0.8250 | Test: 0.8627 | Best Test: 0.8824
Epoch 0035 | Loss: 0.0983 | Val: 0.8250 | Test: 0.8627 | Best Test: 0.8824
Epoch 0036 | Loss: 0.0873 | Val: 0.8250 | Test: 0.8627 | Best Test: 0.8824
Epoch 0037 | Loss: 0.0860 | Val: 0.8250 | Test: 0.8627 | Best Test: 0.8824
Epoch 0038 | Loss: 0.0933 | Val: 0.8250 | Test: 0.8627 | Best Test: 0.8824
Epoch 0039 | Loss: 0.0729 | Val: 0.8250 | Test: 0.8627 | Best Test: 0.8824
Epoch 0040 | Loss: 0.0748 | Val: 0.8250 | Test: 0.8627 | Best Test: 0.8824
Epoch 0041 | Loss: 0.0558 | Val: 0.8375 | Test: 0.8627 | Best Test: 0.8824
Epoch 0042 | Loss: 0.0566 | Val: 0.8500 | Test: 0.8627 | Best Test: 0.8824
Epoch 0043 | Loss: 0.0524 | Val: 0.8500 | Test: 0.8627 | Best Test: 0.8824
Epoch 0044 | Loss: 0.0576 | Val: 0.8500 | Test: 0.8627 | Best Test: 0.8824
Epoch 0045 | Loss: 0.0489 | Val: 0.8500 | Test: 0.8627 | Best Test: 0.8824
Epoch 0046 | Loss: 0.0413 | Val: 0.8500 | Test: 0.8824 | Best Test: 0.8824
Epoch 0047 | Loss: 0.0324 | Val: 0.8500 | Test: 0.8824 | Best Test: 0.8824
Epoch 0048 | Loss: 0.0388 | Val: 0.8500 | Test: 0.8824 | Best Test: 0.8824
Epoch 0049 | Loss: 0.0441 | Val: 0.8500 | Test: 0.8824 | Best Test: 0.8824
Epoch 0050 | Loss: 0.0400 | Val: 0.8500 | Test: 0.8824 | Best Test: 0.8824
Epoch 0074 | Loss: 0.0132 | Val: 0.8500 | Test: 0.8627 | Best Test: 0.8824
Epoch 0075 | Loss: 0.0068 | Val: 0.8500 | Test: 0.8824 | Best Test: 0.8824
Epoch 0076 | Loss: 0.0142 | Val: 0.8500 | Test: 0.8824 | Best Test: 0.8824
Epoch 0077 | Loss: 0.0128 | Val: 0.8500 | Test: 0.8824 | Best Test: 0.8824
Epoch 0078 | Loss: 0.0149 | Val: 0.8500 | Test: 0.8824 | Best Test: 0.8824
Epoch 0079 | Loss: 0.0126 | Val: 0.8500 | Test: 0.8824 | Best Test: 0.8824
Epoch 0080 | Loss: 0.0083 | Val: 0.8500 | Test: 0.8824 | Best Test: 0.8824
Epoch 0081 | Loss: 0.0093 | Val: 0.8500 | Test: 0.8824 | Best Test: 0.8824
Epoch 0082 | Loss: 0.0144 | Val: 0.8500 | Test: 0.8824 | Best Test: 0.8824
Epoch 0083 | Loss: 0.0114 | Val: 0.8500 | Test: 0.8824 | Best Test: 0.8824
Epoch 0084 | Loss: 0.0100 | Val: 0.8500 | Test: 0.8824 | Best Test: 0.8824
Epoch 0085 | Loss: 0.0084 | Val: 0.8500 | Test: 0.8824 | Best Test: 0.8824
Epoch 0086 | Loss: 0.0123 | Val: 0.8500 | Test: 0.8824 | Best Test: 0.8824
Epoch 0087 | Loss: 0.0066 | Val: 0.8500 | Test: 0.8824 | Best Test: 0.8824
Epoch 0088 | Loss: 0.0089 | Val: 0.8500 | Test: 0.8627 | Best Test: 0.8824
Epoch 0089 | Loss: 0.0078 | Val: 0.8500 | Test: 0.8627 | Best Test: 0.8824
Epoch 0090 | Loss: 0.0040 | Val: 0.8500 | Test: 0.8627 | Best Test: 0.8824
Epoch 0091 | Loss: 0.0120 | Val: 0.8500 | Test: 0.8824 | Best Test: 0.8824
Epoch 0092 | Loss: 0.0078 | Val: 0.8500 | Test: 0.8824 | Best Test: 0.8824
Epoch 0093 | Loss: 0.0062 | Val: 0.8500 | Test: 0.8824 | Best Test: 0.8824
Epoch 0094 | Loss: 0.0070 | Val: 0.8500 | Test: 0.8824 | Best Test: 0.8824
Epoch 0095 | Loss: 0.0083 | Val: 0.8500 | Test: 0.8824 | Best Test: 0.8824
Epoch 0096 | Loss: 0.0099 | Val: 0.8500 | Test: 0.8824 | Best Test: 0.8824
Epoch 0097 | Loss: 0.0062 | Val: 0.8500 | Test: 0.8824 | Best Test: 0.8824
Epoch 0098 | Loss: 0.0077 | Val: 0.8500 | Test: 0.8824 | Best Test: 0.8824
Epoch 0099 | Loss: 0.0120 | Val: 0.8500 | Test: 0.8824 | Best Test: 0.8824
Epoch 0100 | Loss: 0.0085 | Val: 0.8500 | Test: 0.8824 | Best Test: 0.8824
Epoch 0101 | Loss: 0.0070 | Val: 0.8500 | Test: 0.8824 | Best Test: 0.8824
Epoch 0102 | Loss: 0.0110 | Val: 0.8500 | Test: 0.8824 | Best Test: 0.8824
Epoch 0103 | Loss: 0.0087 | Val: 0.8500 | Test: 0.8824 | Best Test: 0.8824
Epoch 0150 | Loss: 0.0046 | Val: 0.8375 | Test: 0.8627 | Best Test: 0.9020
Epoch 0200 | Loss: 0.0056 | Val: 0.8250 | Test: 0.8627 | Best Test: 0.9020
Epoch 0250 | Loss: 0.0025 | Val: 0.8250 | Test: 0.8627 | Best Test: 0.9020
Epoch 0300 | Loss: 0.0070 | Val: 0.8250 | Test: 0.8627 | Best Test: 0.9020
Epoch 0350 | Loss: 0.0195 | Val: 0.8250 | Test: 0.8824 | Best Test: 0.9020
Epoch 0400 | Loss: 0.0166 | Val: 0.8250 | Test: 0.8627 | Best Test: 0.9020
Epoch 0450 | Loss: 0.0173 | Val: 0.8250 | Test: 0.8824 | Best Test: 0.9020
Epoch 0500 | Loss: 0.0161 | Val: 0.8250 | Test: 0.8627 | Best Test: 0.9020
Epoch 0550 | Loss: 0.0187 | Val: 0.8250 | Test: 0.8627 | Best Test: 0.9020
Epoch 0600 | Loss: 0.0158 | Val: 0.8250 | Test: 0.8627 | Best Test: 0.9020
Epoch 0650 | Loss: 0.0206 | Val: 0.8250 | Test: 0.8627 | Best Test: 0.9020
Epoch 0700 | Loss: 0.0160 | Val: 0.8250 | Test: 0.8627 | Best Test: 0.9020
Epoch 0750 | Loss: 0.0172 | Val: 0.8250 | Test: 0.8627 | Best Test: 0.9020
Epoch 0800 | Loss: 0.0205 | Val: 0.8250 | Test: 0.8627 | Best Test: 0.9020
Epoch 0850 | Loss: 0.0167 | Val: 0.8250 | Test: 0.8627 | Best Test: 0.9020
Epoch 0900 | Loss: 0.0162 | Val: 0.8250 | Test: 0.8824 | Best Test: 0.9020
Epoch 0950 | Loss: 0.0189 | Val: 0.8250 | Test: 0.8824 | Best Test: 0.9020
Epoch 1000 | Loss: 0.0192 | Val: 0.8250 | Test: 0.8824 | Best Test: 0.9020
Early stopping at epoch 1043
[sgpc] summary data_id=8 split=3 seed=0 spec=dense best_val=0.8500 val_selected_test=0.8627 val_selected_epoch=42 oracle_best_test=0.9020 last_epoch=1043
[repro] exit_code=0
[repro] runtime_seconds=29
[repro] finished_at=2026-09-12T16:47:27+08:00
