[repro] started_at=2026-09-12T16:50:14+08:00
[repro] run_id=20260912_165014_webkb_s0_s9_Wisconsin_pid53554
[repro] repo_commit=114b585d0d0e32afbf1d7232dd04c013fa8453e2
[repro] tracked_patch_sha256=72952adeb096a5ca61e6e115a0a29e0e484ca577aba23f57b5c11dea083afee7
[repro] main_py_sha256=dc67561acc2c8d0860a4b53c2cdbd729ddaff59fd5b61d50dd1e3a513a6e06ac
[repro] dataset=Wisconsin data_id=8 env=dtgb cuda_visible_devices=0
[repro] data_link=/tmp/Wisconsin -> /home/lab_user/project/lzc/repro/sgpc/data/Wisconsin
[repro] command=python main.py 8 --split 9 --seed 0
[repro] resource_cap_ratio=85 threads=17 CPUQuota=1700% MemoryMax=55139365888 cuda_fraction=0.85
[repro] python=3.10.20 torch=2.2.1+cu121 pyg=2.8.0.post1 torch_sparse=0.6.18+pt22cu121
[repro] cuda=True gpu=NVIDIA GeForce RTX 3090
[cap] cores=17/20 CPUQuota=1700% MemoryMax=55139365888 cuda_fraction=0.85 mps=85 gpu_gov=1
Running as unit: run-p53634-i9733.scope; invocation ID: 237d4bad5fe34bf18abdd7552596da45
[sgpc] config data_id=8 split=9 n_splits=10 seed=0 spec=dense max_epochs=2000 pacbayes_epoch=300
Epoch 0001 | Loss: 1.6727 | Val: 0.5000 | Test: 0.4902 | Best Test: 0.4902
Epoch 0005 | Loss: 1.0763 | Val: 0.5500 | Test: 0.5686 | Best Test: 0.5686
Epoch 0006 | Loss: 1.0059 | Val: 0.6250 | Test: 0.6863 | Best Test: 0.6863
Epoch 0007 | Loss: 0.9287 | Val: 0.6500 | Test: 0.6863 | Best Test: 0.6863
Epoch 0008 | Loss: 0.8925 | Val: 0.6750 | Test: 0.7059 | Best Test: 0.7059
Epoch 0009 | Loss: 0.8739 | Val: 0.6750 | Test: 0.7059 | Best Test: 0.7059
Epoch 0010 | Loss: 0.7564 | Val: 0.6750 | Test: 0.7059 | Best Test: 0.7059
Epoch 0011 | Loss: 0.7029 | Val: 0.6750 | Test: 0.7255 | Best Test: 0.7255
Epoch 0012 | Loss: 0.6701 | Val: 0.6875 | Test: 0.7059 | Best Test: 0.7255
Epoch 0013 | Loss: 0.6133 | Val: 0.7000 | Test: 0.7059 | Best Test: 0.7255
Epoch 0014 | Loss: 0.5962 | Val: 0.7125 | Test: 0.7451 | Best Test: 0.7451
Epoch 0015 | Loss: 0.5351 | Val: 0.7375 | Test: 0.7451 | Best Test: 0.7451
Epoch 0016 | Loss: 0.5122 | Val: 0.7500 | Test: 0.7647 | Best Test: 0.7647
Epoch 0017 | Loss: 0.4676 | Val: 0.7625 | Test: 0.7647 | Best Test: 0.7647
Epoch 0018 | Loss: 0.4088 | Val: 0.7750 | Test: 0.8039 | Best Test: 0.8039
Epoch 0019 | Loss: 0.3936 | Val: 0.7875 | Test: 0.8039 | Best Test: 0.8039
Epoch 0020 | Loss: 0.3938 | Val: 0.7875 | Test: 0.8039 | Best Test: 0.8039
Epoch 0021 | Loss: 0.3365 | Val: 0.7875 | Test: 0.8235 | Best Test: 0.8235
Epoch 0022 | Loss: 0.2849 | Val: 0.7875 | Test: 0.8235 | Best Test: 0.8235
Epoch 0023 | Loss: 0.2728 | Val: 0.8000 | Test: 0.8235 | Best Test: 0.8235
Epoch 0024 | Loss: 0.2688 | Val: 0.8000 | Test: 0.8235 | Best Test: 0.8235
Epoch 0025 | Loss: 0.2497 | Val: 0.8000 | Test: 0.8039 | Best Test: 0.8235
Epoch 0026 | Loss: 0.2348 | Val: 0.8000 | Test: 0.8039 | Best Test: 0.8235
Epoch 0027 | Loss: 0.2068 | Val: 0.8000 | Test: 0.8039 | Best Test: 0.8235
Epoch 0033 | Loss: 0.1147 | Val: 0.8000 | Test: 0.8235 | Best Test: 0.8235
Epoch 0034 | Loss: 0.1104 | Val: 0.8000 | Test: 0.8431 | Best Test: 0.8431
Epoch 0035 | Loss: 0.0916 | Val: 0.8000 | Test: 0.8431 | Best Test: 0.8431
Epoch 0036 | Loss: 0.0978 | Val: 0.8000 | Test: 0.8431 | Best Test: 0.8431
Epoch 0037 | Loss: 0.0874 | Val: 0.8000 | Test: 0.8235 | Best Test: 0.8431
Epoch 0038 | Loss: 0.0801 | Val: 0.8000 | Test: 0.8235 | Best Test: 0.8431
Epoch 0039 | Loss: 0.0650 | Val: 0.8000 | Test: 0.8039 | Best Test: 0.8431
Epoch 0040 | Loss: 0.0702 | Val: 0.8000 | Test: 0.8039 | Best Test: 0.8431
Epoch 0041 | Loss: 0.0583 | Val: 0.8000 | Test: 0.8039 | Best Test: 0.8431
Epoch 0042 | Loss: 0.0642 | Val: 0.8000 | Test: 0.8039 | Best Test: 0.8431
Epoch 0047 | Loss: 0.0377 | Val: 0.8000 | Test: 0.8039 | Best Test: 0.8431
Epoch 0048 | Loss: 0.0385 | Val: 0.8000 | Test: 0.8039 | Best Test: 0.8431
Epoch 0049 | Loss: 0.0325 | Val: 0.8000 | Test: 0.8039 | Best Test: 0.8431
Epoch 0050 | Loss: 0.0342 | Val: 0.8000 | Test: 0.8039 | Best Test: 0.8431
Epoch 0051 | Loss: 0.0322 | Val: 0.8000 | Test: 0.8039 | Best Test: 0.8431
Epoch 0052 | Loss: 0.0250 | Val: 0.8000 | Test: 0.8039 | Best Test: 0.8431
Epoch 0053 | Loss: 0.0326 | Val: 0.8000 | Test: 0.8039 | Best Test: 0.8431
Epoch 0054 | Loss: 0.0215 | Val: 0.8000 | Test: 0.8039 | Best Test: 0.8431
Epoch 0055 | Loss: 0.0247 | Val: 0.8000 | Test: 0.8039 | Best Test: 0.8431
Epoch 0056 | Loss: 0.0167 | Val: 0.8000 | Test: 0.8039 | Best Test: 0.8431
Epoch 0057 | Loss: 0.0225 | Val: 0.8000 | Test: 0.8039 | Best Test: 0.8431
Epoch 0058 | Loss: 0.0198 | Val: 0.8000 | Test: 0.8039 | Best Test: 0.8431
Epoch 0059 | Loss: 0.0139 | Val: 0.8000 | Test: 0.8039 | Best Test: 0.8431
Epoch 0060 | Loss: 0.0173 | Val: 0.8000 | Test: 0.8039 | Best Test: 0.8431
Epoch 0061 | Loss: 0.0271 | Val: 0.8000 | Test: 0.8039 | Best Test: 0.8431
Epoch 0062 | Loss: 0.0246 | Val: 0.8000 | Test: 0.8039 | Best Test: 0.8431
Epoch 0063 | Loss: 0.0145 | Val: 0.8000 | Test: 0.8039 | Best Test: 0.8431
Epoch 0064 | Loss: 0.0125 | Val: 0.8000 | Test: 0.8039 | Best Test: 0.8431
Epoch 0065 | Loss: 0.0190 | Val: 0.8000 | Test: 0.8039 | Best Test: 0.8431
Epoch 0066 | Loss: 0.0131 | Val: 0.8000 | Test: 0.8039 | Best Test: 0.8431
Epoch 0067 | Loss: 0.0140 | Val: 0.8000 | Test: 0.8039 | Best Test: 0.8431
Epoch 0068 | Loss: 0.0108 | Val: 0.8000 | Test: 0.8039 | Best Test: 0.8431
Epoch 0069 | Loss: 0.0101 | Val: 0.8000 | Test: 0.8039 | Best Test: 0.8431
Epoch 0070 | Loss: 0.0095 | Val: 0.8000 | Test: 0.8039 | Best Test: 0.8431
Epoch 0071 | Loss: 0.0097 | Val: 0.8000 | Test: 0.8039 | Best Test: 0.8431
Epoch 0072 | Loss: 0.0118 | Val: 0.8000 | Test: 0.8039 | Best Test: 0.8431
Epoch 0073 | Loss: 0.0143 | Val: 0.8000 | Test: 0.8039 | Best Test: 0.8431
Epoch 0074 | Loss: 0.0104 | Val: 0.8000 | Test: 0.8039 | Best Test: 0.8431
Epoch 0075 | Loss: 0.0110 | Val: 0.8000 | Test: 0.8039 | Best Test: 0.8431
Epoch 0076 | Loss: 0.0110 | Val: 0.8000 | Test: 0.8039 | Best Test: 0.8431
Epoch 0077 | Loss: 0.0154 | Val: 0.8000 | Test: 0.8039 | Best Test: 0.8431
Epoch 0078 | Loss: 0.0112 | Val: 0.8000 | Test: 0.8039 | Best Test: 0.8431
Epoch 0079 | Loss: 0.0105 | Val: 0.8125 | Test: 0.8039 | Best Test: 0.8431
Epoch 0080 | Loss: 0.0056 | Val: 0.8125 | Test: 0.8039 | Best Test: 0.8431
Epoch 0081 | Loss: 0.0135 | Val: 0.8125 | Test: 0.8039 | Best Test: 0.8431
Epoch 0082 | Loss: 0.0108 | Val: 0.8125 | Test: 0.8039 | Best Test: 0.8431
Epoch 0083 | Loss: 0.0136 | Val: 0.8125 | Test: 0.8039 | Best Test: 0.8431
Epoch 0084 | Loss: 0.0080 | Val: 0.8125 | Test: 0.8039 | Best Test: 0.8431
Epoch 0085 | Loss: 0.0066 | Val: 0.8125 | Test: 0.8039 | Best Test: 0.8431
Epoch 0086 | Loss: 0.0077 | Val: 0.8125 | Test: 0.8039 | Best Test: 0.8431
Epoch 0087 | Loss: 0.0121 | Val: 0.8125 | Test: 0.8039 | Best Test: 0.8431
Epoch 0088 | Loss: 0.0069 | Val: 0.8125 | Test: 0.8039 | Best Test: 0.8431
Epoch 0089 | Loss: 0.0105 | Val: 0.8125 | Test: 0.8039 | Best Test: 0.8431
Epoch 0090 | Loss: 0.0069 | Val: 0.8125 | Test: 0.8039 | Best Test: 0.8431
Epoch 0091 | Loss: 0.0137 | Val: 0.8125 | Test: 0.8039 | Best Test: 0.8431
Epoch 0092 | Loss: 0.0114 | Val: 0.8125 | Test: 0.8039 | Best Test: 0.8431
Epoch 0093 | Loss: 0.0089 | Val: 0.8125 | Test: 0.8039 | Best Test: 0.8431
Epoch 0094 | Loss: 0.0080 | Val: 0.8125 | Test: 0.8039 | Best Test: 0.8431
Epoch 0095 | Loss: 0.0083 | Val: 0.8125 | Test: 0.8039 | Best Test: 0.8431
Epoch 0096 | Loss: 0.0098 | Val: 0.8125 | Test: 0.8039 | Best Test: 0.8431
Epoch 0097 | Loss: 0.0085 | Val: 0.8125 | Test: 0.8039 | Best Test: 0.8431
Epoch 0098 | Loss: 0.0090 | Val: 0.8125 | Test: 0.8039 | Best Test: 0.8431
Epoch 0099 | Loss: 0.0111 | Val: 0.8125 | Test: 0.8039 | Best Test: 0.8431
Epoch 0100 | Loss: 0.0119 | Val: 0.8000 | Test: 0.8039 | Best Test: 0.8431
Epoch 0146 | Loss: 0.0064 | Val: 0.8125 | Test: 0.8039 | Best Test: 0.8431
Epoch 0147 | Loss: 0.0056 | Val: 0.8125 | Test: 0.8039 | Best Test: 0.8431
Epoch 0148 | Loss: 0.0039 | Val: 0.8125 | Test: 0.8039 | Best Test: 0.8431
Epoch 0149 | Loss: 0.0103 | Val: 0.8125 | Test: 0.8039 | Best Test: 0.8431
Epoch 0150 | Loss: 0.0071 | Val: 0.8125 | Test: 0.8039 | Best Test: 0.8431
Epoch 0151 | Loss: 0.0082 | Val: 0.8125 | Test: 0.8039 | Best Test: 0.8431
Epoch 0152 | Loss: 0.0068 | Val: 0.8125 | Test: 0.8039 | Best Test: 0.8431
Epoch 0153 | Loss: 0.0070 | Val: 0.8125 | Test: 0.8039 | Best Test: 0.8431
Epoch 0154 | Loss: 0.0057 | Val: 0.8125 | Test: 0.8039 | Best Test: 0.8431
Epoch 0155 | Loss: 0.0060 | Val: 0.8125 | Test: 0.8039 | Best Test: 0.8431
Epoch 0156 | Loss: 0.0060 | Val: 0.8125 | Test: 0.8039 | Best Test: 0.8431
Epoch 0157 | Loss: 0.0044 | Val: 0.8125 | Test: 0.8039 | Best Test: 0.8431
Epoch 0158 | Loss: 0.0050 | Val: 0.8125 | Test: 0.7843 | Best Test: 0.8431
Epoch 0200 | Loss: 0.0052 | Val: 0.8000 | Test: 0.8039 | Best Test: 0.8431
Epoch 0250 | Loss: 0.0043 | Val: 0.8000 | Test: 0.8039 | Best Test: 0.8431
Epoch 0300 | Loss: 0.0044 | Val: 0.8000 | Test: 0.8039 | Best Test: 0.8431
Epoch 0350 | Loss: 0.0212 | Val: 0.8000 | Test: 0.8039 | Best Test: 0.8431
Epoch 0400 | Loss: 0.0164 | Val: 0.8000 | Test: 0.8039 | Best Test: 0.8431
Epoch 0450 | Loss: 0.0193 | Val: 0.8000 | Test: 0.8039 | Best Test: 0.8431
Epoch 0500 | Loss: 0.0179 | Val: 0.8000 | Test: 0.8039 | Best Test: 0.8431
Epoch 0550 | Loss: 0.0163 | Val: 0.8000 | Test: 0.8039 | Best Test: 0.8431
Epoch 0600 | Loss: 0.0167 | Val: 0.8000 | Test: 0.7843 | Best Test: 0.8431
Epoch 0650 | Loss: 0.0215 | Val: 0.8000 | Test: 0.7843 | Best Test: 0.8431
Epoch 0700 | Loss: 0.0159 | Val: 0.8000 | Test: 0.7843 | Best Test: 0.8431
Epoch 0750 | Loss: 0.0190 | Val: 0.8000 | Test: 0.7843 | Best Test: 0.8431
Epoch 0800 | Loss: 0.0228 | Val: 0.8000 | Test: 0.7843 | Best Test: 0.8431
Epoch 0850 | Loss: 0.0161 | Val: 0.8000 | Test: 0.7843 | Best Test: 0.8431
Epoch 0900 | Loss: 0.0176 | Val: 0.8000 | Test: 0.8039 | Best Test: 0.8431
Epoch 0950 | Loss: 0.0218 | Val: 0.8000 | Test: 0.8039 | Best Test: 0.8431
Epoch 1000 | Loss: 0.0188 | Val: 0.8000 | Test: 0.7843 | Best Test: 0.8431
Epoch 1050 | Loss: 0.0212 | Val: 0.8000 | Test: 0.7843 | Best Test: 0.8431
Early stopping at epoch 1080
[sgpc] summary data_id=8 split=9 seed=0 spec=dense best_val=0.8125 val_selected_test=0.8039 val_selected_epoch=79 oracle_best_test=0.8431 last_epoch=1080
[repro] exit_code=0
[repro] runtime_seconds=31
[repro] finished_at=2026-09-12T16:50:47+08:00
