[repro] started_at=2026-09-12T18:20:19+08:00
[repro] run_id=20260912_182019_webkb_s0_s1_Squirrel_pid95547
[repro] repo_commit=114b585d0d0e32afbf1d7232dd04c013fa8453e2
[repro] tracked_patch_sha256=1095ac78920ad815a7d50e91c59b3499d4d3fa591780737b8d7d8a22e48955ef
[repro] main_py_sha256=aeda3a2dc4468512fd23af922ea88d72714355a6d4ffae29efba86c7dea51eb7
[repro] dataset=Squirrel data_id=4 env=dtgb cuda_visible_devices=0
[repro] data_link=/tmp/Squirrel -> /home/lab_user/project/lzc/repro/sgpc/data/Squirrel
[repro] command=python main.py 4 --split 1 --seed 0
[repro] resource_cap_ratio=85 threads=17 CPUQuota=1700% MemoryMax=55139365888 cuda_fraction=0.85
[repro] python=3.10.20 torch=2.2.1+cu121 pyg=2.8.0.post1 torch_sparse=0.6.18+pt22cu121
[repro] cuda=True gpu=NVIDIA GeForce RTX 3090
[cap] cores=17/20 CPUQuota=1700% MemoryMax=55139365888 cuda_fraction=0.85 mps=85 gpu_gov=1
Running as unit: run-p95691-i83676.scope; invocation ID: 11141b82baa046119a6b59c07788d315
[sgpc] config data_id=4 split=1 n_splits=10 seed=0 spec=dense max_epochs=2000 pacbayes_epoch=300
Epoch 0001 | Loss: 1.6424 | Val: 0.1869 | Test: 0.2104 | Best Test: 0.2104
Epoch 0002 | Loss: 1.6222 | Val: 0.1935 | Test: 0.2142 | Best Test: 0.2142
Epoch 0003 | Loss: 1.6008 | Val: 0.2446 | Test: 0.2709 | Best Test: 0.2709
Epoch 0004 | Loss: 1.5761 | Val: 0.3095 | Test: 0.3391 | Best Test: 0.3391
Epoch 0005 | Loss: 1.5533 | Val: 0.3329 | Test: 0.3199 | Best Test: 0.3391
Epoch 0007 | Loss: 1.5135 | Val: 0.3335 | Test: 0.3420 | Best Test: 0.3420
Epoch 0008 | Loss: 1.4925 | Val: 0.3347 | Test: 0.3679 | Best Test: 0.3679
Epoch 0009 | Loss: 1.4627 | Val: 0.3401 | Test: 0.3679 | Best Test: 0.3679
Epoch 0010 | Loss: 1.4412 | Val: 0.3438 | Test: 0.3689 | Best Test: 0.3689
Epoch 0012 | Loss: 1.3769 | Val: 0.3522 | Test: 0.3670 | Best Test: 0.3756
Epoch 0013 | Loss: 1.3588 | Val: 0.3528 | Test: 0.3573 | Best Test: 0.3756
Epoch 0014 | Loss: 1.3076 | Val: 0.3558 | Test: 0.3622 | Best Test: 0.3756
Epoch 0017 | Loss: 1.2170 | Val: 0.3558 | Test: 0.3593 | Best Test: 0.3756
Epoch 0018 | Loss: 1.1583 | Val: 0.3570 | Test: 0.3708 | Best Test: 0.3756
Epoch 0050 | Loss: 0.3377 | Val: 0.3209 | Test: 0.3180 | Best Test: 0.3766
Epoch 0100 | Loss: 0.1466 | Val: 0.3065 | Test: 0.3036 | Best Test: 0.3766
Epoch 0150 | Loss: 0.1021 | Val: 0.3041 | Test: 0.3055 | Best Test: 0.3766
Epoch 0200 | Loss: 0.0873 | Val: 0.3029 | Test: 0.2997 | Best Test: 0.3766
Epoch 0250 | Loss: 0.0909 | Val: 0.3077 | Test: 0.2959 | Best Test: 0.3766
Epoch 0300 | Loss: 0.0802 | Val: 0.3071 | Test: 0.2997 | Best Test: 0.3766
Epoch 0350 | Loss: 0.0869 | Val: 0.3071 | Test: 0.2978 | Best Test: 0.3766
Epoch 0400 | Loss: 0.0774 | Val: 0.3083 | Test: 0.2968 | Best Test: 0.3766
Epoch 0450 | Loss: 0.0788 | Val: 0.3089 | Test: 0.2968 | Best Test: 0.3766
Epoch 0500 | Loss: 0.0764 | Val: 0.3083 | Test: 0.2949 | Best Test: 0.3766
Epoch 0550 | Loss: 0.0872 | Val: 0.3071 | Test: 0.2959 | Best Test: 0.3766
Epoch 0600 | Loss: 0.0778 | Val: 0.3077 | Test: 0.2939 | Best Test: 0.3766
Epoch 0650 | Loss: 0.0808 | Val: 0.3077 | Test: 0.2939 | Best Test: 0.3766
Epoch 0700 | Loss: 0.0661 | Val: 0.3077 | Test: 0.2930 | Best Test: 0.3766
Epoch 0750 | Loss: 0.0762 | Val: 0.3071 | Test: 0.2930 | Best Test: 0.3766
Epoch 0800 | Loss: 0.0767 | Val: 0.3071 | Test: 0.2930 | Best Test: 0.3766
Epoch 0850 | Loss: 0.0816 | Val: 0.3083 | Test: 0.2939 | Best Test: 0.3766
Epoch 0900 | Loss: 0.0718 | Val: 0.3077 | Test: 0.2930 | Best Test: 0.3766
Epoch 0950 | Loss: 0.0727 | Val: 0.3083 | Test: 0.2930 | Best Test: 0.3766
Epoch 1000 | Loss: 0.0738 | Val: 0.3071 | Test: 0.2920 | Best Test: 0.3766
Early stopping at epoch 1019
[sgpc] summary data_id=4 split=1 seed=0 spec=dense best_val=0.3570 val_selected_test=0.3708 val_selected_epoch=18 oracle_best_test=0.3766 last_epoch=1019
[repro] exit_code=0
[repro] runtime_seconds=565
[repro] finished_at=2026-09-12T18:29:46+08:00
