[repro] started_at=2026-09-12T17:01:01+08:00
[repro] run_id=20260912_170101_webkb_s0_s5_Chameleon_pid58597
[repro] repo_commit=114b585d0d0e32afbf1d7232dd04c013fa8453e2
[repro] tracked_patch_sha256=72952adeb096a5ca61e6e115a0a29e0e484ca577aba23f57b5c11dea083afee7
[repro] main_py_sha256=dc67561acc2c8d0860a4b53c2cdbd729ddaff59fd5b61d50dd1e3a513a6e06ac
[repro] dataset=Chameleon data_id=3 env=dtgb cuda_visible_devices=0
[repro] data_link=/tmp/Chameleon -> /home/lab_user/project/lzc/repro/sgpc/data/Chameleon
[repro] command=python main.py 3 --split 5 --seed 0
[repro] resource_cap_ratio=85 threads=17 CPUQuota=1700% MemoryMax=55139365888 cuda_fraction=0.85
[repro] python=3.10.20 torch=2.2.1+cu121 pyg=2.8.0.post1 torch_sparse=0.6.18+pt22cu121
[repro] cuda=True gpu=NVIDIA GeForce RTX 3090
[cap] cores=17/20 CPUQuota=1700% MemoryMax=55139365888 cuda_fraction=0.85 mps=85 gpu_gov=1
Running as unit: run-p58678-i69312.scope; invocation ID: 09114567b6e04a7e87fbf2f1980cfe3f
[sgpc] config data_id=3 split=5 n_splits=10 seed=0 spec=dense max_epochs=2000 pacbayes_epoch=300
Epoch 0001 | Loss: 1.6395 | Val: 0.2497 | Test: 0.2390 | Best Test: 0.2390
Epoch 0003 | Loss: 1.5543 | Val: 0.2963 | Test: 0.2610 | Best Test: 0.2610
Epoch 0004 | Loss: 1.5194 | Val: 0.3786 | Test: 0.3509 | Best Test: 0.3509
Epoch 0005 | Loss: 1.4672 | Val: 0.4307 | Test: 0.4035 | Best Test: 0.4035
Epoch 0006 | Loss: 1.4193 | Val: 0.4362 | Test: 0.4276 | Best Test: 0.4276
Epoch 0007 | Loss: 1.3776 | Val: 0.4568 | Test: 0.4474 | Best Test: 0.4474
Epoch 0008 | Loss: 1.3309 | Val: 0.4691 | Test: 0.4518 | Best Test: 0.4518
Epoch 0009 | Loss: 1.2766 | Val: 0.4883 | Test: 0.4890 | Best Test: 0.4890
Epoch 0010 | Loss: 1.2250 | Val: 0.5117 | Test: 0.5175 | Best Test: 0.5175
Epoch 0011 | Loss: 1.1591 | Val: 0.5144 | Test: 0.5219 | Best Test: 0.5219
Epoch 0015 | Loss: 0.9352 | Val: 0.5171 | Test: 0.5395 | Best Test: 0.5395
Epoch 0016 | Loss: 0.9004 | Val: 0.5185 | Test: 0.5395 | Best Test: 0.5395
Epoch 0017 | Loss: 0.8410 | Val: 0.5185 | Test: 0.5351 | Best Test: 0.5395
Epoch 0018 | Loss: 0.7603 | Val: 0.5213 | Test: 0.5329 | Best Test: 0.5395
Epoch 0019 | Loss: 0.7138 | Val: 0.5213 | Test: 0.5307 | Best Test: 0.5395
Epoch 0020 | Loss: 0.6835 | Val: 0.5226 | Test: 0.5263 | Best Test: 0.5395
Epoch 0050 | Loss: 0.2017 | Val: 0.4870 | Test: 0.4825 | Best Test: 0.5395
Epoch 0100 | Loss: 0.1671 | Val: 0.4760 | Test: 0.4803 | Best Test: 0.5395
Epoch 0150 | Loss: 0.1517 | Val: 0.4664 | Test: 0.4781 | Best Test: 0.5395
Epoch 0200 | Loss: 0.1533 | Val: 0.4609 | Test: 0.4759 | Best Test: 0.5395
Epoch 0250 | Loss: 0.1464 | Val: 0.4623 | Test: 0.4737 | Best Test: 0.5395
Epoch 0300 | Loss: 0.1420 | Val: 0.4609 | Test: 0.4715 | Best Test: 0.5395
Epoch 0350 | Loss: 0.1549 | Val: 0.4609 | Test: 0.4715 | Best Test: 0.5395
Epoch 0400 | Loss: 0.1524 | Val: 0.4582 | Test: 0.4715 | Best Test: 0.5395
Epoch 0450 | Loss: 0.1564 | Val: 0.4582 | Test: 0.4715 | Best Test: 0.5395
Epoch 0500 | Loss: 0.1501 | Val: 0.4582 | Test: 0.4759 | Best Test: 0.5395
Epoch 0550 | Loss: 0.1574 | Val: 0.4568 | Test: 0.4737 | Best Test: 0.5395
Epoch 0600 | Loss: 0.1595 | Val: 0.4582 | Test: 0.4715 | Best Test: 0.5395
Epoch 0650 | Loss: 0.1498 | Val: 0.4582 | Test: 0.4737 | Best Test: 0.5395
Epoch 0700 | Loss: 0.1552 | Val: 0.4582 | Test: 0.4737 | Best Test: 0.5395
Epoch 0750 | Loss: 0.1530 | Val: 0.4568 | Test: 0.4737 | Best Test: 0.5395
Epoch 0800 | Loss: 0.1618 | Val: 0.4582 | Test: 0.4737 | Best Test: 0.5395
Epoch 0850 | Loss: 0.1567 | Val: 0.4568 | Test: 0.4759 | Best Test: 0.5395
Epoch 0900 | Loss: 0.1486 | Val: 0.4582 | Test: 0.4759 | Best Test: 0.5395
Epoch 0950 | Loss: 0.1626 | Val: 0.4554 | Test: 0.4759 | Best Test: 0.5395
Epoch 1000 | Loss: 0.1576 | Val: 0.4554 | Test: 0.4759 | Best Test: 0.5395
Early stopping at epoch 1021
[sgpc] summary data_id=3 split=5 seed=0 spec=dense best_val=0.5226 val_selected_test=0.5263 val_selected_epoch=20 oracle_best_test=0.5395 last_epoch=1021
[repro] exit_code=0
[repro] runtime_seconds=113
[repro] finished_at=2026-09-12T17:02:57+08:00
