[repro] started_at=2026-09-12T17:11:07+08:00
[repro] run_id=20260912_171107_pubmed_lobpcg_Pubmed_pid63156
[repro] repo_commit=114b585d0d0e32afbf1d7232dd04c013fa8453e2
[repro] tracked_patch_sha256=72952adeb096a5ca61e6e115a0a29e0e484ca577aba23f57b5c11dea083afee7
[repro] main_py_sha256=dc67561acc2c8d0860a4b53c2cdbd729ddaff59fd5b61d50dd1e3a513a6e06ac
[repro] dataset=Pubmed data_id=2 env=dtgb cuda_visible_devices=0
[repro] data_link=/tmp/Pubmed -> /home/lab_user/project/lzc/repro/sgpc/data/Pubmed
[repro] command=python main.py 2 --spec lobpcg --seed 0
[repro] resource_cap_ratio=85 threads=17 CPUQuota=1700% MemoryMax=55139365888 cuda_fraction=0.85
[repro] python=3.10.20 torch=2.2.1+cu121 pyg=2.8.0.post1 torch_sparse=0.6.18+pt22cu121
[repro] cuda=True gpu=NVIDIA GeForce RTX 3090
[cap] cores=17/20 CPUQuota=1700% MemoryMax=55139365888 cuda_fraction=0.85 mps=85 gpu_gov=1
Running as unit: run-p63246-i24511.scope; invocation ID: f7f4b91d05f94c20899966fd613a3ec1
[sgpc] config data_id=2 split=0 n_splits=1 seed=0 spec=lobpcg max_epochs=2000 pacbayes_epoch=300
Epoch 0001 | Loss: 1.0741 | Val: 0.3980 | Test: 0.4290 | Best Test: 0.4290
Epoch 0005 | Loss: 1.2254 | Val: 0.5000 | Test: 0.5180 | Best Test: 0.5180
Epoch 0006 | Loss: 1.2608 | Val: 0.5800 | Test: 0.5950 | Best Test: 0.5950
Epoch 0014 | Loss: 1.1057 | Val: 0.6420 | Test: 0.6400 | Best Test: 0.6400
Epoch 0015 | Loss: 0.9753 | Val: 0.6920 | Test: 0.6960 | Best Test: 0.6960
Epoch 0016 | Loss: 1.1600 | Val: 0.7260 | Test: 0.7140 | Best Test: 0.7140
Epoch 0030 | Loss: 0.9778 | Val: 0.7360 | Test: 0.7310 | Best Test: 0.7310
Epoch 0031 | Loss: 0.7971 | Val: 0.7420 | Test: 0.7350 | Best Test: 0.7350
Epoch 0032 | Loss: 0.6914 | Val: 0.7520 | Test: 0.7430 | Best Test: 0.7430
Epoch 0036 | Loss: 0.7594 | Val: 0.7580 | Test: 0.7450 | Best Test: 0.7450
Epoch 0037 | Loss: 0.6558 | Val: 0.7740 | Test: 0.7500 | Best Test: 0.7500
Epoch 0038 | Loss: 0.7274 | Val: 0.7780 | Test: 0.7540 | Best Test: 0.7540
Epoch 0041 | Loss: 0.7235 | Val: 0.7780 | Test: 0.7590 | Best Test: 0.7590
Epoch 0042 | Loss: 0.6662 | Val: 0.7780 | Test: 0.7740 | Best Test: 0.7740
Epoch 0044 | Loss: 0.6282 | Val: 0.7780 | Test: 0.7660 | Best Test: 0.7740
Epoch 0050 | Loss: 0.4601 | Val: 0.7640 | Test: 0.7520 | Best Test: 0.7740
Epoch 0052 | Loss: 0.4497 | Val: 0.7800 | Test: 0.7700 | Best Test: 0.7740
Epoch 0053 | Loss: 0.4526 | Val: 0.7860 | Test: 0.7730 | Best Test: 0.7740
Epoch 0054 | Loss: 0.4245 | Val: 0.7880 | Test: 0.7750 | Best Test: 0.7750
Epoch 0056 | Loss: 0.4131 | Val: 0.7940 | Test: 0.7810 | Best Test: 0.7840
Epoch 0061 | Loss: 0.4060 | Val: 0.7960 | Test: 0.7810 | Best Test: 0.7840
Epoch 0062 | Loss: 0.3461 | Val: 0.7960 | Test: 0.7830 | Best Test: 0.7840
Epoch 0100 | Loss: 0.3217 | Val: 0.7800 | Test: 0.7760 | Best Test: 0.7840
Epoch 0150 | Loss: 0.1572 | Val: 0.7760 | Test: 0.7760 | Best Test: 0.7870
Epoch 0200 | Loss: 0.3414 | Val: 0.7740 | Test: 0.7720 | Best Test: 0.7870
Epoch 0250 | Loss: 0.1413 | Val: 0.7720 | Test: 0.7820 | Best Test: 0.7870
Epoch 0300 | Loss: 0.2438 | Val: 0.7720 | Test: 0.7790 | Best Test: 0.7870
Epoch 0350 | Loss: 0.2293 | Val: 0.7720 | Test: 0.7740 | Best Test: 0.7870
Epoch 0400 | Loss: 0.1865 | Val: 0.7720 | Test: 0.7770 | Best Test: 0.7870
Epoch 0450 | Loss: 0.2391 | Val: 0.7720 | Test: 0.7770 | Best Test: 0.7870
Epoch 0500 | Loss: 0.2630 | Val: 0.7700 | Test: 0.7780 | Best Test: 0.7870
Epoch 0550 | Loss: 0.2646 | Val: 0.7720 | Test: 0.7780 | Best Test: 0.7870
Epoch 0600 | Loss: 0.2265 | Val: 0.7720 | Test: 0.7760 | Best Test: 0.7870
Epoch 0650 | Loss: 0.2866 | Val: 0.7700 | Test: 0.7750 | Best Test: 0.7870
Epoch 0700 | Loss: 0.1513 | Val: 0.7720 | Test: 0.7730 | Best Test: 0.7870
Epoch 0750 | Loss: 0.1879 | Val: 0.7720 | Test: 0.7740 | Best Test: 0.7870
Epoch 0800 | Loss: 0.1674 | Val: 0.7720 | Test: 0.7730 | Best Test: 0.7870
Epoch 0850 | Loss: 0.1777 | Val: 0.7720 | Test: 0.7740 | Best Test: 0.7870
Epoch 0900 | Loss: 0.2213 | Val: 0.7720 | Test: 0.7730 | Best Test: 0.7870
Epoch 0950 | Loss: 0.2059 | Val: 0.7720 | Test: 0.7720 | Best Test: 0.7870
Epoch 1000 | Loss: 0.3290 | Val: 0.7720 | Test: 0.7690 | Best Test: 0.7870
Epoch 1050 | Loss: 0.3071 | Val: 0.7720 | Test: 0.7710 | Best Test: 0.7870
Early stopping at epoch 1062
[sgpc] summary data_id=2 split=0 seed=0 spec=lobpcg best_val=0.7960 val_selected_test=0.7810 val_selected_epoch=61 oracle_best_test=0.7870 last_epoch=1062
[repro] exit_code=0
[repro] runtime_seconds=142
[repro] finished_at=2026-09-12T17:13:32+08:00
