[repro] started_at=2026-09-12T16:57:07+08:00
[repro] run_id=20260912_165707_webkb_s0_s3_Chameleon_pid56851
[repro] repo_commit=114b585d0d0e32afbf1d7232dd04c013fa8453e2
[repro] tracked_patch_sha256=72952adeb096a5ca61e6e115a0a29e0e484ca577aba23f57b5c11dea083afee7
[repro] main_py_sha256=dc67561acc2c8d0860a4b53c2cdbd729ddaff59fd5b61d50dd1e3a513a6e06ac
[repro] dataset=Chameleon data_id=3 env=dtgb cuda_visible_devices=0
[repro] data_link=/tmp/Chameleon -> /home/lab_user/project/lzc/repro/sgpc/data/Chameleon
[repro] command=python main.py 3 --split 3 --seed 0
[repro] resource_cap_ratio=85 threads=17 CPUQuota=1700% MemoryMax=55139365888 cuda_fraction=0.85
[repro] python=3.10.20 torch=2.2.1+cu121 pyg=2.8.0.post1 torch_sparse=0.6.18+pt22cu121
[repro] cuda=True gpu=NVIDIA GeForce RTX 3090
[cap] cores=17/20 CPUQuota=1700% MemoryMax=55139365888 cuda_fraction=0.85 mps=85 gpu_gov=1
Running as unit: run-p56930-i60422.scope; invocation ID: badbde5954d7422383ecaf8b59431864
[sgpc] config data_id=3 split=3 n_splits=10 seed=0 spec=dense max_epochs=2000 pacbayes_epoch=300
Epoch 0001 | Loss: 1.6372 | Val: 0.3128 | Test: 0.2895 | Best Test: 0.2895
Epoch 0003 | Loss: 1.5452 | Val: 0.3443 | Test: 0.3816 | Best Test: 0.3816
Epoch 0004 | Loss: 1.5055 | Val: 0.3909 | Test: 0.4474 | Best Test: 0.4474
Epoch 0005 | Loss: 1.4580 | Val: 0.4211 | Test: 0.4430 | Best Test: 0.4474
Epoch 0007 | Loss: 1.3707 | Val: 0.4225 | Test: 0.4561 | Best Test: 0.4561
Epoch 0008 | Loss: 1.3341 | Val: 0.4527 | Test: 0.4956 | Best Test: 0.4956
Epoch 0009 | Loss: 1.2771 | Val: 0.4595 | Test: 0.5066 | Best Test: 0.5066
Epoch 0010 | Loss: 1.2252 | Val: 0.4609 | Test: 0.5044 | Best Test: 0.5066
Epoch 0011 | Loss: 1.1536 | Val: 0.4664 | Test: 0.5197 | Best Test: 0.5197
Epoch 0012 | Loss: 1.1026 | Val: 0.4664 | Test: 0.5307 | Best Test: 0.5307
Epoch 0013 | Loss: 1.0408 | Val: 0.4787 | Test: 0.5307 | Best Test: 0.5307
Epoch 0014 | Loss: 0.9820 | Val: 0.4829 | Test: 0.5329 | Best Test: 0.5329
Epoch 0015 | Loss: 0.9303 | Val: 0.4883 | Test: 0.5439 | Best Test: 0.5439
Epoch 0016 | Loss: 0.8870 | Val: 0.4883 | Test: 0.5439 | Best Test: 0.5439
Epoch 0019 | Loss: 0.7211 | Val: 0.4911 | Test: 0.5592 | Best Test: 0.5592
Epoch 0020 | Loss: 0.6731 | Val: 0.4966 | Test: 0.5636 | Best Test: 0.5636
Epoch 0021 | Loss: 0.6176 | Val: 0.5034 | Test: 0.5526 | Best Test: 0.5636
Epoch 0050 | Loss: 0.1848 | Val: 0.4787 | Test: 0.5351 | Best Test: 0.5636
Epoch 0100 | Loss: 0.1429 | Val: 0.4527 | Test: 0.5263 | Best Test: 0.5636
Epoch 0150 | Loss: 0.1344 | Val: 0.4444 | Test: 0.5329 | Best Test: 0.5636
Epoch 0200 | Loss: 0.1448 | Val: 0.4376 | Test: 0.5285 | Best Test: 0.5636
Epoch 0250 | Loss: 0.1257 | Val: 0.4417 | Test: 0.5285 | Best Test: 0.5636
Epoch 0300 | Loss: 0.1267 | Val: 0.4431 | Test: 0.5263 | Best Test: 0.5636
Epoch 0350 | Loss: 0.1382 | Val: 0.4444 | Test: 0.5263 | Best Test: 0.5636
Epoch 0400 | Loss: 0.1340 | Val: 0.4458 | Test: 0.5263 | Best Test: 0.5636
Epoch 0450 | Loss: 0.1387 | Val: 0.4458 | Test: 0.5263 | Best Test: 0.5636
Epoch 0500 | Loss: 0.1350 | Val: 0.4444 | Test: 0.5263 | Best Test: 0.5636
Epoch 0550 | Loss: 0.1376 | Val: 0.4431 | Test: 0.5263 | Best Test: 0.5636
Epoch 0600 | Loss: 0.1337 | Val: 0.4444 | Test: 0.5263 | Best Test: 0.5636
Epoch 0650 | Loss: 0.1375 | Val: 0.4458 | Test: 0.5263 | Best Test: 0.5636
Epoch 0700 | Loss: 0.1422 | Val: 0.4472 | Test: 0.5219 | Best Test: 0.5636
Epoch 0750 | Loss: 0.1366 | Val: 0.4486 | Test: 0.5219 | Best Test: 0.5636
Epoch 0800 | Loss: 0.1378 | Val: 0.4444 | Test: 0.5241 | Best Test: 0.5636
Epoch 0850 | Loss: 0.1319 | Val: 0.4444 | Test: 0.5219 | Best Test: 0.5636
Epoch 0900 | Loss: 0.1330 | Val: 0.4458 | Test: 0.5219 | Best Test: 0.5636
Epoch 0950 | Loss: 0.1285 | Val: 0.4458 | Test: 0.5219 | Best Test: 0.5636
Epoch 1000 | Loss: 0.1354 | Val: 0.4458 | Test: 0.5197 | Best Test: 0.5636
Early stopping at epoch 1022
[sgpc] summary data_id=3 split=3 seed=0 spec=dense best_val=0.5034 val_selected_test=0.5526 val_selected_epoch=21 oracle_best_test=0.5636 last_epoch=1022
[repro] exit_code=0
[repro] runtime_seconds=113
[repro] finished_at=2026-09-12T16:59:03+08:00
