[repro] started_at=2026-09-12T17:02:58+08:00
[repro] run_id=20260912_170258_webkb_s0_s6_Chameleon_pid59453
[repro] repo_commit=114b585d0d0e32afbf1d7232dd04c013fa8453e2
[repro] tracked_patch_sha256=72952adeb096a5ca61e6e115a0a29e0e484ca577aba23f57b5c11dea083afee7
[repro] main_py_sha256=dc67561acc2c8d0860a4b53c2cdbd729ddaff59fd5b61d50dd1e3a513a6e06ac
[repro] dataset=Chameleon data_id=3 env=dtgb cuda_visible_devices=0
[repro] data_link=/tmp/Chameleon -> /home/lab_user/project/lzc/repro/sgpc/data/Chameleon
[repro] command=python main.py 3 --split 6 --seed 0
[repro] resource_cap_ratio=85 threads=17 CPUQuota=1700% MemoryMax=55139365888 cuda_fraction=0.85
[repro] python=3.10.20 torch=2.2.1+cu121 pyg=2.8.0.post1 torch_sparse=0.6.18+pt22cu121
[repro] cuda=True gpu=NVIDIA GeForce RTX 3090
[cap] cores=17/20 CPUQuota=1700% MemoryMax=55139365888 cuda_fraction=0.85 mps=85 gpu_gov=1
Running as unit: run-p59534-i9917.scope; invocation ID: 7090c563995d4cc68b5feb2c8b15698f
[sgpc] config data_id=3 split=6 n_splits=10 seed=0 spec=dense max_epochs=2000 pacbayes_epoch=300
Epoch 0001 | Loss: 1.6407 | Val: 0.3128 | Test: 0.3202 | Best Test: 0.3202
Epoch 0004 | Loss: 1.5056 | Val: 0.4047 | Test: 0.3882 | Best Test: 0.3882
Epoch 0005 | Loss: 1.4585 | Val: 0.4280 | Test: 0.4057 | Best Test: 0.4057
Epoch 0006 | Loss: 1.4182 | Val: 0.4376 | Test: 0.4167 | Best Test: 0.4167
Epoch 0007 | Loss: 1.3754 | Val: 0.4554 | Test: 0.4452 | Best Test: 0.4452
Epoch 0008 | Loss: 1.3228 | Val: 0.4760 | Test: 0.4737 | Best Test: 0.4737
Epoch 0009 | Loss: 1.2646 | Val: 0.4856 | Test: 0.4715 | Best Test: 0.4737
Epoch 0010 | Loss: 1.2181 | Val: 0.4966 | Test: 0.4627 | Best Test: 0.4737
Epoch 0011 | Loss: 1.1468 | Val: 0.5021 | Test: 0.4671 | Best Test: 0.4737
Epoch 0014 | Loss: 0.9802 | Val: 0.5021 | Test: 0.4693 | Best Test: 0.4737
Epoch 0015 | Loss: 0.9201 | Val: 0.5103 | Test: 0.4737 | Best Test: 0.4737
Epoch 0016 | Loss: 0.8887 | Val: 0.5158 | Test: 0.4737 | Best Test: 0.4737
Epoch 0017 | Loss: 0.8372 | Val: 0.5185 | Test: 0.4759 | Best Test: 0.4759
Epoch 0019 | Loss: 0.7151 | Val: 0.5185 | Test: 0.4912 | Best Test: 0.4912
Epoch 0020 | Loss: 0.6779 | Val: 0.5199 | Test: 0.4912 | Best Test: 0.4912
Epoch 0050 | Loss: 0.2079 | Val: 0.4925 | Test: 0.4715 | Best Test: 0.5000
Epoch 0100 | Loss: 0.1762 | Val: 0.4856 | Test: 0.4583 | Best Test: 0.5000
Epoch 0150 | Loss: 0.1613 | Val: 0.4870 | Test: 0.4539 | Best Test: 0.5000
Epoch 0200 | Loss: 0.1623 | Val: 0.4842 | Test: 0.4561 | Best Test: 0.5000
Epoch 0250 | Loss: 0.1448 | Val: 0.4829 | Test: 0.4561 | Best Test: 0.5000
Epoch 0300 | Loss: 0.1493 | Val: 0.4842 | Test: 0.4539 | Best Test: 0.5000
Epoch 0350 | Loss: 0.1587 | Val: 0.4856 | Test: 0.4561 | Best Test: 0.5000
Epoch 0400 | Loss: 0.1562 | Val: 0.4856 | Test: 0.4561 | Best Test: 0.5000
Epoch 0450 | Loss: 0.1641 | Val: 0.4856 | Test: 0.4561 | Best Test: 0.5000
Epoch 0500 | Loss: 0.1584 | Val: 0.4870 | Test: 0.4561 | Best Test: 0.5000
Epoch 0550 | Loss: 0.1602 | Val: 0.4870 | Test: 0.4518 | Best Test: 0.5000
Epoch 0600 | Loss: 0.1566 | Val: 0.4883 | Test: 0.4474 | Best Test: 0.5000
Epoch 0650 | Loss: 0.1534 | Val: 0.4870 | Test: 0.4496 | Best Test: 0.5000
Epoch 0700 | Loss: 0.1615 | Val: 0.4870 | Test: 0.4474 | Best Test: 0.5000
Epoch 0750 | Loss: 0.1572 | Val: 0.4870 | Test: 0.4452 | Best Test: 0.5000
Epoch 0800 | Loss: 0.1523 | Val: 0.4870 | Test: 0.4452 | Best Test: 0.5000
Epoch 0850 | Loss: 0.1532 | Val: 0.4870 | Test: 0.4474 | Best Test: 0.5000
Epoch 0900 | Loss: 0.1394 | Val: 0.4842 | Test: 0.4474 | Best Test: 0.5000
Epoch 0950 | Loss: 0.1594 | Val: 0.4856 | Test: 0.4496 | Best Test: 0.5000
Epoch 1000 | Loss: 0.1604 | Val: 0.4870 | Test: 0.4452 | Best Test: 0.5000
Early stopping at epoch 1021
[sgpc] summary data_id=3 split=6 seed=0 spec=dense best_val=0.5199 val_selected_test=0.4912 val_selected_epoch=20 oracle_best_test=0.5000 last_epoch=1021
[repro] exit_code=0
[repro] runtime_seconds=113
[repro] finished_at=2026-09-12T17:04:53+08:00
