[repro] started_at=2026-09-12T20:54:59+08:00
[repro] run_id=20260912_205459_webkb_s0_s3_Actor_pid152258
[repro] repo_commit=114b585d0d0e32afbf1d7232dd04c013fa8453e2
[repro] tracked_patch_sha256=1095ac78920ad815a7d50e91c59b3499d4d3fa591780737b8d7d8a22e48955ef
[repro] main_py_sha256=aeda3a2dc4468512fd23af922ea88d72714355a6d4ffae29efba86c7dea51eb7
[repro] dataset=Actor data_id=5 env=dtgb cuda_visible_devices=0
[repro] data_link=/tmp/Actor -> /home/lab_user/project/lzc/repro/sgpc/data/Actor
[repro] command=python main.py 5 --split 3 --seed 0
[repro] resource_cap_ratio=85 threads=17 CPUQuota=1700% MemoryMax=55139365888 cuda_fraction=0.85
[repro] python=3.10.20 torch=2.2.1+cu121 pyg=2.8.0.post1 torch_sparse=0.6.18+pt22cu121
[repro] cuda=True gpu=NVIDIA GeForce RTX 3090
[cap] cores=17/20 CPUQuota=1700% MemoryMax=55139365888 cuda_fraction=0.85 mps=85 gpu_gov=1
Running as unit: run-p152320-i200901.scope; invocation ID: ae87ff3a36304ecc86bfcab5a75aadbc
[sgpc] config data_id=5 split=3 n_splits=10 seed=0 spec=dense max_epochs=2000 pacbayes_epoch=300
Epoch 0001 | Loss: 1.6322 | Val: 0.2623 | Test: 0.2618 | Best Test: 0.2618
Epoch 0002 | Loss: 1.5945 | Val: 0.2784 | Test: 0.2921 | Best Test: 0.2921
Epoch 0003 | Loss: 1.5829 | Val: 0.2973 | Test: 0.3000 | Best Test: 0.3000
Epoch 0004 | Loss: 1.5756 | Val: 0.3088 | Test: 0.3007 | Best Test: 0.3007
Epoch 0005 | Loss: 1.5615 | Val: 0.3187 | Test: 0.3059 | Best Test: 0.3059
Epoch 0006 | Loss: 1.5474 | Val: 0.3261 | Test: 0.3105 | Best Test: 0.3105
Epoch 0007 | Loss: 1.5352 | Val: 0.3302 | Test: 0.3132 | Best Test: 0.3132
Epoch 0008 | Loss: 1.5265 | Val: 0.3421 | Test: 0.3217 | Best Test: 0.3217
Epoch 0009 | Loss: 1.5165 | Val: 0.3425 | Test: 0.3276 | Best Test: 0.3276
Epoch 0014 | Loss: 1.4535 | Val: 0.3487 | Test: 0.3500 | Best Test: 0.3500
Epoch 0015 | Loss: 1.4254 | Val: 0.3577 | Test: 0.3493 | Best Test: 0.3500
Epoch 0016 | Loss: 1.4084 | Val: 0.3664 | Test: 0.3559 | Best Test: 0.3559
Epoch 0017 | Loss: 1.3965 | Val: 0.3684 | Test: 0.3526 | Best Test: 0.3559
Epoch 0018 | Loss: 1.3739 | Val: 0.3705 | Test: 0.3586 | Best Test: 0.3586
Epoch 0019 | Loss: 1.3630 | Val: 0.3771 | Test: 0.3632 | Best Test: 0.3632
Epoch 0020 | Loss: 1.3388 | Val: 0.3795 | Test: 0.3632 | Best Test: 0.3632
Epoch 0022 | Loss: 1.3138 | Val: 0.3808 | Test: 0.3539 | Best Test: 0.3632
Epoch 0023 | Loss: 1.3012 | Val: 0.3865 | Test: 0.3500 | Best Test: 0.3632
Epoch 0050 | Loss: 0.9683 | Val: 0.3668 | Test: 0.3539 | Best Test: 0.3632
Epoch 0100 | Loss: 0.7354 | Val: 0.3594 | Test: 0.3553 | Best Test: 0.3632
Epoch 0150 | Loss: 0.6359 | Val: 0.3565 | Test: 0.3493 | Best Test: 0.3632
Epoch 0200 | Loss: 0.5952 | Val: 0.3573 | Test: 0.3461 | Best Test: 0.3632
Epoch 0250 | Loss: 0.5724 | Val: 0.3577 | Test: 0.3500 | Best Test: 0.3632
Epoch 0300 | Loss: 0.5656 | Val: 0.3573 | Test: 0.3500 | Best Test: 0.3632
Epoch 0350 | Loss: 0.5761 | Val: 0.3565 | Test: 0.3474 | Best Test: 0.3632
Epoch 0400 | Loss: 0.5753 | Val: 0.3557 | Test: 0.3461 | Best Test: 0.3632
Epoch 0450 | Loss: 0.5780 | Val: 0.3553 | Test: 0.3454 | Best Test: 0.3632
Epoch 0500 | Loss: 0.5579 | Val: 0.3544 | Test: 0.3454 | Best Test: 0.3632
Epoch 0550 | Loss: 0.5607 | Val: 0.3553 | Test: 0.3441 | Best Test: 0.3632
Epoch 0600 | Loss: 0.5552 | Val: 0.3553 | Test: 0.3480 | Best Test: 0.3632
Epoch 0650 | Loss: 0.5615 | Val: 0.3544 | Test: 0.3474 | Best Test: 0.3632
Epoch 0700 | Loss: 0.5602 | Val: 0.3553 | Test: 0.3480 | Best Test: 0.3632
Epoch 0750 | Loss: 0.5569 | Val: 0.3544 | Test: 0.3454 | Best Test: 0.3632
Epoch 0800 | Loss: 0.5499 | Val: 0.3549 | Test: 0.3461 | Best Test: 0.3632
Epoch 0850 | Loss: 0.5472 | Val: 0.3544 | Test: 0.3461 | Best Test: 0.3632
Epoch 0900 | Loss: 0.5678 | Val: 0.3544 | Test: 0.3467 | Best Test: 0.3632
Epoch 0950 | Loss: 0.5541 | Val: 0.3565 | Test: 0.3474 | Best Test: 0.3632
Epoch 1000 | Loss: 0.5390 | Val: 0.3549 | Test: 0.3480 | Best Test: 0.3632
Early stopping at epoch 1024
[sgpc] summary data_id=5 split=3 seed=0 spec=dense best_val=0.3865 val_selected_test=0.3500 val_selected_epoch=23 oracle_best_test=0.3632 last_epoch=1024
[repro] exit_code=0
[repro] runtime_seconds=1195
[repro] finished_at=2026-09-12T21:14:57+08:00
