[repro] started_at=2026-09-12T16:59:04+08:00
[repro] run_id=20260912_165904_webkb_s0_s4_Chameleon_pid57735
[repro] repo_commit=114b585d0d0e32afbf1d7232dd04c013fa8453e2
[repro] tracked_patch_sha256=72952adeb096a5ca61e6e115a0a29e0e484ca577aba23f57b5c11dea083afee7
[repro] main_py_sha256=dc67561acc2c8d0860a4b53c2cdbd729ddaff59fd5b61d50dd1e3a513a6e06ac
[repro] dataset=Chameleon data_id=3 env=dtgb cuda_visible_devices=0
[repro] data_link=/tmp/Chameleon -> /home/lab_user/project/lzc/repro/sgpc/data/Chameleon
[repro] command=python main.py 3 --split 4 --seed 0
[repro] resource_cap_ratio=85 threads=17 CPUQuota=1700% MemoryMax=55139365888 cuda_fraction=0.85
[repro] python=3.10.20 torch=2.2.1+cu121 pyg=2.8.0.post1 torch_sparse=0.6.18+pt22cu121
[repro] cuda=True gpu=NVIDIA GeForce RTX 3090
[cap] cores=17/20 CPUQuota=1700% MemoryMax=55139365888 cuda_fraction=0.85 mps=85 gpu_gov=1
Running as unit: run-p57815-i32490.scope; invocation ID: d9d7fff085d249758a9d9dec5ea22870
[sgpc] config data_id=3 split=4 n_splits=10 seed=0 spec=dense max_epochs=2000 pacbayes_epoch=300
Epoch 0001 | Loss: 1.6254 | Val: 0.2359 | Test: 0.2303 | Best Test: 0.2303
Epoch 0002 | Loss: 1.5903 | Val: 0.3141 | Test: 0.2895 | Best Test: 0.2895
Epoch 0003 | Loss: 1.5442 | Val: 0.3443 | Test: 0.3158 | Best Test: 0.3158
Epoch 0004 | Loss: 1.5033 | Val: 0.4047 | Test: 0.3925 | Best Test: 0.3925
Epoch 0006 | Loss: 1.4257 | Val: 0.4307 | Test: 0.4605 | Best Test: 0.4605
Epoch 0007 | Loss: 1.3812 | Val: 0.4362 | Test: 0.4649 | Best Test: 0.4649
Epoch 0008 | Loss: 1.3196 | Val: 0.4403 | Test: 0.4803 | Best Test: 0.4803
Epoch 0009 | Loss: 1.2716 | Val: 0.4582 | Test: 0.4934 | Best Test: 0.4934
Epoch 0010 | Loss: 1.2296 | Val: 0.4746 | Test: 0.5022 | Best Test: 0.5022
Epoch 0011 | Loss: 1.1520 | Val: 0.4938 | Test: 0.5088 | Best Test: 0.5088
Epoch 0012 | Loss: 1.1148 | Val: 0.4979 | Test: 0.5154 | Best Test: 0.5154
Epoch 0016 | Loss: 0.8845 | Val: 0.5021 | Test: 0.5395 | Best Test: 0.5395
Epoch 0017 | Loss: 0.8347 | Val: 0.5144 | Test: 0.5439 | Best Test: 0.5439
Epoch 0018 | Loss: 0.7576 | Val: 0.5158 | Test: 0.5461 | Best Test: 0.5461
Epoch 0019 | Loss: 0.7232 | Val: 0.5185 | Test: 0.5351 | Best Test: 0.5461
Epoch 0022 | Loss: 0.5876 | Val: 0.5213 | Test: 0.5417 | Best Test: 0.5461
Epoch 0050 | Loss: 0.1992 | Val: 0.4705 | Test: 0.4803 | Best Test: 0.5461
Epoch 0100 | Loss: 0.1598 | Val: 0.4746 | Test: 0.4627 | Best Test: 0.5461
Epoch 0150 | Loss: 0.1469 | Val: 0.4733 | Test: 0.4649 | Best Test: 0.5461
Epoch 0200 | Loss: 0.1452 | Val: 0.4664 | Test: 0.4693 | Best Test: 0.5461
Epoch 0250 | Loss: 0.1421 | Val: 0.4623 | Test: 0.4715 | Best Test: 0.5461
Epoch 0300 | Loss: 0.1376 | Val: 0.4595 | Test: 0.4715 | Best Test: 0.5461
Epoch 0350 | Loss: 0.1510 | Val: 0.4568 | Test: 0.4715 | Best Test: 0.5461
Epoch 0400 | Loss: 0.1437 | Val: 0.4595 | Test: 0.4737 | Best Test: 0.5461
Epoch 0450 | Loss: 0.1487 | Val: 0.4568 | Test: 0.4737 | Best Test: 0.5461
Epoch 0500 | Loss: 0.1427 | Val: 0.4554 | Test: 0.4737 | Best Test: 0.5461
Epoch 0550 | Loss: 0.1568 | Val: 0.4568 | Test: 0.4737 | Best Test: 0.5461
Epoch 0600 | Loss: 0.1406 | Val: 0.4554 | Test: 0.4759 | Best Test: 0.5461
Epoch 0650 | Loss: 0.1427 | Val: 0.4554 | Test: 0.4737 | Best Test: 0.5461
Epoch 0700 | Loss: 0.1542 | Val: 0.4554 | Test: 0.4737 | Best Test: 0.5461
Epoch 0750 | Loss: 0.1449 | Val: 0.4554 | Test: 0.4715 | Best Test: 0.5461
Epoch 0800 | Loss: 0.1453 | Val: 0.4554 | Test: 0.4737 | Best Test: 0.5461
Epoch 0850 | Loss: 0.1427 | Val: 0.4540 | Test: 0.4715 | Best Test: 0.5461
Epoch 0900 | Loss: 0.1403 | Val: 0.4540 | Test: 0.4715 | Best Test: 0.5461
Epoch 0950 | Loss: 0.1449 | Val: 0.4527 | Test: 0.4715 | Best Test: 0.5461
Epoch 1000 | Loss: 0.1540 | Val: 0.4540 | Test: 0.4715 | Best Test: 0.5461
Early stopping at epoch 1023
[sgpc] summary data_id=3 split=4 seed=0 spec=dense best_val=0.5213 val_selected_test=0.5417 val_selected_epoch=22 oracle_best_test=0.5461 last_epoch=1023
[repro] exit_code=0
[repro] runtime_seconds=113
[repro] finished_at=2026-09-12T17:01:00+08:00
