[splits] === data_id=4 split=1 2026-09-12T18:20:18+08:00
[repro] started_at=2026-09-12T18:20:19+08:00
[repro] run_id=20260912_182019_webkb_s0_s1_Squirrel_pid95547
[repro] repo_commit=114b585d0d0e32afbf1d7232dd04c013fa8453e2
[repro] tracked_patch_sha256=1095ac78920ad815a7d50e91c59b3499d4d3fa591780737b8d7d8a22e48955ef
[repro] main_py_sha256=aeda3a2dc4468512fd23af922ea88d72714355a6d4ffae29efba86c7dea51eb7
[repro] dataset=Squirrel data_id=4 env=dtgb cuda_visible_devices=0
[repro] data_link=/tmp/Squirrel -> /home/lab_user/project/lzc/repro/sgpc/data/Squirrel
[repro] command=python main.py 4 --split 1 --seed 0
[repro] resource_cap_ratio=85 threads=17 CPUQuota=1700% MemoryMax=55139365888 cuda_fraction=0.85
[repro] python=3.10.20 torch=2.2.1+cu121 pyg=2.8.0.post1 torch_sparse=0.6.18+pt22cu121
[repro] cuda=True gpu=NVIDIA GeForce RTX 3090
[cap] cores=17/20 CPUQuota=1700% MemoryMax=55139365888 cuda_fraction=0.85 mps=85 gpu_gov=1
Running as unit: run-p95691-i83676.scope; invocation ID: 11141b82baa046119a6b59c07788d315
[sgpc] config data_id=4 split=1 n_splits=10 seed=0 spec=dense max_epochs=2000 pacbayes_epoch=300
Epoch 0001 | Loss: 1.6424 | Val: 0.1869 | Test: 0.2104 | Best Test: 0.2104
Epoch 0002 | Loss: 1.6222 | Val: 0.1935 | Test: 0.2142 | Best Test: 0.2142
Epoch 0003 | Loss: 1.6008 | Val: 0.2446 | Test: 0.2709 | Best Test: 0.2709
Epoch 0004 | Loss: 1.5761 | Val: 0.3095 | Test: 0.3391 | Best Test: 0.3391
Epoch 0005 | Loss: 1.5533 | Val: 0.3329 | Test: 0.3199 | Best Test: 0.3391
Epoch 0007 | Loss: 1.5135 | Val: 0.3335 | Test: 0.3420 | Best Test: 0.3420
Epoch 0008 | Loss: 1.4925 | Val: 0.3347 | Test: 0.3679 | Best Test: 0.3679
Epoch 0009 | Loss: 1.4627 | Val: 0.3401 | Test: 0.3679 | Best Test: 0.3679
Epoch 0010 | Loss: 1.4412 | Val: 0.3438 | Test: 0.3689 | Best Test: 0.3689
Epoch 0012 | Loss: 1.3769 | Val: 0.3522 | Test: 0.3670 | Best Test: 0.3756
Epoch 0013 | Loss: 1.3588 | Val: 0.3528 | Test: 0.3573 | Best Test: 0.3756
Epoch 0014 | Loss: 1.3076 | Val: 0.3558 | Test: 0.3622 | Best Test: 0.3756
Epoch 0017 | Loss: 1.2170 | Val: 0.3558 | Test: 0.3593 | Best Test: 0.3756
Epoch 0018 | Loss: 1.1583 | Val: 0.3570 | Test: 0.3708 | Best Test: 0.3756
Epoch 0050 | Loss: 0.3377 | Val: 0.3209 | Test: 0.3180 | Best Test: 0.3766
Epoch 0100 | Loss: 0.1466 | Val: 0.3065 | Test: 0.3036 | Best Test: 0.3766
Epoch 0150 | Loss: 0.1021 | Val: 0.3041 | Test: 0.3055 | Best Test: 0.3766
Epoch 0200 | Loss: 0.0873 | Val: 0.3029 | Test: 0.2997 | Best Test: 0.3766
Epoch 0250 | Loss: 0.0909 | Val: 0.3077 | Test: 0.2959 | Best Test: 0.3766
Epoch 0300 | Loss: 0.0802 | Val: 0.3071 | Test: 0.2997 | Best Test: 0.3766
Epoch 0350 | Loss: 0.0869 | Val: 0.3071 | Test: 0.2978 | Best Test: 0.3766
Epoch 0400 | Loss: 0.0774 | Val: 0.3083 | Test: 0.2968 | Best Test: 0.3766
Epoch 0450 | Loss: 0.0788 | Val: 0.3089 | Test: 0.2968 | Best Test: 0.3766
Epoch 0500 | Loss: 0.0764 | Val: 0.3083 | Test: 0.2949 | Best Test: 0.3766
Epoch 0550 | Loss: 0.0872 | Val: 0.3071 | Test: 0.2959 | Best Test: 0.3766
Epoch 0600 | Loss: 0.0778 | Val: 0.3077 | Test: 0.2939 | Best Test: 0.3766
Epoch 0650 | Loss: 0.0808 | Val: 0.3077 | Test: 0.2939 | Best Test: 0.3766
Epoch 0700 | Loss: 0.0661 | Val: 0.3077 | Test: 0.2930 | Best Test: 0.3766
Epoch 0750 | Loss: 0.0762 | Val: 0.3071 | Test: 0.2930 | Best Test: 0.3766
Epoch 0800 | Loss: 0.0767 | Val: 0.3071 | Test: 0.2930 | Best Test: 0.3766
Epoch 0850 | Loss: 0.0816 | Val: 0.3083 | Test: 0.2939 | Best Test: 0.3766
Epoch 0900 | Loss: 0.0718 | Val: 0.3077 | Test: 0.2930 | Best Test: 0.3766
Epoch 0950 | Loss: 0.0727 | Val: 0.3083 | Test: 0.2930 | Best Test: 0.3766
Epoch 1000 | Loss: 0.0738 | Val: 0.3071 | Test: 0.2920 | Best Test: 0.3766
Early stopping at epoch 1019
[sgpc] summary data_id=4 split=1 seed=0 spec=dense best_val=0.3570 val_selected_test=0.3708 val_selected_epoch=18 oracle_best_test=0.3766 last_epoch=1019
[repro] exit_code=0
[repro] runtime_seconds=565
[repro] finished_at=2026-09-12T18:29:46+08:00
[repro] log_file=/home/lab_user/project/lzc/results/sgpc/runs/20260912_182019_webkb_s0_s1_Squirrel_pid95547.log
[splits] === data_id=4 split=2 2026-09-12T18:29:46+08:00
[repro] started_at=2026-09-12T18:29:47+08:00
[repro] run_id=20260912_182947_webkb_s0_s2_Squirrel_pid100038
[repro] repo_commit=114b585d0d0e32afbf1d7232dd04c013fa8453e2
[repro] tracked_patch_sha256=1095ac78920ad815a7d50e91c59b3499d4d3fa591780737b8d7d8a22e48955ef
[repro] main_py_sha256=aeda3a2dc4468512fd23af922ea88d72714355a6d4ffae29efba86c7dea51eb7
[repro] dataset=Squirrel data_id=4 env=dtgb cuda_visible_devices=0
[repro] data_link=/tmp/Squirrel -> /home/lab_user/project/lzc/repro/sgpc/data/Squirrel
[repro] command=python main.py 4 --split 2 --seed 0
[repro] resource_cap_ratio=85 threads=17 CPUQuota=1700% MemoryMax=55139365888 cuda_fraction=0.85
[repro] python=3.10.20 torch=2.2.1+cu121 pyg=2.8.0.post1 torch_sparse=0.6.18+pt22cu121
[repro] cuda=True gpu=NVIDIA GeForce RTX 3090
[cap] cores=17/20 CPUQuota=1700% MemoryMax=55139365888 cuda_fraction=0.85 mps=85 gpu_gov=1
Running as unit: run-p100145-i19164.scope; invocation ID: 9ca128778013488299ddec9128356df0
[sgpc] config data_id=4 split=2 n_splits=10 seed=0 spec=dense max_epochs=2000 pacbayes_epoch=300
Epoch 0001 | Loss: 1.6481 | Val: 0.2206 | Test: 0.1912 | Best Test: 0.1912
Epoch 0002 | Loss: 1.6240 | Val: 0.2230 | Test: 0.1921 | Best Test: 0.1921
Epoch 0003 | Loss: 1.5955 | Val: 0.2572 | Test: 0.2373 | Best Test: 0.2373
Epoch 0004 | Loss: 1.5733 | Val: 0.3137 | Test: 0.2891 | Best Test: 0.2891
Epoch 0005 | Loss: 1.5493 | Val: 0.3371 | Test: 0.3295 | Best Test: 0.3295
Epoch 0006 | Loss: 1.5356 | Val: 0.3377 | Test: 0.3285 | Best Test: 0.3295
Epoch 0007 | Loss: 1.5121 | Val: 0.3425 | Test: 0.3256 | Best Test: 0.3295
Epoch 0008 | Loss: 1.4911 | Val: 0.3564 | Test: 0.3506 | Best Test: 0.3506
Epoch 0009 | Loss: 1.4620 | Val: 0.3600 | Test: 0.3564 | Best Test: 0.3564
Epoch 0010 | Loss: 1.4367 | Val: 0.3600 | Test: 0.3401 | Best Test: 0.3564
Epoch 0015 | Loss: 1.2846 | Val: 0.3678 | Test: 0.3420 | Best Test: 0.3564
Epoch 0050 | Loss: 0.3550 | Val: 0.3251 | Test: 0.3026 | Best Test: 0.3564
Epoch 0100 | Loss: 0.1427 | Val: 0.3185 | Test: 0.2911 | Best Test: 0.3564
Epoch 0150 | Loss: 0.0951 | Val: 0.3149 | Test: 0.2815 | Best Test: 0.3564
Epoch 0200 | Loss: 0.0887 | Val: 0.3167 | Test: 0.2786 | Best Test: 0.3564
Epoch 0250 | Loss: 0.0729 | Val: 0.3167 | Test: 0.2815 | Best Test: 0.3564
Epoch 0300 | Loss: 0.0815 | Val: 0.3155 | Test: 0.2805 | Best Test: 0.3564
Epoch 0350 | Loss: 0.0764 | Val: 0.3161 | Test: 0.2805 | Best Test: 0.3564
Epoch 0400 | Loss: 0.0737 | Val: 0.3155 | Test: 0.2834 | Best Test: 0.3564
Epoch 0450 | Loss: 0.0787 | Val: 0.3161 | Test: 0.2824 | Best Test: 0.3564
Epoch 0500 | Loss: 0.0755 | Val: 0.3143 | Test: 0.2815 | Best Test: 0.3564
Epoch 0550 | Loss: 0.0789 | Val: 0.3149 | Test: 0.2805 | Best Test: 0.3564
Epoch 0600 | Loss: 0.0739 | Val: 0.3137 | Test: 0.2815 | Best Test: 0.3564
Epoch 0650 | Loss: 0.0784 | Val: 0.3143 | Test: 0.2834 | Best Test: 0.3564
Epoch 0700 | Loss: 0.0716 | Val: 0.3143 | Test: 0.2834 | Best Test: 0.3564
Epoch 0750 | Loss: 0.0761 | Val: 0.3131 | Test: 0.2824 | Best Test: 0.3564
Epoch 0800 | Loss: 0.0680 | Val: 0.3143 | Test: 0.2815 | Best Test: 0.3564
Epoch 0850 | Loss: 0.0718 | Val: 0.3137 | Test: 0.2815 | Best Test: 0.3564
Epoch 0900 | Loss: 0.0685 | Val: 0.3137 | Test: 0.2805 | Best Test: 0.3564
Epoch 0950 | Loss: 0.0750 | Val: 0.3137 | Test: 0.2824 | Best Test: 0.3564
Epoch 1000 | Loss: 0.0711 | Val: 0.3119 | Test: 0.2805 | Best Test: 0.3564
Early stopping at epoch 1016
[sgpc] summary data_id=4 split=2 seed=0 spec=dense best_val=0.3678 val_selected_test=0.3420 val_selected_epoch=15 oracle_best_test=0.3564 last_epoch=1016
[repro] exit_code=0
[repro] runtime_seconds=560
[repro] finished_at=2026-09-12T18:39:10+08:00
[repro] log_file=/home/lab_user/project/lzc/results/sgpc/runs/20260912_182947_webkb_s0_s2_Squirrel_pid100038.log
[splits] === data_id=4 split=3 2026-09-12T18:39:10+08:00
[repro] started_at=2026-09-12T18:39:11+08:00
[repro] run_id=20260912_183911_webkb_s0_s3_Squirrel_pid106197
[repro] repo_commit=114b585d0d0e32afbf1d7232dd04c013fa8453e2
[repro] tracked_patch_sha256=1095ac78920ad815a7d50e91c59b3499d4d3fa591780737b8d7d8a22e48955ef
[repro] main_py_sha256=aeda3a2dc4468512fd23af922ea88d72714355a6d4ffae29efba86c7dea51eb7
[repro] dataset=Squirrel data_id=4 env=dtgb cuda_visible_devices=0
[repro] data_link=/tmp/Squirrel -> /home/lab_user/project/lzc/repro/sgpc/data/Squirrel
[repro] command=python main.py 4 --split 3 --seed 0
[repro] resource_cap_ratio=85 threads=17 CPUQuota=1700% MemoryMax=55139365888 cuda_fraction=0.85
[repro] python=3.10.20 torch=2.2.1+cu121 pyg=2.8.0.post1 torch_sparse=0.6.18+pt22cu121
[repro] cuda=True gpu=NVIDIA GeForce RTX 3090
[cap] cores=17/20 CPUQuota=1700% MemoryMax=55139365888 cuda_fraction=0.85 mps=85 gpu_gov=1
Running as unit: run-p106281-i139939.scope; invocation ID: f76c0e20b9e84b3ea58c0e3883491f82
[sgpc] config data_id=4 split=3 n_splits=10 seed=0 spec=dense max_epochs=2000 pacbayes_epoch=300
Epoch 0001 | Loss: 1.6452 | Val: 0.2025 | Test: 0.2056 | Best Test: 0.2056
Epoch 0002 | Loss: 1.6237 | Val: 0.2037 | Test: 0.2075 | Best Test: 0.2075
Epoch 0003 | Loss: 1.5968 | Val: 0.2620 | Test: 0.2622 | Best Test: 0.2622
Epoch 0004 | Loss: 1.5664 | Val: 0.3305 | Test: 0.3420 | Best Test: 0.3420
Epoch 0007 | Loss: 1.5110 | Val: 0.3456 | Test: 0.3660 | Best Test: 0.3660
Epoch 0008 | Loss: 1.4877 | Val: 0.3486 | Test: 0.3650 | Best Test: 0.3660
Epoch 0009 | Loss: 1.4653 | Val: 0.3594 | Test: 0.3564 | Best Test: 0.3660
Epoch 0014 | Loss: 1.3153 | Val: 0.3612 | Test: 0.3622 | Best Test: 0.3660
Epoch 0050 | Loss: 0.3516 | Val: 0.3101 | Test: 0.3333 | Best Test: 0.3804
Epoch 0100 | Loss: 0.1289 | Val: 0.2873 | Test: 0.3256 | Best Test: 0.3804
Epoch 0150 | Loss: 0.0953 | Val: 0.2903 | Test: 0.3218 | Best Test: 0.3804
Epoch 0200 | Loss: 0.0819 | Val: 0.2873 | Test: 0.3180 | Best Test: 0.3804
Epoch 0250 | Loss: 0.0790 | Val: 0.2885 | Test: 0.3208 | Best Test: 0.3804
Epoch 0300 | Loss: 0.0748 | Val: 0.2861 | Test: 0.3160 | Best Test: 0.3804
Epoch 0350 | Loss: 0.0732 | Val: 0.2855 | Test: 0.3141 | Best Test: 0.3804
Epoch 0400 | Loss: 0.0803 | Val: 0.2843 | Test: 0.3141 | Best Test: 0.3804
Epoch 0450 | Loss: 0.0725 | Val: 0.2843 | Test: 0.3141 | Best Test: 0.3804
Epoch 0500 | Loss: 0.0723 | Val: 0.2855 | Test: 0.3141 | Best Test: 0.3804
Epoch 0550 | Loss: 0.0786 | Val: 0.2855 | Test: 0.3141 | Best Test: 0.3804
Epoch 0600 | Loss: 0.0766 | Val: 0.2849 | Test: 0.3151 | Best Test: 0.3804
Epoch 0650 | Loss: 0.0681 | Val: 0.2843 | Test: 0.3151 | Best Test: 0.3804
Epoch 0700 | Loss: 0.0688 | Val: 0.2843 | Test: 0.3141 | Best Test: 0.3804
Epoch 0750 | Loss: 0.0720 | Val: 0.2849 | Test: 0.3151 | Best Test: 0.3804
Epoch 0800 | Loss: 0.0707 | Val: 0.2831 | Test: 0.3160 | Best Test: 0.3804
Epoch 0850 | Loss: 0.0711 | Val: 0.2825 | Test: 0.3151 | Best Test: 0.3804
Epoch 0900 | Loss: 0.0646 | Val: 0.2819 | Test: 0.3151 | Best Test: 0.3804
Epoch 0950 | Loss: 0.0677 | Val: 0.2819 | Test: 0.3151 | Best Test: 0.3804
Epoch 1000 | Loss: 0.0666 | Val: 0.2819 | Test: 0.3151 | Best Test: 0.3804
Early stopping at epoch 1015
[sgpc] summary data_id=4 split=3 seed=0 spec=dense best_val=0.3612 val_selected_test=0.3622 val_selected_epoch=14 oracle_best_test=0.3804 last_epoch=1015
[repro] exit_code=0
[repro] runtime_seconds=561
[repro] finished_at=2026-09-12T18:48:34+08:00
[repro] log_file=/home/lab_user/project/lzc/results/sgpc/runs/20260912_183911_webkb_s0_s3_Squirrel_pid106197.log
[splits] === data_id=4 split=4 2026-09-12T18:48:34+08:00
[repro] started_at=2026-09-12T18:48:35+08:00
[repro] run_id=20260912_184835_webkb_s0_s4_Squirrel_pid110682
[repro] repo_commit=114b585d0d0e32afbf1d7232dd04c013fa8453e2
[repro] tracked_patch_sha256=1095ac78920ad815a7d50e91c59b3499d4d3fa591780737b8d7d8a22e48955ef
[repro] main_py_sha256=aeda3a2dc4468512fd23af922ea88d72714355a6d4ffae29efba86c7dea51eb7
[repro] dataset=Squirrel data_id=4 env=dtgb cuda_visible_devices=0
[repro] data_link=/tmp/Squirrel -> /home/lab_user/project/lzc/repro/sgpc/data/Squirrel
[repro] command=python main.py 4 --split 4 --seed 0
[repro] resource_cap_ratio=85 threads=17 CPUQuota=1700% MemoryMax=55139365888 cuda_fraction=0.85
[repro] python=3.10.20 torch=2.2.1+cu121 pyg=2.8.0.post1 torch_sparse=0.6.18+pt22cu121
[repro] cuda=True gpu=NVIDIA GeForce RTX 3090
[cap] cores=17/20 CPUQuota=1700% MemoryMax=55139365888 cuda_fraction=0.85 mps=85 gpu_gov=1
Running as unit: run-p110764-i105038.scope; invocation ID: 5f68fc3b00b44ba8905c55ab3bd60733
[sgpc] config data_id=4 split=4 n_splits=10 seed=0 spec=dense max_epochs=2000 pacbayes_epoch=300
Epoch 0001 | Loss: 1.6471 | Val: 0.2103 | Test: 0.2171 | Best Test: 0.2171
Epoch 0002 | Loss: 1.6202 | Val: 0.2236 | Test: 0.2267 | Best Test: 0.2267
Epoch 0003 | Loss: 1.5951 | Val: 0.2843 | Test: 0.2824 | Best Test: 0.2824
Epoch 0004 | Loss: 1.5678 | Val: 0.3263 | Test: 0.3622 | Best Test: 0.3622
Epoch 0005 | Loss: 1.5560 | Val: 0.3275 | Test: 0.3689 | Best Test: 0.3689
Epoch 0008 | Loss: 1.4857 | Val: 0.3419 | Test: 0.3842 | Best Test: 0.3842
Epoch 0012 | Loss: 1.3669 | Val: 0.3438 | Test: 0.3593 | Best Test: 0.3842
Epoch 0013 | Loss: 1.3537 | Val: 0.3474 | Test: 0.3670 | Best Test: 0.3842
Epoch 0050 | Loss: 0.3533 | Val: 0.3143 | Test: 0.3343 | Best Test: 0.3842
Epoch 0100 | Loss: 0.1450 | Val: 0.3125 | Test: 0.3343 | Best Test: 0.3842
Epoch 0150 | Loss: 0.1018 | Val: 0.3095 | Test: 0.3410 | Best Test: 0.3842
Epoch 0200 | Loss: 0.0888 | Val: 0.3059 | Test: 0.3372 | Best Test: 0.3842
Epoch 0250 | Loss: 0.0803 | Val: 0.3047 | Test: 0.3372 | Best Test: 0.3842
Epoch 0300 | Loss: 0.0724 | Val: 0.3065 | Test: 0.3401 | Best Test: 0.3842
Epoch 0350 | Loss: 0.0817 | Val: 0.3065 | Test: 0.3381 | Best Test: 0.3842
Epoch 0400 | Loss: 0.0703 | Val: 0.3065 | Test: 0.3381 | Best Test: 0.3842
Epoch 0450 | Loss: 0.0781 | Val: 0.3059 | Test: 0.3391 | Best Test: 0.3842
Epoch 0500 | Loss: 0.0752 | Val: 0.3065 | Test: 0.3372 | Best Test: 0.3842
Epoch 0550 | Loss: 0.0762 | Val: 0.3059 | Test: 0.3362 | Best Test: 0.3842
Epoch 0600 | Loss: 0.0895 | Val: 0.3065 | Test: 0.3372 | Best Test: 0.3842
Epoch 0650 | Loss: 0.0789 | Val: 0.3053 | Test: 0.3362 | Best Test: 0.3842
Epoch 0700 | Loss: 0.0678 | Val: 0.3041 | Test: 0.3353 | Best Test: 0.3842
Epoch 0750 | Loss: 0.0721 | Val: 0.3053 | Test: 0.3362 | Best Test: 0.3842
Epoch 0800 | Loss: 0.0717 | Val: 0.3047 | Test: 0.3381 | Best Test: 0.3842
Epoch 0850 | Loss: 0.0722 | Val: 0.3059 | Test: 0.3362 | Best Test: 0.3842
Epoch 0900 | Loss: 0.0712 | Val: 0.3053 | Test: 0.3372 | Best Test: 0.3842
Epoch 0950 | Loss: 0.0694 | Val: 0.3053 | Test: 0.3372 | Best Test: 0.3842
Epoch 1000 | Loss: 0.0763 | Val: 0.3053 | Test: 0.3372 | Best Test: 0.3842
Early stopping at epoch 1014
[sgpc] summary data_id=4 split=4 seed=0 spec=dense best_val=0.3474 val_selected_test=0.3670 val_selected_epoch=13 oracle_best_test=0.3842 last_epoch=1014
[repro] exit_code=0
[repro] runtime_seconds=563
[repro] finished_at=2026-09-12T18:58:01+08:00
[repro] log_file=/home/lab_user/project/lzc/results/sgpc/runs/20260912_184835_webkb_s0_s4_Squirrel_pid110682.log
[splits] === data_id=4 split=5 2026-09-12T18:58:01+08:00
[repro] started_at=2026-09-12T18:58:02+08:00
[repro] run_id=20260912_185802_webkb_s0_s5_Squirrel_pid114758
[repro] repo_commit=114b585d0d0e32afbf1d7232dd04c013fa8453e2
[repro] tracked_patch_sha256=1095ac78920ad815a7d50e91c59b3499d4d3fa591780737b8d7d8a22e48955ef
[repro] main_py_sha256=aeda3a2dc4468512fd23af922ea88d72714355a6d4ffae29efba86c7dea51eb7
[repro] dataset=Squirrel data_id=4 env=dtgb cuda_visible_devices=0
[repro] data_link=/tmp/Squirrel -> /home/lab_user/project/lzc/repro/sgpc/data/Squirrel
[repro] command=python main.py 4 --split 5 --seed 0
[repro] resource_cap_ratio=85 threads=17 CPUQuota=1700% MemoryMax=55139365888 cuda_fraction=0.85
[repro] python=3.10.20 torch=2.2.1+cu121 pyg=2.8.0.post1 torch_sparse=0.6.18+pt22cu121
[repro] cuda=True gpu=NVIDIA GeForce RTX 3090
[cap] cores=17/20 CPUQuota=1700% MemoryMax=55139365888 cuda_fraction=0.85 mps=85 gpu_gov=1
Running as unit: run-p114841-i2328.scope; invocation ID: 46fe8a76bd164262aa8201210ca944a2
[sgpc] config data_id=4 split=5 n_splits=10 seed=0 spec=dense max_epochs=2000 pacbayes_epoch=300
Epoch 0001 | Loss: 1.6493 | Val: 0.2308 | Test: 0.2161 | Best Test: 0.2161
Epoch 0002 | Loss: 1.6180 | Val: 0.2356 | Test: 0.2075 | Best Test: 0.2161
Epoch 0003 | Loss: 1.6012 | Val: 0.2861 | Test: 0.2824 | Best Test: 0.2824
Epoch 0004 | Loss: 1.5671 | Val: 0.3341 | Test: 0.3276 | Best Test: 0.3276
Epoch 0008 | Loss: 1.4863 | Val: 0.3359 | Test: 0.3458 | Best Test: 0.3458
Epoch 0009 | Loss: 1.4585 | Val: 0.3504 | Test: 0.3612 | Best Test: 0.3612
Epoch 0013 | Loss: 1.3553 | Val: 0.3516 | Test: 0.3631 | Best Test: 0.3641
Epoch 0015 | Loss: 1.2693 | Val: 0.3522 | Test: 0.3689 | Best Test: 0.3689
Epoch 0050 | Loss: 0.3356 | Val: 0.3131 | Test: 0.3410 | Best Test: 0.3689
Epoch 0100 | Loss: 0.1358 | Val: 0.2951 | Test: 0.3237 | Best Test: 0.3689
Epoch 0150 | Loss: 0.0980 | Val: 0.2915 | Test: 0.3122 | Best Test: 0.3689
Epoch 0200 | Loss: 0.0852 | Val: 0.2909 | Test: 0.3151 | Best Test: 0.3689
Epoch 0250 | Loss: 0.0772 | Val: 0.2897 | Test: 0.3103 | Best Test: 0.3689
Epoch 0300 | Loss: 0.0735 | Val: 0.2873 | Test: 0.3074 | Best Test: 0.3689
Epoch 0350 | Loss: 0.0725 | Val: 0.2873 | Test: 0.3064 | Best Test: 0.3689
Epoch 0400 | Loss: 0.0692 | Val: 0.2885 | Test: 0.3055 | Best Test: 0.3689
Epoch 0450 | Loss: 0.0758 | Val: 0.2891 | Test: 0.3055 | Best Test: 0.3689
Epoch 0500 | Loss: 0.0737 | Val: 0.2891 | Test: 0.3055 | Best Test: 0.3689
Epoch 0550 | Loss: 0.0716 | Val: 0.2903 | Test: 0.3055 | Best Test: 0.3689
Epoch 0600 | Loss: 0.0708 | Val: 0.2897 | Test: 0.3055 | Best Test: 0.3689
Epoch 0650 | Loss: 0.0774 | Val: 0.2891 | Test: 0.3055 | Best Test: 0.3689
Epoch 0700 | Loss: 0.0681 | Val: 0.2897 | Test: 0.3055 | Best Test: 0.3689
Epoch 0750 | Loss: 0.0722 | Val: 0.2903 | Test: 0.3045 | Best Test: 0.3689
Epoch 0800 | Loss: 0.0714 | Val: 0.2909 | Test: 0.3045 | Best Test: 0.3689
Epoch 0850 | Loss: 0.0726 | Val: 0.2891 | Test: 0.3036 | Best Test: 0.3689
Epoch 0900 | Loss: 0.0711 | Val: 0.2903 | Test: 0.3036 | Best Test: 0.3689
Epoch 0950 | Loss: 0.0674 | Val: 0.2903 | Test: 0.3036 | Best Test: 0.3689
Epoch 1000 | Loss: 0.0701 | Val: 0.2903 | Test: 0.3036 | Best Test: 0.3689
Early stopping at epoch 1016
[sgpc] summary data_id=4 split=5 seed=0 spec=dense best_val=0.3522 val_selected_test=0.3689 val_selected_epoch=15 oracle_best_test=0.3689 last_epoch=1016
[repro] exit_code=0
[repro] runtime_seconds=559
[repro] finished_at=2026-09-12T19:07:24+08:00
[repro] log_file=/home/lab_user/project/lzc/results/sgpc/runs/20260912_185802_webkb_s0_s5_Squirrel_pid114758.log
[splits] === data_id=4 split=6 2026-09-12T19:07:24+08:00
[repro] started_at=2026-09-12T19:07:25+08:00
[repro] run_id=20260912_190725_webkb_s0_s6_Squirrel_pid118261
[repro] repo_commit=114b585d0d0e32afbf1d7232dd04c013fa8453e2
[repro] tracked_patch_sha256=1095ac78920ad815a7d50e91c59b3499d4d3fa591780737b8d7d8a22e48955ef
[repro] main_py_sha256=aeda3a2dc4468512fd23af922ea88d72714355a6d4ffae29efba86c7dea51eb7
[repro] dataset=Squirrel data_id=4 env=dtgb cuda_visible_devices=0
[repro] data_link=/tmp/Squirrel -> /home/lab_user/project/lzc/repro/sgpc/data/Squirrel
[repro] command=python main.py 4 --split 6 --seed 0
[repro] resource_cap_ratio=85 threads=17 CPUQuota=1700% MemoryMax=55139365888 cuda_fraction=0.85
[repro] python=3.10.20 torch=2.2.1+cu121 pyg=2.8.0.post1 torch_sparse=0.6.18+pt22cu121
[repro] cuda=True gpu=NVIDIA GeForce RTX 3090
[cap] cores=17/20 CPUQuota=1700% MemoryMax=55139365888 cuda_fraction=0.85 mps=85 gpu_gov=1
Running as unit: run-p118348-i105414.scope; invocation ID: bb0c99bd872744f79243139a2f170559
[sgpc] config data_id=4 split=6 n_splits=10 seed=0 spec=dense max_epochs=2000 pacbayes_epoch=300
Epoch 0001 | Loss: 1.6514 | Val: 0.2254 | Test: 0.2382 | Best Test: 0.2382
Epoch 0002 | Loss: 1.6282 | Val: 0.2494 | Test: 0.2526 | Best Test: 0.2526
Epoch 0003 | Loss: 1.6033 | Val: 0.2782 | Test: 0.2824 | Best Test: 0.2824
Epoch 0004 | Loss: 1.5759 | Val: 0.3498 | Test: 0.3180 | Best Test: 0.3180
Epoch 0008 | Loss: 1.4952 | Val: 0.3624 | Test: 0.3535 | Best Test: 0.3535
Epoch 0009 | Loss: 1.4771 | Val: 0.3714 | Test: 0.3689 | Best Test: 0.3689
Epoch 0013 | Loss: 1.3777 | Val: 0.3750 | Test: 0.3525 | Best Test: 0.3718
Epoch 0015 | Loss: 1.2952 | Val: 0.3750 | Test: 0.3679 | Best Test: 0.3718
Epoch 0018 | Loss: 1.1837 | Val: 0.3762 | Test: 0.3583 | Best Test: 0.3718
Epoch 0019 | Loss: 1.1524 | Val: 0.3798 | Test: 0.3583 | Best Test: 0.3718
Epoch 0020 | Loss: 1.1249 | Val: 0.3834 | Test: 0.3602 | Best Test: 0.3718
Epoch 0050 | Loss: 0.3711 | Val: 0.3377 | Test: 0.2978 | Best Test: 0.3718
Epoch 0100 | Loss: 0.1506 | Val: 0.3191 | Test: 0.2853 | Best Test: 0.3718
Epoch 0150 | Loss: 0.0975 | Val: 0.3269 | Test: 0.2843 | Best Test: 0.3718
Epoch 0200 | Loss: 0.0847 | Val: 0.3227 | Test: 0.2853 | Best Test: 0.3718
Epoch 0250 | Loss: 0.0751 | Val: 0.3191 | Test: 0.2795 | Best Test: 0.3718
Epoch 0300 | Loss: 0.0725 | Val: 0.3179 | Test: 0.2795 | Best Test: 0.3718
Epoch 0350 | Loss: 0.0710 | Val: 0.3191 | Test: 0.2786 | Best Test: 0.3718
Epoch 0400 | Loss: 0.0733 | Val: 0.3185 | Test: 0.2795 | Best Test: 0.3718
Epoch 0450 | Loss: 0.0763 | Val: 0.3173 | Test: 0.2776 | Best Test: 0.3718
Epoch 0500 | Loss: 0.0698 | Val: 0.3197 | Test: 0.2795 | Best Test: 0.3718
Epoch 0550 | Loss: 0.0708 | Val: 0.3185 | Test: 0.2786 | Best Test: 0.3718
Epoch 0600 | Loss: 0.0679 | Val: 0.3179 | Test: 0.2795 | Best Test: 0.3718
Epoch 0650 | Loss: 0.0675 | Val: 0.3185 | Test: 0.2795 | Best Test: 0.3718
Epoch 0700 | Loss: 0.0705 | Val: 0.3197 | Test: 0.2786 | Best Test: 0.3718
Epoch 0750 | Loss: 0.0684 | Val: 0.3197 | Test: 0.2786 | Best Test: 0.3718
Epoch 0800 | Loss: 0.0705 | Val: 0.3185 | Test: 0.2795 | Best Test: 0.3718
Epoch 0850 | Loss: 0.0632 | Val: 0.3173 | Test: 0.2786 | Best Test: 0.3718
Epoch 0900 | Loss: 0.0672 | Val: 0.3167 | Test: 0.2776 | Best Test: 0.3718
Epoch 0950 | Loss: 0.0628 | Val: 0.3167 | Test: 0.2786 | Best Test: 0.3718
Epoch 1000 | Loss: 0.0706 | Val: 0.3167 | Test: 0.2776 | Best Test: 0.3718
Early stopping at epoch 1021
[sgpc] summary data_id=4 split=6 seed=0 spec=dense best_val=0.3834 val_selected_test=0.3602 val_selected_epoch=20 oracle_best_test=0.3718 last_epoch=1021
[repro] exit_code=0
[repro] runtime_seconds=563
[repro] finished_at=2026-09-12T19:16:51+08:00
[repro] log_file=/home/lab_user/project/lzc/results/sgpc/runs/20260912_190725_webkb_s0_s6_Squirrel_pid118261.log
[splits] === data_id=4 split=7 2026-09-12T19:16:52+08:00
[repro] started_at=2026-09-12T19:16:53+08:00
[repro] run_id=20260912_191653_webkb_s0_s7_Squirrel_pid122606
[repro] repo_commit=114b585d0d0e32afbf1d7232dd04c013fa8453e2
[repro] tracked_patch_sha256=1095ac78920ad815a7d50e91c59b3499d4d3fa591780737b8d7d8a22e48955ef
[repro] main_py_sha256=aeda3a2dc4468512fd23af922ea88d72714355a6d4ffae29efba86c7dea51eb7
[repro] dataset=Squirrel data_id=4 env=dtgb cuda_visible_devices=0
[repro] data_link=/tmp/Squirrel -> /home/lab_user/project/lzc/repro/sgpc/data/Squirrel
[repro] command=python main.py 4 --split 7 --seed 0
[repro] resource_cap_ratio=85 threads=17 CPUQuota=1700% MemoryMax=55139365888 cuda_fraction=0.85
[repro] python=3.10.20 torch=2.2.1+cu121 pyg=2.8.0.post1 torch_sparse=0.6.18+pt22cu121
[repro] cuda=True gpu=NVIDIA GeForce RTX 3090
[cap] cores=17/20 CPUQuota=1700% MemoryMax=55139365888 cuda_fraction=0.85 mps=85 gpu_gov=1
Running as unit: run-p122682-i117743.scope; invocation ID: 50f41ccd459a45cf93fcc2b39efed549
[sgpc] config data_id=4 split=7 n_splits=10 seed=0 spec=dense max_epochs=2000 pacbayes_epoch=300
Epoch 0001 | Loss: 1.6539 | Val: 0.1959 | Test: 0.1921 | Best Test: 0.1921
Epoch 0002 | Loss: 1.6202 | Val: 0.1977 | Test: 0.1931 | Best Test: 0.1931
Epoch 0003 | Loss: 1.5971 | Val: 0.2398 | Test: 0.2373 | Best Test: 0.2373
Epoch 0004 | Loss: 1.5689 | Val: 0.3053 | Test: 0.3199 | Best Test: 0.3199
Epoch 0005 | Loss: 1.5515 | Val: 0.3341 | Test: 0.3468 | Best Test: 0.3468
Epoch 0007 | Loss: 1.5159 | Val: 0.3407 | Test: 0.3602 | Best Test: 0.3602
Epoch 0008 | Loss: 1.4894 | Val: 0.3468 | Test: 0.3766 | Best Test: 0.3766
Epoch 0050 | Loss: 0.3483 | Val: 0.2999 | Test: 0.3305 | Best Test: 0.3862
Epoch 0100 | Loss: 0.1494 | Val: 0.2873 | Test: 0.3401 | Best Test: 0.3862
Epoch 0150 | Loss: 0.1178 | Val: 0.2957 | Test: 0.3381 | Best Test: 0.3862
Epoch 0200 | Loss: 0.1029 | Val: 0.2939 | Test: 0.3420 | Best Test: 0.3862
Epoch 0250 | Loss: 0.0961 | Val: 0.2927 | Test: 0.3420 | Best Test: 0.3862
Epoch 0300 | Loss: 0.0950 | Val: 0.2939 | Test: 0.3429 | Best Test: 0.3862
Epoch 0350 | Loss: 0.1011 | Val: 0.2927 | Test: 0.3429 | Best Test: 0.3862
Epoch 0400 | Loss: 0.0930 | Val: 0.2915 | Test: 0.3420 | Best Test: 0.3862
Epoch 0450 | Loss: 0.0842 | Val: 0.2915 | Test: 0.3420 | Best Test: 0.3862
Epoch 0500 | Loss: 0.0923 | Val: 0.2903 | Test: 0.3429 | Best Test: 0.3862
Epoch 0550 | Loss: 0.0844 | Val: 0.2915 | Test: 0.3429 | Best Test: 0.3862
Epoch 0600 | Loss: 0.0969 | Val: 0.2909 | Test: 0.3429 | Best Test: 0.3862
Epoch 0650 | Loss: 0.0856 | Val: 0.2915 | Test: 0.3401 | Best Test: 0.3862
Epoch 0700 | Loss: 0.0832 | Val: 0.2903 | Test: 0.3410 | Best Test: 0.3862
Epoch 0750 | Loss: 0.0923 | Val: 0.2891 | Test: 0.3391 | Best Test: 0.3862
Epoch 0800 | Loss: 0.0811 | Val: 0.2897 | Test: 0.3410 | Best Test: 0.3862
Epoch 0850 | Loss: 0.0836 | Val: 0.2885 | Test: 0.3401 | Best Test: 0.3862
Epoch 0900 | Loss: 0.0796 | Val: 0.2885 | Test: 0.3391 | Best Test: 0.3862
Epoch 0950 | Loss: 0.0804 | Val: 0.2873 | Test: 0.3381 | Best Test: 0.3862
Epoch 1000 | Loss: 0.0875 | Val: 0.2879 | Test: 0.3391 | Best Test: 0.3862
Early stopping at epoch 1009
[sgpc] summary data_id=4 split=7 seed=0 spec=dense best_val=0.3468 val_selected_test=0.3766 val_selected_epoch=8 oracle_best_test=0.3862 last_epoch=1009
[repro] exit_code=0
[repro] runtime_seconds=556
[repro] finished_at=2026-09-12T19:26:11+08:00
[repro] log_file=/home/lab_user/project/lzc/results/sgpc/runs/20260912_191653_webkb_s0_s7_Squirrel_pid122606.log
[splits] === data_id=4 split=8 2026-09-12T19:26:12+08:00
[repro] started_at=2026-09-12T19:26:12+08:00
[repro] run_id=20260912_192612_webkb_s0_s8_Squirrel_pid126320
[repro] repo_commit=114b585d0d0e32afbf1d7232dd04c013fa8453e2
[repro] tracked_patch_sha256=1095ac78920ad815a7d50e91c59b3499d4d3fa591780737b8d7d8a22e48955ef
[repro] main_py_sha256=aeda3a2dc4468512fd23af922ea88d72714355a6d4ffae29efba86c7dea51eb7
[repro] dataset=Squirrel data_id=4 env=dtgb cuda_visible_devices=0
[repro] data_link=/tmp/Squirrel -> /home/lab_user/project/lzc/repro/sgpc/data/Squirrel
[repro] command=python main.py 4 --split 8 --seed 0
[repro] resource_cap_ratio=85 threads=17 CPUQuota=1700% MemoryMax=55139365888 cuda_fraction=0.85
[repro] python=3.10.20 torch=2.2.1+cu121 pyg=2.8.0.post1 torch_sparse=0.6.18+pt22cu121
[repro] cuda=True gpu=NVIDIA GeForce RTX 3090
[cap] cores=17/20 CPUQuota=1700% MemoryMax=55139365888 cuda_fraction=0.85 mps=85 gpu_gov=1
Running as unit: run-p126396-i136616.scope; invocation ID: d388daab9afc4101905efa1c050a0bf9
[sgpc] config data_id=4 split=8 n_splits=10 seed=0 spec=dense max_epochs=2000 pacbayes_epoch=300
Epoch 0001 | Loss: 1.6541 | Val: 0.2115 | Test: 0.2037 | Best Test: 0.2037
Epoch 0003 | Loss: 1.5963 | Val: 0.2181 | Test: 0.2161 | Best Test: 0.2161
Epoch 0004 | Loss: 1.5730 | Val: 0.2891 | Test: 0.2997 | Best Test: 0.2997
Epoch 0005 | Loss: 1.5519 | Val: 0.3347 | Test: 0.3305 | Best Test: 0.3305
Epoch 0006 | Loss: 1.5351 | Val: 0.3419 | Test: 0.3237 | Best Test: 0.3305
Epoch 0008 | Loss: 1.4911 | Val: 0.3468 | Test: 0.3458 | Best Test: 0.3458
Epoch 0009 | Loss: 1.4672 | Val: 0.3546 | Test: 0.3641 | Best Test: 0.3641
Epoch 0015 | Loss: 1.2858 | Val: 0.3558 | Test: 0.3602 | Best Test: 0.3718
Epoch 0016 | Loss: 1.2488 | Val: 0.3570 | Test: 0.3660 | Best Test: 0.3718
Epoch 0017 | Loss: 1.2272 | Val: 0.3642 | Test: 0.3650 | Best Test: 0.3718
Epoch 0050 | Loss: 0.3549 | Val: 0.3191 | Test: 0.3305 | Best Test: 0.3718
Epoch 0100 | Loss: 0.1390 | Val: 0.3143 | Test: 0.3266 | Best Test: 0.3718
Epoch 0150 | Loss: 0.1086 | Val: 0.3089 | Test: 0.3247 | Best Test: 0.3718
Epoch 0200 | Loss: 0.0943 | Val: 0.3047 | Test: 0.3295 | Best Test: 0.3718
Epoch 0250 | Loss: 0.0862 | Val: 0.3035 | Test: 0.3228 | Best Test: 0.3718
Epoch 0300 | Loss: 0.0825 | Val: 0.3017 | Test: 0.3247 | Best Test: 0.3718
Epoch 0350 | Loss: 0.0780 | Val: 0.3029 | Test: 0.3208 | Best Test: 0.3718
Epoch 0400 | Loss: 0.0736 | Val: 0.3017 | Test: 0.3247 | Best Test: 0.3718
Epoch 0450 | Loss: 0.0753 | Val: 0.3011 | Test: 0.3228 | Best Test: 0.3718
Epoch 0500 | Loss: 0.0777 | Val: 0.3023 | Test: 0.3218 | Best Test: 0.3718
Epoch 0550 | Loss: 0.0745 | Val: 0.3023 | Test: 0.3218 | Best Test: 0.3718
Epoch 0600 | Loss: 0.0761 | Val: 0.3017 | Test: 0.3208 | Best Test: 0.3718
Epoch 0650 | Loss: 0.0733 | Val: 0.3017 | Test: 0.3199 | Best Test: 0.3718
Epoch 0700 | Loss: 0.0713 | Val: 0.3017 | Test: 0.3208 | Best Test: 0.3718
Epoch 0750 | Loss: 0.0717 | Val: 0.3017 | Test: 0.3189 | Best Test: 0.3718
Epoch 0800 | Loss: 0.0719 | Val: 0.3017 | Test: 0.3208 | Best Test: 0.3718
Epoch 0850 | Loss: 0.0738 | Val: 0.3029 | Test: 0.3228 | Best Test: 0.3718
Epoch 0900 | Loss: 0.0702 | Val: 0.3017 | Test: 0.3237 | Best Test: 0.3718
Epoch 0950 | Loss: 0.0735 | Val: 0.3017 | Test: 0.3237 | Best Test: 0.3718
Epoch 1000 | Loss: 0.0626 | Val: 0.3029 | Test: 0.3218 | Best Test: 0.3718
Early stopping at epoch 1018
[sgpc] summary data_id=4 split=8 seed=0 spec=dense best_val=0.3642 val_selected_test=0.3650 val_selected_epoch=17 oracle_best_test=0.3718 last_epoch=1018
[repro] exit_code=0
[repro] runtime_seconds=562
[repro] finished_at=2026-09-12T19:35:37+08:00
[repro] log_file=/home/lab_user/project/lzc/results/sgpc/runs/20260912_192612_webkb_s0_s8_Squirrel_pid126320.log
[splits] === data_id=4 split=9 2026-09-12T19:35:37+08:00
[repro] started_at=2026-09-12T19:35:38+08:00
[repro] run_id=20260912_193538_webkb_s0_s9_Squirrel_pid129739
[repro] repo_commit=114b585d0d0e32afbf1d7232dd04c013fa8453e2
[repro] tracked_patch_sha256=1095ac78920ad815a7d50e91c59b3499d4d3fa591780737b8d7d8a22e48955ef
[repro] main_py_sha256=aeda3a2dc4468512fd23af922ea88d72714355a6d4ffae29efba86c7dea51eb7
[repro] dataset=Squirrel data_id=4 env=dtgb cuda_visible_devices=0
[repro] data_link=/tmp/Squirrel -> /home/lab_user/project/lzc/repro/sgpc/data/Squirrel
[repro] command=python main.py 4 --split 9 --seed 0
[repro] resource_cap_ratio=85 threads=17 CPUQuota=1700% MemoryMax=55139365888 cuda_fraction=0.85
[repro] python=3.10.20 torch=2.2.1+cu121 pyg=2.8.0.post1 torch_sparse=0.6.18+pt22cu121
[repro] cuda=True gpu=NVIDIA GeForce RTX 3090
[cap] cores=17/20 CPUQuota=1700% MemoryMax=55139365888 cuda_fraction=0.85 mps=85 gpu_gov=1
Running as unit: run-p129821-i93753.scope; invocation ID: 42ef1d92967542288258366db5b5a801
[sgpc] config data_id=4 split=9 n_splits=10 seed=0 spec=dense max_epochs=2000 pacbayes_epoch=300
Epoch 0001 | Loss: 1.6437 | Val: 0.2302 | Test: 0.2459 | Best Test: 0.2459
Epoch 0002 | Loss: 1.6201 | Val: 0.2410 | Test: 0.2315 | Best Test: 0.2459
Epoch 0003 | Loss: 1.5964 | Val: 0.3017 | Test: 0.2815 | Best Test: 0.2815
Epoch 0004 | Loss: 1.5729 | Val: 0.3371 | Test: 0.3218 | Best Test: 0.3218
Epoch 0005 | Loss: 1.5548 | Val: 0.3377 | Test: 0.3333 | Best Test: 0.3333
Epoch 0008 | Loss: 1.4836 | Val: 0.3480 | Test: 0.3477 | Best Test: 0.3477
Epoch 0009 | Loss: 1.4638 | Val: 0.3570 | Test: 0.3401 | Best Test: 0.3477
Epoch 0014 | Loss: 1.2983 | Val: 0.3606 | Test: 0.3256 | Best Test: 0.3477
Epoch 0015 | Loss: 1.2715 | Val: 0.3636 | Test: 0.3343 | Best Test: 0.3477
Epoch 0019 | Loss: 1.1352 | Val: 0.3666 | Test: 0.3314 | Best Test: 0.3477
Epoch 0022 | Loss: 1.0142 | Val: 0.3684 | Test: 0.3266 | Best Test: 0.3477
Epoch 0050 | Loss: 0.3513 | Val: 0.3257 | Test: 0.3026 | Best Test: 0.3477
Epoch 0100 | Loss: 0.1435 | Val: 0.3203 | Test: 0.2939 | Best Test: 0.3477
Epoch 0150 | Loss: 0.0927 | Val: 0.3167 | Test: 0.2930 | Best Test: 0.3477
Epoch 0200 | Loss: 0.0836 | Val: 0.3119 | Test: 0.2930 | Best Test: 0.3477
Epoch 0250 | Loss: 0.0665 | Val: 0.3107 | Test: 0.2901 | Best Test: 0.3477
Epoch 0300 | Loss: 0.0689 | Val: 0.3107 | Test: 0.2882 | Best Test: 0.3477
Epoch 0350 | Loss: 0.0670 | Val: 0.3101 | Test: 0.2911 | Best Test: 0.3477
Epoch 0400 | Loss: 0.0623 | Val: 0.3119 | Test: 0.2901 | Best Test: 0.3477
Epoch 0450 | Loss: 0.0735 | Val: 0.3119 | Test: 0.2949 | Best Test: 0.3477
Epoch 0500 | Loss: 0.0744 | Val: 0.3113 | Test: 0.2920 | Best Test: 0.3477
Epoch 0550 | Loss: 0.0645 | Val: 0.3107 | Test: 0.2930 | Best Test: 0.3477
Epoch 0600 | Loss: 0.0650 | Val: 0.3101 | Test: 0.2949 | Best Test: 0.3477
Epoch 0650 | Loss: 0.0725 | Val: 0.3089 | Test: 0.2939 | Best Test: 0.3477
Epoch 0700 | Loss: 0.0608 | Val: 0.3107 | Test: 0.2939 | Best Test: 0.3477
Epoch 0750 | Loss: 0.0661 | Val: 0.3101 | Test: 0.2920 | Best Test: 0.3477
Epoch 0800 | Loss: 0.0603 | Val: 0.3095 | Test: 0.2930 | Best Test: 0.3477
Epoch 0850 | Loss: 0.0657 | Val: 0.3107 | Test: 0.2911 | Best Test: 0.3477
Epoch 0900 | Loss: 0.0615 | Val: 0.3107 | Test: 0.2930 | Best Test: 0.3477
Epoch 0950 | Loss: 0.0624 | Val: 0.3095 | Test: 0.2920 | Best Test: 0.3477
Epoch 1000 | Loss: 0.0641 | Val: 0.3095 | Test: 0.2920 | Best Test: 0.3477
Early stopping at epoch 1023
[sgpc] summary data_id=4 split=9 seed=0 spec=dense best_val=0.3684 val_selected_test=0.3266 val_selected_epoch=22 oracle_best_test=0.3477 last_epoch=1023
[repro] exit_code=0
[repro] runtime_seconds=565
[repro] finished_at=2026-09-12T19:45:06+08:00
[repro] log_file=/home/lab_user/project/lzc/results/sgpc/runs/20260912_193538_webkb_s0_s9_Squirrel_pid129739.log
[splits] done 2026-09-12T19:45:07+08:00
