[repro] paper=mavn
[repro] started_at=2026-09-12T19:45:47+08:00
[repro] run_id=20260912_194547_smoke_minesweeper_2ep_pid133905
[repro] repo_commit=3773c40a753a08528aa73c641c4f991ba4cfd4e5
[repro] env=dtgb cwd=/home/lab_user/project/lzc/repro/mavn/code
[repro] command=python train.py --exp KDD2026 --log_name MAVN_smoke --seed 0 --dataset_name minesweeper --split 0 --task Node Classification --eval_metric AUCROC --model_name MAVN --base_model GraphSAGE-TunedGNN --dim_pe 0 --dim 64 --dim_dot 64 --num_VN 80 --num_head 1 --act ReLU --normalize BatchNorm --num_layer 15 --num_mlp_layer 1 --num_pred_mlp_layer 1 --norm_N GraphNorm --norm_VN None --aggr_VN normalized_sigmoid --log_w 0.2 --pe None --pe_norm None --num_pe 0 --loss_function CE --optimizer Adam --lr_max 5e-2 --grad_clip 0.0 --warmup_epoch 300 --restart_epoch 2700 --dropout 0.2 --num_epoch 2 --batch_size -1 --tau_end 0.1 --tau_epoch 1500 --pred_mlp_layer_init default --res --no_write
[repro] resource_cap_ratio=85 threads=17
[repro] python=3.10.20 torch=2.2.1+cu121 cuda=True gpu=NVIDIA GeForce RTX 3090
[cap] cores=17/20 CPUQuota=1700% MemoryMax=55139365888 cuda_fraction=0.85 mps=85 gpu_gov=1
Running as unit: run-p133970-i106161.scope; invocation ID: 8d0419d7976e4d11a049448572ed625a
2026-09-12 19:45:51,173 - INFO - 133970
2026-09-12 19:45:51,645 - INFO - Dataset Loaded!
2026-09-12 19:45:51,645 - INFO - total graphs:1, total nodes:10000, avg nodes:10000.0, mean deg:7.8804, total edges:78804, avg edges:78804.0
2026-09-12 19:45:52,490 - INFO - exp:KDD2026
2026-09-12 19:45:52,490 - INFO - log_name:MAVN_smoke
2026-09-12 19:45:52,490 - INFO - no_write:True
2026-09-12 19:45:52,490 - INFO - seed:0
2026-09-12 19:45:52,490 - INFO - save:False
2026-09-12 19:45:52,490 - INFO - dataset_name:minesweeper
2026-09-12 19:45:52,490 - INFO - split:0
2026-09-12 19:45:52,490 - INFO - dataset_dir:../datasets/
2026-09-12 19:45:52,490 - INFO - task:Node Classification
2026-09-12 19:45:52,490 - INFO - multi_label:False
2026-09-12 19:45:52,490 - INFO - eval_metric:AUCROC
2026-09-12 19:45:52,490 - INFO - model_name:MAVN
2026-09-12 19:45:52,490 - INFO - base_model:GraphSAGE-TunedGNN
2026-09-12 19:45:52,490 - INFO - dim_pe:0
2026-09-12 19:45:52,490 - INFO - dim_in:64
2026-09-12 19:45:52,490 - INFO - dim_out:64
2026-09-12 19:45:52,490 - INFO - dim_dot:64
2026-09-12 19:45:52,490 - INFO - dim_mlp:64
2026-09-12 19:45:52,490 - INFO - dim:64
2026-09-12 19:45:52,491 - INFO - num_VN:80
2026-09-12 19:45:52,491 - INFO - num_head:1
2026-09-12 19:45:52,491 - INFO - act:ReLU
2026-09-12 19:45:52,491 - INFO - normalize:BatchNorm
2026-09-12 19:45:52,491 - INFO - num_layer:15
2026-09-12 19:45:52,491 - INFO - num_mlp_layer:1
2026-09-12 19:45:52,491 - INFO - num_pred_mlp_layer:1
2026-09-12 19:45:52,491 - INFO - pred_mlp_layer_init:default
2026-09-12 19:45:52,491 - INFO - normalize_before_pred:False
2026-09-12 19:45:52,491 - INFO - res:True
2026-09-12 19:45:52,491 - INFO - readout:mean
2026-09-12 19:45:52,491 - INFO - norm_N:GraphNorm
2026-09-12 19:45:52,491 - INFO - norm_VN:None
2026-09-12 19:45:52,491 - INFO - aggr_VN:normalized_sigmoid
2026-09-12 19:45:52,491 - INFO - log_w:0.2
2026-09-12 19:45:52,491 - INFO - pe:None
2026-09-12 19:45:52,491 - INFO - pe_norm:None
2026-09-12 19:45:52,491 - INFO - num_pe:0
2026-09-12 19:45:52,491 - INFO - loss_function:CE
2026-09-12 19:45:52,491 - INFO - optimizer:Adam
2026-09-12 19:45:52,491 - INFO - scheduler:CosLRLinearWarmupRestart
2026-09-12 19:45:52,491 - INFO - lr_max:0.05
2026-09-12 19:45:52,491 - INFO - lr_min:0.0
2026-09-12 19:45:52,491 - INFO - grad_clip:0.0
2026-09-12 19:45:52,491 - INFO - warmup_epoch:300
2026-09-12 19:45:52,491 - INFO - restart_epoch:2700
2026-09-12 19:45:52,491 - INFO - restart_mult:1
2026-09-12 19:45:52,491 - INFO - smoothing:0.0
2026-09-12 19:45:52,491 - INFO - weight_decay:0.0
2026-09-12 19:45:52,491 - INFO - dropout:0.2
2026-09-12 19:45:52,491 - INFO - start_epoch:0
2026-09-12 19:45:52,491 - INFO - num_epoch:2
2026-09-12 19:45:52,491 - INFO - batch_size:-1
2026-09-12 19:45:52,491 - INFO - tau_start:10.0
2026-09-12 19:45:52,491 - INFO - tau_end:0.1
2026-09-12 19:45:52,491 - INFO - threshold:0.5
2026-09-12 19:45:52,491 - INFO - tau_epoch:1500
2026-09-12 19:45:52,491 - INFO - weighted_loss:False
2026-09-12 19:45:52,491 - INFO - val_dur:1
2026-09-12 19:45:52,491 - INFO - val_size:100
2026-09-12 19:45:52,491 - INFO - Args Listed!
2026-09-12 19:45:52,492 - INFO - Num params:392463
2026-09-12 19:45:52,492 - INFO - MAVN(
  (normalize): Identity()
  (enc_N): Identity()
  (enc_E): LinearEncoder(
    (layer): Linear(in_features=1, out_features=7, bias=True)
  )
  (enc_pe): Identity()
  (pe_norm): Identity()
  (layers): ModuleList(
    (0): SAGELayer_TunedGNN(
      (act): ReLU()
      (normalize): BatchNorm1d(64, eps=1e-05, momentum=0.1, affine=True, track_running_stats=True)
      (W): Linear(in_features=7, out_features=64, bias=True)
      (W_r): Linear(in_features=7, out_features=64, bias=True)
      (drop): Dropout(p=0.2, inplace=False)
      (W2): Linear(in_features=7, out_features=64, bias=True)
    )
    (1-14): 14 x SAGELayer_TunedGNN(
      (act): ReLU()
      (normalize): BatchNorm1d(64, eps=1e-05, momentum=0.1, affine=True, track_running_stats=True)
      (W): Linear(in_features=64, out_features=64, bias=True)
      (W_r): Linear(in_features=64, out_features=64, bias=True)
      (drop): Dropout(p=0.2, inplace=False)
      (W2): Linear(in_features=64, out_features=64, bias=True)
    )
  )
  (mlp): Sequential(
    (lin1): Linear(in_features=64, out_features=2, bias=True)
  )
  (MessagePathGenerators): ModuleList(
    (0): MessagePathGenerator(
      (drop): Dropout(p=0.2, inplace=False)
      (Q): Sequential(
        (lin0): Linear(in_features=7, out_features=64, bias=True)
      )
    )
    (1-14): 14 x MessagePathGenerator(
      (drop): Dropout(p=0.2, inplace=False)
      (Q): Sequential(
        (lin0): Linear(in_features=64, out_features=64, bias=True)
      )
    )
  )
)
  0%|          | 0/1 [00:00<?, ?it/s]---layer #0---
/home/lab_user/project/lzc/repro/mavn/code/model_utils.py:13: UserWarning: index_reduce() is in beta and the API may change at any time. (Triggered internally at ../aten/src/ATen/native/cuda/Indexing.cu:1191.)
  max_per_group = torch.zeros([num_groups]+list(logits.shape)[1:]).cuda().index_reduce(dim = 0, index  = groups, source = logits.detach().clone(), reduce = "amax", include_self = False)
avg VNs: 7.0
avg VEs: 17525.0
---layer #1---
avg VNs: 2.0
avg VEs: 5503.0
---layer #2---
avg VNs: 3.0
avg VEs: 7976.0
---layer #3---
avg VNs: 3.0
avg VEs: 7849.0
---layer #4---
avg VNs: 1.0
avg VEs: 2878.0
---layer #5---
avg VNs: 2.0
avg VEs: 5523.0
---layer #6---
avg VNs: 5.0
avg VEs: 12587.0
---layer #7---
avg VNs: 2.0
avg VEs: 5510.0
---layer #8---
avg VNs: 3.0
avg VEs: 7970.0
---layer #9---
avg VNs: 2.0
avg VEs: 5457.0
---layer #10---
avg VNs: 0.0
---layer #11---
avg VNs: 3.0
avg VEs: 8044.0
---layer #12---
avg VNs: 1.0
avg VEs: 2933.0
---layer #13---
avg VNs: 4.0
avg VEs: 10350.0
---layer #14---
avg VNs: 4.0
avg VEs: 10335.0
#VNs:42 #VEs: 110440.0 VN freqs: [0, 0, 0, 1, 1, 1, 0, 0, 1, 1, 0, 0, 0, 1, 1, 1, 0, 0, 1, 1, 0, 1, 1, 1, 1, 1, 1, 0, 1, 0, 1, 0, 0, 1, 0, 0, 1, 1, 0, 0, 1, 1, 0, 1, 1, 0, 0, 1, 1, 1, 0, 1, 0, 1, 1, 0, 0, 0, 1, 1, 0, 1, 1, 0, 0, 1, 0, 0, 0, 0, 0, 1, 1, 1, 0, 0, 1, 1, 0, 1]
100%|██████████| 1/1 [00:00<00:00,  1.32it/s]100%|██████████| 1/1 [00:00<00:00,  1.32it/s]
2026-09-12 19:45:53,261 - INFO - Epoch 1 GPU:7202142208 Task Loss:0.817 #avg_VN:42.000 #avg_VE:110440.0
2026-09-12 19:45:53,261 - INFO - Epoch 1 Layer 0 (Train) VNs:7.0, VEs:17525.0, VN freqs:[0.0, 0.0, 0.0, 1.0, 1.0, 0.0, 0.0, 0.0, 0.0, 0.0, 0.0, 0.0, 0.0, 1.0, 0.0, 0.0, 0.0, 0.0, 0.0, 0.0, 0.0, 0.0, 0.0, 0.0, 0.0, 0.0, 0.0, 0.0, 1.0, 0.0, 0.0, 0.0, 0.0, 0.0, 0.0, 0.0, 0.0, 1.0, 0.0, 0.0, 0.0, 0.0, 0.0, 0.0, 1.0, 0.0, 0.0, 0.0, 0.0, 0.0, 0.0, 0.0, 0.0, 0.0, 0.0, 0.0, 0.0, 0.0, 0.0, 0.0, 0.0, 0.0, 0.0, 0.0, 0.0, 0.0, 0.0, 0.0, 0.0, 0.0, 0.0, 0.0, 0.0, 0.0, 0.0, 0.0, 0.0, 0.0, 0.0, 1.0]
2026-09-12 19:45:53,261 - INFO - Epoch 1 Layer 1 (Train) VNs:2.0, VEs:5503.0, VN freqs:[0.0, 0.0, 0.0, 0.0, 0.0, 0.0, 0.0, 0.0, 0.0, 0.0, 0.0, 0.0, 0.0, 0.0, 1.0, 0.0, 0.0, 0.0, 0.0, 0.0, 0.0, 0.0, 0.0, 0.0, 0.0, 0.0, 0.0, 0.0, 0.0, 0.0, 0.0, 0.0, 0.0, 0.0, 0.0, 0.0, 0.0, 0.0, 0.0, 0.0, 0.0, 0.0, 0.0, 0.0, 0.0, 0.0, 0.0, 0.0, 0.0, 0.0, 0.0, 0.0, 0.0, 0.0, 0.0, 0.0, 0.0, 0.0, 0.0, 0.0, 0.0, 0.0, 0.0, 0.0, 0.0, 0.0, 0.0, 0.0, 0.0, 0.0, 0.0, 1.0, 0.0, 0.0, 0.0, 0.0, 0.0, 0.0, 0.0, 0.0]
2026-09-12 19:45:53,261 - INFO - Epoch 1 Layer 2 (Train) VNs:3.0, VEs:7976.0, VN freqs:[0.0, 0.0, 0.0, 0.0, 0.0, 0.0, 0.0, 0.0, 0.0, 0.0, 0.0, 0.0, 0.0, 0.0, 0.0, 0.0, 0.0, 0.0, 0.0, 0.0, 0.0, 0.0, 0.0, 1.0, 0.0, 0.0, 0.0, 0.0, 0.0, 0.0, 0.0, 0.0, 0.0, 0.0, 0.0, 0.0, 0.0, 0.0, 0.0, 0.0, 0.0, 0.0, 0.0, 0.0, 0.0, 0.0, 0.0, 0.0, 0.0, 0.0, 0.0, 0.0, 0.0, 0.0, 1.0, 0.0, 0.0, 0.0, 1.0, 0.0, 0.0, 0.0, 0.0, 0.0, 0.0, 0.0, 0.0, 0.0, 0.0, 0.0, 0.0, 0.0, 0.0, 0.0, 0.0, 0.0, 0.0, 0.0, 0.0, 0.0]
2026-09-12 19:45:53,261 - INFO - Epoch 1 Layer 3 (Train) VNs:3.0, VEs:7849.0, VN freqs:[0.0, 0.0, 0.0, 0.0, 0.0, 0.0, 0.0, 0.0, 0.0, 0.0, 0.0, 0.0, 0.0, 0.0, 0.0, 0.0, 0.0, 0.0, 0.0, 0.0, 0.0, 1.0, 0.0, 0.0, 0.0, 0.0, 0.0, 0.0, 0.0, 0.0, 0.0, 0.0, 0.0, 0.0, 0.0, 0.0, 0.0, 0.0, 0.0, 0.0, 0.0, 0.0, 0.0, 0.0, 0.0, 0.0, 0.0, 0.0, 0.0, 1.0, 0.0, 0.0, 0.0, 0.0, 0.0, 0.0, 0.0, 0.0, 0.0, 0.0, 0.0, 0.0, 0.0, 0.0, 0.0, 1.0, 0.0, 0.0, 0.0, 0.0, 0.0, 0.0, 0.0, 0.0, 0.0, 0.0, 0.0, 0.0, 0.0, 0.0]
2026-09-12 19:45:53,262 - INFO - Epoch 1 Layer 4 (Train) VNs:1.0, VEs:2878.0, VN freqs:[0.0, 0.0, 0.0, 0.0, 0.0, 0.0, 0.0, 0.0, 0.0, 0.0, 0.0, 0.0, 0.0, 0.0, 0.0, 0.0, 0.0, 0.0, 0.0, 0.0, 0.0, 0.0, 0.0, 0.0, 0.0, 0.0, 0.0, 0.0, 0.0, 0.0, 0.0, 0.0, 0.0, 0.0, 0.0, 0.0, 0.0, 0.0, 0.0, 0.0, 0.0, 0.0, 0.0, 0.0, 0.0, 0.0, 0.0, 0.0, 0.0, 0.0, 0.0, 0.0, 0.0, 0.0, 0.0, 0.0, 0.0, 0.0, 0.0, 0.0, 0.0, 0.0, 0.0, 0.0, 0.0, 0.0, 0.0, 0.0, 0.0, 0.0, 0.0, 0.0, 0.0, 1.0, 0.0, 0.0, 0.0, 0.0, 0.0, 0.0]
2026-09-12 19:45:53,262 - INFO - Epoch 1 Layer 5 (Train) VNs:2.0, VEs:5523.0, VN freqs:[0.0, 0.0, 0.0, 0.0, 0.0, 0.0, 0.0, 0.0, 0.0, 0.0, 0.0, 0.0, 0.0, 0.0, 0.0, 0.0, 0.0, 0.0, 0.0, 0.0, 0.0, 0.0, 0.0, 0.0, 0.0, 0.0, 0.0, 0.0, 0.0, 0.0, 0.0, 0.0, 0.0, 0.0, 0.0, 0.0, 1.0, 0.0, 0.0, 0.0, 0.0, 0.0, 0.0, 0.0, 0.0, 0.0, 0.0, 0.0, 0.0, 0.0, 0.0, 0.0, 0.0, 0.0, 0.0, 0.0, 0.0, 0.0, 0.0, 0.0, 0.0, 0.0, 1.0, 0.0, 0.0, 0.0, 0.0, 0.0, 0.0, 0.0, 0.0, 0.0, 0.0, 0.0, 0.0, 0.0, 0.0, 0.0, 0.0, 0.0]
2026-09-12 19:45:53,262 - INFO - Epoch 1 Layer 6 (Train) VNs:5.0, VEs:12587.0, VN freqs:[0.0, 0.0, 0.0, 0.0, 0.0, 0.0, 0.0, 0.0, 0.0, 0.0, 0.0, 0.0, 0.0, 0.0, 0.0, 0.0, 0.0, 0.0, 1.0, 0.0, 0.0, 0.0, 1.0, 0.0, 0.0, 0.0, 0.0, 0.0, 0.0, 0.0, 0.0, 0.0, 0.0, 0.0, 0.0, 0.0, 0.0, 0.0, 0.0, 0.0, 0.0, 1.0, 0.0, 0.0, 0.0, 0.0, 0.0, 0.0, 0.0, 0.0, 0.0, 1.0, 0.0, 0.0, 0.0, 0.0, 0.0, 0.0, 0.0, 0.0, 0.0, 0.0, 0.0, 0.0, 0.0, 0.0, 0.0, 0.0, 0.0, 0.0, 0.0, 0.0, 0.0, 0.0, 0.0, 0.0, 0.0, 1.0, 0.0, 0.0]
2026-09-12 19:45:53,262 - INFO - Epoch 1 Layer 7 (Train) VNs:2.0, VEs:5510.0, VN freqs:[0.0, 0.0, 0.0, 0.0, 0.0, 0.0, 0.0, 0.0, 0.0, 0.0, 0.0, 0.0, 0.0, 0.0, 0.0, 0.0, 0.0, 0.0, 0.0, 0.0, 0.0, 0.0, 0.0, 0.0, 1.0, 0.0, 0.0, 0.0, 0.0, 0.0, 0.0, 0.0, 0.0, 0.0, 0.0, 0.0, 0.0, 0.0, 0.0, 0.0, 1.0, 0.0, 0.0, 0.0, 0.0, 0.0, 0.0, 0.0, 0.0, 0.0, 0.0, 0.0, 0.0, 0.0, 0.0, 0.0, 0.0, 0.0, 0.0, 0.0, 0.0, 0.0, 0.0, 0.0, 0.0, 0.0, 0.0, 0.0, 0.0, 0.0, 0.0, 0.0, 0.0, 0.0, 0.0, 0.0, 0.0, 0.0, 0.0, 0.0]
2026-09-12 19:45:53,262 - INFO - Epoch 1 Layer 8 (Train) VNs:3.0, VEs:7970.0, VN freqs:[0.0, 0.0, 0.0, 0.0, 0.0, 0.0, 0.0, 0.0, 0.0, 0.0, 0.0, 0.0, 0.0, 0.0, 0.0, 0.0, 0.0, 0.0, 0.0, 0.0, 0.0, 0.0, 0.0, 0.0, 0.0, 0.0, 0.0, 0.0, 0.0, 0.0, 1.0, 0.0, 0.0, 1.0, 0.0, 0.0, 0.0, 0.0, 0.0, 0.0, 0.0, 0.0, 0.0, 1.0, 0.0, 0.0, 0.0, 0.0, 0.0, 0.0, 0.0, 0.0, 0.0, 0.0, 0.0, 0.0, 0.0, 0.0, 0.0, 0.0, 0.0, 0.0, 0.0, 0.0, 0.0, 0.0, 0.0, 0.0, 0.0, 0.0, 0.0, 0.0, 0.0, 0.0, 0.0, 0.0, 0.0, 0.0, 0.0, 0.0]
2026-09-12 19:45:53,262 - INFO - Epoch 1 Layer 9 (Train) VNs:2.0, VEs:5457.0, VN freqs:[0.0, 0.0, 0.0, 0.0, 0.0, 0.0, 0.0, 0.0, 0.0, 0.0, 0.0, 0.0, 0.0, 0.0, 0.0, 0.0, 0.0, 0.0, 0.0, 0.0, 0.0, 0.0, 0.0, 0.0, 0.0, 0.0, 0.0, 0.0, 0.0, 0.0, 0.0, 0.0, 0.0, 0.0, 0.0, 0.0, 0.0, 0.0, 0.0, 0.0, 0.0, 0.0, 0.0, 0.0, 0.0, 0.0, 0.0, 1.0, 0.0, 0.0, 0.0, 0.0, 0.0, 0.0, 0.0, 0.0, 0.0, 0.0, 0.0, 0.0, 0.0, 0.0, 0.0, 0.0, 0.0, 0.0, 0.0, 0.0, 0.0, 0.0, 0.0, 0.0, 0.0, 0.0, 0.0, 0.0, 1.0, 0.0, 0.0, 0.0]
2026-09-12 19:45:53,262 - INFO - Epoch 1 Layer 10 (Train) VNs:0.0, VEs:0.0, VN freqs:[0.0, 0.0, 0.0, 0.0, 0.0, 0.0, 0.0, 0.0, 0.0, 0.0, 0.0, 0.0, 0.0, 0.0, 0.0, 0.0, 0.0, 0.0, 0.0, 0.0, 0.0, 0.0, 0.0, 0.0, 0.0, 0.0, 0.0, 0.0, 0.0, 0.0, 0.0, 0.0, 0.0, 0.0, 0.0, 0.0, 0.0, 0.0, 0.0, 0.0, 0.0, 0.0, 0.0, 0.0, 0.0, 0.0, 0.0, 0.0, 0.0, 0.0, 0.0, 0.0, 0.0, 0.0, 0.0, 0.0, 0.0, 0.0, 0.0, 0.0, 0.0, 0.0, 0.0, 0.0, 0.0, 0.0, 0.0, 0.0, 0.0, 0.0, 0.0, 0.0, 0.0, 0.0, 0.0, 0.0, 0.0, 0.0, 0.0, 0.0]
2026-09-12 19:45:53,262 - INFO - Epoch 1 Layer 11 (Train) VNs:3.0, VEs:8044.0, VN freqs:[0.0, 0.0, 0.0, 0.0, 0.0, 0.0, 0.0, 0.0, 0.0, 1.0, 0.0, 0.0, 0.0, 0.0, 0.0, 1.0, 0.0, 0.0, 0.0, 0.0, 0.0, 0.0, 0.0, 0.0, 0.0, 0.0, 0.0, 0.0, 0.0, 0.0, 0.0, 0.0, 0.0, 0.0, 0.0, 0.0, 0.0, 0.0, 0.0, 0.0, 0.0, 0.0, 0.0, 0.0, 0.0, 0.0, 0.0, 0.0, 0.0, 0.0, 0.0, 0.0, 0.0, 0.0, 0.0, 0.0, 0.0, 0.0, 0.0, 0.0, 0.0, 0.0, 0.0, 0.0, 0.0, 0.0, 0.0, 0.0, 0.0, 0.0, 0.0, 0.0, 1.0, 0.0, 0.0, 0.0, 0.0, 0.0, 0.0, 0.0]
2026-09-12 19:45:53,263 - INFO - Epoch 1 Layer 12 (Train) VNs:1.0, VEs:2933.0, VN freqs:[0.0, 0.0, 0.0, 0.0, 0.0, 0.0, 0.0, 0.0, 1.0, 0.0, 0.0, 0.0, 0.0, 0.0, 0.0, 0.0, 0.0, 0.0, 0.0, 0.0, 0.0, 0.0, 0.0, 0.0, 0.0, 0.0, 0.0, 0.0, 0.0, 0.0, 0.0, 0.0, 0.0, 0.0, 0.0, 0.0, 0.0, 0.0, 0.0, 0.0, 0.0, 0.0, 0.0, 0.0, 0.0, 0.0, 0.0, 0.0, 0.0, 0.0, 0.0, 0.0, 0.0, 0.0, 0.0, 0.0, 0.0, 0.0, 0.0, 0.0, 0.0, 0.0, 0.0, 0.0, 0.0, 0.0, 0.0, 0.0, 0.0, 0.0, 0.0, 0.0, 0.0, 0.0, 0.0, 0.0, 0.0, 0.0, 0.0, 0.0]
2026-09-12 19:45:53,263 - INFO - Epoch 1 Layer 13 (Train) VNs:4.0, VEs:10350.0, VN freqs:[0.0, 0.0, 0.0, 0.0, 0.0, 0.0, 0.0, 0.0, 0.0, 0.0, 0.0, 0.0, 0.0, 0.0, 0.0, 0.0, 0.0, 0.0, 0.0, 0.0, 0.0, 0.0, 0.0, 0.0, 0.0, 1.0, 0.0, 0.0, 0.0, 0.0, 0.0, 0.0, 0.0, 0.0, 0.0, 0.0, 0.0, 0.0, 0.0, 0.0, 0.0, 0.0, 0.0, 0.0, 0.0, 0.0, 0.0, 0.0, 0.0, 0.0, 0.0, 0.0, 0.0, 1.0, 0.0, 0.0, 0.0, 0.0, 0.0, 1.0, 0.0, 1.0, 0.0, 0.0, 0.0, 0.0, 0.0, 0.0, 0.0, 0.0, 0.0, 0.0, 0.0, 0.0, 0.0, 0.0, 0.0, 0.0, 0.0, 0.0]
2026-09-12 19:45:53,263 - INFO - Epoch 1 Layer 14 (Train) VNs:4.0, VEs:10335.0, VN freqs:[0.0, 0.0, 0.0, 0.0, 0.0, 1.0, 0.0, 0.0, 0.0, 0.0, 0.0, 0.0, 0.0, 0.0, 0.0, 0.0, 0.0, 0.0, 0.0, 1.0, 0.0, 0.0, 0.0, 0.0, 0.0, 0.0, 1.0, 0.0, 0.0, 0.0, 0.0, 0.0, 0.0, 0.0, 0.0, 0.0, 0.0, 0.0, 0.0, 0.0, 0.0, 0.0, 0.0, 0.0, 0.0, 0.0, 0.0, 0.0, 1.0, 0.0, 0.0, 0.0, 0.0, 0.0, 0.0, 0.0, 0.0, 0.0, 0.0, 0.0, 0.0, 0.0, 0.0, 0.0, 0.0, 0.0, 0.0, 0.0, 0.0, 0.0, 0.0, 0.0, 0.0, 0.0, 0.0, 0.0, 0.0, 0.0, 0.0, 0.0]
2026-09-12 19:45:53,263 - INFO - Epoch 1 (Train) VN freqs:[0.0, 0.0, 0.0, 1.0, 1.0, 1.0, 0.0, 0.0, 1.0, 1.0, 0.0, 0.0, 0.0, 1.0, 1.0, 1.0, 0.0, 0.0, 1.0, 1.0, 0.0, 1.0, 1.0, 1.0, 1.0, 1.0, 1.0, 0.0, 1.0, 0.0, 1.0, 0.0, 0.0, 1.0, 0.0, 0.0, 1.0, 1.0, 0.0, 0.0, 1.0, 1.0, 0.0, 1.0, 1.0, 0.0, 0.0, 1.0, 1.0, 1.0, 0.0, 1.0, 0.0, 1.0, 1.0, 0.0, 0.0, 0.0, 1.0, 1.0, 0.0, 1.0, 1.0, 0.0, 0.0, 1.0, 0.0, 0.0, 0.0, 0.0, 0.0, 1.0, 1.0, 1.0, 0.0, 0.0, 1.0, 1.0, 0.0, 1.0]
  0%|          | 0/1 [00:00<?, ?it/s]---layer #0---
avg VNs: 2.0
avg VEs: 5418.0
---layer #1---
avg VNs: 4.0
avg VEs: 10344.0
---layer #2---
avg VNs: 8.0
avg VEs: 19644.0
---layer #3---
avg VNs: 4.0
avg VEs: 10296.0
---layer #4---
avg VNs: 5.0
avg VEs: 12673.0
---layer #5---
avg VNs: 4.0
avg VEs: 10356.0
---layer #6---
avg VNs: 5.0
avg VEs: 12619.0
---layer #7---
avg VNs: 4.0
avg VEs: 10163.0
---layer #8---
avg VNs: 5.0
avg VEs: 12683.0
---layer #9---
avg VNs: 3.0
avg VEs: 7932.0
---layer #10---
avg VNs: 1.0
avg VEs: 2837.0
---layer #11---
avg VNs: 4.0
avg VEs: 10361.0
---layer #12---
avg VNs: 1.0
avg VEs: 2809.0
---layer #13---
avg VNs: 1.0
avg VEs: 2818.0
---layer #14---
avg VNs: 0.0
#VNs:51 #VEs: 130953.0 VN freqs: [1, 1, 1, 0, 0, 1, 1, 0, 0, 1, 0, 1, 1, 1, 1, 1, 0, 0, 0, 1, 0, 1, 1, 0, 0, 0, 1, 1, 1, 0, 0, 1, 1, 1, 0, 1, 1, 0, 1, 1, 1, 1, 0, 0, 1, 1, 1, 1, 1, 1, 1, 1, 1, 0, 1, 1, 0, 0, 0, 1, 1, 0, 0, 1, 1, 0, 0, 1, 1, 0, 1, 1, 1, 0, 1, 1, 0, 1, 1, 1]
100%|██████████| 1/1 [00:00<00:00,  1.65it/s]100%|██████████| 1/1 [00:00<00:00,  1.65it/s]
2026-09-12 19:45:53,872 - INFO - Epoch 2 GPU:7202142208 Task Loss:0.813 #avg_VN:51.000 #avg_VE:130953.0
2026-09-12 19:45:53,872 - INFO - Epoch 2 Layer 0 (Train) VNs:2.0, VEs:5418.0, VN freqs:[0.0, 0.0, 0.0, 0.0, 0.0, 0.0, 1.0, 0.0, 0.0, 0.0, 0.0, 1.0, 0.0, 0.0, 0.0, 0.0, 0.0, 0.0, 0.0, 0.0, 0.0, 0.0, 0.0, 0.0, 0.0, 0.0, 0.0, 0.0, 0.0, 0.0, 0.0, 0.0, 0.0, 0.0, 0.0, 0.0, 0.0, 0.0, 0.0, 0.0, 0.0, 0.0, 0.0, 0.0, 0.0, 0.0, 0.0, 0.0, 0.0, 0.0, 0.0, 0.0, 0.0, 0.0, 0.0, 0.0, 0.0, 0.0, 0.0, 0.0, 0.0, 0.0, 0.0, 0.0, 0.0, 0.0, 0.0, 0.0, 0.0, 0.0, 0.0, 0.0, 0.0, 0.0, 0.0, 0.0, 0.0, 0.0, 0.0, 0.0]
2026-09-12 19:45:53,872 - INFO - Epoch 2 Layer 1 (Train) VNs:4.0, VEs:10344.0, VN freqs:[1.0, 0.0, 0.0, 0.0, 0.0, 0.0, 0.0, 0.0, 0.0, 0.0, 0.0, 0.0, 0.0, 0.0, 0.0, 0.0, 0.0, 0.0, 0.0, 0.0, 0.0, 0.0, 0.0, 0.0, 0.0, 0.0, 0.0, 0.0, 1.0, 0.0, 0.0, 0.0, 0.0, 0.0, 0.0, 0.0, 0.0, 0.0, 1.0, 0.0, 0.0, 0.0, 0.0, 0.0, 0.0, 0.0, 0.0, 0.0, 0.0, 0.0, 0.0, 0.0, 0.0, 0.0, 0.0, 0.0, 0.0, 0.0, 0.0, 0.0, 0.0, 0.0, 0.0, 0.0, 0.0, 0.0, 0.0, 0.0, 0.0, 0.0, 0.0, 1.0, 0.0, 0.0, 0.0, 0.0, 0.0, 0.0, 0.0, 0.0]
2026-09-12 19:45:53,872 - INFO - Epoch 2 Layer 2 (Train) VNs:8.0, VEs:19644.0, VN freqs:[0.0, 1.0, 1.0, 0.0, 0.0, 1.0, 0.0, 0.0, 0.0, 0.0, 0.0, 0.0, 0.0, 1.0, 0.0, 0.0, 0.0, 0.0, 0.0, 0.0, 0.0, 0.0, 0.0, 0.0, 0.0, 0.0, 1.0, 0.0, 0.0, 0.0, 0.0, 0.0, 1.0, 0.0, 0.0, 0.0, 0.0, 0.0, 0.0, 0.0, 0.0, 0.0, 0.0, 0.0, 0.0, 0.0, 0.0, 1.0, 0.0, 0.0, 0.0, 0.0, 0.0, 0.0, 0.0, 0.0, 0.0, 0.0, 0.0, 0.0, 0.0, 0.0, 0.0, 0.0, 0.0, 0.0, 0.0, 0.0, 0.0, 0.0, 0.0, 0.0, 1.0, 0.0, 0.0, 0.0, 0.0, 0.0, 0.0, 0.0]
2026-09-12 19:45:53,873 - INFO - Epoch 2 Layer 3 (Train) VNs:4.0, VEs:10296.0, VN freqs:[0.0, 0.0, 0.0, 0.0, 0.0, 0.0, 0.0, 0.0, 0.0, 0.0, 0.0, 0.0, 0.0, 0.0, 0.0, 0.0, 0.0, 0.0, 0.0, 0.0, 0.0, 1.0, 0.0, 0.0, 0.0, 0.0, 0.0, 0.0, 0.0, 0.0, 0.0, 0.0, 0.0, 0.0, 0.0, 0.0, 0.0, 0.0, 0.0, 0.0, 0.0, 0.0, 0.0, 0.0, 0.0, 0.0, 0.0, 0.0, 0.0, 0.0, 0.0, 0.0, 0.0, 0.0, 0.0, 0.0, 0.0, 0.0, 0.0, 0.0, 1.0, 0.0, 0.0, 1.0, 0.0, 0.0, 0.0, 0.0, 0.0, 0.0, 0.0, 0.0, 0.0, 0.0, 1.0, 0.0, 0.0, 0.0, 0.0, 0.0]
2026-09-12 19:45:53,873 - INFO - Epoch 2 Layer 4 (Train) VNs:5.0, VEs:12673.0, VN freqs:[0.0, 0.0, 0.0, 0.0, 0.0, 0.0, 0.0, 0.0, 0.0, 0.0, 0.0, 0.0, 0.0, 0.0, 0.0, 0.0, 0.0, 0.0, 0.0, 0.0, 0.0, 0.0, 0.0, 0.0, 0.0, 0.0, 0.0, 0.0, 0.0, 0.0, 0.0, 0.0, 0.0, 1.0, 0.0, 0.0, 1.0, 0.0, 0.0, 0.0, 0.0, 0.0, 0.0, 0.0, 0.0, 0.0, 1.0, 0.0, 0.0, 0.0, 1.0, 0.0, 0.0, 0.0, 1.0, 0.0, 0.0, 0.0, 0.0, 0.0, 0.0, 0.0, 0.0, 0.0, 0.0, 0.0, 0.0, 0.0, 0.0, 0.0, 0.0, 0.0, 0.0, 0.0, 0.0, 0.0, 0.0, 0.0, 0.0, 0.0]
2026-09-12 19:45:53,873 - INFO - Epoch 2 Layer 5 (Train) VNs:4.0, VEs:10356.0, VN freqs:[0.0, 0.0, 0.0, 0.0, 0.0, 0.0, 0.0, 0.0, 0.0, 0.0, 0.0, 0.0, 0.0, 0.0, 0.0, 0.0, 0.0, 0.0, 0.0, 0.0, 0.0, 0.0, 0.0, 0.0, 0.0, 0.0, 0.0, 0.0, 0.0, 0.0, 0.0, 0.0, 0.0, 0.0, 0.0, 0.0, 0.0, 0.0, 0.0, 0.0, 0.0, 0.0, 0.0, 0.0, 0.0, 0.0, 0.0, 0.0, 1.0, 0.0, 0.0, 0.0, 1.0, 0.0, 0.0, 0.0, 0.0, 0.0, 0.0, 1.0, 0.0, 0.0, 0.0, 0.0, 0.0, 0.0, 0.0, 0.0, 0.0, 0.0, 0.0, 0.0, 0.0, 0.0, 0.0, 1.0, 0.0, 0.0, 0.0, 0.0]
2026-09-12 19:45:53,873 - INFO - Epoch 2 Layer 6 (Train) VNs:5.0, VEs:12619.0, VN freqs:[0.0, 0.0, 0.0, 0.0, 0.0, 0.0, 0.0, 0.0, 0.0, 1.0, 0.0, 0.0, 0.0, 0.0, 0.0, 0.0, 0.0, 0.0, 0.0, 0.0, 0.0, 0.0, 0.0, 0.0, 0.0, 0.0, 0.0, 0.0, 0.0, 0.0, 0.0, 0.0, 0.0, 0.0, 0.0, 0.0, 0.0, 0.0, 0.0, 1.0, 0.0, 1.0, 0.0, 0.0, 1.0, 0.0, 0.0, 0.0, 0.0, 0.0, 0.0, 0.0, 0.0, 0.0, 0.0, 0.0, 0.0, 0.0, 0.0, 0.0, 0.0, 0.0, 0.0, 0.0, 0.0, 0.0, 0.0, 0.0, 0.0, 0.0, 0.0, 0.0, 0.0, 0.0, 0.0, 0.0, 0.0, 0.0, 0.0, 1.0]
2026-09-12 19:45:53,873 - INFO - Epoch 2 Layer 7 (Train) VNs:4.0, VEs:10163.0, VN freqs:[0.0, 0.0, 0.0, 0.0, 0.0, 0.0, 0.0, 0.0, 0.0, 0.0, 0.0, 0.0, 0.0, 0.0, 0.0, 0.0, 0.0, 0.0, 0.0, 0.0, 0.0, 0.0, 0.0, 0.0, 0.0, 0.0, 0.0, 0.0, 0.0, 0.0, 0.0, 0.0, 0.0, 0.0, 0.0, 0.0, 0.0, 0.0, 0.0, 0.0, 0.0, 0.0, 0.0, 0.0, 0.0, 1.0, 0.0, 0.0, 0.0, 0.0, 0.0, 1.0, 0.0, 0.0, 0.0, 1.0, 0.0, 0.0, 0.0, 0.0, 0.0, 0.0, 0.0, 0.0, 0.0, 0.0, 0.0, 1.0, 0.0, 0.0, 0.0, 0.0, 0.0, 0.0, 0.0, 0.0, 0.0, 0.0, 0.0, 0.0]
2026-09-12 19:45:53,873 - INFO - Epoch 2 Layer 8 (Train) VNs:5.0, VEs:12683.0, VN freqs:[0.0, 0.0, 0.0, 0.0, 0.0, 0.0, 0.0, 0.0, 0.0, 0.0, 0.0, 0.0, 0.0, 0.0, 0.0, 0.0, 0.0, 0.0, 0.0, 1.0, 0.0, 0.0, 0.0, 0.0, 0.0, 0.0, 0.0, 1.0, 0.0, 0.0, 0.0, 1.0, 0.0, 0.0, 0.0, 1.0, 0.0, 0.0, 0.0, 0.0, 0.0, 0.0, 0.0, 0.0, 0.0, 0.0, 0.0, 0.0, 0.0, 0.0, 0.0, 0.0, 0.0, 0.0, 0.0, 0.0, 0.0, 0.0, 0.0, 0.0, 0.0, 0.0, 0.0, 0.0, 0.0, 0.0, 0.0, 0.0, 0.0, 0.0, 0.0, 0.0, 0.0, 0.0, 0.0, 0.0, 0.0, 1.0, 0.0, 0.0]
2026-09-12 19:45:53,873 - INFO - Epoch 2 Layer 9 (Train) VNs:3.0, VEs:7932.0, VN freqs:[0.0, 0.0, 0.0, 0.0, 0.0, 0.0, 0.0, 0.0, 0.0, 0.0, 0.0, 0.0, 0.0, 0.0, 0.0, 0.0, 0.0, 0.0, 0.0, 0.0, 0.0, 0.0, 0.0, 0.0, 0.0, 0.0, 0.0, 0.0, 0.0, 0.0, 0.0, 0.0, 0.0, 0.0, 0.0, 0.0, 0.0, 0.0, 0.0, 0.0, 0.0, 0.0, 0.0, 0.0, 0.0, 0.0, 0.0, 0.0, 0.0, 0.0, 0.0, 0.0, 0.0, 0.0, 0.0, 0.0, 0.0, 0.0, 0.0, 0.0, 0.0, 0.0, 0.0, 0.0, 1.0, 0.0, 0.0, 0.0, 1.0, 0.0, 0.0, 0.0, 0.0, 0.0, 0.0, 0.0, 0.0, 0.0, 1.0, 0.0]
2026-09-12 19:45:53,873 - INFO - Epoch 2 Layer 10 (Train) VNs:1.0, VEs:2837.0, VN freqs:[0.0, 0.0, 0.0, 0.0, 0.0, 0.0, 0.0, 0.0, 0.0, 0.0, 0.0, 0.0, 1.0, 0.0, 0.0, 0.0, 0.0, 0.0, 0.0, 0.0, 0.0, 0.0, 0.0, 0.0, 0.0, 0.0, 0.0, 0.0, 0.0, 0.0, 0.0, 0.0, 0.0, 0.0, 0.0, 0.0, 0.0, 0.0, 0.0, 0.0, 0.0, 0.0, 0.0, 0.0, 0.0, 0.0, 0.0, 0.0, 0.0, 0.0, 0.0, 0.0, 0.0, 0.0, 0.0, 0.0, 0.0, 0.0, 0.0, 0.0, 0.0, 0.0, 0.0, 0.0, 0.0, 0.0, 0.0, 0.0, 0.0, 0.0, 0.0, 0.0, 0.0, 0.0, 0.0, 0.0, 0.0, 0.0, 0.0, 0.0]
2026-09-12 19:45:53,874 - INFO - Epoch 2 Layer 11 (Train) VNs:4.0, VEs:10361.0, VN freqs:[0.0, 0.0, 0.0, 0.0, 0.0, 0.0, 0.0, 0.0, 0.0, 0.0, 0.0, 0.0, 0.0, 0.0, 0.0, 1.0, 0.0, 0.0, 0.0, 0.0, 0.0, 0.0, 1.0, 0.0, 0.0, 0.0, 0.0, 0.0, 0.0, 0.0, 0.0, 0.0, 0.0, 0.0, 0.0, 0.0, 0.0, 0.0, 0.0, 0.0, 1.0, 0.0, 0.0, 0.0, 0.0, 0.0, 0.0, 0.0, 0.0, 1.0, 0.0, 0.0, 0.0, 0.0, 0.0, 0.0, 0.0, 0.0, 0.0, 0.0, 0.0, 0.0, 0.0, 0.0, 0.0, 0.0, 0.0, 0.0, 0.0, 0.0, 0.0, 0.0, 0.0, 0.0, 0.0, 0.0, 0.0, 0.0, 0.0, 0.0]
2026-09-12 19:45:53,874 - INFO - Epoch 2 Layer 12 (Train) VNs:1.0, VEs:2809.0, VN freqs:[0.0, 0.0, 0.0, 0.0, 0.0, 0.0, 0.0, 0.0, 0.0, 0.0, 0.0, 0.0, 0.0, 0.0, 0.0, 0.0, 0.0, 0.0, 0.0, 0.0, 0.0, 0.0, 0.0, 0.0, 0.0, 0.0, 0.0, 0.0, 0.0, 0.0, 0.0, 0.0, 0.0, 0.0, 0.0, 0.0, 0.0, 0.0, 0.0, 0.0, 0.0, 0.0, 0.0, 0.0, 0.0, 0.0, 0.0, 0.0, 0.0, 0.0, 0.0, 0.0, 0.0, 0.0, 0.0, 0.0, 0.0, 0.0, 0.0, 0.0, 0.0, 0.0, 0.0, 0.0, 0.0, 0.0, 0.0, 0.0, 0.0, 0.0, 1.0, 0.0, 0.0, 0.0, 0.0, 0.0, 0.0, 0.0, 0.0, 0.0]
2026-09-12 19:45:53,874 - INFO - Epoch 2 Layer 13 (Train) VNs:1.0, VEs:2818.0, VN freqs:[0.0, 0.0, 0.0, 0.0, 0.0, 0.0, 0.0, 0.0, 0.0, 0.0, 0.0, 0.0, 0.0, 0.0, 1.0, 0.0, 0.0, 0.0, 0.0, 0.0, 0.0, 0.0, 0.0, 0.0, 0.0, 0.0, 0.0, 0.0, 0.0, 0.0, 0.0, 0.0, 0.0, 0.0, 0.0, 0.0, 0.0, 0.0, 0.0, 0.0, 0.0, 0.0, 0.0, 0.0, 0.0, 0.0, 0.0, 0.0, 0.0, 0.0, 0.0, 0.0, 0.0, 0.0, 0.0, 0.0, 0.0, 0.0, 0.0, 0.0, 0.0, 0.0, 0.0, 0.0, 0.0, 0.0, 0.0, 0.0, 0.0, 0.0, 0.0, 0.0, 0.0, 0.0, 0.0, 0.0, 0.0, 0.0, 0.0, 0.0]
2026-09-12 19:45:53,874 - INFO - Epoch 2 Layer 14 (Train) VNs:0.0, VEs:0.0, VN freqs:[0.0, 0.0, 0.0, 0.0, 0.0, 0.0, 0.0, 0.0, 0.0, 0.0, 0.0, 0.0, 0.0, 0.0, 0.0, 0.0, 0.0, 0.0, 0.0, 0.0, 0.0, 0.0, 0.0, 0.0, 0.0, 0.0, 0.0, 0.0, 0.0, 0.0, 0.0, 0.0, 0.0, 0.0, 0.0, 0.0, 0.0, 0.0, 0.0, 0.0, 0.0, 0.0, 0.0, 0.0, 0.0, 0.0, 0.0, 0.0, 0.0, 0.0, 0.0, 0.0, 0.0, 0.0, 0.0, 0.0, 0.0, 0.0, 0.0, 0.0, 0.0, 0.0, 0.0, 0.0, 0.0, 0.0, 0.0, 0.0, 0.0, 0.0, 0.0, 0.0, 0.0, 0.0, 0.0, 0.0, 0.0, 0.0, 0.0, 0.0]
2026-09-12 19:45:53,874 - INFO - Epoch 2 (Train) VN freqs:[1.0, 1.0, 1.0, 0.0, 0.0, 1.0, 1.0, 0.0, 0.0, 1.0, 0.0, 1.0, 1.0, 1.0, 1.0, 1.0, 0.0, 0.0, 0.0, 1.0, 0.0, 1.0, 1.0, 0.0, 0.0, 0.0, 1.0, 1.0, 1.0, 0.0, 0.0, 1.0, 1.0, 1.0, 0.0, 1.0, 1.0, 0.0, 1.0, 1.0, 1.0, 1.0, 0.0, 0.0, 1.0, 1.0, 1.0, 1.0, 1.0, 1.0, 1.0, 1.0, 1.0, 0.0, 1.0, 1.0, 0.0, 0.0, 0.0, 1.0, 1.0, 0.0, 0.0, 1.0, 1.0, 0.0, 0.0, 1.0, 1.0, 0.0, 1.0, 1.0, 1.0, 0.0, 1.0, 1.0, 0.0, 1.0, 1.0, 1.0]
2026-09-12 19:45:53,875 - INFO - Best Valid AUCROC:0, Corresponding Test AUCROC:0, Epoch:0
2026-09-12 19:45:53,875 - INFO - Exit
[repro] exit_code=0
[repro] runtime_seconds=5
[repro] finished_at=2026-09-12T19:45:54+08:00
