run_dir=/home/lab_user/project/lzc/results/ignn/runs/20260912T055347Z_smoke_roman_empire_c_public_2ep_r1_retry
started_utc=2026-09-12T05:53:48+00:00
command=/home/lab_user/tools/miniconda3/envs/ignn/bin/python -u -m main --gpu_id 0 --seed 42 --dataset roman-empire --source critical --model ignn --n_epochs 2 --agg_type gcn_incep --IN IN-SN --h_feats 512 --lr 0.0005 --l2_coef 0.0005 --n_hops 1 --n_layers 3 --early_stop 200 --RN none --norm_type ln --act_type prelu --preln True --fast False --pre_dropout 0.7 --hid_dropout 0.5 --clf_dropout 0.0 --eval_interval 1 --eval_start 0 --public True --repeat 1 
[I 2026-09-12 13:53:50,543 the_utils.setting:78] GPU available. Use cuda:0.
[I 2026-09-12 13:53:50,635 graph_datasets.utils.common:74] 
+------------+-----------------------+
|  Dataset   | Critical roman_empire |
+============+=======================+
|  NumNodes  |                22,662 |
+------------+-----------------------+
|  NumEdges  |                32,927 |
+------------+-----------------------+
|  NumFeats  |                   300 |
+------------+-----------------------+
| NumClasses |                    18 |
+------------+-----------------------+
[I 2026-09-12 13:53:50,665 graph_datasets.utils.common:74] 
+------------+---------------------------------------+
|  Dataset   |   CRITICAL undirected roman-empire    |
|            | add_self_loop=True rm_self_loop=False |
+============+=======================================+
|  NumNodes  |                                22,662 |
+------------+---------------------------------------+
|  NumEdges  |                                88,516 |
+------------+---------------------------------------+
|  NumFeats  |                                   300 |
+------------+---------------------------------------+
| NumClasses |                                    18 |
+------------+---------------------------------------+
[I 2026-09-12 13:53:50,666 __main__:137] 
+---------------+--------------------------------------------------------------+
| IN            | IN-SN                                                        |
+---------------+--------------------------------------------------------------+
| IN config     | INConf(name='roman-empire_critical', n_hops=1,               |
|               | add_self_loop=True, remove_self_loop=False, symm_norm=True,  |
|               | row_normalized=False, fast=False,                            |
|               | save_dir='tmp/ignn/neighborhoods')                           |
+---------------+--------------------------------------------------------------+
| RN            | none                                                         |
+---------------+--------------------------------------------------------------+
| act type      | prelu                                                        |
+---------------+--------------------------------------------------------------+
| agg type      | gcn_incep                                                    |
+---------------+--------------------------------------------------------------+
| att act type  | None                                                         |
+---------------+--------------------------------------------------------------+
| clf dropout   | 0                                                            |
+---------------+--------------------------------------------------------------+
| early stop    | 200                                                          |
+---------------+--------------------------------------------------------------+
| eval interval | 1                                                            |
+---------------+--------------------------------------------------------------+
| eval start    | 0                                                            |
+---------------+--------------------------------------------------------------+
| fast          | False                                                        |
+---------------+--------------------------------------------------------------+
| h feats       | 512                                                          |
+---------------+--------------------------------------------------------------+
| hid dropout   | 0.50000                                                      |
+---------------+--------------------------------------------------------------+
| l2 coef       | 0.00050                                                      |
+---------------+--------------------------------------------------------------+
| loss          | ce                                                           |
+---------------+--------------------------------------------------------------+
| lr            | 0.00050                                                      |
+---------------+--------------------------------------------------------------+
| n epochs      | 2                                                            |
+---------------+--------------------------------------------------------------+
| n hops        | 1                                                            |
+---------------+--------------------------------------------------------------+
| n layers      | 3                                                            |
+---------------+--------------------------------------------------------------+
| norm type     | ln                                                           |
+---------------+--------------------------------------------------------------+
| pre dropout   | 0.70000                                                      |
+---------------+--------------------------------------------------------------+
| pre lin       | True                                                         |
+---------------+--------------------------------------------------------------+
[I 2026-09-12 13:53:50,689 the_utils.evaluation.unsupervised_graph_learning:84] No fixed splits found in data/random_splits/fixed_splits/roman-empire_critical-48-32-splitsx1.npy, generating...
[I 2026-09-12 13:53:50,695 the_utils.common:35] split num: 1
random splits train:val:test =48:32:20

[I 2026-09-12 13:53:51,008 ignn.models.IGNN:215] epoch:0/best:0, loss:2.9344, train:0.1460, valid:0.1378/best:0.1378, test:0.1425/best:0.1425
[I 2026-09-12 13:53:51,084 ignn.models.IGNN:215] epoch:1/best:0, loss:2.7149, train:0.1108, valid:0.1089/best:0.1378, test:0.1085/best:0.1425
[I 2026-09-12 13:53:51,086 ignn.models.IGNN:234] 10 epoch cost: 2.9954s.
[I 2026-09-12 13:53:51,111 __main__:210] roman-empire_critical 0 res: 0.14251047871166997


[I 2026-09-12 13:53:51,111 __main__:214] Results: 	Acc:14.25±0.00 	Train cost: 0.44s

finished_utc=2026-09-12T05:53:51+00:00
exit_code=0
