[repro] started_at=2026-09-10T21:50:51+08:00
[repro] repo_commit=28ca94a06771c46073b650de3daa95e0939342ba
[repro] tracked_patch_sha256=5ce31e5275df2683438b11432c07f103169577b1061425c30312c265d9c6a0fc
[repro] patch_stat= scalable_tgn_link_prediction.py      | 14 ++++++++++++--
[repro] patch_stat= scalable_tgn_main_link_prediction.py |  9 ++++-----
[repro] patch_stat= 2 files changed, 16 insertions(+), 7 deletions(-)
[repro] dataset=mooc gpu=0 env=scadyg
[repro] command=python scalable_tgn_main_link_prediction.py --dataset mooc --cuda_device 0 --seed 0
[repro] torch=2.2.1+cu121 pyg=2.8.0.post1 dgl=2.2.1+cu121
[repro] cuda=True gpu_count=1
[repro] gpu_name=NVIDIA GeForce RTX 3090
0it [00:00, ?it/s]93it [00:00, 926.53it/s]100it [00:00, 925.06it/s]
0it [00:00, ?it/s]7it [00:00, 62.36it/s]14it [00:00, 44.72it/s]21it [00:00, 51.49it/s]27it [00:00, 44.06it/s]34it [00:00, 49.55it/s]40it [00:00, 43.79it/s]46it [00:00, 47.55it/s]52it [00:01, 42.65it/s]59it [00:01, 47.76it/s]66it [00:01, 43.85it/s]73it [00:01, 48.34it/s]79it [00:01, 43.69it/s]86it [00:01, 48.24it/s]93it [00:02, 44.10it/s]100it [00:02, 48.47it/s]100it [00:02, 46.76it/s]
[Thu Sep 10 21:51:20 2026|scalable_tgn_link_prediction.py|INFO] meta val epoch:0, loss: 0.24570,mrr:0.80643,  acc: 0.99454, ap: 0.98869, f1: 0.99454, macro_auc: 0.99496, micro_auc: 0.99496
[Thu Sep 10 21:51:20 2026|scalable_tgn_link_prediction.py|INFO] meta val epoch:0, loss: 0.26294,mrr:0.76672,  acc: 0.99344, ap: 0.98833, f1: 0.99344, macro_auc: 0.99448, micro_auc: 0.99448
[Thu Sep 10 21:51:20 2026|scalable_tgn_link_prediction.py|INFO] meta val epoch:0, loss: 0.33761,mrr:0.78037,  acc: 0.98992, ap: 0.98237, f1: 0.98992, macro_auc: 0.98992, micro_auc: 0.98992
[Thu Sep 10 21:51:20 2026|scalable_tgn_link_prediction.py|INFO] meta val epoch:0, loss: 0.28776,mrr:0.76743,  acc: 0.98883, ap: 0.98538, f1: 0.98883, macro_auc: 0.99292, micro_auc: 0.99292
[Thu Sep 10 21:51:20 2026|scalable_tgn_link_prediction.py|INFO] meta val epoch:0, loss: 0.30537,mrr:0.78170,  acc: 0.99296, ap: 0.98487, f1: 0.99296, macro_auc: 0.99277, micro_auc: 0.99277
[Thu Sep 10 21:51:20 2026|scalable_tgn_link_prediction.py|INFO] meta val epoch:0, loss: 0.28585,mrr:0.76849,  acc: 0.99284, ap: 0.98708, f1: 0.99284, macro_auc: 0.99393, micro_auc: 0.99393
[Thu Sep 10 21:51:21 2026|scalable_tgn_link_prediction.py|INFO] meta val epoch:0, loss: 0.25466,mrr:0.77307,  acc: 0.99320, ap: 0.98716, f1: 0.99320, macro_auc: 0.99392, micro_auc: 0.99392
[Thu Sep 10 21:51:21 2026|scalable_tgn_link_prediction.py|INFO] meta val epoch:0, loss: 0.19247,mrr:0.78840,  acc: 0.99356, ap: 0.99069, f1: 0.99356, macro_auc: 0.99540, micro_auc: 0.99540
[Thu Sep 10 21:51:21 2026|scalable_tgn_link_prediction.py|INFO] meta val epoch:0, loss: 0.35633,mrr:0.74276,  acc: 0.99102, ap: 0.98300, f1: 0.99101, macro_auc: 0.99207, micro_auc: 0.99207
[Thu Sep 10 21:51:21 2026|scalable_tgn_link_prediction.py|INFO] meta val epoch:0, loss: 0.27488,mrr:0.75683,  acc: 0.99417, ap: 0.98771, f1: 0.99417, macro_auc: 0.99413, micro_auc: 0.99413
[Thu Sep 10 21:51:21 2026|scalable_tgn_link_prediction.py|INFO] meta val epoch:0, loss: 0.32252,mrr:0.76881,  acc: 0.99150, ap: 0.98369, f1: 0.99150, macro_auc: 0.99148, micro_auc: 0.99148
[Thu Sep 10 21:51:21 2026|scalable_tgn_link_prediction.py|INFO] meta val epoch:0, loss: 0.27513,mrr:0.78798,  acc: 0.99393, ap: 0.98818, f1: 0.99393, macro_auc: 0.99439, micro_auc: 0.99439
[Thu Sep 10 21:51:21 2026|scalable_tgn_link_prediction.py|INFO] meta val epoch:0, loss: 0.35562,mrr:0.75210,  acc: 0.99344, ap: 0.98511, f1: 0.99344, macro_auc: 0.99325, micro_auc: 0.99325
[Thu Sep 10 21:51:22 2026|scalable_tgn_link_prediction.py|INFO] meta val epoch:0, loss: 0.27929,mrr:0.76950,  acc: 0.99259, ap: 0.98804, f1: 0.99259, macro_auc: 0.99414, micro_auc: 0.99414
[Thu Sep 10 21:51:22 2026|scalable_tgn_link_prediction.py|INFO] meta val epoch:0, loss: 0.35192,mrr:0.77165,  acc: 0.99174, ap: 0.98480, f1: 0.99174, macro_auc: 0.99281, micro_auc: 0.99281
[Thu Sep 10 21:51:35 2026|scalable_tgn_link_prediction.py|INFO] meta val epoch:1, loss: 0.25490,mrr:0.76631,  acc: 0.99466, ap: 0.98801, f1: 0.99466, macro_auc: 0.99460, micro_auc: 0.99460
[Thu Sep 10 21:51:35 2026|scalable_tgn_link_prediction.py|INFO] meta val epoch:1, loss: 0.28051,mrr:0.77810,  acc: 0.99308, ap: 0.98785, f1: 0.99308, macro_auc: 0.99438, micro_auc: 0.99438
[Thu Sep 10 21:51:35 2026|scalable_tgn_link_prediction.py|INFO] meta val epoch:1, loss: 0.33769,mrr:0.78110,  acc: 0.98932, ap: 0.98207, f1: 0.98931, macro_auc: 0.98963, micro_auc: 0.98963
[Thu Sep 10 21:51:35 2026|scalable_tgn_link_prediction.py|INFO] meta val epoch:1, loss: 0.28411,mrr:0.77968,  acc: 0.98871, ap: 0.98530, f1: 0.98871, macro_auc: 0.99277, micro_auc: 0.99277
[Thu Sep 10 21:51:35 2026|scalable_tgn_link_prediction.py|INFO] meta val epoch:1, loss: 0.30132,mrr:0.75537,  acc: 0.99271, ap: 0.98422, f1: 0.99271, macro_auc: 0.99231, micro_auc: 0.99231
[Thu Sep 10 21:51:35 2026|scalable_tgn_link_prediction.py|INFO] meta val epoch:1, loss: 0.28238,mrr:0.75527,  acc: 0.99235, ap: 0.98710, f1: 0.99235, macro_auc: 0.99391, micro_auc: 0.99391
[Thu Sep 10 21:51:35 2026|scalable_tgn_link_prediction.py|INFO] meta val epoch:1, loss: 0.25234,mrr:0.76927,  acc: 0.99247, ap: 0.98604, f1: 0.99247, macro_auc: 0.99325, micro_auc: 0.99325
[Thu Sep 10 21:51:36 2026|scalable_tgn_link_prediction.py|INFO] meta val epoch:1, loss: 0.19107,mrr:0.74843,  acc: 0.99332, ap: 0.98916, f1: 0.99332, macro_auc: 0.99446, micro_auc: 0.99446
[Thu Sep 10 21:51:36 2026|scalable_tgn_link_prediction.py|INFO] meta val epoch:1, loss: 0.34922,mrr:0.75758,  acc: 0.99102, ap: 0.98244, f1: 0.99101, macro_auc: 0.99175, micro_auc: 0.99175
[Thu Sep 10 21:51:36 2026|scalable_tgn_link_prediction.py|INFO] meta val epoch:1, loss: 0.27143,mrr:0.76074,  acc: 0.99381, ap: 0.98700, f1: 0.99381, macro_auc: 0.99380, micro_auc: 0.99380
[Thu Sep 10 21:51:36 2026|scalable_tgn_link_prediction.py|INFO] meta val epoch:1, loss: 0.30784,mrr:0.78255,  acc: 0.99186, ap: 0.98207, f1: 0.99186, macro_auc: 0.99074, micro_auc: 0.99074
[Thu Sep 10 21:51:36 2026|scalable_tgn_link_prediction.py|INFO] meta val epoch:1, loss: 0.24766,mrr:0.79452,  acc: 0.99441, ap: 0.98766, f1: 0.99441, macro_auc: 0.99393, micro_auc: 0.99393
[Thu Sep 10 21:51:36 2026|scalable_tgn_link_prediction.py|INFO] meta val epoch:1, loss: 0.34100,mrr:0.77264,  acc: 0.99296, ap: 0.98433, f1: 0.99296, macro_auc: 0.99303, micro_auc: 0.99303
[Thu Sep 10 21:51:37 2026|scalable_tgn_link_prediction.py|INFO] meta val epoch:1, loss: 0.24932,mrr:0.77796,  acc: 0.99284, ap: 0.98769, f1: 0.99284, macro_auc: 0.99397, micro_auc: 0.99397
[Thu Sep 10 21:51:37 2026|scalable_tgn_link_prediction.py|INFO] meta val epoch:1, loss: 0.33595,mrr:0.77371,  acc: 0.99150, ap: 0.98358, f1: 0.99150, macro_auc: 0.99214, micro_auc: 0.99214
[Thu Sep 10 21:51:50 2026|scalable_tgn_link_prediction.py|INFO] meta val epoch:2, loss: 0.34826,mrr:0.71199,  acc: 0.99441, ap: 0.99231, f1: 0.99441, macro_auc: 0.99610, micro_auc: 0.99610
[Thu Sep 10 21:51:50 2026|scalable_tgn_link_prediction.py|INFO] meta val epoch:2, loss: 0.46338,mrr:0.66662,  acc: 0.99271, ap: 0.99050, f1: 0.99271, macro_auc: 0.99521, micro_auc: 0.99521
[Thu Sep 10 21:51:50 2026|scalable_tgn_link_prediction.py|INFO] meta val epoch:2, loss: 0.58738,mrr:0.66506,  acc: 0.98871, ap: 0.98580, f1: 0.98871, macro_auc: 0.99100, micro_auc: 0.99100
[Thu Sep 10 21:51:50 2026|scalable_tgn_link_prediction.py|INFO] meta val epoch:2, loss: 0.56738,mrr:0.65686,  acc: 0.98810, ap: 0.98857, f1: 0.98810, macro_auc: 0.99414, micro_auc: 0.99414
[Thu Sep 10 21:51:50 2026|scalable_tgn_link_prediction.py|INFO] meta val epoch:2, loss: 0.49426,mrr:0.68480,  acc: 0.99211, ap: 0.99024, f1: 0.99211, macro_auc: 0.99506, micro_auc: 0.99506
[Thu Sep 10 21:51:51 2026|scalable_tgn_link_prediction.py|INFO] meta val epoch:2, loss: 0.51063,mrr:0.66710,  acc: 0.99211, ap: 0.98990, f1: 0.99211, macro_auc: 0.99489, micro_auc: 0.99489
[Thu Sep 10 21:51:51 2026|scalable_tgn_link_prediction.py|INFO] meta val epoch:2, loss: 0.46666,mrr:0.66555,  acc: 0.99102, ap: 0.99087, f1: 0.99101, macro_auc: 0.99539, micro_auc: 0.99539
[Thu Sep 10 21:51:51 2026|scalable_tgn_link_prediction.py|INFO] meta val epoch:2, loss: 0.43036,mrr:0.63025,  acc: 0.99138, ap: 0.99158, f1: 0.99138, macro_auc: 0.99575, micro_auc: 0.99575
[Thu Sep 10 21:51:51 2026|scalable_tgn_link_prediction.py|INFO] meta val epoch:2, loss: 0.64596,mrr:0.66510,  acc: 0.99017, ap: 0.98730, f1: 0.99016, macro_auc: 0.99357, micro_auc: 0.99357
[Thu Sep 10 21:51:51 2026|scalable_tgn_link_prediction.py|INFO] meta val epoch:2, loss: 0.43392,mrr:0.64679,  acc: 0.99150, ap: 0.99154, f1: 0.99150, macro_auc: 0.99573, micro_auc: 0.99573
[Thu Sep 10 21:51:51 2026|scalable_tgn_link_prediction.py|INFO] meta val epoch:2, loss: 0.51295,mrr:0.63822,  acc: 0.99017, ap: 0.98917, f1: 0.99016, macro_auc: 0.99382, micro_auc: 0.99382
[Thu Sep 10 21:51:51 2026|scalable_tgn_link_prediction.py|INFO] meta val epoch:2, loss: 0.40074,mrr:0.63976,  acc: 0.99126, ap: 0.99225, f1: 0.99126, macro_auc: 0.99593, micro_auc: 0.99593
[Thu Sep 10 21:51:52 2026|scalable_tgn_link_prediction.py|INFO] meta val epoch:2, loss: 0.52784,mrr:0.66620,  acc: 0.99077, ap: 0.98966, f1: 0.99077, macro_auc: 0.99478, micro_auc: 0.99478
[Thu Sep 10 21:51:52 2026|scalable_tgn_link_prediction.py|INFO] meta val epoch:2, loss: 0.45819,mrr:0.66436,  acc: 0.99223, ap: 0.99112, f1: 0.99223, macro_auc: 0.99552, micro_auc: 0.99552
[Thu Sep 10 21:51:52 2026|scalable_tgn_link_prediction.py|INFO] meta val epoch:2, loss: 0.55396,mrr:0.64351,  acc: 0.99041, ap: 0.98855, f1: 0.99041, macro_auc: 0.99339, micro_auc: 0.99339
[Thu Sep 10 21:52:05 2026|scalable_tgn_link_prediction.py|INFO] meta val epoch:3, loss: 0.16996,mrr:0.87809,  acc: 0.97475, ap: 0.98949, f1: 0.97474, macro_auc: 0.99504, micro_auc: 0.99504
[Thu Sep 10 21:52:05 2026|scalable_tgn_link_prediction.py|INFO] meta val epoch:3, loss: 0.15316,mrr:0.84927,  acc: 0.97705, ap: 0.99144, f1: 0.97705, macro_auc: 0.99529, micro_auc: 0.99529
[Thu Sep 10 21:52:05 2026|scalable_tgn_link_prediction.py|INFO] meta val epoch:3, loss: 0.21652,mrr:0.84190,  acc: 0.97098, ap: 0.98385, f1: 0.97097, macro_auc: 0.98996, micro_auc: 0.98996
[Thu Sep 10 21:52:05 2026|scalable_tgn_link_prediction.py|INFO] meta val epoch:3, loss: 0.16164,mrr:0.86247,  acc: 0.98373, ap: 0.98779, f1: 0.98373, macro_auc: 0.99388, micro_auc: 0.99388
[Thu Sep 10 21:52:05 2026|scalable_tgn_link_prediction.py|INFO] meta val epoch:3, loss: 0.12091,mrr:0.85912,  acc: 0.98944, ap: 0.98826, f1: 0.98944, macro_auc: 0.99387, micro_auc: 0.99387
[Thu Sep 10 21:52:05 2026|scalable_tgn_link_prediction.py|INFO] meta val epoch:3, loss: 0.12905,mrr:0.85917,  acc: 0.99004, ap: 0.99052, f1: 0.99004, macro_auc: 0.99508, micro_auc: 0.99508
[Thu Sep 10 21:52:05 2026|scalable_tgn_link_prediction.py|INFO] meta val epoch:3, loss: 0.15356,mrr:0.84030,  acc: 0.98944, ap: 0.98792, f1: 0.98944, macro_auc: 0.99440, micro_auc: 0.99440
[Thu Sep 10 21:52:06 2026|scalable_tgn_link_prediction.py|INFO] meta val epoch:3, loss: 0.13814,mrr:0.84005,  acc: 0.99138, ap: 0.98969, f1: 0.99138, macro_auc: 0.99488, micro_auc: 0.99488
[Thu Sep 10 21:52:06 2026|scalable_tgn_link_prediction.py|INFO] meta val epoch:3, loss: 0.15644,mrr:0.83357,  acc: 0.98749, ap: 0.98786, f1: 0.98749, macro_auc: 0.99413, micro_auc: 0.99413
[Thu Sep 10 21:52:06 2026|scalable_tgn_link_prediction.py|INFO] meta val epoch:3, loss: 0.18270,mrr:0.83423,  acc: 0.98288, ap: 0.98802, f1: 0.98288, macro_auc: 0.99409, micro_auc: 0.99409
[Thu Sep 10 21:52:06 2026|scalable_tgn_link_prediction.py|INFO] meta val epoch:3, loss: 0.14802,mrr:0.83461,  acc: 0.98021, ap: 0.98685, f1: 0.98021, macro_auc: 0.99254, micro_auc: 0.99254
[Thu Sep 10 21:52:06 2026|scalable_tgn_link_prediction.py|INFO] meta val epoch:3, loss: 0.13348,mrr:0.84025,  acc: 0.97972, ap: 0.99128, f1: 0.97972, macro_auc: 0.99534, micro_auc: 0.99534
[Thu Sep 10 21:52:06 2026|scalable_tgn_link_prediction.py|INFO] meta val epoch:3, loss: 0.22595,mrr:0.84316,  acc: 0.98252, ap: 0.98531, f1: 0.98252, macro_auc: 0.99342, micro_auc: 0.99342
[Thu Sep 10 21:52:06 2026|scalable_tgn_link_prediction.py|INFO] meta val epoch:3, loss: 0.11294,mrr:0.83832,  acc: 0.98033, ap: 0.99113, f1: 0.98033, macro_auc: 0.99493, micro_auc: 0.99493
[Thu Sep 10 21:52:07 2026|scalable_tgn_link_prediction.py|INFO] meta val epoch:3, loss: 0.22639,mrr:0.81651,  acc: 0.97802, ap: 0.98459, f1: 0.97802, macro_auc: 0.99267, micro_auc: 0.99267
[Thu Sep 10 21:52:19 2026|scalable_tgn_link_prediction.py|INFO] meta val epoch:4, loss: 0.25037,mrr:0.79408,  acc: 0.99441, ap: 0.98817, f1: 0.99441, macro_auc: 0.99471, micro_auc: 0.99471
[Thu Sep 10 21:52:20 2026|scalable_tgn_link_prediction.py|INFO] meta val epoch:4, loss: 0.25444,mrr:0.80111,  acc: 0.99344, ap: 0.98846, f1: 0.99344, macro_auc: 0.99455, micro_auc: 0.99455
[Thu Sep 10 21:52:20 2026|scalable_tgn_link_prediction.py|INFO] meta val epoch:4, loss: 0.31186,mrr:0.79709,  acc: 0.98968, ap: 0.98258, f1: 0.98968, macro_auc: 0.98963, micro_auc: 0.98963
[Thu Sep 10 21:52:20 2026|scalable_tgn_link_prediction.py|INFO] meta val epoch:4, loss: 0.25426,mrr:0.75991,  acc: 0.98932, ap: 0.98756, f1: 0.98932, macro_auc: 0.99409, micro_auc: 0.99409
[Thu Sep 10 21:52:20 2026|scalable_tgn_link_prediction.py|INFO] meta val epoch:4, loss: 0.29019,mrr:0.79634,  acc: 0.99332, ap: 0.98620, f1: 0.99332, macro_auc: 0.99360, micro_auc: 0.99360
[Thu Sep 10 21:52:20 2026|scalable_tgn_link_prediction.py|INFO] meta val epoch:4, loss: 0.27757,mrr:0.74899,  acc: 0.99247, ap: 0.98802, f1: 0.99247, macro_auc: 0.99463, micro_auc: 0.99463
[Thu Sep 10 21:52:20 2026|scalable_tgn_link_prediction.py|INFO] meta val epoch:4, loss: 0.24301,mrr:0.78375,  acc: 0.99308, ap: 0.98797, f1: 0.99308, macro_auc: 0.99445, micro_auc: 0.99445
[Thu Sep 10 21:52:20 2026|scalable_tgn_link_prediction.py|INFO] meta val epoch:4, loss: 0.18218,mrr:0.74394,  acc: 0.99332, ap: 0.99128, f1: 0.99332, macro_auc: 0.99580, micro_auc: 0.99580
[Thu Sep 10 21:52:21 2026|scalable_tgn_link_prediction.py|INFO] meta val epoch:4, loss: 0.34280,mrr:0.75237,  acc: 0.99126, ap: 0.98394, f1: 0.99126, macro_auc: 0.99259, micro_auc: 0.99259
[Thu Sep 10 21:52:21 2026|scalable_tgn_link_prediction.py|INFO] meta val epoch:4, loss: 0.26467,mrr:0.76918,  acc: 0.99381, ap: 0.98800, f1: 0.99381, macro_auc: 0.99440, micro_auc: 0.99440
[Thu Sep 10 21:52:21 2026|scalable_tgn_link_prediction.py|INFO] meta val epoch:4, loss: 0.29924,mrr:0.79346,  acc: 0.99235, ap: 0.98379, f1: 0.99235, macro_auc: 0.99168, micro_auc: 0.99168
[Thu Sep 10 21:52:21 2026|scalable_tgn_link_prediction.py|INFO] meta val epoch:4, loss: 0.23008,mrr:0.76276,  acc: 0.99381, ap: 0.98913, f1: 0.99381, macro_auc: 0.99484, micro_auc: 0.99484
[Thu Sep 10 21:52:21 2026|scalable_tgn_link_prediction.py|INFO] meta val epoch:4, loss: 0.33758,mrr:0.77134,  acc: 0.99320, ap: 0.98466, f1: 0.99320, macro_auc: 0.99321, micro_auc: 0.99321
[Thu Sep 10 21:52:21 2026|scalable_tgn_link_prediction.py|INFO] meta val epoch:4, loss: 0.24300,mrr:0.75516,  acc: 0.99271, ap: 0.98918, f1: 0.99271, macro_auc: 0.99498, micro_auc: 0.99498
[Thu Sep 10 21:52:21 2026|scalable_tgn_link_prediction.py|INFO] meta val epoch:4, loss: 0.34479,mrr:0.77549,  acc: 0.99162, ap: 0.98376, f1: 0.99162, macro_auc: 0.99242, micro_auc: 0.99242
[Thu Sep 10 21:52:34 2026|scalable_tgn_link_prediction.py|INFO] meta val epoch:5, loss: 0.34450,mrr:0.71065,  acc: 0.99259, ap: 0.99212, f1: 0.99259, macro_auc: 0.99599, micro_auc: 0.99599
[Thu Sep 10 21:52:34 2026|scalable_tgn_link_prediction.py|INFO] meta val epoch:5, loss: 0.47016,mrr:0.67689,  acc: 0.99211, ap: 0.99029, f1: 0.99211, macro_auc: 0.99509, micro_auc: 0.99509
[Thu Sep 10 21:52:35 2026|scalable_tgn_link_prediction.py|INFO] meta val epoch:5, loss: 0.59234,mrr:0.65737,  acc: 0.98822, ap: 0.98560, f1: 0.98822, macro_auc: 0.99069, micro_auc: 0.99069
[Thu Sep 10 21:52:35 2026|scalable_tgn_link_prediction.py|INFO] meta val epoch:5, loss: 0.56501,mrr:0.66705,  acc: 0.98701, ap: 0.98818, f1: 0.98701, macro_auc: 0.99390, micro_auc: 0.99390
[Thu Sep 10 21:52:35 2026|scalable_tgn_link_prediction.py|INFO] meta val epoch:5, loss: 0.48615,mrr:0.65459,  acc: 0.99138, ap: 0.99042, f1: 0.99138, macro_auc: 0.99515, micro_auc: 0.99515
[Thu Sep 10 21:52:35 2026|scalable_tgn_link_prediction.py|INFO] meta val epoch:5, loss: 0.51576,mrr:0.64352,  acc: 0.99138, ap: 0.98962, f1: 0.99138, macro_auc: 0.99475, micro_auc: 0.99475
[Thu Sep 10 21:52:35 2026|scalable_tgn_link_prediction.py|INFO] meta val epoch:5, loss: 0.46214,mrr:0.66908,  acc: 0.99089, ap: 0.99099, f1: 0.99089, macro_auc: 0.99545, micro_auc: 0.99545
[Thu Sep 10 21:52:35 2026|scalable_tgn_link_prediction.py|INFO] meta val epoch:5, loss: 0.42456,mrr:0.65549,  acc: 0.99102, ap: 0.99169, f1: 0.99101, macro_auc: 0.99581, micro_auc: 0.99581
[Thu Sep 10 21:52:35 2026|scalable_tgn_link_prediction.py|INFO] meta val epoch:5, loss: 0.61178,mrr:0.66567,  acc: 0.98859, ap: 0.98795, f1: 0.98859, macro_auc: 0.99389, micro_auc: 0.99389
[Thu Sep 10 21:52:35 2026|scalable_tgn_link_prediction.py|INFO] meta val epoch:5, loss: 0.41722,mrr:0.65503,  acc: 0.99077, ap: 0.99185, f1: 0.99077, macro_auc: 0.99587, micro_auc: 0.99587
[Thu Sep 10 21:52:36 2026|scalable_tgn_link_prediction.py|INFO] meta val epoch:5, loss: 0.49738,mrr:0.65233,  acc: 0.98907, ap: 0.98950, f1: 0.98907, macro_auc: 0.99403, micro_auc: 0.99403
[Thu Sep 10 21:52:36 2026|scalable_tgn_link_prediction.py|INFO] meta val epoch:5, loss: 0.40857,mrr:0.65131,  acc: 0.98980, ap: 0.99203, f1: 0.98980, macro_auc: 0.99581, micro_auc: 0.99581
[Thu Sep 10 21:52:36 2026|scalable_tgn_link_prediction.py|INFO] meta val epoch:5, loss: 0.50769,mrr:0.68026,  acc: 0.98907, ap: 0.99011, f1: 0.98907, macro_auc: 0.99499, micro_auc: 0.99499
[Thu Sep 10 21:52:36 2026|scalable_tgn_link_prediction.py|INFO] meta val epoch:5, loss: 0.45899,mrr:0.66091,  acc: 0.99053, ap: 0.99116, f1: 0.99053, macro_auc: 0.99552, micro_auc: 0.99552
[Thu Sep 10 21:52:36 2026|scalable_tgn_link_prediction.py|INFO] meta val epoch:5, loss: 0.55329,mrr:0.67156,  acc: 0.98883, ap: 0.98874, f1: 0.98883, macro_auc: 0.99397, micro_auc: 0.99397
[Thu Sep 10 21:52:49 2026|scalable_tgn_link_prediction.py|INFO] meta val epoch:6, loss: 0.37963,mrr:0.68128,  acc: 0.99441, ap: 0.99211, f1: 0.99441, macro_auc: 0.99601, micro_auc: 0.99601
[Thu Sep 10 21:52:50 2026|scalable_tgn_link_prediction.py|INFO] meta val epoch:6, loss: 0.49637,mrr:0.64622,  acc: 0.99381, ap: 0.99015, f1: 0.99381, macro_auc: 0.99503, micro_auc: 0.99503
[Thu Sep 10 21:52:50 2026|scalable_tgn_link_prediction.py|INFO] meta val epoch:6, loss: 0.58473,mrr:0.63546,  acc: 0.99004, ap: 0.98665, f1: 0.99004, macro_auc: 0.99139, micro_auc: 0.99139
[Thu Sep 10 21:52:50 2026|scalable_tgn_link_prediction.py|INFO] meta val epoch:6, loss: 0.58635,mrr:0.66345,  acc: 0.98895, ap: 0.98846, f1: 0.98895, macro_auc: 0.99412, micro_auc: 0.99412
[Thu Sep 10 21:52:50 2026|scalable_tgn_link_prediction.py|INFO] meta val epoch:6, loss: 0.52137,mrr:0.63062,  acc: 0.99296, ap: 0.98980, f1: 0.99296, macro_auc: 0.99485, micro_auc: 0.99485
[Thu Sep 10 21:52:50 2026|scalable_tgn_link_prediction.py|INFO] meta val epoch:6, loss: 0.51947,mrr:0.65329,  acc: 0.99296, ap: 0.98972, f1: 0.99296, macro_auc: 0.99481, micro_auc: 0.99481
[Thu Sep 10 21:52:50 2026|scalable_tgn_link_prediction.py|INFO] meta val epoch:6, loss: 0.47582,mrr:0.62284,  acc: 0.99199, ap: 0.99073, f1: 0.99199, macro_auc: 0.99532, micro_auc: 0.99532
[Thu Sep 10 21:52:50 2026|scalable_tgn_link_prediction.py|INFO] meta val epoch:6, loss: 0.43807,mrr:0.63357,  acc: 0.99296, ap: 0.99152, f1: 0.99296, macro_auc: 0.99572, micro_auc: 0.99572
[Thu Sep 10 21:52:50 2026|scalable_tgn_link_prediction.py|INFO] meta val epoch:6, loss: 0.64530,mrr:0.65398,  acc: 0.99077, ap: 0.98748, f1: 0.99077, macro_auc: 0.99366, micro_auc: 0.99366
[Thu Sep 10 21:52:51 2026|scalable_tgn_link_prediction.py|INFO] meta val epoch:6, loss: 0.48448,mrr:0.62570,  acc: 0.99296, ap: 0.99051, f1: 0.99296, macro_auc: 0.99521, micro_auc: 0.99521
[Thu Sep 10 21:52:51 2026|scalable_tgn_link_prediction.py|INFO] meta val epoch:6, loss: 0.58531,mrr:0.61756,  acc: 0.99102, ap: 0.98765, f1: 0.99101, macro_auc: 0.99301, micro_auc: 0.99301
[Thu Sep 10 21:52:51 2026|scalable_tgn_link_prediction.py|INFO] meta val epoch:6, loss: 0.42681,mrr:0.63051,  acc: 0.99381, ap: 0.99170, f1: 0.99381, macro_auc: 0.99578, micro_auc: 0.99578
[Thu Sep 10 21:52:51 2026|scalable_tgn_link_prediction.py|INFO] meta val epoch:6, loss: 0.53205,mrr:0.61757,  acc: 0.99296, ap: 0.98955, f1: 0.99296, macro_auc: 0.99472, micro_auc: 0.99472
[Thu Sep 10 21:52:51 2026|scalable_tgn_link_prediction.py|INFO] meta val epoch:6, loss: 0.48574,mrr:0.65055,  acc: 0.99259, ap: 0.99059, f1: 0.99259, macro_auc: 0.99525, micro_auc: 0.99525
[Thu Sep 10 21:52:51 2026|scalable_tgn_link_prediction.py|INFO] meta val epoch:6, loss: 0.56247,mrr:0.63957,  acc: 0.99150, ap: 0.98892, f1: 0.99150, macro_auc: 0.99425, micro_auc: 0.99425
[Thu Sep 10 21:53:05 2026|scalable_tgn_link_prediction.py|INFO] meta val epoch:7, loss: 0.36883,mrr:0.69012,  acc: 0.99466, ap: 0.99207, f1: 0.99466, macro_auc: 0.99599, micro_auc: 0.99599
[Thu Sep 10 21:53:05 2026|scalable_tgn_link_prediction.py|INFO] meta val epoch:7, loss: 0.44527,mrr:0.68115,  acc: 0.99429, ap: 0.99102, f1: 0.99429, macro_auc: 0.99545, micro_auc: 0.99545
[Thu Sep 10 21:53:05 2026|scalable_tgn_link_prediction.py|INFO] meta val epoch:7, loss: 0.57430,mrr:0.65405,  acc: 0.99041, ap: 0.98660, f1: 0.99041, macro_auc: 0.99131, micro_auc: 0.99131
[Thu Sep 10 21:53:05 2026|scalable_tgn_link_prediction.py|INFO] meta val epoch:7, loss: 0.58907,mrr:0.64063,  acc: 0.98944, ap: 0.98847, f1: 0.98944, macro_auc: 0.99413, micro_auc: 0.99413
[Thu Sep 10 21:53:05 2026|scalable_tgn_link_prediction.py|INFO] meta val epoch:7, loss: 0.52490,mrr:0.66764,  acc: 0.99381, ap: 0.98980, f1: 0.99381, macro_auc: 0.99485, micro_auc: 0.99485
[Thu Sep 10 21:53:05 2026|scalable_tgn_link_prediction.py|INFO] meta val epoch:7, loss: 0.51120,mrr:0.67594,  acc: 0.99356, ap: 0.98996, f1: 0.99356, macro_auc: 0.99493, micro_auc: 0.99493
[Thu Sep 10 21:53:06 2026|scalable_tgn_link_prediction.py|INFO] meta val epoch:7, loss: 0.47725,mrr:0.63357,  acc: 0.99356, ap: 0.99073, f1: 0.99356, macro_auc: 0.99532, micro_auc: 0.99532
[Thu Sep 10 21:53:06 2026|scalable_tgn_link_prediction.py|INFO] meta val epoch:7, loss: 0.43916,mrr:0.65397,  acc: 0.99405, ap: 0.99145, f1: 0.99405, macro_auc: 0.99569, micro_auc: 0.99569
[Thu Sep 10 21:53:06 2026|scalable_tgn_link_prediction.py|INFO] meta val epoch:7, loss: 0.64588,mrr:0.64621,  acc: 0.99186, ap: 0.98746, f1: 0.99186, macro_auc: 0.99365, micro_auc: 0.99365
[Thu Sep 10 21:53:06 2026|scalable_tgn_link_prediction.py|INFO] meta val epoch:7, loss: 0.48663,mrr:0.65786,  acc: 0.99356, ap: 0.99051, f1: 0.99356, macro_auc: 0.99521, micro_auc: 0.99521
[Thu Sep 10 21:53:06 2026|scalable_tgn_link_prediction.py|INFO] meta val epoch:7, loss: 0.58677,mrr:0.63847,  acc: 0.99150, ap: 0.98764, f1: 0.99150, macro_auc: 0.99299, micro_auc: 0.99299
[Thu Sep 10 21:53:06 2026|scalable_tgn_link_prediction.py|INFO] meta val epoch:7, loss: 0.42926,mrr:0.63636,  acc: 0.99369, ap: 0.99169, f1: 0.99369, macro_auc: 0.99576, micro_auc: 0.99576
[Thu Sep 10 21:53:06 2026|scalable_tgn_link_prediction.py|INFO] meta val epoch:7, loss: 0.54757,mrr:0.61753,  acc: 0.99259, ap: 0.98931, f1: 0.99259, macro_auc: 0.99460, micro_auc: 0.99460
[Thu Sep 10 21:53:07 2026|scalable_tgn_link_prediction.py|INFO] meta val epoch:7, loss: 0.48722,mrr:0.63568,  acc: 0.99369, ap: 0.99056, f1: 0.99369, macro_auc: 0.99524, micro_auc: 0.99524
[Thu Sep 10 21:53:07 2026|scalable_tgn_link_prediction.py|INFO] meta val epoch:7, loss: 0.57575,mrr:0.60959,  acc: 0.99186, ap: 0.98849, f1: 0.99186, macro_auc: 0.99383, micro_auc: 0.99383
[Thu Sep 10 21:53:20 2026|scalable_tgn_link_prediction.py|INFO] meta val epoch:8, loss: 0.37160,mrr:0.71512,  acc: 0.99393, ap: 0.99205, f1: 0.99393, macro_auc: 0.99599, micro_auc: 0.99599
[Thu Sep 10 21:53:20 2026|scalable_tgn_link_prediction.py|INFO] meta val epoch:8, loss: 0.44818,mrr:0.64612,  acc: 0.99308, ap: 0.99097, f1: 0.99308, macro_auc: 0.99543, micro_auc: 0.99543
[Thu Sep 10 21:53:20 2026|scalable_tgn_link_prediction.py|INFO] meta val epoch:8, loss: 0.55671,mrr:0.65387,  acc: 0.98956, ap: 0.98683, f1: 0.98956, macro_auc: 0.99142, micro_auc: 0.99142
[Thu Sep 10 21:53:20 2026|scalable_tgn_link_prediction.py|INFO] meta val epoch:8, loss: 0.56001,mrr:0.62963,  acc: 0.98895, ap: 0.98901, f1: 0.98895, macro_auc: 0.99438, micro_auc: 0.99438
[Thu Sep 10 21:53:20 2026|scalable_tgn_link_prediction.py|INFO] meta val epoch:8, loss: 0.53013,mrr:0.61542,  acc: 0.99296, ap: 0.98973, f1: 0.99296, macro_auc: 0.99480, micro_auc: 0.99480
[Thu Sep 10 21:53:21 2026|scalable_tgn_link_prediction.py|INFO] meta val epoch:8, loss: 0.52445,mrr:0.63787,  acc: 0.99369, ap: 0.98972, f1: 0.99369, macro_auc: 0.99481, micro_auc: 0.99481
[Thu Sep 10 21:53:21 2026|scalable_tgn_link_prediction.py|INFO] meta val epoch:8, loss: 0.48318,mrr:0.63483,  acc: 0.99247, ap: 0.99073, f1: 0.99247, macro_auc: 0.99532, micro_auc: 0.99532
[Thu Sep 10 21:53:21 2026|scalable_tgn_link_prediction.py|INFO] meta val epoch:8, loss: 0.44335,mrr:0.64289,  acc: 0.99332, ap: 0.99145, f1: 0.99332, macro_auc: 0.99569, micro_auc: 0.99569
[Thu Sep 10 21:53:21 2026|scalable_tgn_link_prediction.py|INFO] meta val epoch:8, loss: 0.65000,mrr:0.63778,  acc: 0.99053, ap: 0.98748, f1: 0.99053, macro_auc: 0.99366, micro_auc: 0.99366
[Thu Sep 10 21:53:21 2026|scalable_tgn_link_prediction.py|INFO] meta val epoch:8, loss: 0.48885,mrr:0.63304,  acc: 0.99356, ap: 0.99051, f1: 0.99356, macro_auc: 0.99521, micro_auc: 0.99521
[Thu Sep 10 21:53:21 2026|scalable_tgn_link_prediction.py|INFO] meta val epoch:8, loss: 0.58983,mrr:0.65630,  acc: 0.99162, ap: 0.98767, f1: 0.99162, macro_auc: 0.99310, micro_auc: 0.99310
[Thu Sep 10 21:53:21 2026|scalable_tgn_link_prediction.py|INFO] meta val epoch:8, loss: 0.43255,mrr:0.62776,  acc: 0.99356, ap: 0.99171, f1: 0.99356, macro_auc: 0.99579, micro_auc: 0.99579
[Thu Sep 10 21:53:22 2026|scalable_tgn_link_prediction.py|INFO] meta val epoch:8, loss: 0.54941,mrr:0.63733,  acc: 0.99284, ap: 0.98931, f1: 0.99284, macro_auc: 0.99460, micro_auc: 0.99460
[Thu Sep 10 21:53:22 2026|scalable_tgn_link_prediction.py|INFO] meta val epoch:8, loss: 0.49161,mrr:0.63700,  acc: 0.99162, ap: 0.99056, f1: 0.99162, macro_auc: 0.99524, micro_auc: 0.99524
[Thu Sep 10 21:53:22 2026|scalable_tgn_link_prediction.py|INFO] meta val epoch:8, loss: 0.56721,mrr:0.64974,  acc: 0.99114, ap: 0.98889, f1: 0.99114, macro_auc: 0.99426, micro_auc: 0.99426
[Thu Sep 10 21:53:35 2026|scalable_tgn_link_prediction.py|INFO] meta val epoch:9, loss: 0.36664,mrr:0.67557,  acc: 0.99429, ap: 0.99204, f1: 0.99429, macro_auc: 0.99598, micro_auc: 0.99598
[Thu Sep 10 21:53:35 2026|scalable_tgn_link_prediction.py|INFO] meta val epoch:9, loss: 0.45273,mrr:0.65523,  acc: 0.99369, ap: 0.99066, f1: 0.99369, macro_auc: 0.99528, micro_auc: 0.99528
[Thu Sep 10 21:53:35 2026|scalable_tgn_link_prediction.py|INFO] meta val epoch:9, loss: 0.57146,mrr:0.64403,  acc: 0.99017, ap: 0.98655, f1: 0.99016, macro_auc: 0.99117, micro_auc: 0.99117
[Thu Sep 10 21:53:35 2026|scalable_tgn_link_prediction.py|INFO] meta val epoch:9, loss: 0.55509,mrr:0.65675,  acc: 0.98895, ap: 0.98892, f1: 0.98895, macro_auc: 0.99434, micro_auc: 0.99434
[Thu Sep 10 21:53:35 2026|scalable_tgn_link_prediction.py|INFO] meta val epoch:9, loss: 0.54437,mrr:0.63882,  acc: 0.99320, ap: 0.98928, f1: 0.99320, macro_auc: 0.99458, micro_auc: 0.99458
[Thu Sep 10 21:53:36 2026|scalable_tgn_link_prediction.py|INFO] meta val epoch:9, loss: 0.51859,mrr:0.63440,  acc: 0.99369, ap: 0.98976, f1: 0.99369, macro_auc: 0.99483, micro_auc: 0.99483
[Thu Sep 10 21:53:36 2026|scalable_tgn_link_prediction.py|INFO] meta val epoch:9, loss: 0.48801,mrr:0.64313,  acc: 0.99320, ap: 0.99053, f1: 0.99320, macro_auc: 0.99522, micro_auc: 0.99522
[Thu Sep 10 21:53:36 2026|scalable_tgn_link_prediction.py|INFO] meta val epoch:9, loss: 0.44825,mrr:0.58568,  acc: 0.99405, ap: 0.99131, f1: 0.99405, macro_auc: 0.99561, micro_auc: 0.99561
[Thu Sep 10 21:53:36 2026|scalable_tgn_link_prediction.py|INFO] meta val epoch:9, loss: 0.64488,mrr:0.61863,  acc: 0.99077, ap: 0.98750, f1: 0.99077, macro_auc: 0.99367, micro_auc: 0.99367
[Thu Sep 10 21:53:36 2026|scalable_tgn_link_prediction.py|INFO] meta val epoch:9, loss: 0.48352,mrr:0.63553,  acc: 0.99356, ap: 0.99051, f1: 0.99356, macro_auc: 0.99521, micro_auc: 0.99521
[Thu Sep 10 21:53:36 2026|scalable_tgn_link_prediction.py|INFO] meta val epoch:9, loss: 0.58477,mrr:0.60826,  acc: 0.99186, ap: 0.98772, f1: 0.99186, macro_auc: 0.99307, micro_auc: 0.99307
[Thu Sep 10 21:53:36 2026|scalable_tgn_link_prediction.py|INFO] meta val epoch:9, loss: 0.44891,mrr:0.64644,  acc: 0.99393, ap: 0.99122, f1: 0.99393, macro_auc: 0.99541, micro_auc: 0.99541
[Thu Sep 10 21:53:37 2026|scalable_tgn_link_prediction.py|INFO] meta val epoch:9, loss: 0.54388,mrr:0.61355,  acc: 0.99308, ap: 0.98943, f1: 0.99308, macro_auc: 0.99466, micro_auc: 0.99466
[Thu Sep 10 21:53:37 2026|scalable_tgn_link_prediction.py|INFO] meta val epoch:9, loss: 0.48554,mrr:0.64565,  acc: 0.99259, ap: 0.99062, f1: 0.99259, macro_auc: 0.99526, micro_auc: 0.99526
[Thu Sep 10 21:53:37 2026|scalable_tgn_link_prediction.py|INFO] meta val epoch:9, loss: 0.57246,mrr:0.62119,  acc: 0.99162, ap: 0.98845, f1: 0.99162, macro_auc: 0.99348, micro_auc: 0.99348
[Thu Sep 10 21:53:50 2026|scalable_tgn_link_prediction.py|INFO] meta val epoch:10, loss: 0.13942,mrr:0.83796,  acc: 0.99478, ap: 0.99070, f1: 0.99478, macro_auc: 0.99561, micro_auc: 0.99561
[Thu Sep 10 21:53:50 2026|scalable_tgn_link_prediction.py|INFO] meta val epoch:10, loss: 0.09828,mrr:0.88057,  acc: 0.99344, ap: 0.99296, f1: 0.99344, macro_auc: 0.99599, micro_auc: 0.99599
[Thu Sep 10 21:53:50 2026|scalable_tgn_link_prediction.py|INFO] meta val epoch:10, loss: 0.16415,mrr:0.83126,  acc: 0.98932, ap: 0.98510, f1: 0.98931, macro_auc: 0.99056, micro_auc: 0.99056
[Thu Sep 10 21:53:51 2026|scalable_tgn_link_prediction.py|INFO] meta val epoch:10, loss: 0.15714,mrr:0.85005,  acc: 0.98871, ap: 0.98765, f1: 0.98871, macro_auc: 0.99377, micro_auc: 0.99377
[Thu Sep 10 21:53:51 2026|scalable_tgn_link_prediction.py|INFO] meta val epoch:10, loss: 0.11524,mrr:0.85000,  acc: 0.99247, ap: 0.98834, f1: 0.99247, macro_auc: 0.99395, micro_auc: 0.99395
[Thu Sep 10 21:53:51 2026|scalable_tgn_link_prediction.py|INFO] meta val epoch:10, loss: 0.12187,mrr:0.82999,  acc: 0.99332, ap: 0.99003, f1: 0.99332, macro_auc: 0.99473, micro_auc: 0.99473
[Thu Sep 10 21:53:51 2026|scalable_tgn_link_prediction.py|INFO] meta val epoch:10, loss: 0.14707,mrr:0.82321,  acc: 0.99162, ap: 0.98810, f1: 0.99162, macro_auc: 0.99451, micro_auc: 0.99451
[Thu Sep 10 21:53:51 2026|scalable_tgn_link_prediction.py|INFO] meta val epoch:10, loss: 0.13403,mrr:0.82524,  acc: 0.99247, ap: 0.99005, f1: 0.99247, macro_auc: 0.99514, micro_auc: 0.99514
[Thu Sep 10 21:53:51 2026|scalable_tgn_link_prediction.py|INFO] meta val epoch:10, loss: 0.15819,mrr:0.83878,  acc: 0.99029, ap: 0.98629, f1: 0.99029, macro_auc: 0.99286, micro_auc: 0.99286
[Thu Sep 10 21:53:51 2026|scalable_tgn_link_prediction.py|INFO] meta val epoch:10, loss: 0.16034,mrr:0.82624,  acc: 0.99284, ap: 0.98837, f1: 0.99284, macro_auc: 0.99435, micro_auc: 0.99435
[Thu Sep 10 21:53:52 2026|scalable_tgn_link_prediction.py|INFO] meta val epoch:10, loss: 0.13575,mrr:0.82031,  acc: 0.99017, ap: 0.98713, f1: 0.99016, macro_auc: 0.99281, micro_auc: 0.99281
[Thu Sep 10 21:53:52 2026|scalable_tgn_link_prediction.py|INFO] meta val epoch:10, loss: 0.11393,mrr:0.83641,  acc: 0.99296, ap: 0.99170, f1: 0.99296, macro_auc: 0.99570, micro_auc: 0.99570
[Thu Sep 10 21:53:52 2026|scalable_tgn_link_prediction.py|INFO] meta val epoch:10, loss: 0.21170,mrr:0.80732,  acc: 0.99235, ap: 0.98458, f1: 0.99235, macro_auc: 0.99291, micro_auc: 0.99291
[Thu Sep 10 21:53:52 2026|scalable_tgn_link_prediction.py|INFO] meta val epoch:10, loss: 0.09310,mrr:0.82438,  acc: 0.99284, ap: 0.99153, f1: 0.99284, macro_auc: 0.99511, micro_auc: 0.99511
[Thu Sep 10 21:53:52 2026|scalable_tgn_link_prediction.py|INFO] meta val epoch:10, loss: 0.21521,mrr:0.80639,  acc: 0.99126, ap: 0.98382, f1: 0.99126, macro_auc: 0.99268, micro_auc: 0.99268
[Thu Sep 10 21:54:05 2026|scalable_tgn_link_prediction.py|INFO] meta val epoch:11, loss: 0.25315,mrr:0.76924,  acc: 0.99478, ap: 0.99353, f1: 0.99478, macro_auc: 0.99669, micro_auc: 0.99669
[Thu Sep 10 21:54:05 2026|scalable_tgn_link_prediction.py|INFO] meta val epoch:11, loss: 0.29336,mrr:0.80184,  acc: 0.99417, ap: 0.99290, f1: 0.99417, macro_auc: 0.99630, micro_auc: 0.99630
[Thu Sep 10 21:54:06 2026|scalable_tgn_link_prediction.py|INFO] meta val epoch:11, loss: 0.39254,mrr:0.77565,  acc: 0.98992, ap: 0.98810, f1: 0.98992, macro_auc: 0.99173, micro_auc: 0.99173
[Thu Sep 10 21:54:06 2026|scalable_tgn_link_prediction.py|INFO] meta val epoch:11, loss: 0.42201,mrr:0.73420,  acc: 0.98847, ap: 0.99024, f1: 0.98847, macro_auc: 0.99493, micro_auc: 0.99493
[Thu Sep 10 21:54:06 2026|scalable_tgn_link_prediction.py|INFO] meta val epoch:11, loss: 0.34259,mrr:0.74180,  acc: 0.99271, ap: 0.99195, f1: 0.99271, macro_auc: 0.99575, micro_auc: 0.99575
[Thu Sep 10 21:54:06 2026|scalable_tgn_link_prediction.py|INFO] meta val epoch:11, loss: 0.35082,mrr:0.71849,  acc: 0.99356, ap: 0.99181, f1: 0.99356, macro_auc: 0.99575, micro_auc: 0.99575
[Thu Sep 10 21:54:06 2026|scalable_tgn_link_prediction.py|INFO] meta val epoch:11, loss: 0.37821,mrr:0.71560,  acc: 0.99114, ap: 0.99129, f1: 0.99114, macro_auc: 0.99547, micro_auc: 0.99547
[Thu Sep 10 21:54:06 2026|scalable_tgn_link_prediction.py|INFO] meta val epoch:11, loss: 0.38600,mrr:0.71682,  acc: 0.99235, ap: 0.99126, f1: 0.99235, macro_auc: 0.99554, micro_auc: 0.99554
[Thu Sep 10 21:54:06 2026|scalable_tgn_link_prediction.py|INFO] meta val epoch:11, loss: 0.45172,mrr:0.71922,  acc: 0.99029, ap: 0.98960, f1: 0.99029, macro_auc: 0.99456, micro_auc: 0.99456
[Thu Sep 10 21:54:06 2026|scalable_tgn_link_prediction.py|INFO] meta val epoch:11, loss: 0.34444,mrr:0.73100,  acc: 0.99162, ap: 0.99196, f1: 0.99162, macro_auc: 0.99579, micro_auc: 0.99579
[Thu Sep 10 21:54:07 2026|scalable_tgn_link_prediction.py|INFO] meta val epoch:11, loss: 0.36566,mrr:0.72534,  acc: 0.98968, ap: 0.99093, f1: 0.98968, macro_auc: 0.99445, micro_auc: 0.99445
[Thu Sep 10 21:54:07 2026|scalable_tgn_link_prediction.py|INFO] meta val epoch:11, loss: 0.29693,mrr:0.71335,  acc: 0.99150, ap: 0.99320, f1: 0.99150, macro_auc: 0.99639, micro_auc: 0.99639
[Thu Sep 10 21:54:07 2026|scalable_tgn_link_prediction.py|INFO] meta val epoch:11, loss: 0.39195,mrr:0.71545,  acc: 0.99150, ap: 0.99081, f1: 0.99150, macro_auc: 0.99519, micro_auc: 0.99519
[Thu Sep 10 21:54:07 2026|scalable_tgn_link_prediction.py|INFO] meta val epoch:11, loss: 0.32941,mrr:0.70887,  acc: 0.99223, ap: 0.99237, f1: 0.99223, macro_auc: 0.99600, micro_auc: 0.99600
[Thu Sep 10 21:54:07 2026|scalable_tgn_link_prediction.py|INFO] meta val epoch:11, loss: 0.42890,mrr:0.74713,  acc: 0.99077, ap: 0.98979, f1: 0.99077, macro_auc: 0.99457, micro_auc: 0.99457
[Thu Sep 10 21:54:21 2026|scalable_tgn_link_prediction.py|INFO] meta val epoch:12, loss: 0.12704,mrr:0.85674,  acc: 0.99502, ap: 0.98926, f1: 0.99502, macro_auc: 0.99516, micro_auc: 0.99516
[Thu Sep 10 21:54:21 2026|scalable_tgn_link_prediction.py|INFO] meta val epoch:12, loss: 0.09742,mrr:0.87791,  acc: 0.99332, ap: 0.99154, f1: 0.99332, macro_auc: 0.99538, micro_auc: 0.99538
[Thu Sep 10 21:54:21 2026|scalable_tgn_link_prediction.py|INFO] meta val epoch:12, loss: 0.13890,mrr:0.86449,  acc: 0.99029, ap: 0.98517, f1: 0.99029, macro_auc: 0.99051, micro_auc: 0.99051
[Thu Sep 10 21:54:21 2026|scalable_tgn_link_prediction.py|INFO] meta val epoch:12, loss: 0.13219,mrr:0.84472,  acc: 0.98919, ap: 0.98782, f1: 0.98919, macro_auc: 0.99368, micro_auc: 0.99368
[Thu Sep 10 21:54:21 2026|scalable_tgn_link_prediction.py|INFO] meta val epoch:12, loss: 0.10215,mrr:0.84414,  acc: 0.99332, ap: 0.98813, f1: 0.99332, macro_auc: 0.99367, micro_auc: 0.99367
[Thu Sep 10 21:54:21 2026|scalable_tgn_link_prediction.py|INFO] meta val epoch:12, loss: 0.12090,mrr:0.83409,  acc: 0.99308, ap: 0.98905, f1: 0.99308, macro_auc: 0.99428, micro_auc: 0.99428
[Thu Sep 10 21:54:21 2026|scalable_tgn_link_prediction.py|INFO] meta val epoch:12, loss: 0.14456,mrr:0.82637,  acc: 0.99320, ap: 0.98743, f1: 0.99320, macro_auc: 0.99419, micro_auc: 0.99419
[Thu Sep 10 21:54:21 2026|scalable_tgn_link_prediction.py|INFO] meta val epoch:12, loss: 0.12842,mrr:0.82706,  acc: 0.99393, ap: 0.98997, f1: 0.99393, macro_auc: 0.99505, micro_auc: 0.99505
[Thu Sep 10 21:54:22 2026|scalable_tgn_link_prediction.py|INFO] meta val epoch:12, loss: 0.15170,mrr:0.84408,  acc: 0.99186, ap: 0.98527, f1: 0.99186, macro_auc: 0.99261, micro_auc: 0.99261
[Thu Sep 10 21:54:22 2026|scalable_tgn_link_prediction.py|INFO] meta val epoch:12, loss: 0.15314,mrr:0.79663,  acc: 0.99381, ap: 0.98814, f1: 0.99381, macro_auc: 0.99433, micro_auc: 0.99433
[Thu Sep 10 21:54:22 2026|scalable_tgn_link_prediction.py|INFO] meta val epoch:12, loss: 0.13024,mrr:0.81382,  acc: 0.99211, ap: 0.98589, f1: 0.99211, macro_auc: 0.99222, micro_auc: 0.99222
[Thu Sep 10 21:54:22 2026|scalable_tgn_link_prediction.py|INFO] meta val epoch:12, loss: 0.10599,mrr:0.83346,  acc: 0.99381, ap: 0.99123, f1: 0.99381, macro_auc: 0.99561, micro_auc: 0.99561
[Thu Sep 10 21:54:22 2026|scalable_tgn_link_prediction.py|INFO] meta val epoch:12, loss: 0.20462,mrr:0.80627,  acc: 0.99308, ap: 0.98379, f1: 0.99308, macro_auc: 0.99280, micro_auc: 0.99280
[Thu Sep 10 21:54:22 2026|scalable_tgn_link_prediction.py|INFO] meta val epoch:12, loss: 0.08755,mrr:0.79838,  acc: 0.99344, ap: 0.99056, f1: 0.99344, macro_auc: 0.99486, micro_auc: 0.99486
[Thu Sep 10 21:54:22 2026|scalable_tgn_link_prediction.py|INFO] meta val epoch:12, loss: 0.19878,mrr:0.80711,  acc: 0.99235, ap: 0.98325, f1: 0.99235, macro_auc: 0.99242, micro_auc: 0.99242
[Thu Sep 10 21:54:36 2026|scalable_tgn_link_prediction.py|INFO] meta val epoch:13, loss: 0.03468,mrr:0.92757,  acc: 0.99466, ap: 0.99450, f1: 0.99466, macro_auc: 0.99682, micro_auc: 0.99682
[Thu Sep 10 21:54:36 2026|scalable_tgn_link_prediction.py|INFO] meta val epoch:13, loss: 0.03602,mrr:0.93096,  acc: 0.99344, ap: 0.99530, f1: 0.99344, macro_auc: 0.99694, micro_auc: 0.99694
[Thu Sep 10 21:54:36 2026|scalable_tgn_link_prediction.py|INFO] meta val epoch:13, loss: 0.05780,mrr:0.91952,  acc: 0.99004, ap: 0.98891, f1: 0.99004, macro_auc: 0.99184, micro_auc: 0.99184
[Thu Sep 10 21:54:36 2026|scalable_tgn_link_prediction.py|INFO] meta val epoch:13, loss: 0.04506,mrr:0.93192,  acc: 0.98932, ap: 0.99237, f1: 0.98932, macro_auc: 0.99581, micro_auc: 0.99581
[Thu Sep 10 21:54:36 2026|scalable_tgn_link_prediction.py|INFO] meta val epoch:13, loss: 0.05088,mrr:0.90391,  acc: 0.99332, ap: 0.99200, f1: 0.99332, macro_auc: 0.99580, micro_auc: 0.99580
[Thu Sep 10 21:54:37 2026|scalable_tgn_link_prediction.py|INFO] meta val epoch:13, loss: 0.04882,mrr:0.89260,  acc: 0.99211, ap: 0.99404, f1: 0.99211, macro_auc: 0.99668, micro_auc: 0.99668
[Thu Sep 10 21:54:37 2026|scalable_tgn_link_prediction.py|INFO] meta val epoch:13, loss: 0.05041,mrr:0.85850,  acc: 0.99296, ap: 0.99190, f1: 0.99296, macro_auc: 0.99571, micro_auc: 0.99571
[Thu Sep 10 21:54:37 2026|scalable_tgn_link_prediction.py|INFO] meta val epoch:13, loss: 0.05746,mrr:0.87879,  acc: 0.99381, ap: 0.99329, f1: 0.99381, macro_auc: 0.99644, micro_auc: 0.99644
[Thu Sep 10 21:54:37 2026|scalable_tgn_link_prediction.py|INFO] meta val epoch:13, loss: 0.07692,mrr:0.88954,  acc: 0.99223, ap: 0.99003, f1: 0.99223, macro_auc: 0.99509, micro_auc: 0.99509
[Thu Sep 10 21:54:37 2026|scalable_tgn_link_prediction.py|INFO] meta val epoch:13, loss: 0.08454,mrr:0.90431,  acc: 0.99381, ap: 0.99006, f1: 0.99381, macro_auc: 0.99527, micro_auc: 0.99527
[Thu Sep 10 21:54:37 2026|scalable_tgn_link_prediction.py|INFO] meta val epoch:13, loss: 0.06948,mrr:0.89591,  acc: 0.99259, ap: 0.98899, f1: 0.99259, macro_auc: 0.99360, micro_auc: 0.99360
[Thu Sep 10 21:54:37 2026|scalable_tgn_link_prediction.py|INFO] meta val epoch:13, loss: 0.03517,mrr:0.89049,  acc: 0.99393, ap: 0.99522, f1: 0.99393, macro_auc: 0.99704, micro_auc: 0.99704
[Thu Sep 10 21:54:38 2026|scalable_tgn_link_prediction.py|INFO] meta val epoch:13, loss: 0.04165,mrr:0.87879,  acc: 0.99296, ap: 0.99113, f1: 0.99296, macro_auc: 0.99546, micro_auc: 0.99546
[Thu Sep 10 21:54:38 2026|scalable_tgn_link_prediction.py|INFO] meta val epoch:13, loss: 0.04810,mrr:0.88713,  acc: 0.99332, ap: 0.99392, f1: 0.99332, macro_auc: 0.99649, micro_auc: 0.99649
[Thu Sep 10 21:54:38 2026|scalable_tgn_link_prediction.py|INFO] meta val epoch:13, loss: 0.06810,mrr:0.86391,  acc: 0.99174, ap: 0.99023, f1: 0.99174, macro_auc: 0.99487, micro_auc: 0.99487
[Thu Sep 10 21:54:51 2026|scalable_tgn_link_prediction.py|INFO] meta val epoch:14, loss: 0.03217,mrr:0.92644,  acc: 0.99454, ap: 0.99379, f1: 0.99454, macro_auc: 0.99665, micro_auc: 0.99665
[Thu Sep 10 21:54:51 2026|scalable_tgn_link_prediction.py|INFO] meta val epoch:14, loss: 0.03344,mrr:0.93217,  acc: 0.99344, ap: 0.99493, f1: 0.99344, macro_auc: 0.99690, micro_auc: 0.99690
[Thu Sep 10 21:54:51 2026|scalable_tgn_link_prediction.py|INFO] meta val epoch:14, loss: 0.07981,mrr:0.89226,  acc: 0.98968, ap: 0.98745, f1: 0.98968, macro_auc: 0.99137, micro_auc: 0.99137
[Thu Sep 10 21:54:52 2026|scalable_tgn_link_prediction.py|INFO] meta val epoch:14, loss: 0.06663,mrr:0.88072,  acc: 0.98834, ap: 0.99037, f1: 0.98834, macro_auc: 0.99502, micro_auc: 0.99502
[Thu Sep 10 21:54:52 2026|scalable_tgn_link_prediction.py|INFO] meta val epoch:14, loss: 0.05126,mrr:0.91205,  acc: 0.99259, ap: 0.98960, f1: 0.99259, macro_auc: 0.99460, micro_auc: 0.99460
[Thu Sep 10 21:54:52 2026|scalable_tgn_link_prediction.py|INFO] meta val epoch:14, loss: 0.04582,mrr:0.90400,  acc: 0.99235, ap: 0.99403, f1: 0.99235, macro_auc: 0.99659, micro_auc: 0.99659
[Thu Sep 10 21:54:52 2026|scalable_tgn_link_prediction.py|INFO] meta val epoch:14, loss: 0.06128,mrr:0.87674,  acc: 0.99235, ap: 0.99012, f1: 0.99235, macro_auc: 0.99510, micro_auc: 0.99510
[Thu Sep 10 21:54:52 2026|scalable_tgn_link_prediction.py|INFO] meta val epoch:14, loss: 0.05764,mrr:0.87435,  acc: 0.99332, ap: 0.99236, f1: 0.99332, macro_auc: 0.99606, micro_auc: 0.99606
[Thu Sep 10 21:54:52 2026|scalable_tgn_link_prediction.py|INFO] meta val epoch:14, loss: 0.08006,mrr:0.87973,  acc: 0.99065, ap: 0.98946, f1: 0.99065, macro_auc: 0.99465, micro_auc: 0.99465
[Thu Sep 10 21:54:52 2026|scalable_tgn_link_prediction.py|INFO] meta val epoch:14, loss: 0.09370,mrr:0.87925,  acc: 0.99320, ap: 0.98967, f1: 0.99320, macro_auc: 0.99519, micro_auc: 0.99519
[Thu Sep 10 21:54:53 2026|scalable_tgn_link_prediction.py|INFO] meta val epoch:14, loss: 0.07004,mrr:0.87201,  acc: 0.99211, ap: 0.98864, f1: 0.99211, macro_auc: 0.99334, micro_auc: 0.99334
[Thu Sep 10 21:54:53 2026|scalable_tgn_link_prediction.py|INFO] meta val epoch:14, loss: 0.03353,mrr:0.89713,  acc: 0.99344, ap: 0.99480, f1: 0.99344, macro_auc: 0.99684, micro_auc: 0.99684
[Thu Sep 10 21:54:53 2026|scalable_tgn_link_prediction.py|INFO] meta val epoch:14, loss: 0.06406,mrr:0.86128,  acc: 0.99308, ap: 0.98979, f1: 0.99308, macro_auc: 0.99530, micro_auc: 0.99530
[Thu Sep 10 21:54:53 2026|scalable_tgn_link_prediction.py|INFO] meta val epoch:14, loss: 0.04780,mrr:0.89173,  acc: 0.99320, ap: 0.99295, f1: 0.99320, macro_auc: 0.99606, micro_auc: 0.99606
[Thu Sep 10 21:54:53 2026|scalable_tgn_link_prediction.py|INFO] meta val epoch:14, loss: 0.07937,mrr:0.86138,  acc: 0.99150, ap: 0.98912, f1: 0.99150, macro_auc: 0.99446, micro_auc: 0.99446
[Thu Sep 10 21:55:06 2026|scalable_tgn_link_prediction.py|INFO] meta val epoch:15, loss: 0.03095,mrr:0.91137,  acc: 0.99393, ap: 0.99453, f1: 0.99393, macro_auc: 0.99688, micro_auc: 0.99688
[Thu Sep 10 21:55:06 2026|scalable_tgn_link_prediction.py|INFO] meta val epoch:15, loss: 0.03425,mrr:0.90795,  acc: 0.99320, ap: 0.99464, f1: 0.99320, macro_auc: 0.99661, micro_auc: 0.99661
[Thu Sep 10 21:55:06 2026|scalable_tgn_link_prediction.py|INFO] meta val epoch:15, loss: 0.05888,mrr:0.89953,  acc: 0.98944, ap: 0.98955, f1: 0.98944, macro_auc: 0.99234, micro_auc: 0.99234
[Thu Sep 10 21:55:07 2026|scalable_tgn_link_prediction.py|INFO] meta val epoch:15, loss: 0.04689,mrr:0.89270,  acc: 0.98834, ap: 0.98891, f1: 0.98834, macro_auc: 0.99438, micro_auc: 0.99438
[Thu Sep 10 21:55:07 2026|scalable_tgn_link_prediction.py|INFO] meta val epoch:15, loss: 0.05025,mrr:0.90717,  acc: 0.99211, ap: 0.98881, f1: 0.99211, macro_auc: 0.99448, micro_auc: 0.99448
[Thu Sep 10 21:55:07 2026|scalable_tgn_link_prediction.py|INFO] meta val epoch:15, loss: 0.04706,mrr:0.87741,  acc: 0.99150, ap: 0.99243, f1: 0.99150, macro_auc: 0.99595, micro_auc: 0.99595
[Thu Sep 10 21:55:07 2026|scalable_tgn_link_prediction.py|INFO] meta val epoch:15, loss: 0.04908,mrr:0.87312,  acc: 0.99211, ap: 0.99074, f1: 0.99211, macro_auc: 0.99540, micro_auc: 0.99540
[Thu Sep 10 21:55:07 2026|scalable_tgn_link_prediction.py|INFO] meta val epoch:15, loss: 0.05712,mrr:0.88349,  acc: 0.99308, ap: 0.99031, f1: 0.99308, macro_auc: 0.99529, micro_auc: 0.99529
[Thu Sep 10 21:55:07 2026|scalable_tgn_link_prediction.py|INFO] meta val epoch:15, loss: 0.07822,mrr:0.89465,  acc: 0.99053, ap: 0.98699, f1: 0.99053, macro_auc: 0.99391, micro_auc: 0.99391
[Thu Sep 10 21:55:07 2026|scalable_tgn_link_prediction.py|INFO] meta val epoch:15, loss: 0.08167,mrr:0.87916,  acc: 0.99308, ap: 0.98832, f1: 0.99308, macro_auc: 0.99477, micro_auc: 0.99477
[Thu Sep 10 21:55:08 2026|scalable_tgn_link_prediction.py|INFO] meta val epoch:15, loss: 0.06791,mrr:0.88386,  acc: 0.99174, ap: 0.98918, f1: 0.99174, macro_auc: 0.99377, micro_auc: 0.99377
[Thu Sep 10 21:55:08 2026|scalable_tgn_link_prediction.py|INFO] meta val epoch:15, loss: 0.03227,mrr:0.88966,  acc: 0.99356, ap: 0.99422, f1: 0.99356, macro_auc: 0.99664, micro_auc: 0.99664
[Thu Sep 10 21:55:08 2026|scalable_tgn_link_prediction.py|INFO] meta val epoch:15, loss: 0.03719,mrr:0.87445,  acc: 0.99259, ap: 0.99109, f1: 0.99259, macro_auc: 0.99555, micro_auc: 0.99555
[Thu Sep 10 21:55:08 2026|scalable_tgn_link_prediction.py|INFO] meta val epoch:15, loss: 0.04912,mrr:0.87511,  acc: 0.99211, ap: 0.99096, f1: 0.99211, macro_auc: 0.99518, micro_auc: 0.99518
[Thu Sep 10 21:55:08 2026|scalable_tgn_link_prediction.py|INFO] meta val epoch:15, loss: 0.06617,mrr:0.87896,  acc: 0.99041, ap: 0.99051, f1: 0.99041, macro_auc: 0.99511, micro_auc: 0.99511
[Thu Sep 10 21:55:21 2026|scalable_tgn_link_prediction.py|INFO] meta val epoch:16, loss: 0.31834,mrr:0.76193,  acc: 0.99381, ap: 0.99160, f1: 0.99381, macro_auc: 0.99582, micro_auc: 0.99582
[Thu Sep 10 21:55:21 2026|scalable_tgn_link_prediction.py|INFO] meta val epoch:16, loss: 0.36170,mrr:0.73033,  acc: 0.99296, ap: 0.99086, f1: 0.99296, macro_auc: 0.99539, micro_auc: 0.99539
[Thu Sep 10 21:55:22 2026|scalable_tgn_link_prediction.py|INFO] meta val epoch:16, loss: 0.46679,mrr:0.69881,  acc: 0.98883, ap: 0.98598, f1: 0.98883, macro_auc: 0.99117, micro_auc: 0.99117
[Thu Sep 10 21:55:22 2026|scalable_tgn_link_prediction.py|INFO] meta val epoch:16, loss: 0.39401,mrr:0.67304,  acc: 0.98786, ap: 0.99088, f1: 0.98786, macro_auc: 0.99521, micro_auc: 0.99521
[Thu Sep 10 21:55:22 2026|scalable_tgn_link_prediction.py|INFO] meta val epoch:16, loss: 0.35816,mrr:0.73301,  acc: 0.99296, ap: 0.99188, f1: 0.99296, macro_auc: 0.99582, micro_auc: 0.99582
[Thu Sep 10 21:55:22 2026|scalable_tgn_link_prediction.py|INFO] meta val epoch:16, loss: 0.41333,mrr:0.71348,  acc: 0.99174, ap: 0.99021, f1: 0.99174, macro_auc: 0.99502, micro_auc: 0.99502
[Thu Sep 10 21:55:22 2026|scalable_tgn_link_prediction.py|INFO] meta val epoch:16, loss: 0.35476,mrr:0.74123,  acc: 0.99186, ap: 0.99163, f1: 0.99186, macro_auc: 0.99578, micro_auc: 0.99578
[Thu Sep 10 21:55:22 2026|scalable_tgn_link_prediction.py|INFO] meta val epoch:16, loss: 0.30788,mrr:0.71782,  acc: 0.99271, ap: 0.99303, f1: 0.99271, macro_auc: 0.99641, micro_auc: 0.99641
[Thu Sep 10 21:55:22 2026|scalable_tgn_link_prediction.py|INFO] meta val epoch:16, loss: 0.47032,mrr:0.70786,  acc: 0.99077, ap: 0.98946, f1: 0.99077, macro_auc: 0.99461, micro_auc: 0.99461
[Thu Sep 10 21:55:23 2026|scalable_tgn_link_prediction.py|INFO] meta val epoch:16, loss: 0.32919,mrr:0.71806,  acc: 0.99296, ap: 0.99204, f1: 0.99296, macro_auc: 0.99596, micro_auc: 0.99596
[Thu Sep 10 21:55:23 2026|scalable_tgn_link_prediction.py|INFO] meta val epoch:16, loss: 0.39607,mrr:0.74471,  acc: 0.99174, ap: 0.98959, f1: 0.99174, macro_auc: 0.99407, micro_auc: 0.99407
[Thu Sep 10 21:55:23 2026|scalable_tgn_link_prediction.py|INFO] meta val epoch:16, loss: 0.30441,mrr:0.72103,  acc: 0.99296, ap: 0.99276, f1: 0.99296, macro_auc: 0.99615, micro_auc: 0.99615
[Thu Sep 10 21:55:23 2026|scalable_tgn_link_prediction.py|INFO] meta val epoch:16, loss: 0.39039,mrr:0.73788,  acc: 0.99223, ap: 0.99073, f1: 0.99223, macro_auc: 0.99528, micro_auc: 0.99528
[Thu Sep 10 21:55:23 2026|scalable_tgn_link_prediction.py|INFO] meta val epoch:16, loss: 0.29962,mrr:0.72174,  acc: 0.99186, ap: 0.99308, f1: 0.99186, macro_auc: 0.99641, micro_auc: 0.99641
[Thu Sep 10 21:55:23 2026|scalable_tgn_link_prediction.py|INFO] meta val epoch:16, loss: 0.43169,mrr:0.75417,  acc: 0.99114, ap: 0.98903, f1: 0.99114, macro_auc: 0.99377, micro_auc: 0.99377
[Thu Sep 10 21:55:37 2026|scalable_tgn_link_prediction.py|INFO] meta val epoch:17, loss: 0.03479,mrr:0.92901,  acc: 0.99466, ap: 0.99484, f1: 0.99466, macro_auc: 0.99691, micro_auc: 0.99691
[Thu Sep 10 21:55:37 2026|scalable_tgn_link_prediction.py|INFO] meta val epoch:17, loss: 0.03565,mrr:0.92611,  acc: 0.99393, ap: 0.99487, f1: 0.99393, macro_auc: 0.99655, micro_auc: 0.99655
[Thu Sep 10 21:55:37 2026|scalable_tgn_link_prediction.py|INFO] meta val epoch:17, loss: 0.06069,mrr:0.92238,  acc: 0.98968, ap: 0.98932, f1: 0.98968, macro_auc: 0.99232, micro_auc: 0.99232
[Thu Sep 10 21:55:37 2026|scalable_tgn_link_prediction.py|INFO] meta val epoch:17, loss: 0.04398,mrr:0.92375,  acc: 0.98871, ap: 0.99370, f1: 0.98871, macro_auc: 0.99588, micro_auc: 0.99588
[Thu Sep 10 21:55:37 2026|scalable_tgn_link_prediction.py|INFO] meta val epoch:17, loss: 0.03796,mrr:0.93105,  acc: 0.99271, ap: 0.99445, f1: 0.99271, macro_auc: 0.99658, micro_auc: 0.99658
[Thu Sep 10 21:55:37 2026|scalable_tgn_link_prediction.py|INFO] meta val epoch:17, loss: 0.03770,mrr:0.94402,  acc: 0.99211, ap: 0.99371, f1: 0.99211, macro_auc: 0.99630, micro_auc: 0.99630
[Thu Sep 10 21:55:37 2026|scalable_tgn_link_prediction.py|INFO] meta val epoch:17, loss: 0.03635,mrr:0.90785,  acc: 0.99223, ap: 0.99502, f1: 0.99223, macro_auc: 0.99697, micro_auc: 0.99697
[Thu Sep 10 21:55:38 2026|scalable_tgn_link_prediction.py|INFO] meta val epoch:17, loss: 0.03432,mrr:0.93495,  acc: 0.99320, ap: 0.99482, f1: 0.99320, macro_auc: 0.99705, micro_auc: 0.99705
[Thu Sep 10 21:55:38 2026|scalable_tgn_link_prediction.py|INFO] meta val epoch:17, loss: 0.04151,mrr:0.93073,  acc: 0.99065, ap: 0.99373, f1: 0.99065, macro_auc: 0.99612, micro_auc: 0.99612
[Thu Sep 10 21:55:38 2026|scalable_tgn_link_prediction.py|INFO] meta val epoch:17, loss: 0.03584,mrr:0.92341,  acc: 0.99308, ap: 0.99476, f1: 0.99308, macro_auc: 0.99686, micro_auc: 0.99686
[Thu Sep 10 21:55:38 2026|scalable_tgn_link_prediction.py|INFO] meta val epoch:17, loss: 0.04565,mrr:0.92978,  acc: 0.99174, ap: 0.99182, f1: 0.99174, macro_auc: 0.99490, micro_auc: 0.99490
[Thu Sep 10 21:55:38 2026|scalable_tgn_link_prediction.py|INFO] meta val epoch:17, loss: 0.03467,mrr:0.94251,  acc: 0.99320, ap: 0.99563, f1: 0.99320, macro_auc: 0.99715, micro_auc: 0.99715
[Thu Sep 10 21:55:38 2026|scalable_tgn_link_prediction.py|INFO] meta val epoch:17, loss: 0.03657,mrr:0.91540,  acc: 0.99247, ap: 0.99499, f1: 0.99247, macro_auc: 0.99704, micro_auc: 0.99704
[Thu Sep 10 21:55:38 2026|scalable_tgn_link_prediction.py|INFO] meta val epoch:17, loss: 0.03575,mrr:0.91986,  acc: 0.99235, ap: 0.99588, f1: 0.99235, macro_auc: 0.99741, micro_auc: 0.99741
[Thu Sep 10 21:55:39 2026|scalable_tgn_link_prediction.py|INFO] meta val epoch:17, loss: 0.04325,mrr:0.90657,  acc: 0.99162, ap: 0.99301, f1: 0.99162, macro_auc: 0.99623, micro_auc: 0.99623
[Thu Sep 10 21:55:51 2026|scalable_tgn_link_prediction.py|INFO] meta val epoch:18, loss: 0.03403,mrr:0.93606,  acc: 0.99417, ap: 0.99486, f1: 0.99417, macro_auc: 0.99690, micro_auc: 0.99690
[Thu Sep 10 21:55:52 2026|scalable_tgn_link_prediction.py|INFO] meta val epoch:18, loss: 0.03623,mrr:0.92151,  acc: 0.99332, ap: 0.99470, f1: 0.99332, macro_auc: 0.99648, micro_auc: 0.99648
[Thu Sep 10 21:55:52 2026|scalable_tgn_link_prediction.py|INFO] meta val epoch:18, loss: 0.06067,mrr:0.91719,  acc: 0.98956, ap: 0.98950, f1: 0.98956, macro_auc: 0.99210, micro_auc: 0.99210
[Thu Sep 10 21:55:52 2026|scalable_tgn_link_prediction.py|INFO] meta val epoch:18, loss: 0.04852,mrr:0.92375,  acc: 0.98871, ap: 0.99374, f1: 0.98871, macro_auc: 0.99595, micro_auc: 0.99595
[Thu Sep 10 21:55:52 2026|scalable_tgn_link_prediction.py|INFO] meta val epoch:18, loss: 0.03885,mrr:0.94870,  acc: 0.99259, ap: 0.99509, f1: 0.99259, macro_auc: 0.99688, micro_auc: 0.99688
[Thu Sep 10 21:55:52 2026|scalable_tgn_link_prediction.py|INFO] meta val epoch:18, loss: 0.03835,mrr:0.93338,  acc: 0.99259, ap: 0.99414, f1: 0.99259, macro_auc: 0.99654, micro_auc: 0.99654
[Thu Sep 10 21:55:52 2026|scalable_tgn_link_prediction.py|INFO] meta val epoch:18, loss: 0.03829,mrr:0.91806,  acc: 0.99199, ap: 0.99514, f1: 0.99199, macro_auc: 0.99708, micro_auc: 0.99708
[Thu Sep 10 21:55:52 2026|scalable_tgn_link_prediction.py|INFO] meta val epoch:18, loss: 0.03632,mrr:0.93783,  acc: 0.99320, ap: 0.99482, f1: 0.99320, macro_auc: 0.99705, micro_auc: 0.99705
[Thu Sep 10 21:55:53 2026|scalable_tgn_link_prediction.py|INFO] meta val epoch:18, loss: 0.04352,mrr:0.92093,  acc: 0.99041, ap: 0.99391, f1: 0.99041, macro_auc: 0.99624, micro_auc: 0.99624
[Thu Sep 10 21:55:53 2026|scalable_tgn_link_prediction.py|INFO] meta val epoch:18, loss: 0.03682,mrr:0.91554,  acc: 0.99344, ap: 0.99510, f1: 0.99344, macro_auc: 0.99705, micro_auc: 0.99705
[Thu Sep 10 21:55:53 2026|scalable_tgn_link_prediction.py|INFO] meta val epoch:18, loss: 0.04670,mrr:0.92447,  acc: 0.99186, ap: 0.99196, f1: 0.99186, macro_auc: 0.99508, micro_auc: 0.99508
[Thu Sep 10 21:55:53 2026|scalable_tgn_link_prediction.py|INFO] meta val epoch:18, loss: 0.03567,mrr:0.93514,  acc: 0.99332, ap: 0.99583, f1: 0.99332, macro_auc: 0.99730, micro_auc: 0.99730
[Thu Sep 10 21:55:53 2026|scalable_tgn_link_prediction.py|INFO] meta val epoch:18, loss: 0.03659,mrr:0.91162,  acc: 0.99296, ap: 0.99564, f1: 0.99296, macro_auc: 0.99734, micro_auc: 0.99734
[Thu Sep 10 21:55:53 2026|scalable_tgn_link_prediction.py|INFO] meta val epoch:18, loss: 0.03798,mrr:0.92668,  acc: 0.99186, ap: 0.99619, f1: 0.99186, macro_auc: 0.99756, micro_auc: 0.99756
[Thu Sep 10 21:55:53 2026|scalable_tgn_link_prediction.py|INFO] meta val epoch:18, loss: 0.04406,mrr:0.92226,  acc: 0.99162, ap: 0.99308, f1: 0.99162, macro_auc: 0.99618, micro_auc: 0.99618
[Thu Sep 10 21:56:06 2026|scalable_tgn_link_prediction.py|INFO] meta val epoch:19, loss: 0.03074,mrr:0.94496,  acc: 0.99393, ap: 0.99490, f1: 0.99393, macro_auc: 0.99695, micro_auc: 0.99695
[Thu Sep 10 21:56:06 2026|scalable_tgn_link_prediction.py|INFO] meta val epoch:19, loss: 0.03389,mrr:0.93794,  acc: 0.99211, ap: 0.99512, f1: 0.99211, macro_auc: 0.99669, micro_auc: 0.99669
[Thu Sep 10 21:56:07 2026|scalable_tgn_link_prediction.py|INFO] meta val epoch:19, loss: 0.06018,mrr:0.94237,  acc: 0.98871, ap: 0.98992, f1: 0.98871, macro_auc: 0.99226, micro_auc: 0.99226
[Thu Sep 10 21:56:07 2026|scalable_tgn_link_prediction.py|INFO] meta val epoch:19, loss: 0.04274,mrr:0.94281,  acc: 0.98822, ap: 0.99407, f1: 0.98822, macro_auc: 0.99618, micro_auc: 0.99618
[Thu Sep 10 21:56:07 2026|scalable_tgn_link_prediction.py|INFO] meta val epoch:19, loss: 0.03474,mrr:0.94463,  acc: 0.99199, ap: 0.99565, f1: 0.99199, macro_auc: 0.99718, micro_auc: 0.99718
[Thu Sep 10 21:56:07 2026|scalable_tgn_link_prediction.py|INFO] meta val epoch:19, loss: 0.03602,mrr:0.93769,  acc: 0.99150, ap: 0.99456, f1: 0.99150, macro_auc: 0.99675, micro_auc: 0.99675
[Thu Sep 10 21:56:07 2026|scalable_tgn_link_prediction.py|INFO] meta val epoch:19, loss: 0.03614,mrr:0.90506,  acc: 0.99102, ap: 0.99523, f1: 0.99101, macro_auc: 0.99711, micro_auc: 0.99711
[Thu Sep 10 21:56:07 2026|scalable_tgn_link_prediction.py|INFO] meta val epoch:19, loss: 0.03362,mrr:0.92868,  acc: 0.99235, ap: 0.99493, f1: 0.99235, macro_auc: 0.99715, micro_auc: 0.99715
[Thu Sep 10 21:56:07 2026|scalable_tgn_link_prediction.py|INFO] meta val epoch:19, loss: 0.04408,mrr:0.94129,  acc: 0.98944, ap: 0.99393, f1: 0.98944, macro_auc: 0.99636, micro_auc: 0.99636
[Thu Sep 10 21:56:08 2026|scalable_tgn_link_prediction.py|INFO] meta val epoch:19, loss: 0.03401,mrr:0.91105,  acc: 0.99284, ap: 0.99514, f1: 0.99284, macro_auc: 0.99712, micro_auc: 0.99712
[Thu Sep 10 21:56:08 2026|scalable_tgn_link_prediction.py|INFO] meta val epoch:19, loss: 0.04684,mrr:0.90327,  acc: 0.99102, ap: 0.99228, f1: 0.99101, macro_auc: 0.99499, micro_auc: 0.99499
[Thu Sep 10 21:56:08 2026|scalable_tgn_link_prediction.py|INFO] meta val epoch:19, loss: 0.03278,mrr:0.92383,  acc: 0.99174, ap: 0.99619, f1: 0.99174, macro_auc: 0.99756, micro_auc: 0.99756
[Thu Sep 10 21:56:08 2026|scalable_tgn_link_prediction.py|INFO] meta val epoch:19, loss: 0.03535,mrr:0.91435,  acc: 0.99199, ap: 0.99567, f1: 0.99199, macro_auc: 0.99732, micro_auc: 0.99732
[Thu Sep 10 21:56:08 2026|scalable_tgn_link_prediction.py|INFO] meta val epoch:19, loss: 0.03535,mrr:0.92199,  acc: 0.99053, ap: 0.99645, f1: 0.99053, macro_auc: 0.99772, micro_auc: 0.99772
[Thu Sep 10 21:56:08 2026|scalable_tgn_link_prediction.py|INFO] meta val epoch:19, loss: 0.04437,mrr:0.92337,  acc: 0.99053, ap: 0.99293, f1: 0.99053, macro_auc: 0.99627, micro_auc: 0.99627
[Thu Sep 10 21:56:22 2026|scalable_tgn_link_prediction.py|INFO] meta val epoch:20, loss: 0.04370,mrr:0.90545,  acc: 0.99405, ap: 0.99172, f1: 0.99405, macro_auc: 0.99612, micro_auc: 0.99612
[Thu Sep 10 21:56:22 2026|scalable_tgn_link_prediction.py|INFO] meta val epoch:20, loss: 0.04676,mrr:0.88372,  acc: 0.99308, ap: 0.98875, f1: 0.99308, macro_auc: 0.99526, micro_auc: 0.99526
[Thu Sep 10 21:56:22 2026|scalable_tgn_link_prediction.py|INFO] meta val epoch:20, loss: 0.06927,mrr:0.89330,  acc: 0.98762, ap: 0.98374, f1: 0.98761, macro_auc: 0.99079, micro_auc: 0.99079
[Thu Sep 10 21:56:22 2026|scalable_tgn_link_prediction.py|INFO] meta val epoch:20, loss: 0.05511,mrr:0.86950,  acc: 0.98798, ap: 0.99047, f1: 0.98798, macro_auc: 0.99522, micro_auc: 0.99522
[Thu Sep 10 21:56:22 2026|scalable_tgn_link_prediction.py|INFO] meta val epoch:20, loss: 0.04883,mrr:0.90038,  acc: 0.99199, ap: 0.98888, f1: 0.99199, macro_auc: 0.99521, micro_auc: 0.99521
[Thu Sep 10 21:56:22 2026|scalable_tgn_link_prediction.py|INFO] meta val epoch:20, loss: 0.04643,mrr:0.89691,  acc: 0.99199, ap: 0.98953, f1: 0.99199, macro_auc: 0.99528, micro_auc: 0.99528
[Thu Sep 10 21:56:22 2026|scalable_tgn_link_prediction.py|INFO] meta val epoch:20, loss: 0.04705,mrr:0.87721,  acc: 0.99114, ap: 0.99197, f1: 0.99114, macro_auc: 0.99568, micro_auc: 0.99568
[Thu Sep 10 21:56:23 2026|scalable_tgn_link_prediction.py|INFO] meta val epoch:20, loss: 0.04396,mrr:0.89577,  acc: 0.99211, ap: 0.99357, f1: 0.99211, macro_auc: 0.99680, micro_auc: 0.99680
[Thu Sep 10 21:56:23 2026|scalable_tgn_link_prediction.py|INFO] meta val epoch:20, loss: 0.05380,mrr:0.88092,  acc: 0.98944, ap: 0.98851, f1: 0.98944, macro_auc: 0.99401, micro_auc: 0.99401
[Thu Sep 10 21:56:23 2026|scalable_tgn_link_prediction.py|INFO] meta val epoch:20, loss: 0.04529,mrr:0.88500,  acc: 0.99223, ap: 0.99083, f1: 0.99223, macro_auc: 0.99563, micro_auc: 0.99563
[Thu Sep 10 21:56:23 2026|scalable_tgn_link_prediction.py|INFO] meta val epoch:20, loss: 0.05531,mrr:0.89018,  acc: 0.99089, ap: 0.98710, f1: 0.99089, macro_auc: 0.99321, micro_auc: 0.99321
[Thu Sep 10 21:56:23 2026|scalable_tgn_link_prediction.py|INFO] meta val epoch:20, loss: 0.04524,mrr:0.91621,  acc: 0.99247, ap: 0.99188, f1: 0.99247, macro_auc: 0.99586, micro_auc: 0.99586
[Thu Sep 10 21:56:23 2026|scalable_tgn_link_prediction.py|INFO] meta val epoch:20, loss: 0.04737,mrr:0.87382,  acc: 0.99235, ap: 0.98968, f1: 0.99235, macro_auc: 0.99539, micro_auc: 0.99539
[Thu Sep 10 21:56:23 2026|scalable_tgn_link_prediction.py|INFO] meta val epoch:20, loss: 0.04649,mrr:0.86411,  acc: 0.99186, ap: 0.99109, f1: 0.99186, macro_auc: 0.99604, micro_auc: 0.99604
[Thu Sep 10 21:56:24 2026|scalable_tgn_link_prediction.py|INFO] meta val epoch:20, loss: 0.05101,mrr:0.86526,  acc: 0.99102, ap: 0.98972, f1: 0.99101, macro_auc: 0.99414, micro_auc: 0.99414
[Thu Sep 10 21:56:37 2026|scalable_tgn_link_prediction.py|INFO] meta val epoch:21, loss: 0.03214,mrr:0.95216,  acc: 0.99429, ap: 0.99519, f1: 0.99429, macro_auc: 0.99720, micro_auc: 0.99720
[Thu Sep 10 21:56:37 2026|scalable_tgn_link_prediction.py|INFO] meta val epoch:21, loss: 0.03530,mrr:0.92926,  acc: 0.99308, ap: 0.99405, f1: 0.99308, macro_auc: 0.99621, micro_auc: 0.99621
[Thu Sep 10 21:56:37 2026|scalable_tgn_link_prediction.py|INFO] meta val epoch:21, loss: 0.05787,mrr:0.94341,  acc: 0.98932, ap: 0.99027, f1: 0.98931, macro_auc: 0.99235, micro_auc: 0.99235
[Thu Sep 10 21:56:37 2026|scalable_tgn_link_prediction.py|INFO] meta val epoch:21, loss: 0.04768,mrr:0.93791,  acc: 0.98822, ap: 0.99388, f1: 0.98822, macro_auc: 0.99581, micro_auc: 0.99581
[Thu Sep 10 21:56:37 2026|scalable_tgn_link_prediction.py|INFO] meta val epoch:21, loss: 0.03785,mrr:0.94463,  acc: 0.99271, ap: 0.99505, f1: 0.99271, macro_auc: 0.99653, micro_auc: 0.99653
[Thu Sep 10 21:56:38 2026|scalable_tgn_link_prediction.py|INFO] meta val epoch:21, loss: 0.03832,mrr:0.93541,  acc: 0.99223, ap: 0.99402, f1: 0.99223, macro_auc: 0.99619, micro_auc: 0.99619
[Thu Sep 10 21:56:38 2026|scalable_tgn_link_prediction.py|INFO] meta val epoch:21, loss: 0.03879,mrr:0.91945,  acc: 0.99174, ap: 0.99502, f1: 0.99174, macro_auc: 0.99667, micro_auc: 0.99667
[Thu Sep 10 21:56:38 2026|scalable_tgn_link_prediction.py|INFO] meta val epoch:21, loss: 0.03580,mrr:0.94984,  acc: 0.99284, ap: 0.99534, f1: 0.99284, macro_auc: 0.99706, micro_auc: 0.99706
[Thu Sep 10 21:56:38 2026|scalable_tgn_link_prediction.py|INFO] meta val epoch:21, loss: 0.04466,mrr:0.93253,  acc: 0.98944, ap: 0.99412, f1: 0.98944, macro_auc: 0.99611, micro_auc: 0.99611
[Thu Sep 10 21:56:38 2026|scalable_tgn_link_prediction.py|INFO] meta val epoch:21, loss: 0.03640,mrr:0.92633,  acc: 0.99320, ap: 0.99514, f1: 0.99320, macro_auc: 0.99688, micro_auc: 0.99688
[Thu Sep 10 21:56:38 2026|scalable_tgn_link_prediction.py|INFO] meta val epoch:21, loss: 0.04669,mrr:0.93311,  acc: 0.99102, ap: 0.99158, f1: 0.99101, macro_auc: 0.99466, micro_auc: 0.99466
[Thu Sep 10 21:56:38 2026|scalable_tgn_link_prediction.py|INFO] meta val epoch:21, loss: 0.03689,mrr:0.94964,  acc: 0.99259, ap: 0.99486, f1: 0.99259, macro_auc: 0.99679, micro_auc: 0.99679
[Thu Sep 10 21:56:39 2026|scalable_tgn_link_prediction.py|INFO] meta val epoch:21, loss: 0.03775,mrr:0.91696,  acc: 0.99211, ap: 0.99396, f1: 0.99211, macro_auc: 0.99684, micro_auc: 0.99684
[Thu Sep 10 21:56:39 2026|scalable_tgn_link_prediction.py|INFO] meta val epoch:21, loss: 0.03996,mrr:0.91539,  acc: 0.99199, ap: 0.99480, f1: 0.99199, macro_auc: 0.99666, micro_auc: 0.99666
[Thu Sep 10 21:56:39 2026|scalable_tgn_link_prediction.py|INFO] meta val epoch:21, loss: 0.04459,mrr:0.90041,  acc: 0.99017, ap: 0.99293, f1: 0.99016, macro_auc: 0.99576, micro_auc: 0.99576
[Thu Sep 10 21:56:52 2026|scalable_tgn_link_prediction.py|INFO] meta val epoch:22, loss: 0.36080,mrr:0.71862,  acc: 0.99514, ap: 0.99195, f1: 0.99514, macro_auc: 0.99595, micro_auc: 0.99595
[Thu Sep 10 21:56:52 2026|scalable_tgn_link_prediction.py|INFO] meta val epoch:22, loss: 0.41556,mrr:0.65606,  acc: 0.99429, ap: 0.99127, f1: 0.99429, macro_auc: 0.99557, micro_auc: 0.99557
[Thu Sep 10 21:56:52 2026|scalable_tgn_link_prediction.py|INFO] meta val epoch:22, loss: 0.54930,mrr:0.68235,  acc: 0.99077, ap: 0.98673, f1: 0.99077, macro_auc: 0.99147, micro_auc: 0.99147
[Thu Sep 10 21:56:53 2026|scalable_tgn_link_prediction.py|INFO] meta val epoch:22, loss: 0.55366,mrr:0.67407,  acc: 0.98932, ap: 0.98880, f1: 0.98932, macro_auc: 0.99430, micro_auc: 0.99430
[Thu Sep 10 21:56:53 2026|scalable_tgn_link_prediction.py|INFO] meta val epoch:22, loss: 0.50878,mrr:0.64408,  acc: 0.99344, ap: 0.98996, f1: 0.99344, macro_auc: 0.99492, micro_auc: 0.99492
[Thu Sep 10 21:56:53 2026|scalable_tgn_link_prediction.py|INFO] meta val epoch:22, loss: 0.50396,mrr:0.67751,  acc: 0.99393, ap: 0.98996, f1: 0.99393, macro_auc: 0.99493, micro_auc: 0.99493
[Thu Sep 10 21:56:53 2026|scalable_tgn_link_prediction.py|INFO] meta val epoch:22, loss: 0.47004,mrr:0.63037,  acc: 0.99332, ap: 0.99073, f1: 0.99332, macro_auc: 0.99532, micro_auc: 0.99532
[Thu Sep 10 21:56:53 2026|scalable_tgn_link_prediction.py|INFO] meta val epoch:22, loss: 0.43273,mrr:0.66531,  acc: 0.99381, ap: 0.99145, f1: 0.99381, macro_auc: 0.99569, micro_auc: 0.99569
[Thu Sep 10 21:56:53 2026|scalable_tgn_link_prediction.py|INFO] meta val epoch:22, loss: 0.62911,mrr:0.63120,  acc: 0.99174, ap: 0.98764, f1: 0.99174, macro_auc: 0.99374, micro_auc: 0.99374
[Thu Sep 10 21:56:53 2026|scalable_tgn_link_prediction.py|INFO] meta val epoch:22, loss: 0.46850,mrr:0.64187,  acc: 0.99393, ap: 0.99062, f1: 0.99393, macro_auc: 0.99527, micro_auc: 0.99527
[Thu Sep 10 21:56:53 2026|scalable_tgn_link_prediction.py|INFO] meta val epoch:22, loss: 0.56080,mrr:0.64105,  acc: 0.99223, ap: 0.98815, f1: 0.99223, macro_auc: 0.99345, micro_auc: 0.99345
[Thu Sep 10 21:56:54 2026|scalable_tgn_link_prediction.py|INFO] meta val epoch:22, loss: 0.40033,mrr:0.62688,  acc: 0.99429, ap: 0.99207, f1: 0.99429, macro_auc: 0.99584, micro_auc: 0.99584
[Thu Sep 10 21:56:54 2026|scalable_tgn_link_prediction.py|INFO] meta val epoch:22, loss: 0.52664,mrr:0.62483,  acc: 0.99369, ap: 0.98955, f1: 0.99369, macro_auc: 0.99472, micro_auc: 0.99472
[Thu Sep 10 21:56:54 2026|scalable_tgn_link_prediction.py|INFO] meta val epoch:22, loss: 0.48019,mrr:0.65000,  acc: 0.99308, ap: 0.99056, f1: 0.99308, macro_auc: 0.99524, micro_auc: 0.99524
[Thu Sep 10 21:56:54 2026|scalable_tgn_link_prediction.py|INFO] meta val epoch:22, loss: 0.55714,mrr:0.64155,  acc: 0.99247, ap: 0.98851, f1: 0.99247, macro_auc: 0.99340, micro_auc: 0.99340
[Thu Sep 10 21:57:07 2026|scalable_tgn_link_prediction.py|INFO] meta val epoch:23, loss: 0.39528,mrr:0.65458,  acc: 0.99514, ap: 0.99178, f1: 0.99514, macro_auc: 0.99586, micro_auc: 0.99586
[Thu Sep 10 21:57:07 2026|scalable_tgn_link_prediction.py|INFO] meta val epoch:23, loss: 0.50146,mrr:0.64380,  acc: 0.99417, ap: 0.99014, f1: 0.99417, macro_auc: 0.99502, micro_auc: 0.99502
[Thu Sep 10 21:57:07 2026|scalable_tgn_link_prediction.py|INFO] meta val epoch:23, loss: 0.60276,mrr:0.61906,  acc: 0.99017, ap: 0.98631, f1: 0.99016, macro_auc: 0.99140, micro_auc: 0.99140
[Thu Sep 10 21:57:07 2026|scalable_tgn_link_prediction.py|INFO] meta val epoch:23, loss: 0.58778,mrr:0.61002,  acc: 0.98944, ap: 0.98855, f1: 0.98944, macro_auc: 0.99417, micro_auc: 0.99417
[Thu Sep 10 21:57:08 2026|scalable_tgn_link_prediction.py|INFO] meta val epoch:23, loss: 0.55248,mrr:0.62964,  acc: 0.99344, ap: 0.98913, f1: 0.99344, macro_auc: 0.99450, micro_auc: 0.99450
[Thu Sep 10 21:57:08 2026|scalable_tgn_link_prediction.py|INFO] meta val epoch:23, loss: 0.51487,mrr:0.64595,  acc: 0.99441, ap: 0.98981, f1: 0.99441, macro_auc: 0.99485, micro_auc: 0.99485
[Thu Sep 10 21:57:08 2026|scalable_tgn_link_prediction.py|INFO] meta val epoch:23, loss: 0.49383,mrr:0.61228,  acc: 0.99356, ap: 0.99038, f1: 0.99356, macro_auc: 0.99514, micro_auc: 0.99514
[Thu Sep 10 21:57:08 2026|scalable_tgn_link_prediction.py|INFO] meta val epoch:23, loss: 0.45757,mrr:0.64457,  acc: 0.99405, ap: 0.99110, f1: 0.99405, macro_auc: 0.99551, micro_auc: 0.99551
[Thu Sep 10 21:57:08 2026|scalable_tgn_link_prediction.py|INFO] meta val epoch:23, loss: 0.66232,mrr:0.65398,  acc: 0.99162, ap: 0.98706, f1: 0.99162, macro_auc: 0.99344, micro_auc: 0.99344
[Thu Sep 10 21:57:08 2026|scalable_tgn_link_prediction.py|INFO] meta val epoch:23, loss: 0.48043,mrr:0.60863,  acc: 0.99405, ap: 0.99062, f1: 0.99405, macro_auc: 0.99526, micro_auc: 0.99526
[Thu Sep 10 21:57:08 2026|scalable_tgn_link_prediction.py|INFO] meta val epoch:23, loss: 0.58246,mrr:0.62883,  acc: 0.99211, ap: 0.98785, f1: 0.99211, macro_auc: 0.99328, micro_auc: 0.99328
[Thu Sep 10 21:57:09 2026|scalable_tgn_link_prediction.py|INFO] meta val epoch:23, loss: 0.43273,mrr:0.62407,  acc: 0.99478, ap: 0.99153, f1: 0.99478, macro_auc: 0.99570, micro_auc: 0.99570
[Thu Sep 10 21:57:09 2026|scalable_tgn_link_prediction.py|INFO] meta val epoch:23, loss: 0.53898,mrr:0.63077,  acc: 0.99356, ap: 0.98943, f1: 0.99356, macro_auc: 0.99466, micro_auc: 0.99466
[Thu Sep 10 21:57:09 2026|scalable_tgn_link_prediction.py|INFO] meta val epoch:23, loss: 0.48161,mrr:0.60435,  acc: 0.99344, ap: 0.99062, f1: 0.99344, macro_auc: 0.99526, micro_auc: 0.99526
[Thu Sep 10 21:57:09 2026|scalable_tgn_link_prediction.py|INFO] meta val epoch:23, loss: 0.56894,mrr:0.61010,  acc: 0.99235, ap: 0.98875, f1: 0.99235, macro_auc: 0.99418, micro_auc: 0.99418
[Thu Sep 10 21:57:22 2026|scalable_tgn_link_prediction.py|INFO] meta val epoch:24, loss: 0.41827,mrr:0.60833,  acc: 0.99514, ap: 0.99153, f1: 0.99514, macro_auc: 0.99573, micro_auc: 0.99573
[Thu Sep 10 21:57:22 2026|scalable_tgn_link_prediction.py|INFO] meta val epoch:24, loss: 0.50427,mrr:0.61858,  acc: 0.99393, ap: 0.99014, f1: 0.99393, macro_auc: 0.99502, micro_auc: 0.99502
[Thu Sep 10 21:57:22 2026|scalable_tgn_link_prediction.py|INFO] meta val epoch:24, loss: 0.61491,mrr:0.63505,  acc: 0.99041, ap: 0.98596, f1: 0.99041, macro_auc: 0.99092, micro_auc: 0.99092
[Thu Sep 10 21:57:22 2026|scalable_tgn_link_prediction.py|INFO] meta val epoch:24, loss: 0.59112,mrr:0.63513,  acc: 0.98907, ap: 0.98852, f1: 0.98907, macro_auc: 0.99414, micro_auc: 0.99414
[Thu Sep 10 21:57:22 2026|scalable_tgn_link_prediction.py|INFO] meta val epoch:24, loss: 0.55438,mrr:0.63545,  acc: 0.99320, ap: 0.98913, f1: 0.99320, macro_auc: 0.99450, micro_auc: 0.99450
[Thu Sep 10 21:57:23 2026|scalable_tgn_link_prediction.py|INFO] meta val epoch:24, loss: 0.51671,mrr:0.62057,  acc: 0.99393, ap: 0.98981, f1: 0.99393, macro_auc: 0.99485, micro_auc: 0.99485
[Thu Sep 10 21:57:23 2026|scalable_tgn_link_prediction.py|INFO] meta val epoch:24, loss: 0.50782,mrr:0.64271,  acc: 0.99308, ap: 0.99014, f1: 0.99308, macro_auc: 0.99502, micro_auc: 0.99502
[Thu Sep 10 21:57:23 2026|scalable_tgn_link_prediction.py|INFO] meta val epoch:24, loss: 0.46036,mrr:0.61578,  acc: 0.99344, ap: 0.99110, f1: 0.99344, macro_auc: 0.99551, micro_auc: 0.99551
[Thu Sep 10 21:57:23 2026|scalable_tgn_link_prediction.py|INFO] meta val epoch:24, loss: 0.66339,mrr:0.65246,  acc: 0.99150, ap: 0.98706, f1: 0.99150, macro_auc: 0.99344, micro_auc: 0.99344
[Thu Sep 10 21:57:23 2026|scalable_tgn_link_prediction.py|INFO] meta val epoch:24, loss: 0.49229,mrr:0.63041,  acc: 0.99356, ap: 0.99038, f1: 0.99356, macro_auc: 0.99514, micro_auc: 0.99514
[Thu Sep 10 21:57:23 2026|scalable_tgn_link_prediction.py|INFO] meta val epoch:24, loss: 0.58189,mrr:0.60560,  acc: 0.99223, ap: 0.98778, f1: 0.99223, macro_auc: 0.99304, micro_auc: 0.99304
[Thu Sep 10 21:57:23 2026|scalable_tgn_link_prediction.py|INFO] meta val epoch:24, loss: 0.44662,mrr:0.62899,  acc: 0.99441, ap: 0.99128, f1: 0.99441, macro_auc: 0.99556, micro_auc: 0.99556
[Thu Sep 10 21:57:24 2026|scalable_tgn_link_prediction.py|INFO] meta val epoch:24, loss: 0.54044,mrr:0.63182,  acc: 0.99332, ap: 0.98943, f1: 0.99332, macro_auc: 0.99466, micro_auc: 0.99466
[Thu Sep 10 21:57:24 2026|scalable_tgn_link_prediction.py|INFO] meta val epoch:24, loss: 0.48170,mrr:0.62161,  acc: 0.99332, ap: 0.99062, f1: 0.99332, macro_auc: 0.99526, micro_auc: 0.99526
[Thu Sep 10 21:57:24 2026|scalable_tgn_link_prediction.py|INFO] meta val epoch:24, loss: 0.57039,mrr:0.62316,  acc: 0.99247, ap: 0.98862, f1: 0.99247, macro_auc: 0.99392, micro_auc: 0.99392
[Thu Sep 10 21:57:37 2026|scalable_tgn_link_prediction.py|INFO] meta val epoch:25, loss: 0.39910,mrr:0.67094,  acc: 0.99502, ap: 0.99179, f1: 0.99502, macro_auc: 0.99586, micro_auc: 0.99586
[Thu Sep 10 21:57:37 2026|scalable_tgn_link_prediction.py|INFO] meta val epoch:25, loss: 0.50705,mrr:0.64254,  acc: 0.99381, ap: 0.99000, f1: 0.99381, macro_auc: 0.99495, micro_auc: 0.99495
[Thu Sep 10 21:57:37 2026|scalable_tgn_link_prediction.py|INFO] meta val epoch:25, loss: 0.61654,mrr:0.62466,  acc: 0.99017, ap: 0.98601, f1: 0.99016, macro_auc: 0.99108, micro_auc: 0.99108
[Thu Sep 10 21:57:37 2026|scalable_tgn_link_prediction.py|INFO] meta val epoch:25, loss: 0.58998,mrr:0.61893,  acc: 0.98956, ap: 0.98844, f1: 0.98956, macro_auc: 0.99405, micro_auc: 0.99405
[Thu Sep 10 21:57:37 2026|scalable_tgn_link_prediction.py|INFO] meta val epoch:25, loss: 0.55289,mrr:0.64452,  acc: 0.99369, ap: 0.98913, f1: 0.99369, macro_auc: 0.99451, micro_auc: 0.99451
[Thu Sep 10 21:57:37 2026|scalable_tgn_link_prediction.py|INFO] meta val epoch:25, loss: 0.53048,mrr:0.62898,  acc: 0.99393, ap: 0.98957, f1: 0.99393, macro_auc: 0.99473, micro_auc: 0.99473
[Thu Sep 10 21:57:37 2026|scalable_tgn_link_prediction.py|INFO] meta val epoch:25, loss: 0.50646,mrr:0.64164,  acc: 0.99393, ap: 0.99014, f1: 0.99393, macro_auc: 0.99502, micro_auc: 0.99502
[Thu Sep 10 21:57:38 2026|scalable_tgn_link_prediction.py|INFO] meta val epoch:25, loss: 0.45623,mrr:0.61578,  acc: 0.99441, ap: 0.99110, f1: 0.99441, macro_auc: 0.99551, micro_auc: 0.99551
[Thu Sep 10 21:57:38 2026|scalable_tgn_link_prediction.py|INFO] meta val epoch:25, loss: 0.66274,mrr:0.63838,  acc: 0.99211, ap: 0.98706, f1: 0.99211, macro_auc: 0.99344, micro_auc: 0.99344
[Thu Sep 10 21:57:38 2026|scalable_tgn_link_prediction.py|INFO] meta val epoch:25, loss: 0.48187,mrr:0.63315,  acc: 0.99393, ap: 0.99062, f1: 0.99393, macro_auc: 0.99526, micro_auc: 0.99526
[Thu Sep 10 21:57:38 2026|scalable_tgn_link_prediction.py|INFO] meta val epoch:25, loss: 0.58369,mrr:0.61337,  acc: 0.99199, ap: 0.98782, f1: 0.99199, macro_auc: 0.99320, micro_auc: 0.99320
[Thu Sep 10 21:57:38 2026|scalable_tgn_link_prediction.py|INFO] meta val epoch:25, loss: 0.46054,mrr:0.64244,  acc: 0.99381, ap: 0.99105, f1: 0.99381, macro_auc: 0.99546, micro_auc: 0.99546
[Thu Sep 10 21:57:38 2026|scalable_tgn_link_prediction.py|INFO] meta val epoch:25, loss: 0.53002,mrr:0.62433,  acc: 0.99381, ap: 0.98967, f1: 0.99381, macro_auc: 0.99478, micro_auc: 0.99478
[Thu Sep 10 21:57:38 2026|scalable_tgn_link_prediction.py|INFO] meta val epoch:25, loss: 0.49504,mrr:0.64893,  acc: 0.99369, ap: 0.99038, f1: 0.99369, macro_auc: 0.99514, micro_auc: 0.99514
[Thu Sep 10 21:57:39 2026|scalable_tgn_link_prediction.py|INFO] meta val epoch:25, loss: 0.58178,mrr:0.63702,  acc: 0.99223, ap: 0.98847, f1: 0.99223, macro_auc: 0.99399, micro_auc: 0.99399
[Thu Sep 10 21:57:52 2026|scalable_tgn_link_prediction.py|INFO] meta val epoch:26, loss: 0.39760,mrr:0.67166,  acc: 0.99514, ap: 0.99179, f1: 0.99514, macro_auc: 0.99587, micro_auc: 0.99587
[Thu Sep 10 21:57:52 2026|scalable_tgn_link_prediction.py|INFO] meta val epoch:26, loss: 0.50442,mrr:0.63607,  acc: 0.99405, ap: 0.99011, f1: 0.99405, macro_auc: 0.99500, micro_auc: 0.99500
[Thu Sep 10 21:57:52 2026|scalable_tgn_link_prediction.py|INFO] meta val epoch:26, loss: 0.60401,mrr:0.66215,  acc: 0.99053, ap: 0.98628, f1: 0.99053, macro_auc: 0.99127, micro_auc: 0.99127
[Thu Sep 10 21:57:52 2026|scalable_tgn_link_prediction.py|INFO] meta val epoch:26, loss: 0.58603,mrr:0.66705,  acc: 0.98944, ap: 0.98853, f1: 0.98944, macro_auc: 0.99416, micro_auc: 0.99416
[Thu Sep 10 21:57:52 2026|scalable_tgn_link_prediction.py|INFO] meta val epoch:26, loss: 0.55285,mrr:0.65489,  acc: 0.99332, ap: 0.98913, f1: 0.99332, macro_auc: 0.99451, micro_auc: 0.99451
[Thu Sep 10 21:57:52 2026|scalable_tgn_link_prediction.py|INFO] meta val epoch:26, loss: 0.51742,mrr:0.66403,  acc: 0.99332, ap: 0.98981, f1: 0.99332, macro_auc: 0.99485, micro_auc: 0.99485
[Thu Sep 10 21:57:52 2026|scalable_tgn_link_prediction.py|INFO] meta val epoch:26, loss: 0.49413,mrr:0.63821,  acc: 0.99344, ap: 0.99038, f1: 0.99344, macro_auc: 0.99514, micro_auc: 0.99514
[Thu Sep 10 21:57:53 2026|scalable_tgn_link_prediction.py|INFO] meta val epoch:26, loss: 0.45606,mrr:0.63595,  acc: 0.99417, ap: 0.99110, f1: 0.99417, macro_auc: 0.99551, micro_auc: 0.99551
[Thu Sep 10 21:57:53 2026|scalable_tgn_link_prediction.py|INFO] meta val epoch:26, loss: 0.66345,mrr:0.60159,  acc: 0.99186, ap: 0.98706, f1: 0.99186, macro_auc: 0.99344, micro_auc: 0.99344
[Thu Sep 10 21:57:53 2026|scalable_tgn_link_prediction.py|INFO] meta val epoch:26, loss: 0.48188,mrr:0.63628,  acc: 0.99393, ap: 0.99062, f1: 0.99393, macro_auc: 0.99526, micro_auc: 0.99526
[Thu Sep 10 21:57:53 2026|scalable_tgn_link_prediction.py|INFO] meta val epoch:26, loss: 0.58416,mrr:0.61333,  acc: 0.99211, ap: 0.98781, f1: 0.99211, macro_auc: 0.99317, micro_auc: 0.99317
[Thu Sep 10 21:57:53 2026|scalable_tgn_link_prediction.py|INFO] meta val epoch:26, loss: 0.43684,mrr:0.63164,  acc: 0.99429, ap: 0.99146, f1: 0.99429, macro_auc: 0.99554, micro_auc: 0.99554
[Thu Sep 10 21:57:53 2026|scalable_tgn_link_prediction.py|INFO] meta val epoch:26, loss: 0.54211,mrr:0.63514,  acc: 0.99284, ap: 0.98943, f1: 0.99284, macro_auc: 0.99466, micro_auc: 0.99466
[Thu Sep 10 21:57:53 2026|scalable_tgn_link_prediction.py|INFO] meta val epoch:26, loss: 0.48487,mrr:0.61773,  acc: 0.99356, ap: 0.99062, f1: 0.99356, macro_auc: 0.99526, micro_auc: 0.99526
[Thu Sep 10 21:57:54 2026|scalable_tgn_link_prediction.py|INFO] meta val epoch:26, loss: 0.58168,mrr:0.63415,  acc: 0.99199, ap: 0.98819, f1: 0.99199, macro_auc: 0.99329, micro_auc: 0.99329
[Thu Sep 10 21:58:07 2026|scalable_tgn_link_prediction.py|INFO] meta val epoch:27, loss: 0.39692,mrr:0.66358,  acc: 0.99478, ap: 0.99185, f1: 0.99478, macro_auc: 0.99589, micro_auc: 0.99589
[Thu Sep 10 21:58:07 2026|scalable_tgn_link_prediction.py|INFO] meta val epoch:27, loss: 0.48341,mrr:0.66105,  acc: 0.99369, ap: 0.99055, f1: 0.99369, macro_auc: 0.99523, micro_auc: 0.99523
[Thu Sep 10 21:58:07 2026|scalable_tgn_link_prediction.py|INFO] meta val epoch:27, loss: 0.60342,mrr:0.63996,  acc: 0.99053, ap: 0.98622, f1: 0.99053, macro_auc: 0.99115, micro_auc: 0.99115
[Thu Sep 10 21:58:07 2026|scalable_tgn_link_prediction.py|INFO] meta val epoch:27, loss: 0.58975,mrr:0.65205,  acc: 0.98944, ap: 0.98847, f1: 0.98944, macro_auc: 0.99409, micro_auc: 0.99409
[Thu Sep 10 21:58:07 2026|scalable_tgn_link_prediction.py|INFO] meta val epoch:27, loss: 0.55380,mrr:0.66607,  acc: 0.99356, ap: 0.98913, f1: 0.99356, macro_auc: 0.99450, micro_auc: 0.99450
[Thu Sep 10 21:58:07 2026|scalable_tgn_link_prediction.py|INFO] meta val epoch:27, loss: 0.51736,mrr:0.65451,  acc: 0.99405, ap: 0.98981, f1: 0.99405, macro_auc: 0.99485, micro_auc: 0.99485
[Thu Sep 10 21:58:08 2026|scalable_tgn_link_prediction.py|INFO] meta val epoch:27, loss: 0.49515,mrr:0.62519,  acc: 0.99296, ap: 0.99038, f1: 0.99296, macro_auc: 0.99514, micro_auc: 0.99514
[Thu Sep 10 21:58:08 2026|scalable_tgn_link_prediction.py|INFO] meta val epoch:27, loss: 0.45688,mrr:0.62173,  acc: 0.99369, ap: 0.99110, f1: 0.99369, macro_auc: 0.99551, micro_auc: 0.99551
[Thu Sep 10 21:58:08 2026|scalable_tgn_link_prediction.py|INFO] meta val epoch:27, loss: 0.66400,mrr:0.64948,  acc: 0.99114, ap: 0.98706, f1: 0.99114, macro_auc: 0.99344, micro_auc: 0.99344
[Thu Sep 10 21:58:08 2026|scalable_tgn_link_prediction.py|INFO] meta val epoch:27, loss: 0.49262,mrr:0.61896,  acc: 0.99356, ap: 0.99038, f1: 0.99356, macro_auc: 0.99514, micro_auc: 0.99514
[Thu Sep 10 21:58:08 2026|scalable_tgn_link_prediction.py|INFO] meta val epoch:27, loss: 0.58481,mrr:0.63322,  acc: 0.99114, ap: 0.98782, f1: 0.99114, macro_auc: 0.99320, micro_auc: 0.99320
[Thu Sep 10 21:58:08 2026|scalable_tgn_link_prediction.py|INFO] meta val epoch:27, loss: 0.44814,mrr:0.61542,  acc: 0.99356, ap: 0.99129, f1: 0.99356, macro_auc: 0.99558, micro_auc: 0.99558
[Thu Sep 10 21:58:08 2026|scalable_tgn_link_prediction.py|INFO] meta val epoch:27, loss: 0.54145,mrr:0.64512,  acc: 0.99381, ap: 0.98943, f1: 0.99381, macro_auc: 0.99466, micro_auc: 0.99466
[Thu Sep 10 21:58:09 2026|scalable_tgn_link_prediction.py|INFO] meta val epoch:27, loss: 0.48468,mrr:0.63286,  acc: 0.99381, ap: 0.99062, f1: 0.99381, macro_auc: 0.99526, micro_auc: 0.99526
[Thu Sep 10 21:58:09 2026|scalable_tgn_link_prediction.py|INFO] meta val epoch:27, loss: 0.58142,mrr:0.60495,  acc: 0.99247, ap: 0.98844, f1: 0.99247, macro_auc: 0.99394, micro_auc: 0.99394
[Thu Sep 10 21:58:22 2026|scalable_tgn_link_prediction.py|INFO] meta val epoch:28, loss: 0.39845,mrr:0.65736,  acc: 0.99490, ap: 0.99187, f1: 0.99490, macro_auc: 0.99591, micro_auc: 0.99591
[Thu Sep 10 21:58:22 2026|scalable_tgn_link_prediction.py|INFO] meta val epoch:28, loss: 0.50471,mrr:0.64612,  acc: 0.99381, ap: 0.99014, f1: 0.99381, macro_auc: 0.99502, micro_auc: 0.99502
[Thu Sep 10 21:58:22 2026|scalable_tgn_link_prediction.py|INFO] meta val epoch:28, loss: 0.60415,mrr:0.64577,  acc: 0.99029, ap: 0.98616, f1: 0.99029, macro_auc: 0.99105, micro_auc: 0.99105
[Thu Sep 10 21:58:22 2026|scalable_tgn_link_prediction.py|INFO] meta val epoch:28, loss: 0.58918,mrr:0.65517,  acc: 0.98932, ap: 0.98850, f1: 0.98932, macro_auc: 0.99412, micro_auc: 0.99412
[Thu Sep 10 21:58:22 2026|scalable_tgn_link_prediction.py|INFO] meta val epoch:28, loss: 0.55291,mrr:0.61281,  acc: 0.99344, ap: 0.98913, f1: 0.99344, macro_auc: 0.99451, micro_auc: 0.99451
[Thu Sep 10 21:58:22 2026|scalable_tgn_link_prediction.py|INFO] meta val epoch:28, loss: 0.51916,mrr:0.64255,  acc: 0.99320, ap: 0.98978, f1: 0.99320, macro_auc: 0.99484, micro_auc: 0.99484
[Thu Sep 10 21:58:23 2026|scalable_tgn_link_prediction.py|INFO] meta val epoch:28, loss: 0.48546,mrr:0.64155,  acc: 0.99235, ap: 0.99058, f1: 0.99235, macro_auc: 0.99525, micro_auc: 0.99525
[Thu Sep 10 21:58:23 2026|scalable_tgn_link_prediction.py|INFO] meta val epoch:28, loss: 0.45732,mrr:0.63331,  acc: 0.99381, ap: 0.99110, f1: 0.99381, macro_auc: 0.99551, micro_auc: 0.99551
[Thu Sep 10 21:58:23 2026|scalable_tgn_link_prediction.py|INFO] meta val epoch:28, loss: 0.66227,mrr:0.64621,  acc: 0.99247, ap: 0.98706, f1: 0.99247, macro_auc: 0.99344, micro_auc: 0.99344
[Thu Sep 10 21:58:23 2026|scalable_tgn_link_prediction.py|INFO] meta val epoch:28, loss: 0.47048,mrr:0.61703,  acc: 0.99429, ap: 0.99081, f1: 0.99429, macro_auc: 0.99536, micro_auc: 0.99536
[Thu Sep 10 21:58:23 2026|scalable_tgn_link_prediction.py|INFO] meta val epoch:28, loss: 0.58376,mrr:0.62617,  acc: 0.99199, ap: 0.98784, f1: 0.99199, macro_auc: 0.99326, micro_auc: 0.99326
[Thu Sep 10 21:58:23 2026|scalable_tgn_link_prediction.py|INFO] meta val epoch:28, loss: 0.44864,mrr:0.62378,  acc: 0.99405, ap: 0.99102, f1: 0.99405, macro_auc: 0.99545, micro_auc: 0.99545
[Thu Sep 10 21:58:23 2026|scalable_tgn_link_prediction.py|INFO] meta val epoch:28, loss: 0.51976,mrr:0.65846,  acc: 0.99344, ap: 0.98961, f1: 0.99344, macro_auc: 0.99475, micro_auc: 0.99475
[Thu Sep 10 21:58:24 2026|scalable_tgn_link_prediction.py|INFO] meta val epoch:28, loss: 0.48404,mrr:0.63376,  acc: 0.99332, ap: 0.99053, f1: 0.99332, macro_auc: 0.99522, micro_auc: 0.99522
[Thu Sep 10 21:58:24 2026|scalable_tgn_link_prediction.py|INFO] meta val epoch:28, loss: 0.57070,mrr:0.63565,  acc: 0.99186, ap: 0.98878, f1: 0.99186, macro_auc: 0.99422, micro_auc: 0.99422
[Thu Sep 10 21:58:37 2026|scalable_tgn_link_prediction.py|INFO] meta val epoch:29, loss: 0.38785,mrr:0.66836,  acc: 0.99526, ap: 0.99197, f1: 0.99526, macro_auc: 0.99595, micro_auc: 0.99595
[Thu Sep 10 21:58:37 2026|scalable_tgn_link_prediction.py|INFO] meta val epoch:29, loss: 0.50544,mrr:0.61539,  acc: 0.99441, ap: 0.99011, f1: 0.99441, macro_auc: 0.99500, micro_auc: 0.99500
[Thu Sep 10 21:58:37 2026|scalable_tgn_link_prediction.py|INFO] meta val epoch:29, loss: 0.60509,mrr:0.62144,  acc: 0.99017, ap: 0.98636, f1: 0.99016, macro_auc: 0.99150, micro_auc: 0.99150
[Thu Sep 10 21:58:37 2026|scalable_tgn_link_prediction.py|INFO] meta val epoch:29, loss: 0.58757,mrr:0.66514,  acc: 0.98944, ap: 0.98852, f1: 0.98944, macro_auc: 0.99414, micro_auc: 0.99414
[Thu Sep 10 21:58:38 2026|scalable_tgn_link_prediction.py|INFO] meta val epoch:29, loss: 0.55413,mrr:0.66279,  acc: 0.99356, ap: 0.98913, f1: 0.99356, macro_auc: 0.99450, micro_auc: 0.99450
[Thu Sep 10 21:58:38 2026|scalable_tgn_link_prediction.py|INFO] meta val epoch:29, loss: 0.51874,mrr:0.60420,  acc: 0.99369, ap: 0.98981, f1: 0.99369, macro_auc: 0.99485, micro_auc: 0.99485
[Thu Sep 10 21:58:38 2026|scalable_tgn_link_prediction.py|INFO] meta val epoch:29, loss: 0.49564,mrr:0.64513,  acc: 0.99332, ap: 0.99038, f1: 0.99332, macro_auc: 0.99514, micro_auc: 0.99514
[Thu Sep 10 21:58:38 2026|scalable_tgn_link_prediction.py|INFO] meta val epoch:29, loss: 0.45708,mrr:0.61750,  acc: 0.99441, ap: 0.99110, f1: 0.99441, macro_auc: 0.99551, micro_auc: 0.99551
[Thu Sep 10 21:58:38 2026|scalable_tgn_link_prediction.py|INFO] meta val epoch:29, loss: 0.66313,mrr:0.62960,  acc: 0.99259, ap: 0.98706, f1: 0.99259, macro_auc: 0.99344, micro_auc: 0.99344
[Thu Sep 10 21:58:38 2026|scalable_tgn_link_prediction.py|INFO] meta val epoch:29, loss: 0.48191,mrr:0.62269,  acc: 0.99466, ap: 0.99062, f1: 0.99466, macro_auc: 0.99526, micro_auc: 0.99526
[Thu Sep 10 21:58:38 2026|scalable_tgn_link_prediction.py|INFO] meta val epoch:29, loss: 0.58310,mrr:0.62686,  acc: 0.99296, ap: 0.98784, f1: 0.99296, macro_auc: 0.99327, micro_auc: 0.99327
[Thu Sep 10 21:58:39 2026|scalable_tgn_link_prediction.py|INFO] meta val epoch:29, loss: 0.44659,mrr:0.64944,  acc: 0.99478, ap: 0.99130, f1: 0.99478, macro_auc: 0.99559, micro_auc: 0.99559
[Thu Sep 10 21:58:39 2026|scalable_tgn_link_prediction.py|INFO] meta val epoch:29, loss: 0.56757,mrr:0.62706,  acc: 0.99308, ap: 0.98895, f1: 0.99308, macro_auc: 0.99441, micro_auc: 0.99441
[Thu Sep 10 21:58:39 2026|scalable_tgn_link_prediction.py|INFO] meta val epoch:29, loss: 0.49559,mrr:0.63042,  acc: 0.99405, ap: 0.99038, f1: 0.99405, macro_auc: 0.99514, micro_auc: 0.99514
[Thu Sep 10 21:58:39 2026|scalable_tgn_link_prediction.py|INFO] meta val epoch:29, loss: 0.58306,mrr:0.62245,  acc: 0.99211, ap: 0.98853, f1: 0.99211, macro_auc: 0.99409, micro_auc: 0.99409
[Thu Sep 10 21:58:39 2026|scalable_tgn_link_prediction.py|INFO] test epoch:29, loss: 0.03063,mrr:0.91009, acc: 0.99247, ap: 0.99772, f1: 0.99247, macro_auc: 0.99821, micro_auc: 0.99821
[Thu Sep 10 21:58:39 2026|scalable_tgn_link_prediction.py|INFO] test epoch:29, loss: 0.03651,mrr:0.92386, acc: 0.99174, ap: 0.99429, f1: 0.99174, macro_auc: 0.99665, micro_auc: 0.99665
[Thu Sep 10 21:58:39 2026|scalable_tgn_link_prediction.py|INFO] test epoch:29, loss: 0.03647,mrr:0.90876, acc: 0.99065, ap: 0.99689, f1: 0.99065, macro_auc: 0.99766, micro_auc: 0.99766
[Thu Sep 10 21:58:40 2026|scalable_tgn_link_prediction.py|INFO] test epoch:29, loss: 0.03801,mrr:0.92792, acc: 0.99114, ap: 0.99555, f1: 0.99114, macro_auc: 0.99703, micro_auc: 0.99703
[Thu Sep 10 21:58:40 2026|scalable_tgn_link_prediction.py|INFO] test epoch:29, loss: 0.03247,mrr:0.92677, acc: 0.99199, ap: 0.99562, f1: 0.99199, macro_auc: 0.99729, micro_auc: 0.99729
[Thu Sep 10 21:58:40 2026|scalable_tgn_link_prediction.py|INFO] test epoch:29, loss: 0.04715,mrr:0.92444, acc: 0.98932, ap: 0.99168, f1: 0.98931, macro_auc: 0.99538, micro_auc: 0.99538
[Thu Sep 10 21:58:40 2026|scalable_tgn_link_prediction.py|INFO] test epoch:29, loss: 0.03854,mrr:0.92276, acc: 0.99089, ap: 0.99569, f1: 0.99089, macro_auc: 0.99731, micro_auc: 0.99731
[Thu Sep 10 21:58:40 2026|scalable_tgn_link_prediction.py|INFO] test epoch:29, loss: 0.03752,mrr:0.93886, acc: 0.99247, ap: 0.99331, f1: 0.99247, macro_auc: 0.99622, micro_auc: 0.99622
[Thu Sep 10 21:58:40 2026|scalable_tgn_link_prediction.py|INFO] test epoch:29, loss: 0.03401,mrr:0.94274, acc: 0.99235, ap: 0.99634, f1: 0.99235, macro_auc: 0.99754, micro_auc: 0.99754
[Thu Sep 10 21:58:40 2026|scalable_tgn_link_prediction.py|INFO] test epoch:29, loss: 0.40451,mrr:0.93081, acc: 0.94390, ap: 0.96260, f1: 0.94382, macro_auc: 0.94716, micro_auc: 0.94716
[Thu Sep 10 21:58:41 2026|scalable_tgn_link_prediction.py|INFO] test epoch:29, loss: 0.27659,mrr:0.89859, acc: 0.91015, ap: 0.98205, f1: 0.90973, macro_auc: 0.98748, micro_auc: 0.98748
[Thu Sep 10 21:58:41 2026|scalable_tgn_link_prediction.py|INFO] test epoch:29, loss: 0.04018,mrr:0.90381, acc: 0.99089, ap: 0.99394, f1: 0.99089, macro_auc: 0.99603, micro_auc: 0.99603
[Thu Sep 10 21:58:41 2026|scalable_tgn_link_prediction.py|INFO] test epoch:29, loss: 0.03440,mrr:0.90473, acc: 0.99150, ap: 0.99587, f1: 0.99150, macro_auc: 0.99715, micro_auc: 0.99715
[Thu Sep 10 21:58:41 2026|scalable_tgn_link_prediction.py|INFO] test epoch:29, loss: 0.04107,mrr:0.90924, acc: 0.99029, ap: 0.99506, f1: 0.99029, macro_auc: 0.99644, micro_auc: 0.99644
[Thu Sep 10 21:58:41 2026|scalable_tgn_link_prediction.py|INFO] test epoch:29, loss: 0.03993,mrr:0.89865, acc: 0.99029, ap: 0.99625, f1: 0.99029, macro_auc: 0.99750, micro_auc: 0.99750
[Thu Sep 10 21:58:41 2026|scalable_tgn_link_prediction.py|INFO] {'avg_mrr': 0.9181515653800643}
[Thu Sep 10 21:58:41 2026|scalable_tgn_link_prediction.py|INFO] {'avg_acc': 0.9826633613635996}
[Thu Sep 10 21:58:41 2026|scalable_tgn_link_prediction.py|INFO] {'avg_auc': 0.9929983184065766}
[Thu Sep 10 21:58:41 2026|scalable_tgn_link_prediction.py|INFO] {'avg_rcall10': 0.9996353039083807}
[Thu Sep 10 21:58:41 2026|scalable_tgn_link_prediction.py|INFO] {'avg_ap': 0.99218718622051}
[Thu Sep 10 21:58:41 2026|scalable_tgn_main_link_prediction.py|INFO] All accuracy: 0.9826633613635996
[Thu Sep 10 21:58:41 2026|scalable_tgn_main_link_prediction.py|INFO] All AUC: 0.9929983184065766
[Thu Sep 10 21:58:41 2026|scalable_tgn_main_link_prediction.py|INFO] All MRR: 0.9181515653800643
[Thu Sep 10 21:58:41 2026|scalable_tgn_main_link_prediction.py|INFO] All time: 464.7843191623688
Total number of transformer parameters is: 55364
Total number of predit_layer parameters is: 641
56005
train steps: 70, val steps 15, test steps 15 
0
1
2
3
4
5
6
7
8
9
10
11
12
13
14
15
16
17
18
19
20
21
22
23
24
25
26
27
28
29
30
31
32
33
34
35
36
37
38
39
40
41
42
43
44
45
46
47
48
49
50
51
52
53
54
55
56
57
58
59
60
61
62
63
64
65
66
67
68
69
0
1
2
3
4
5
6
7
8
9
10
11
12
13
14
0
1
2
3
4
5
6
7
8
9
10
11
12
13
14
elapsed time:7.719879627227783s
13.215398788452148
2.0940606594085693
15
12.878334283828735
2.0751185417175293
15
13.10862684249878
2.0821263790130615
15
12.728229284286499
2.072213649749756
15
12.6917245388031
2.065847873687744
15
12.69335412979126
2.0853068828582764
15
13.134656429290771
2.0653257369995117
15
13.221784830093384
2.0881810188293457
15
13.058099746704102
2.0740723609924316
15
13.0248281955719
2.0553362369537354
15
13.133712530136108
2.0815420150756836
15
13.039690732955933
2.056734800338745
15
13.16250991821289
2.0916333198547363
15
13.30286717414856
2.1171252727508545
15
13.183388471603394
2.0815980434417725
15
12.94076657295227
2.041461229324341
15
13.08331847190857
2.118717908859253
15
13.2028648853302
2.0647943019866943
15
12.728631734848022
2.0834579467773438
15
12.788767099380493
2.0653533935546875
15
13.141988754272461
2.161180019378662
15
13.23313856124878
2.0854320526123047
15
13.10100769996643
2.0642895698547363
15
12.862980365753174
2.079150438308716
15
12.766730785369873
2.0438315868377686
15
12.672858476638794
2.0547068119049072
15
13.005406141281128
2.0777010917663574
15
13.031074285507202
2.062025547027588
15
12.919007062911987
2.10224986076355
15
13.14434266090393
2.0823986530303955
15
0
1
2
3
4
5
6
7
8
9
10
11
12
13
14
462.42050766944885
[repro] finished_at=2026-09-10T21:58:42+08:00
