[repro] started_at=2026-09-10T23:15:21+08:00
[repro] repo_commit=28ca94a06771c46073b650de3daa95e0939342ba
[repro] tracked_patch_sha256=0ec53530a474b13f3b89cb277fdee9fcd724a6ec0431508f3013b9bc96eb9205
[repro] patch_stat= scalable_tgn_link_prediction.py      | 26 +++++++++++++++++++++++---
[repro] patch_stat= scalable_tgn_main_link_prediction.py | 12 +++++++-----
[repro] patch_stat= 2 files changed, 30 insertions(+), 8 deletions(-)
[repro] dataset=mooc gpu=0 env=scadyg
[repro] command=python scalable_tgn_main_link_prediction.py --dataset mooc --cuda_device 0 --seed 3 --selection_metric mrr
[repro] torch=2.2.1+cu121 pyg=2.8.0.post1 dgl=2.2.1+cu121
[repro] cuda=True gpu_count=1
[repro] gpu_name=NVIDIA GeForce RTX 3090
0it [00:00, ?it/s]89it [00:00, 888.67it/s]100it [00:00, 888.24it/s]
0it [00:00, ?it/s]7it [00:00, 62.89it/s]14it [00:00, 44.92it/s]21it [00:00, 51.94it/s]27it [00:00, 43.88it/s]33it [00:00, 47.41it/s]39it [00:00, 42.33it/s]46it [00:00, 47.75it/s]52it [00:01, 43.33it/s]59it [00:01, 48.01it/s]65it [00:01, 50.87it/s]71it [00:01, 45.07it/s]78it [00:01, 49.63it/s]84it [00:01, 44.47it/s]91it [00:01, 49.01it/s]97it [00:02, 44.20it/s]100it [00:02, 46.77it/s]
[Thu Sep 10 23:15:50 2026|scalable_tgn_link_prediction.py|INFO] meta val epoch:0, loss: 0.40777,mrr:0.65574,  acc: 0.99344, ap: 0.99158, f1: 0.99344, macro_auc: 0.99574, micro_auc: 0.99574
[Thu Sep 10 23:15:50 2026|scalable_tgn_link_prediction.py|INFO] meta val epoch:0, loss: 0.55294,mrr:0.65899,  acc: 0.99186, ap: 0.98897, f1: 0.99186, macro_auc: 0.99442, micro_auc: 0.99442
[Thu Sep 10 23:15:50 2026|scalable_tgn_link_prediction.py|INFO] meta val epoch:0, loss: 0.56267,mrr:0.63619,  acc: 0.98956, ap: 0.98697, f1: 0.98956, macro_auc: 0.99172, micro_auc: 0.99172
[Thu Sep 10 23:15:51 2026|scalable_tgn_link_prediction.py|INFO] meta val epoch:0, loss: 0.59350,mrr:0.64139,  acc: 0.98713, ap: 0.98842, f1: 0.98713, macro_auc: 0.99407, micro_auc: 0.99407
[Thu Sep 10 23:15:51 2026|scalable_tgn_link_prediction.py|INFO] meta val epoch:0, loss: 0.66010,mrr:0.65337,  acc: 0.99150, ap: 0.98716, f1: 0.99150, macro_auc: 0.99349, micro_auc: 0.99349
[Thu Sep 10 23:15:51 2026|scalable_tgn_link_prediction.py|INFO] meta val epoch:0, loss: 0.55736,mrr:0.65866,  acc: 0.99296, ap: 0.98900, f1: 0.99296, macro_auc: 0.99444, micro_auc: 0.99444
[Thu Sep 10 23:15:51 2026|scalable_tgn_link_prediction.py|INFO] meta val epoch:0, loss: 0.43598,mrr:0.66583,  acc: 0.99344, ap: 0.99146, f1: 0.99344, macro_auc: 0.99569, micro_auc: 0.99569
[Thu Sep 10 23:15:51 2026|scalable_tgn_link_prediction.py|INFO] meta val epoch:0, loss: 0.45192,mrr:0.61557,  acc: 0.99150, ap: 0.99121, f1: 0.99150, macro_auc: 0.99557, micro_auc: 0.99557
[Thu Sep 10 23:15:51 2026|scalable_tgn_link_prediction.py|INFO] meta val epoch:0, loss: 0.44294,mrr:0.62959,  acc: 0.99223, ap: 0.99154, f1: 0.99223, macro_auc: 0.99573, micro_auc: 0.99573
[Thu Sep 10 23:15:51 2026|scalable_tgn_link_prediction.py|INFO] meta val epoch:0, loss: 0.66043,mrr:0.61617,  acc: 0.99114, ap: 0.98715, f1: 0.99114, macro_auc: 0.99349, micro_auc: 0.99349
[Thu Sep 10 23:15:52 2026|scalable_tgn_link_prediction.py|INFO] meta val epoch:0, loss: 0.61093,mrr:0.63502,  acc: 0.99089, ap: 0.98721, f1: 0.99089, macro_auc: 0.99292, micro_auc: 0.99292
[Thu Sep 10 23:15:52 2026|scalable_tgn_link_prediction.py|INFO] meta val epoch:0, loss: 0.67404,mrr:0.63936,  acc: 0.99053, ap: 0.98685, f1: 0.99053, macro_auc: 0.99319, micro_auc: 0.99319
[Thu Sep 10 23:15:52 2026|scalable_tgn_link_prediction.py|INFO] meta val epoch:0, loss: 0.56872,mrr:0.61679,  acc: 0.99089, ap: 0.98907, f1: 0.99089, macro_auc: 0.99447, micro_auc: 0.99447
[Thu Sep 10 23:15:52 2026|scalable_tgn_link_prediction.py|INFO] meta val epoch:0, loss: 0.59126,mrr:0.63858,  acc: 0.99077, ap: 0.98865, f1: 0.99077, macro_auc: 0.99426, micro_auc: 0.99426
[Thu Sep 10 23:15:52 2026|scalable_tgn_link_prediction.py|INFO] meta val epoch:0, loss: 0.55402,mrr:0.65369,  acc: 0.99114, ap: 0.98875, f1: 0.99114, macro_auc: 0.99353, micro_auc: 0.99353
[Thu Sep 10 23:15:52 2026|scalable_tgn_link_prediction.py|INFO] validation summary epoch:0, avg_mrr:0.64100, avg_ap:0.98893, selection_metric:mrr, selection_score:0.64100
[Thu Sep 10 23:16:05 2026|scalable_tgn_link_prediction.py|INFO] meta val epoch:1, loss: 0.11847,mrr:0.87073,  acc: 0.99393, ap: 0.98937, f1: 0.99393, macro_auc: 0.99497, micro_auc: 0.99497
[Thu Sep 10 23:16:05 2026|scalable_tgn_link_prediction.py|INFO] meta val epoch:1, loss: 0.11090,mrr:0.88285,  acc: 0.99259, ap: 0.99040, f1: 0.99259, macro_auc: 0.99460, micro_auc: 0.99460
[Thu Sep 10 23:16:05 2026|scalable_tgn_link_prediction.py|INFO] meta val epoch:1, loss: 0.15164,mrr:0.84979,  acc: 0.98956, ap: 0.98463, f1: 0.98956, macro_auc: 0.99057, micro_auc: 0.99057
[Thu Sep 10 23:16:05 2026|scalable_tgn_link_prediction.py|INFO] meta val epoch:1, loss: 0.13928,mrr:0.85648,  acc: 0.98786, ap: 0.98807, f1: 0.98786, macro_auc: 0.99396, micro_auc: 0.99396
[Thu Sep 10 23:16:06 2026|scalable_tgn_link_prediction.py|INFO] meta val epoch:1, loss: 0.14279,mrr:0.85613,  acc: 0.99211, ap: 0.98640, f1: 0.99211, macro_auc: 0.99304, micro_auc: 0.99304
[Thu Sep 10 23:16:06 2026|scalable_tgn_link_prediction.py|INFO] meta val epoch:1, loss: 0.17212,mrr:0.87867,  acc: 0.99332, ap: 0.98846, f1: 0.99332, macro_auc: 0.99459, micro_auc: 0.99459
[Thu Sep 10 23:16:06 2026|scalable_tgn_link_prediction.py|INFO] meta val epoch:1, loss: 0.10957,mrr:0.85051,  acc: 0.99454, ap: 0.99187, f1: 0.99454, macro_auc: 0.99596, micro_auc: 0.99596
[Thu Sep 10 23:16:06 2026|scalable_tgn_link_prediction.py|INFO] meta val epoch:1, loss: 0.12190,mrr:0.85188,  acc: 0.99369, ap: 0.99192, f1: 0.99369, macro_auc: 0.99604, micro_auc: 0.99604
[Thu Sep 10 23:16:06 2026|scalable_tgn_link_prediction.py|INFO] meta val epoch:1, loss: 0.14405,mrr:0.83556,  acc: 0.99271, ap: 0.99044, f1: 0.99271, macro_auc: 0.99547, micro_auc: 0.99547
[Thu Sep 10 23:16:06 2026|scalable_tgn_link_prediction.py|INFO] meta val epoch:1, loss: 0.12865,mrr:0.82489,  acc: 0.99174, ap: 0.98925, f1: 0.99174, macro_auc: 0.99407, micro_auc: 0.99407
[Thu Sep 10 23:16:06 2026|scalable_tgn_link_prediction.py|INFO] meta val epoch:1, loss: 0.13942,mrr:0.83253,  acc: 0.99126, ap: 0.98855, f1: 0.99126, macro_auc: 0.99341, micro_auc: 0.99341
[Thu Sep 10 23:16:07 2026|scalable_tgn_link_prediction.py|INFO] meta val epoch:1, loss: 0.19991,mrr:0.84256,  acc: 0.99077, ap: 0.98473, f1: 0.99077, macro_auc: 0.99239, micro_auc: 0.99239
[Thu Sep 10 23:16:07 2026|scalable_tgn_link_prediction.py|INFO] meta val epoch:1, loss: 0.15208,mrr:0.81797,  acc: 0.99126, ap: 0.98747, f1: 0.99126, macro_auc: 0.99342, micro_auc: 0.99342
[Thu Sep 10 23:16:07 2026|scalable_tgn_link_prediction.py|INFO] meta val epoch:1, loss: 0.12696,mrr:0.83649,  acc: 0.99126, ap: 0.98941, f1: 0.99126, macro_auc: 0.99414, micro_auc: 0.99414
[Thu Sep 10 23:16:07 2026|scalable_tgn_link_prediction.py|INFO] meta val epoch:1, loss: 0.21064,mrr:0.82538,  acc: 0.99186, ap: 0.98480, f1: 0.99186, macro_auc: 0.99317, micro_auc: 0.99317
[Thu Sep 10 23:16:07 2026|scalable_tgn_link_prediction.py|INFO] validation summary epoch:1, avg_mrr:0.84749, avg_ap:0.98839, selection_metric:mrr, selection_score:0.84749
[Thu Sep 10 23:16:20 2026|scalable_tgn_link_prediction.py|INFO] meta val epoch:2, loss: 0.10909,mrr:0.88899,  acc: 0.99369, ap: 0.99016, f1: 0.99369, macro_auc: 0.99526, micro_auc: 0.99526
[Thu Sep 10 23:16:20 2026|scalable_tgn_link_prediction.py|INFO] meta val epoch:2, loss: 0.10243,mrr:0.89826,  acc: 0.99259, ap: 0.99120, f1: 0.99259, macro_auc: 0.99504, micro_auc: 0.99504
[Thu Sep 10 23:16:20 2026|scalable_tgn_link_prediction.py|INFO] meta val epoch:2, loss: 0.14189,mrr:0.89772,  acc: 0.98956, ap: 0.98516, f1: 0.98956, macro_auc: 0.99034, micro_auc: 0.99034
[Thu Sep 10 23:16:21 2026|scalable_tgn_link_prediction.py|INFO] meta val epoch:2, loss: 0.12333,mrr:0.86302,  acc: 0.98713, ap: 0.98947, f1: 0.98713, macro_auc: 0.99465, micro_auc: 0.99465
[Thu Sep 10 23:16:21 2026|scalable_tgn_link_prediction.py|INFO] meta val epoch:2, loss: 0.12908,mrr:0.88572,  acc: 0.99102, ap: 0.98816, f1: 0.99101, macro_auc: 0.99366, micro_auc: 0.99366
[Thu Sep 10 23:16:21 2026|scalable_tgn_link_prediction.py|INFO] meta val epoch:2, loss: 0.15929,mrr:0.87690,  acc: 0.99247, ap: 0.98914, f1: 0.99247, macro_auc: 0.99487, micro_auc: 0.99487
[Thu Sep 10 23:16:21 2026|scalable_tgn_link_prediction.py|INFO] meta val epoch:2, loss: 0.10743,mrr:0.84109,  acc: 0.99369, ap: 0.99186, f1: 0.99369, macro_auc: 0.99600, micro_auc: 0.99600
[Thu Sep 10 23:16:21 2026|scalable_tgn_link_prediction.py|INFO] meta val epoch:2, loss: 0.13044,mrr:0.84535,  acc: 0.99186, ap: 0.99234, f1: 0.99186, macro_auc: 0.99635, micro_auc: 0.99635
[Thu Sep 10 23:16:21 2026|scalable_tgn_link_prediction.py|INFO] meta val epoch:2, loss: 0.13183,mrr:0.82988,  acc: 0.99271, ap: 0.99151, f1: 0.99271, macro_auc: 0.99607, micro_auc: 0.99607
[Thu Sep 10 23:16:21 2026|scalable_tgn_link_prediction.py|INFO] meta val epoch:2, loss: 0.12001,mrr:0.83019,  acc: 0.99029, ap: 0.99000, f1: 0.99029, macro_auc: 0.99430, micro_auc: 0.99430
[Thu Sep 10 23:16:22 2026|scalable_tgn_link_prediction.py|INFO] meta val epoch:2, loss: 0.14377,mrr:0.83926,  acc: 0.99017, ap: 0.98894, f1: 0.99016, macro_auc: 0.99351, micro_auc: 0.99351
[Thu Sep 10 23:16:22 2026|scalable_tgn_link_prediction.py|INFO] meta val epoch:2, loss: 0.20127,mrr:0.86149,  acc: 0.98992, ap: 0.98605, f1: 0.98992, macro_auc: 0.99325, micro_auc: 0.99325
[Thu Sep 10 23:16:22 2026|scalable_tgn_link_prediction.py|INFO] meta val epoch:2, loss: 0.15120,mrr:0.84764,  acc: 0.99004, ap: 0.98922, f1: 0.99004, macro_auc: 0.99458, micro_auc: 0.99458
[Thu Sep 10 23:16:22 2026|scalable_tgn_link_prediction.py|INFO] meta val epoch:2, loss: 0.12677,mrr:0.83824,  acc: 0.99065, ap: 0.99058, f1: 0.99065, macro_auc: 0.99491, micro_auc: 0.99491
[Thu Sep 10 23:16:22 2026|scalable_tgn_link_prediction.py|INFO] meta val epoch:2, loss: 0.19957,mrr:0.85172,  acc: 0.99138, ap: 0.98604, f1: 0.99138, macro_auc: 0.99374, micro_auc: 0.99374
[Thu Sep 10 23:16:22 2026|scalable_tgn_link_prediction.py|INFO] validation summary epoch:2, avg_mrr:0.85970, avg_ap:0.98932, selection_metric:mrr, selection_score:0.85970
[Thu Sep 10 23:16:36 2026|scalable_tgn_link_prediction.py|INFO] meta val epoch:3, loss: 0.04025,mrr:0.94043,  acc: 0.99320, ap: 0.99367, f1: 0.99320, macro_auc: 0.99608, micro_auc: 0.99608
[Thu Sep 10 23:16:36 2026|scalable_tgn_link_prediction.py|INFO] meta val epoch:3, loss: 0.05261,mrr:0.93508,  acc: 0.99235, ap: 0.99388, f1: 0.99235, macro_auc: 0.99608, micro_auc: 0.99608
[Thu Sep 10 23:16:36 2026|scalable_tgn_link_prediction.py|INFO] meta val epoch:3, loss: 0.09649,mrr:0.94626,  acc: 0.98919, ap: 0.98742, f1: 0.98919, macro_auc: 0.99168, micro_auc: 0.99168
[Thu Sep 10 23:16:36 2026|scalable_tgn_link_prediction.py|INFO] meta val epoch:3, loss: 0.07628,mrr:0.92593,  acc: 0.98737, ap: 0.99085, f1: 0.98737, macro_auc: 0.99534, micro_auc: 0.99534
[Thu Sep 10 23:16:36 2026|scalable_tgn_link_prediction.py|INFO] meta val epoch:3, loss: 0.05921,mrr:0.94897,  acc: 0.99102, ap: 0.99038, f1: 0.99101, macro_auc: 0.99428, micro_auc: 0.99428
[Thu Sep 10 23:16:36 2026|scalable_tgn_link_prediction.py|INFO] meta val epoch:3, loss: 0.04874,mrr:0.92376,  acc: 0.99247, ap: 0.99564, f1: 0.99247, macro_auc: 0.99719, micro_auc: 0.99719
[Thu Sep 10 23:16:36 2026|scalable_tgn_link_prediction.py|INFO] meta val epoch:3, loss: 0.05720,mrr:0.92967,  acc: 0.99356, ap: 0.99478, f1: 0.99356, macro_auc: 0.99737, micro_auc: 0.99737
[Thu Sep 10 23:16:37 2026|scalable_tgn_link_prediction.py|INFO] meta val epoch:3, loss: 0.05905,mrr:0.92032,  acc: 0.99162, ap: 0.99510, f1: 0.99162, macro_auc: 0.99721, micro_auc: 0.99721
[Thu Sep 10 23:16:37 2026|scalable_tgn_link_prediction.py|INFO] meta val epoch:3, loss: 0.07055,mrr:0.91761,  acc: 0.99247, ap: 0.99359, f1: 0.99247, macro_auc: 0.99674, micro_auc: 0.99674
[Thu Sep 10 23:16:37 2026|scalable_tgn_link_prediction.py|INFO] meta val epoch:3, loss: 0.05544,mrr:0.91294,  acc: 0.99053, ap: 0.99356, f1: 0.99053, macro_auc: 0.99578, micro_auc: 0.99578
[Thu Sep 10 23:16:37 2026|scalable_tgn_link_prediction.py|INFO] meta val epoch:3, loss: 0.08278,mrr:0.90443,  acc: 0.99017, ap: 0.99121, f1: 0.99016, macro_auc: 0.99472, micro_auc: 0.99472
[Thu Sep 10 23:16:37 2026|scalable_tgn_link_prediction.py|INFO] meta val epoch:3, loss: 0.09386,mrr:0.91645,  acc: 0.98992, ap: 0.98888, f1: 0.98992, macro_auc: 0.99427, micro_auc: 0.99427
[Thu Sep 10 23:16:37 2026|scalable_tgn_link_prediction.py|INFO] meta val epoch:3, loss: 0.05508,mrr:0.92529,  acc: 0.98992, ap: 0.99307, f1: 0.98992, macro_auc: 0.99589, micro_auc: 0.99589
[Thu Sep 10 23:16:37 2026|scalable_tgn_link_prediction.py|INFO] meta val epoch:3, loss: 0.06717,mrr:0.90793,  acc: 0.99089, ap: 0.99156, f1: 0.99089, macro_auc: 0.99504, micro_auc: 0.99504
[Thu Sep 10 23:16:38 2026|scalable_tgn_link_prediction.py|INFO] meta val epoch:3, loss: 0.06532,mrr:0.92574,  acc: 0.99126, ap: 0.99284, f1: 0.99126, macro_auc: 0.99592, micro_auc: 0.99592
[Thu Sep 10 23:16:38 2026|scalable_tgn_link_prediction.py|INFO] validation summary epoch:3, avg_mrr:0.92539, avg_ap:0.99243, selection_metric:mrr, selection_score:0.92539
[Thu Sep 10 23:16:51 2026|scalable_tgn_link_prediction.py|INFO] meta val epoch:4, loss: 0.07152,mrr:0.94342,  acc: 0.99393, ap: 0.99147, f1: 0.99393, macro_auc: 0.99558, micro_auc: 0.99558
[Thu Sep 10 23:16:51 2026|scalable_tgn_link_prediction.py|INFO] meta val epoch:4, loss: 0.04990,mrr:0.92823,  acc: 0.99259, ap: 0.99401, f1: 0.99259, macro_auc: 0.99612, micro_auc: 0.99612
[Thu Sep 10 23:16:51 2026|scalable_tgn_link_prediction.py|INFO] meta val epoch:4, loss: 0.09298,mrr:0.93821,  acc: 0.98871, ap: 0.98810, f1: 0.98871, macro_auc: 0.99182, micro_auc: 0.99182
[Thu Sep 10 23:16:51 2026|scalable_tgn_link_prediction.py|INFO] meta val epoch:4, loss: 0.09182,mrr:0.91476,  acc: 0.98701, ap: 0.99070, f1: 0.98701, macro_auc: 0.99561, micro_auc: 0.99561
[Thu Sep 10 23:16:51 2026|scalable_tgn_link_prediction.py|INFO] meta val epoch:4, loss: 0.08993,mrr:0.93306,  acc: 0.99138, ap: 0.98910, f1: 0.99138, macro_auc: 0.99424, micro_auc: 0.99424
[Thu Sep 10 23:16:51 2026|scalable_tgn_link_prediction.py|INFO] meta val epoch:4, loss: 0.04824,mrr:0.92908,  acc: 0.99271, ap: 0.99498, f1: 0.99271, macro_auc: 0.99674, micro_auc: 0.99674
[Thu Sep 10 23:16:52 2026|scalable_tgn_link_prediction.py|INFO] meta val epoch:4, loss: 0.05571,mrr:0.90344,  acc: 0.99356, ap: 0.99526, f1: 0.99356, macro_auc: 0.99754, micro_auc: 0.99754
[Thu Sep 10 23:16:52 2026|scalable_tgn_link_prediction.py|INFO] meta val epoch:4, loss: 0.05886,mrr:0.91353,  acc: 0.99138, ap: 0.99516, f1: 0.99138, macro_auc: 0.99713, micro_auc: 0.99713
[Thu Sep 10 23:16:52 2026|scalable_tgn_link_prediction.py|INFO] meta val epoch:4, loss: 0.07193,mrr:0.90743,  acc: 0.99174, ap: 0.99346, f1: 0.99174, macro_auc: 0.99671, micro_auc: 0.99671
[Thu Sep 10 23:16:52 2026|scalable_tgn_link_prediction.py|INFO] meta val epoch:4, loss: 0.06588,mrr:0.89016,  acc: 0.99114, ap: 0.99279, f1: 0.99114, macro_auc: 0.99543, micro_auc: 0.99543
[Thu Sep 10 23:16:52 2026|scalable_tgn_link_prediction.py|INFO] meta val epoch:4, loss: 0.09299,mrr:0.88843,  acc: 0.99041, ap: 0.99093, f1: 0.99041, macro_auc: 0.99454, micro_auc: 0.99454
[Thu Sep 10 23:16:52 2026|scalable_tgn_link_prediction.py|INFO] meta val epoch:4, loss: 0.10404,mrr:0.92555,  acc: 0.99065, ap: 0.98856, f1: 0.99065, macro_auc: 0.99410, micro_auc: 0.99410
[Thu Sep 10 23:16:53 2026|scalable_tgn_link_prediction.py|INFO] meta val epoch:4, loss: 0.06519,mrr:0.89183,  acc: 0.99114, ap: 0.99236, f1: 0.99114, macro_auc: 0.99573, micro_auc: 0.99573
[Thu Sep 10 23:16:53 2026|scalable_tgn_link_prediction.py|INFO] meta val epoch:4, loss: 0.06608,mrr:0.88968,  acc: 0.99077, ap: 0.99196, f1: 0.99077, macro_auc: 0.99505, micro_auc: 0.99505
[Thu Sep 10 23:16:53 2026|scalable_tgn_link_prediction.py|INFO] meta val epoch:4, loss: 0.07697,mrr:0.90256,  acc: 0.99235, ap: 0.99146, f1: 0.99235, macro_auc: 0.99509, micro_auc: 0.99509
[Thu Sep 10 23:16:53 2026|scalable_tgn_link_prediction.py|INFO] validation summary epoch:4, avg_mrr:0.91329, avg_ap:0.99202, selection_metric:mrr, selection_score:0.91329
[Thu Sep 10 23:17:06 2026|scalable_tgn_link_prediction.py|INFO] meta val epoch:5, loss: 0.03542,mrr:0.94084,  acc: 0.99417, ap: 0.99303, f1: 0.99417, macro_auc: 0.99609, micro_auc: 0.99609
[Thu Sep 10 23:17:06 2026|scalable_tgn_link_prediction.py|INFO] meta val epoch:5, loss: 0.03657,mrr:0.93290,  acc: 0.99356, ap: 0.99327, f1: 0.99356, macro_auc: 0.99583, micro_auc: 0.99583
[Thu Sep 10 23:17:06 2026|scalable_tgn_link_prediction.py|INFO] meta val epoch:5, loss: 0.05594,mrr:0.93250,  acc: 0.99053, ap: 0.98783, f1: 0.99053, macro_auc: 0.99246, micro_auc: 0.99246
[Thu Sep 10 23:17:06 2026|scalable_tgn_link_prediction.py|INFO] meta val epoch:5, loss: 0.04472,mrr:0.93845,  acc: 0.98834, ap: 0.99192, f1: 0.98834, macro_auc: 0.99588, micro_auc: 0.99588
[Thu Sep 10 23:17:06 2026|scalable_tgn_link_prediction.py|INFO] meta val epoch:5, loss: 0.04090,mrr:0.94788,  acc: 0.99150, ap: 0.99147, f1: 0.99150, macro_auc: 0.99497, micro_auc: 0.99497
[Thu Sep 10 23:17:07 2026|scalable_tgn_link_prediction.py|INFO] meta val epoch:5, loss: 0.03416,mrr:0.94022,  acc: 0.99284, ap: 0.99594, f1: 0.99284, macro_auc: 0.99697, micro_auc: 0.99697
[Thu Sep 10 23:17:07 2026|scalable_tgn_link_prediction.py|INFO] meta val epoch:5, loss: 0.03034,mrr:0.92131,  acc: 0.99417, ap: 0.99600, f1: 0.99417, macro_auc: 0.99737, micro_auc: 0.99737
[Thu Sep 10 23:17:07 2026|scalable_tgn_link_prediction.py|INFO] meta val epoch:5, loss: 0.03135,mrr:0.94122,  acc: 0.99320, ap: 0.99636, f1: 0.99320, macro_auc: 0.99746, micro_auc: 0.99746
[Thu Sep 10 23:17:07 2026|scalable_tgn_link_prediction.py|INFO] meta val epoch:5, loss: 0.03232,mrr:0.92803,  acc: 0.99369, ap: 0.99552, f1: 0.99369, macro_auc: 0.99714, micro_auc: 0.99714
[Thu Sep 10 23:17:07 2026|scalable_tgn_link_prediction.py|INFO] meta val epoch:5, loss: 0.04076,mrr:0.93374,  acc: 0.99162, ap: 0.99402, f1: 0.99162, macro_auc: 0.99587, micro_auc: 0.99587
[Thu Sep 10 23:17:07 2026|scalable_tgn_link_prediction.py|INFO] meta val epoch:5, loss: 0.04463,mrr:0.92480,  acc: 0.99077, ap: 0.99331, f1: 0.99077, macro_auc: 0.99515, micro_auc: 0.99515
[Thu Sep 10 23:17:07 2026|scalable_tgn_link_prediction.py|INFO] meta val epoch:5, loss: 0.04318,mrr:0.93243,  acc: 0.99138, ap: 0.99161, f1: 0.99138, macro_auc: 0.99514, micro_auc: 0.99514
[Thu Sep 10 23:17:08 2026|scalable_tgn_link_prediction.py|INFO] meta val epoch:5, loss: 0.03781,mrr:0.92256,  acc: 0.99077, ap: 0.99477, f1: 0.99077, macro_auc: 0.99670, micro_auc: 0.99670
[Thu Sep 10 23:17:08 2026|scalable_tgn_link_prediction.py|INFO] meta val epoch:5, loss: 0.03915,mrr:0.92349,  acc: 0.99199, ap: 0.99295, f1: 0.99199, macro_auc: 0.99560, micro_auc: 0.99560
[Thu Sep 10 23:17:08 2026|scalable_tgn_link_prediction.py|INFO] meta val epoch:5, loss: 0.03798,mrr:0.91711,  acc: 0.99284, ap: 0.99437, f1: 0.99284, macro_auc: 0.99631, micro_auc: 0.99631
[Thu Sep 10 23:17:08 2026|scalable_tgn_link_prediction.py|INFO] validation summary epoch:5, avg_mrr:0.93183, avg_ap:0.99349, selection_metric:mrr, selection_score:0.93183
[Thu Sep 10 23:17:21 2026|scalable_tgn_link_prediction.py|INFO] meta val epoch:6, loss: 0.05498,mrr:0.93056,  acc: 0.99126, ap: 0.99182, f1: 0.99126, macro_auc: 0.99571, micro_auc: 0.99571
[Thu Sep 10 23:17:21 2026|scalable_tgn_link_prediction.py|INFO] meta val epoch:6, loss: 0.05916,mrr:0.93687,  acc: 0.99356, ap: 0.99278, f1: 0.99356, macro_auc: 0.99569, micro_auc: 0.99569
[Thu Sep 10 23:17:21 2026|scalable_tgn_link_prediction.py|INFO] meta val epoch:6, loss: 0.09015,mrr:0.91703,  acc: 0.99029, ap: 0.98636, f1: 0.99029, macro_auc: 0.99176, micro_auc: 0.99176
[Thu Sep 10 23:17:21 2026|scalable_tgn_link_prediction.py|INFO] meta val epoch:6, loss: 0.06438,mrr:0.90142,  acc: 0.99162, ap: 0.99062, f1: 0.99162, macro_auc: 0.99553, micro_auc: 0.99553
[Thu Sep 10 23:17:22 2026|scalable_tgn_link_prediction.py|INFO] meta val epoch:6, loss: 0.05923,mrr:0.89441,  acc: 0.99138, ap: 0.98887, f1: 0.99138, macro_auc: 0.99463, micro_auc: 0.99463
[Thu Sep 10 23:17:22 2026|scalable_tgn_link_prediction.py|INFO] meta val epoch:6, loss: 0.04017,mrr:0.91717,  acc: 0.99271, ap: 0.99191, f1: 0.99271, macro_auc: 0.99576, micro_auc: 0.99576
[Thu Sep 10 23:17:22 2026|scalable_tgn_link_prediction.py|INFO] meta val epoch:6, loss: 0.03218,mrr:0.88185,  acc: 0.99441, ap: 0.99372, f1: 0.99441, macro_auc: 0.99662, micro_auc: 0.99662
[Thu Sep 10 23:17:22 2026|scalable_tgn_link_prediction.py|INFO] meta val epoch:6, loss: 0.03283,mrr:0.88218,  acc: 0.99405, ap: 0.99416, f1: 0.99405, macro_auc: 0.99711, micro_auc: 0.99711
[Thu Sep 10 23:17:22 2026|scalable_tgn_link_prediction.py|INFO] meta val epoch:6, loss: 0.04658,mrr:0.87240,  acc: 0.99332, ap: 0.99289, f1: 0.99332, macro_auc: 0.99684, micro_auc: 0.99684
[Thu Sep 10 23:17:22 2026|scalable_tgn_link_prediction.py|INFO] meta val epoch:6, loss: 0.04541,mrr:0.90004,  acc: 0.99053, ap: 0.99202, f1: 0.99053, macro_auc: 0.99521, micro_auc: 0.99521
[Thu Sep 10 23:17:22 2026|scalable_tgn_link_prediction.py|INFO] meta val epoch:6, loss: 0.04858,mrr:0.87447,  acc: 0.99041, ap: 0.99129, f1: 0.99041, macro_auc: 0.99458, micro_auc: 0.99458
[Thu Sep 10 23:17:23 2026|scalable_tgn_link_prediction.py|INFO] meta val epoch:6, loss: 1.59148,mrr:0.89738,  acc: 0.97572, ap: 0.97379, f1: 0.97572, macro_auc: 0.96384, micro_auc: 0.96384
[Thu Sep 10 23:17:23 2026|scalable_tgn_link_prediction.py|INFO] meta val epoch:6, loss: 1.47598,mrr:0.90259,  acc: 0.97669, ap: 0.97762, f1: 0.97669, macro_auc: 0.96770, micro_auc: 0.96770
[Thu Sep 10 23:17:23 2026|scalable_tgn_link_prediction.py|INFO] meta val epoch:6, loss: 1.76543,mrr:0.89887,  acc: 0.97475, ap: 0.97539, f1: 0.97474, macro_auc: 0.96139, micro_auc: 0.96139
[Thu Sep 10 23:17:23 2026|scalable_tgn_link_prediction.py|INFO] meta val epoch:6, loss: 1.68380,mrr:0.88129,  acc: 0.97547, ap: 0.97205, f1: 0.97547, macro_auc: 0.96226, micro_auc: 0.96226
[Thu Sep 10 23:17:23 2026|scalable_tgn_link_prediction.py|INFO] validation summary epoch:6, avg_mrr:0.89924, avg_ap:0.98702, selection_metric:mrr, selection_score:0.89924
[Thu Sep 10 23:17:36 2026|scalable_tgn_link_prediction.py|INFO] meta val epoch:7, loss: 0.03452,mrr:0.93956,  acc: 0.99369, ap: 0.99260, f1: 0.99369, macro_auc: 0.99595, micro_auc: 0.99595
[Thu Sep 10 23:17:36 2026|scalable_tgn_link_prediction.py|INFO] meta val epoch:7, loss: 0.03655,mrr:0.93411,  acc: 0.99320, ap: 0.99341, f1: 0.99320, macro_auc: 0.99588, micro_auc: 0.99588
[Thu Sep 10 23:17:36 2026|scalable_tgn_link_prediction.py|INFO] meta val epoch:7, loss: 0.05401,mrr:0.94444,  acc: 0.99041, ap: 0.98869, f1: 0.99041, macro_auc: 0.99221, micro_auc: 0.99221
[Thu Sep 10 23:17:37 2026|scalable_tgn_link_prediction.py|INFO] meta val epoch:7, loss: 0.04426,mrr:0.93954,  acc: 0.98725, ap: 0.99330, f1: 0.98725, macro_auc: 0.99601, micro_auc: 0.99601
[Thu Sep 10 23:17:37 2026|scalable_tgn_link_prediction.py|INFO] meta val epoch:7, loss: 0.04087,mrr:0.94897,  acc: 0.99138, ap: 0.99158, f1: 0.99138, macro_auc: 0.99488, micro_auc: 0.99488
[Thu Sep 10 23:17:37 2026|scalable_tgn_link_prediction.py|INFO] meta val epoch:7, loss: 0.03403,mrr:0.94235,  acc: 0.99320, ap: 0.99607, f1: 0.99320, macro_auc: 0.99708, micro_auc: 0.99708
[Thu Sep 10 23:17:37 2026|scalable_tgn_link_prediction.py|INFO] meta val epoch:7, loss: 0.02999,mrr:0.92247,  acc: 0.99393, ap: 0.99621, f1: 0.99393, macro_auc: 0.99748, micro_auc: 0.99748
[Thu Sep 10 23:17:37 2026|scalable_tgn_link_prediction.py|INFO] meta val epoch:7, loss: 0.03127,mrr:0.93182,  acc: 0.99296, ap: 0.99652, f1: 0.99296, macro_auc: 0.99750, micro_auc: 0.99750
[Thu Sep 10 23:17:37 2026|scalable_tgn_link_prediction.py|INFO] meta val epoch:7, loss: 0.03123,mrr:0.93561,  acc: 0.99393, ap: 0.99591, f1: 0.99393, macro_auc: 0.99728, micro_auc: 0.99728
[Thu Sep 10 23:17:37 2026|scalable_tgn_link_prediction.py|INFO] meta val epoch:7, loss: 0.04039,mrr:0.93711,  acc: 0.99077, ap: 0.99425, f1: 0.99077, macro_auc: 0.99599, micro_auc: 0.99599
[Thu Sep 10 23:17:38 2026|scalable_tgn_link_prediction.py|INFO] meta val epoch:7, loss: 0.04369,mrr:0.91836,  acc: 0.99150, ap: 0.99382, f1: 0.99150, macro_auc: 0.99527, micro_auc: 0.99527
[Thu Sep 10 23:17:38 2026|scalable_tgn_link_prediction.py|INFO] meta val epoch:7, loss: 1.58274,mrr:0.92383,  acc: 0.97535, ap: 0.97717, f1: 0.97535, macro_auc: 0.96484, micro_auc: 0.96484
[Thu Sep 10 23:17:38 2026|scalable_tgn_link_prediction.py|INFO] meta val epoch:7, loss: 1.45795,mrr:0.90827,  acc: 0.97693, ap: 0.98068, f1: 0.97693, macro_auc: 0.96853, micro_auc: 0.96853
[Thu Sep 10 23:17:38 2026|scalable_tgn_link_prediction.py|INFO] meta val epoch:7, loss: 1.76131,mrr:0.92969,  acc: 0.97487, ap: 0.97644, f1: 0.97486, macro_auc: 0.96162, micro_auc: 0.96162
[Thu Sep 10 23:17:38 2026|scalable_tgn_link_prediction.py|INFO] meta val epoch:7, loss: 1.66363,mrr:0.93639,  acc: 0.97572, ap: 0.97853, f1: 0.97571, macro_auc: 0.96390, micro_auc: 0.96390
[Thu Sep 10 23:17:38 2026|scalable_tgn_link_prediction.py|INFO] validation summary epoch:7, avg_mrr:0.93283, avg_ap:0.98968, selection_metric:mrr, selection_score:0.93283
[Thu Sep 10 23:17:51 2026|scalable_tgn_link_prediction.py|INFO] meta val epoch:8, loss: 0.03275,mrr:0.93390,  acc: 0.99405, ap: 0.99337, f1: 0.99405, macro_auc: 0.99625, micro_auc: 0.99625
[Thu Sep 10 23:17:51 2026|scalable_tgn_link_prediction.py|INFO] meta val epoch:8, loss: 0.03580,mrr:0.93144,  acc: 0.99308, ap: 0.99348, f1: 0.99308, macro_auc: 0.99595, micro_auc: 0.99595
[Thu Sep 10 23:17:52 2026|scalable_tgn_link_prediction.py|INFO] meta val epoch:8, loss: 0.05287,mrr:0.92186,  acc: 0.99041, ap: 0.98795, f1: 0.99041, macro_auc: 0.99259, micro_auc: 0.99259
[Thu Sep 10 23:17:52 2026|scalable_tgn_link_prediction.py|INFO] meta val epoch:8, loss: 0.04411,mrr:0.94499,  acc: 0.98749, ap: 0.99179, f1: 0.98749, macro_auc: 0.99581, micro_auc: 0.99581
[Thu Sep 10 23:17:52 2026|scalable_tgn_link_prediction.py|INFO] meta val epoch:8, loss: 0.04056,mrr:0.95005,  acc: 0.99150, ap: 0.99161, f1: 0.99150, macro_auc: 0.99503, micro_auc: 0.99503
[Thu Sep 10 23:17:52 2026|scalable_tgn_link_prediction.py|INFO] meta val epoch:8, loss: 0.03392,mrr:0.94580,  acc: 0.99296, ap: 0.99605, f1: 0.99296, macro_auc: 0.99706, micro_auc: 0.99706
[Thu Sep 10 23:17:52 2026|scalable_tgn_link_prediction.py|INFO] meta val epoch:8, loss: 0.03031,mrr:0.94067,  acc: 0.99393, ap: 0.99533, f1: 0.99393, macro_auc: 0.99723, micro_auc: 0.99723
[Thu Sep 10 23:17:52 2026|scalable_tgn_link_prediction.py|INFO] meta val epoch:8, loss: 0.03190,mrr:0.93286,  acc: 0.99296, ap: 0.99591, f1: 0.99296, macro_auc: 0.99729, micro_auc: 0.99729
[Thu Sep 10 23:17:52 2026|scalable_tgn_link_prediction.py|INFO] meta val epoch:8, loss: 0.03136,mrr:0.93561,  acc: 0.99356, ap: 0.99542, f1: 0.99356, macro_auc: 0.99715, micro_auc: 0.99715
[Thu Sep 10 23:17:52 2026|scalable_tgn_link_prediction.py|INFO] meta val epoch:8, loss: 0.03996,mrr:0.92385,  acc: 0.99114, ap: 0.99401, f1: 0.99114, macro_auc: 0.99589, micro_auc: 0.99589
[Thu Sep 10 23:17:53 2026|scalable_tgn_link_prediction.py|INFO] meta val epoch:8, loss: 0.04268,mrr:0.92260,  acc: 0.99199, ap: 0.99304, f1: 0.99199, macro_auc: 0.99513, micro_auc: 0.99513
[Thu Sep 10 23:17:53 2026|scalable_tgn_link_prediction.py|INFO] meta val epoch:8, loss: 1.58359,mrr:0.94113,  acc: 0.97572, ap: 0.97519, f1: 0.97572, macro_auc: 0.96459, micro_auc: 0.96459
[Thu Sep 10 23:17:53 2026|scalable_tgn_link_prediction.py|INFO] meta val epoch:8, loss: 1.45779,mrr:0.90617,  acc: 0.97693, ap: 0.98061, f1: 0.97693, macro_auc: 0.96845, micro_auc: 0.96845
[Thu Sep 10 23:17:53 2026|scalable_tgn_link_prediction.py|INFO] meta val epoch:8, loss: 1.76101,mrr:0.93182,  acc: 0.97535, ap: 0.97609, f1: 0.97535, macro_auc: 0.96158, micro_auc: 0.96158
[Thu Sep 10 23:17:53 2026|scalable_tgn_link_prediction.py|INFO] meta val epoch:8, loss: 1.66250,mrr:0.92089,  acc: 0.97681, ap: 0.97866, f1: 0.97681, macro_auc: 0.96423, micro_auc: 0.96423
[Thu Sep 10 23:17:53 2026|scalable_tgn_link_prediction.py|INFO] validation summary epoch:8, avg_mrr:0.93224, avg_ap:0.98923, selection_metric:mrr, selection_score:0.93224
[Thu Sep 10 23:18:06 2026|scalable_tgn_link_prediction.py|INFO] meta val epoch:9, loss: 0.03050,mrr:0.94136,  acc: 0.99417, ap: 0.99309, f1: 0.99417, macro_auc: 0.99640, micro_auc: 0.99640
[Thu Sep 10 23:18:07 2026|scalable_tgn_link_prediction.py|INFO] meta val epoch:9, loss: 0.03310,mrr:0.93047,  acc: 0.99381, ap: 0.99312, f1: 0.99381, macro_auc: 0.99583, micro_auc: 0.99583
[Thu Sep 10 23:18:07 2026|scalable_tgn_link_prediction.py|INFO] meta val epoch:9, loss: 0.05158,mrr:0.94912,  acc: 0.99102, ap: 0.98979, f1: 0.99101, macro_auc: 0.99281, micro_auc: 0.99281
[Thu Sep 10 23:18:07 2026|scalable_tgn_link_prediction.py|INFO] meta val epoch:9, loss: 0.04143,mrr:0.94553,  acc: 0.98859, ap: 0.99378, f1: 0.98859, macro_auc: 0.99608, micro_auc: 0.99608
[Thu Sep 10 23:18:07 2026|scalable_tgn_link_prediction.py|INFO] meta val epoch:9, loss: 0.03814,mrr:0.95874,  acc: 0.99211, ap: 0.99206, f1: 0.99211, macro_auc: 0.99498, micro_auc: 0.99498
[Thu Sep 10 23:18:07 2026|scalable_tgn_link_prediction.py|INFO] meta val epoch:9, loss: 0.03201,mrr:0.94377,  acc: 0.99381, ap: 0.99583, f1: 0.99381, macro_auc: 0.99693, micro_auc: 0.99693
[Thu Sep 10 23:18:07 2026|scalable_tgn_link_prediction.py|INFO] meta val epoch:9, loss: 0.02813,mrr:0.93779,  acc: 0.99441, ap: 0.99599, f1: 0.99441, macro_auc: 0.99732, micro_auc: 0.99732
[Thu Sep 10 23:18:07 2026|scalable_tgn_link_prediction.py|INFO] meta val epoch:9, loss: 0.02929,mrr:0.95794,  acc: 0.99393, ap: 0.99625, f1: 0.99393, macro_auc: 0.99732, micro_auc: 0.99732
[Thu Sep 10 23:18:07 2026|scalable_tgn_link_prediction.py|INFO] meta val epoch:9, loss: 0.02957,mrr:0.94081,  acc: 0.99393, ap: 0.99594, f1: 0.99393, macro_auc: 0.99724, micro_auc: 0.99724
[Thu Sep 10 23:18:08 2026|scalable_tgn_link_prediction.py|INFO] meta val epoch:9, loss: 0.03900,mrr:0.94048,  acc: 0.99186, ap: 0.99209, f1: 0.99186, macro_auc: 0.99551, micro_auc: 0.99551
[Thu Sep 10 23:18:08 2026|scalable_tgn_link_prediction.py|INFO] meta val epoch:9, loss: 0.04168,mrr:0.91919,  acc: 0.99223, ap: 0.99366, f1: 0.99223, macro_auc: 0.99528, micro_auc: 0.99528
[Thu Sep 10 23:18:08 2026|scalable_tgn_link_prediction.py|INFO] meta val epoch:9, loss: 1.58131,mrr:0.94350,  acc: 0.97657, ap: 0.97690, f1: 0.97656, macro_auc: 0.96473, micro_auc: 0.96473
[Thu Sep 10 23:18:08 2026|scalable_tgn_link_prediction.py|INFO] meta val epoch:9, loss: 1.45601,mrr:0.92721,  acc: 0.97766, ap: 0.98067, f1: 0.97766, macro_auc: 0.96838, micro_auc: 0.96838
[Thu Sep 10 23:18:08 2026|scalable_tgn_link_prediction.py|INFO] meta val epoch:9, loss: 0.03720,mrr:0.94650,  acc: 0.99199, ap: 0.99275, f1: 0.99199, macro_auc: 0.99536, micro_auc: 0.99536
[Thu Sep 10 23:18:08 2026|scalable_tgn_link_prediction.py|INFO] meta val epoch:9, loss: 0.03518,mrr:0.91926,  acc: 0.99344, ap: 0.99526, f1: 0.99344, macro_auc: 0.99662, micro_auc: 0.99662
[Thu Sep 10 23:18:08 2026|scalable_tgn_link_prediction.py|INFO] validation summary epoch:9, avg_mrr:0.94011, avg_ap:0.99181, selection_metric:mrr, selection_score:0.94011
[Thu Sep 10 23:18:21 2026|scalable_tgn_link_prediction.py|INFO] meta val epoch:10, loss: 0.36432,mrr:0.71718,  acc: 0.99490, ap: 0.99090, f1: 0.99490, macro_auc: 0.99547, micro_auc: 0.99547
[Thu Sep 10 23:18:21 2026|scalable_tgn_link_prediction.py|INFO] meta val epoch:10, loss: 0.48512,mrr:0.66211,  acc: 0.99417, ap: 0.98938, f1: 0.99417, macro_auc: 0.99461, micro_auc: 0.99461
[Thu Sep 10 23:18:22 2026|scalable_tgn_link_prediction.py|INFO] meta val epoch:10, loss: 0.49276,mrr:0.68884,  acc: 0.99126, ap: 0.98731, f1: 0.99126, macro_auc: 0.99203, micro_auc: 0.99203
[Thu Sep 10 23:18:22 2026|scalable_tgn_link_prediction.py|INFO] meta val epoch:10, loss: 0.51547,mrr:0.64466,  acc: 0.98944, ap: 0.98914, f1: 0.98944, macro_auc: 0.99448, micro_auc: 0.99448
[Thu Sep 10 23:18:22 2026|scalable_tgn_link_prediction.py|INFO] meta val epoch:10, loss: 0.58630,mrr:0.65293,  acc: 0.99235, ap: 0.98817, f1: 0.99235, macro_auc: 0.99400, micro_auc: 0.99400
[Thu Sep 10 23:18:22 2026|scalable_tgn_link_prediction.py|INFO] meta val epoch:10, loss: 0.50925,mrr:0.62553,  acc: 0.99393, ap: 0.98950, f1: 0.99393, macro_auc: 0.99469, micro_auc: 0.99469
[Thu Sep 10 23:18:22 2026|scalable_tgn_link_prediction.py|INFO] meta val epoch:10, loss: 0.38769,mrr:0.66049,  acc: 0.99502, ap: 0.99218, f1: 0.99502, macro_auc: 0.99605, micro_auc: 0.99605
[Thu Sep 10 23:18:22 2026|scalable_tgn_link_prediction.py|INFO] meta val epoch:10, loss: 0.37880,mrr:0.66949,  acc: 0.99393, ap: 0.99248, f1: 0.99393, macro_auc: 0.99620, micro_auc: 0.99620
[Thu Sep 10 23:18:22 2026|scalable_tgn_link_prediction.py|INFO] meta val epoch:10, loss: 0.43038,mrr:0.68670,  acc: 0.99405, ap: 0.99125, f1: 0.99405, macro_auc: 0.99559, micro_auc: 0.99559
[Thu Sep 10 23:18:23 2026|scalable_tgn_link_prediction.py|INFO] meta val epoch:10, loss: 0.58544,mrr:0.65588,  acc: 0.99162, ap: 0.98786, f1: 0.99162, macro_auc: 0.99385, micro_auc: 0.99385
[Thu Sep 10 23:18:23 2026|scalable_tgn_link_prediction.py|INFO] meta val epoch:10, loss: 0.57198,mrr:0.64063,  acc: 0.99186, ap: 0.98749, f1: 0.99186, macro_auc: 0.99309, micro_auc: 0.99309
[Thu Sep 10 23:18:23 2026|scalable_tgn_link_prediction.py|INFO] meta val epoch:10, loss: 2.04269,mrr:0.67073,  acc: 0.97669, ap: 0.97436, f1: 0.97669, macro_auc: 0.96404, micro_auc: 0.96404
[Thu Sep 10 23:18:23 2026|scalable_tgn_link_prediction.py|INFO] meta val epoch:10, loss: 1.87032,mrr:0.65318,  acc: 0.97827, ap: 0.97677, f1: 0.97827, macro_auc: 0.96718, micro_auc: 0.96718
[Thu Sep 10 23:18:23 2026|scalable_tgn_link_prediction.py|INFO] meta val epoch:10, loss: 2.22527,mrr:0.68195,  acc: 0.97596, ap: 0.97250, f1: 0.97596, macro_auc: 0.96059, micro_auc: 0.96059
[Thu Sep 10 23:18:23 2026|scalable_tgn_link_prediction.py|INFO] meta val epoch:10, loss: 2.06107,mrr:0.69031,  acc: 0.97742, ap: 0.97449, f1: 0.97741, macro_auc: 0.96269, micro_auc: 0.96269
[Thu Sep 10 23:18:23 2026|scalable_tgn_link_prediction.py|INFO] validation summary epoch:10, avg_mrr:0.66671, avg_ap:0.98559, selection_metric:mrr, selection_score:0.66671
[Thu Sep 10 23:18:37 2026|scalable_tgn_link_prediction.py|INFO] meta val epoch:11, loss: 0.39992,mrr:0.67922,  acc: 0.99502, ap: 0.99168, f1: 0.99502, macro_auc: 0.99579, micro_auc: 0.99579
[Thu Sep 10 23:18:37 2026|scalable_tgn_link_prediction.py|INFO] meta val epoch:11, loss: 0.55202,mrr:0.62515,  acc: 0.99381, ap: 0.98887, f1: 0.99381, macro_auc: 0.99438, micro_auc: 0.99438
[Thu Sep 10 23:18:37 2026|scalable_tgn_link_prediction.py|INFO] meta val epoch:11, loss: 0.56543,mrr:0.65296,  acc: 0.99138, ap: 0.98707, f1: 0.99138, macro_auc: 0.99203, micro_auc: 0.99203
[Thu Sep 10 23:18:37 2026|scalable_tgn_link_prediction.py|INFO] meta val epoch:11, loss: 0.57910,mrr:0.61438,  acc: 0.98919, ap: 0.98867, f1: 0.98919, macro_auc: 0.99417, micro_auc: 0.99417
[Thu Sep 10 23:18:37 2026|scalable_tgn_link_prediction.py|INFO] meta val epoch:11, loss: 0.66101,mrr:0.62604,  acc: 0.99271, ap: 0.98696, f1: 0.99271, macro_auc: 0.99339, micro_auc: 0.99339
[Thu Sep 10 23:18:37 2026|scalable_tgn_link_prediction.py|INFO] meta val epoch:11, loss: 0.56172,mrr:0.66489,  acc: 0.99429, ap: 0.98881, f1: 0.99429, macro_auc: 0.99434, micro_auc: 0.99434
[Thu Sep 10 23:18:37 2026|scalable_tgn_link_prediction.py|INFO] meta val epoch:11, loss: 0.44038,mrr:0.66165,  acc: 0.99551, ap: 0.99125, f1: 0.99551, macro_auc: 0.99559, micro_auc: 0.99559
[Thu Sep 10 23:18:37 2026|scalable_tgn_link_prediction.py|INFO] meta val epoch:11, loss: 0.44101,mrr:0.66008,  acc: 0.99526, ap: 0.99128, f1: 0.99526, macro_auc: 0.99560, micro_auc: 0.99560
[Thu Sep 10 23:18:38 2026|scalable_tgn_link_prediction.py|INFO] meta val epoch:11, loss: 0.43319,mrr:0.63793,  acc: 0.99441, ap: 0.99154, f1: 0.99441, macro_auc: 0.99573, micro_auc: 0.99573
[Thu Sep 10 23:18:38 2026|scalable_tgn_link_prediction.py|INFO] meta val epoch:11, loss: 0.64955,mrr:0.62790,  acc: 0.99308, ap: 0.98715, f1: 0.99308, macro_auc: 0.99349, micro_auc: 0.99349
[Thu Sep 10 23:18:38 2026|scalable_tgn_link_prediction.py|INFO] meta val epoch:11, loss: 0.60675,mrr:0.61828,  acc: 0.99235, ap: 0.98732, f1: 0.99235, macro_auc: 0.99307, micro_auc: 0.99307
[Thu Sep 10 23:18:38 2026|scalable_tgn_link_prediction.py|INFO] meta val epoch:11, loss: 2.18194,mrr:0.64802,  acc: 0.97717, ap: 0.97200, f1: 0.97717, macro_auc: 0.96290, micro_auc: 0.96290
[Thu Sep 10 23:18:38 2026|scalable_tgn_link_prediction.py|INFO] meta val epoch:11, loss: 1.99762,mrr:0.62292,  acc: 0.97936, ap: 0.97451, f1: 0.97936, macro_auc: 0.96611, micro_auc: 0.96611
[Thu Sep 10 23:18:38 2026|scalable_tgn_link_prediction.py|INFO] meta val epoch:11, loss: 2.30169,mrr:0.62238,  acc: 0.97596, ap: 0.97148, f1: 0.97596, macro_auc: 0.96009, micro_auc: 0.96009
[Thu Sep 10 23:18:39 2026|scalable_tgn_link_prediction.py|INFO] meta val epoch:11, loss: 2.15578,mrr:0.62904,  acc: 0.97766, ap: 0.97282, f1: 0.97766, macro_auc: 0.96141, micro_auc: 0.96141
[Thu Sep 10 23:18:39 2026|scalable_tgn_link_prediction.py|INFO] validation summary epoch:11, avg_mrr:0.63939, avg_ap:0.98476, selection_metric:mrr, selection_score:0.63939
[Thu Sep 10 23:18:52 2026|scalable_tgn_link_prediction.py|INFO] meta val epoch:12, loss: 0.44513,mrr:0.67387,  acc: 0.99478, ap: 0.99114, f1: 0.99478, macro_auc: 0.99553, micro_auc: 0.99553
[Thu Sep 10 23:18:52 2026|scalable_tgn_link_prediction.py|INFO] meta val epoch:12, loss: 0.56343,mrr:0.62054,  acc: 0.99369, ap: 0.98892, f1: 0.99369, macro_auc: 0.99440, micro_auc: 0.99440
[Thu Sep 10 23:18:52 2026|scalable_tgn_link_prediction.py|INFO] meta val epoch:12, loss: 0.57942,mrr:0.61765,  acc: 0.99065, ap: 0.98682, f1: 0.99065, macro_auc: 0.99173, micro_auc: 0.99173
[Thu Sep 10 23:18:52 2026|scalable_tgn_link_prediction.py|INFO] meta val epoch:12, loss: 0.59537,mrr:0.62478,  acc: 0.98847, ap: 0.98827, f1: 0.98847, macro_auc: 0.99386, micro_auc: 0.99386
[Thu Sep 10 23:18:52 2026|scalable_tgn_link_prediction.py|INFO] meta val epoch:12, loss: 0.67474,mrr:0.66889,  acc: 0.99247, ap: 0.98674, f1: 0.99247, macro_auc: 0.99328, micro_auc: 0.99328
[Thu Sep 10 23:18:53 2026|scalable_tgn_link_prediction.py|INFO] meta val epoch:12, loss: 0.56217,mrr:0.60253,  acc: 0.99393, ap: 0.98888, f1: 0.99393, macro_auc: 0.99438, micro_auc: 0.99438
[Thu Sep 10 23:18:53 2026|scalable_tgn_link_prediction.py|INFO] meta val epoch:12, loss: 0.44069,mrr:0.61941,  acc: 0.99502, ap: 0.99133, f1: 0.99502, macro_auc: 0.99563, micro_auc: 0.99563
[Thu Sep 10 23:18:53 2026|scalable_tgn_link_prediction.py|INFO] meta val epoch:12, loss: 0.44387,mrr:0.62398,  acc: 0.99429, ap: 0.99133, f1: 0.99429, macro_auc: 0.99563, micro_auc: 0.99563
[Thu Sep 10 23:18:53 2026|scalable_tgn_link_prediction.py|INFO] meta val epoch:12, loss: 0.45812,mrr:0.65109,  acc: 0.99320, ap: 0.99110, f1: 0.99320, macro_auc: 0.99551, micro_auc: 0.99551
[Thu Sep 10 23:18:53 2026|scalable_tgn_link_prediction.py|INFO] meta val epoch:12, loss: 0.66425,mrr:0.62570,  acc: 0.99211, ap: 0.98706, f1: 0.99211, macro_auc: 0.99344, micro_auc: 0.99344
[Thu Sep 10 23:18:53 2026|scalable_tgn_link_prediction.py|INFO] meta val epoch:12, loss: 0.61901,mrr:0.62068,  acc: 0.99223, ap: 0.98715, f1: 0.99223, macro_auc: 0.99296, micro_auc: 0.99296
[Thu Sep 10 23:18:53 2026|scalable_tgn_link_prediction.py|INFO] meta val epoch:12, loss: 0.68849,mrr:0.64239,  acc: 0.99174, ap: 0.98648, f1: 0.99174, macro_auc: 0.99301, micro_auc: 0.99301
[Thu Sep 10 23:18:54 2026|scalable_tgn_link_prediction.py|INFO] meta val epoch:12, loss: 0.58091,mrr:0.63013,  acc: 0.99211, ap: 0.98872, f1: 0.99211, macro_auc: 0.99429, micro_auc: 0.99429
[Thu Sep 10 23:18:54 2026|scalable_tgn_link_prediction.py|INFO] meta val epoch:12, loss: 0.61449,mrr:0.61479,  acc: 0.99259, ap: 0.98800, f1: 0.99259, macro_auc: 0.99393, micro_auc: 0.99393
[Thu Sep 10 23:18:54 2026|scalable_tgn_link_prediction.py|INFO] meta val epoch:12, loss: 0.55363,mrr:0.61900,  acc: 0.99344, ap: 0.98871, f1: 0.99344, macro_auc: 0.99369, micro_auc: 0.99369
[Thu Sep 10 23:18:54 2026|scalable_tgn_link_prediction.py|INFO] validation summary epoch:12, avg_mrr:0.63036, avg_ap:0.98871, selection_metric:mrr, selection_score:0.63036
[Thu Sep 10 23:19:07 2026|scalable_tgn_link_prediction.py|INFO] meta val epoch:13, loss: 0.44401,mrr:0.64192,  acc: 0.99478, ap: 0.99107, f1: 0.99478, macro_auc: 0.99549, micro_auc: 0.99549
[Thu Sep 10 23:19:07 2026|scalable_tgn_link_prediction.py|INFO] meta val epoch:13, loss: 0.55430,mrr:0.63445,  acc: 0.99296, ap: 0.98906, f1: 0.99296, macro_auc: 0.99447, micro_auc: 0.99447
[Thu Sep 10 23:19:08 2026|scalable_tgn_link_prediction.py|INFO] meta val epoch:13, loss: 0.56539,mrr:0.62150,  acc: 0.99138, ap: 0.98722, f1: 0.99138, macro_auc: 0.99229, micro_auc: 0.99229
[Thu Sep 10 23:19:08 2026|scalable_tgn_link_prediction.py|INFO] meta val epoch:13, loss: 0.59233,mrr:0.61176,  acc: 0.98847, ap: 0.98842, f1: 0.98847, macro_auc: 0.99404, micro_auc: 0.99404
[Thu Sep 10 23:19:08 2026|scalable_tgn_link_prediction.py|INFO] meta val epoch:13, loss: 0.67281,mrr:0.61463,  acc: 0.99235, ap: 0.98675, f1: 0.99235, macro_auc: 0.99328, micro_auc: 0.99328
[Thu Sep 10 23:19:08 2026|scalable_tgn_link_prediction.py|INFO] meta val epoch:13, loss: 0.56246,mrr:0.62330,  acc: 0.99369, ap: 0.98895, f1: 0.99369, macro_auc: 0.99441, micro_auc: 0.99441
[Thu Sep 10 23:19:08 2026|scalable_tgn_link_prediction.py|INFO] meta val epoch:13, loss: 0.44152,mrr:0.62145,  acc: 0.99478, ap: 0.99133, f1: 0.99478, macro_auc: 0.99563, micro_auc: 0.99563
[Thu Sep 10 23:19:08 2026|scalable_tgn_link_prediction.py|INFO] meta val epoch:13, loss: 0.44297,mrr:0.62153,  acc: 0.99405, ap: 0.99133, f1: 0.99405, macro_auc: 0.99563, micro_auc: 0.99563
[Thu Sep 10 23:19:08 2026|scalable_tgn_link_prediction.py|INFO] meta val epoch:13, loss: 0.45660,mrr:0.62746,  acc: 0.99381, ap: 0.99110, f1: 0.99381, macro_auc: 0.99551, micro_auc: 0.99551
[Thu Sep 10 23:19:09 2026|scalable_tgn_link_prediction.py|INFO] meta val epoch:13, loss: 0.66261,mrr:0.64412,  acc: 0.99186, ap: 0.98706, f1: 0.99186, macro_auc: 0.99344, micro_auc: 0.99344
[Thu Sep 10 23:19:09 2026|scalable_tgn_link_prediction.py|INFO] meta val epoch:13, loss: 0.61925,mrr:0.64778,  acc: 0.99199, ap: 0.98715, f1: 0.99199, macro_auc: 0.99295, micro_auc: 0.99295
[Thu Sep 10 23:19:09 2026|scalable_tgn_link_prediction.py|INFO] meta val epoch:13, loss: 0.67682,mrr:0.65426,  acc: 0.99199, ap: 0.98679, f1: 0.99199, macro_auc: 0.99329, micro_auc: 0.99329
[Thu Sep 10 23:19:09 2026|scalable_tgn_link_prediction.py|INFO] meta val epoch:13, loss: 0.57826,mrr:0.62643,  acc: 0.99332, ap: 0.98872, f1: 0.99332, macro_auc: 0.99429, micro_auc: 0.99429
[Thu Sep 10 23:19:09 2026|scalable_tgn_link_prediction.py|INFO] meta val epoch:13, loss: 0.61422,mrr:0.63259,  acc: 0.99271, ap: 0.98800, f1: 0.99271, macro_auc: 0.99393, micro_auc: 0.99393
[Thu Sep 10 23:19:09 2026|scalable_tgn_link_prediction.py|INFO] meta val epoch:13, loss: 0.55356,mrr:0.59985,  acc: 0.99344, ap: 0.98905, f1: 0.99344, macro_auc: 0.99438, micro_auc: 0.99438
[Thu Sep 10 23:19:09 2026|scalable_tgn_link_prediction.py|INFO] validation summary epoch:13, avg_mrr:0.62820, avg_ap:0.98880, selection_metric:mrr, selection_score:0.62820
[Thu Sep 10 23:19:23 2026|scalable_tgn_link_prediction.py|INFO] meta val epoch:14, loss: 0.41326,mrr:0.64414,  acc: 0.99454, ap: 0.99148, f1: 0.99454, macro_auc: 0.99568, micro_auc: 0.99568
[Thu Sep 10 23:19:23 2026|scalable_tgn_link_prediction.py|INFO] meta val epoch:14, loss: 0.52464,mrr:0.64501,  acc: 0.99332, ap: 0.98943, f1: 0.99332, macro_auc: 0.99465, micro_auc: 0.99465
[Thu Sep 10 23:19:23 2026|scalable_tgn_link_prediction.py|INFO] meta val epoch:14, loss: 0.52436,mrr:0.65374,  acc: 0.99126, ap: 0.98742, f1: 0.99126, macro_auc: 0.99207, micro_auc: 0.99207
[Thu Sep 10 23:19:23 2026|scalable_tgn_link_prediction.py|INFO] meta val epoch:14, loss: 0.55669,mrr:0.69317,  acc: 0.98883, ap: 0.98860, f1: 0.98883, macro_auc: 0.99419, micro_auc: 0.99419
[Thu Sep 10 23:19:23 2026|scalable_tgn_link_prediction.py|INFO] meta val epoch:14, loss: 0.66457,mrr:0.65928,  acc: 0.99235, ap: 0.98621, f1: 0.99235, macro_auc: 0.99302, micro_auc: 0.99302
[Thu Sep 10 23:19:23 2026|scalable_tgn_link_prediction.py|INFO] meta val epoch:14, loss: 0.49036,mrr:0.64392,  acc: 0.99393, ap: 0.99004, f1: 0.99393, macro_auc: 0.99496, micro_auc: 0.99496
[Thu Sep 10 23:19:23 2026|scalable_tgn_link_prediction.py|INFO] meta val epoch:14, loss: 0.41126,mrr:0.66240,  acc: 0.99466, ap: 0.99180, f1: 0.99466, macro_auc: 0.99586, micro_auc: 0.99586
[Thu Sep 10 23:19:24 2026|scalable_tgn_link_prediction.py|INFO] meta val epoch:14, loss: 0.42267,mrr:0.67247,  acc: 0.99441, ap: 0.99168, f1: 0.99441, macro_auc: 0.99581, micro_auc: 0.99581
[Thu Sep 10 23:19:24 2026|scalable_tgn_link_prediction.py|INFO] meta val epoch:14, loss: 0.42563,mrr:0.65871,  acc: 0.99393, ap: 0.99170, f1: 0.99393, macro_auc: 0.99581, micro_auc: 0.99581
[Thu Sep 10 23:19:24 2026|scalable_tgn_link_prediction.py|INFO] meta val epoch:14, loss: 0.64177,mrr:0.66415,  acc: 0.99296, ap: 0.98720, f1: 0.99296, macro_auc: 0.99352, micro_auc: 0.99352
[Thu Sep 10 23:19:24 2026|scalable_tgn_link_prediction.py|INFO] meta val epoch:14, loss: 0.61016,mrr:0.64134,  acc: 0.99174, ap: 0.98717, f1: 0.99174, macro_auc: 0.99285, micro_auc: 0.99285
[Thu Sep 10 23:19:24 2026|scalable_tgn_link_prediction.py|INFO] meta val epoch:14, loss: 0.66773,mrr:0.64354,  acc: 0.99211, ap: 0.98677, f1: 0.99211, macro_auc: 0.99326, micro_auc: 0.99326
[Thu Sep 10 23:19:24 2026|scalable_tgn_link_prediction.py|INFO] meta val epoch:14, loss: 0.54997,mrr:0.63215,  acc: 0.99235, ap: 0.98919, f1: 0.99235, macro_auc: 0.99453, micro_auc: 0.99453
[Thu Sep 10 23:19:24 2026|scalable_tgn_link_prediction.py|INFO] meta val epoch:14, loss: 0.58706,mrr:0.66185,  acc: 0.99247, ap: 0.98845, f1: 0.99247, macro_auc: 0.99415, micro_auc: 0.99415
[Thu Sep 10 23:19:25 2026|scalable_tgn_link_prediction.py|INFO] meta val epoch:14, loss: 0.52330,mrr:0.64587,  acc: 0.99308, ap: 0.98955, f1: 0.99308, macro_auc: 0.99458, micro_auc: 0.99458
[Thu Sep 10 23:19:25 2026|scalable_tgn_link_prediction.py|INFO] validation summary epoch:14, avg_mrr:0.65478, avg_ap:0.98911, selection_metric:mrr, selection_score:0.65478
[Thu Sep 10 23:19:38 2026|scalable_tgn_link_prediction.py|INFO] meta val epoch:15, loss: 0.40482,mrr:0.71240,  acc: 0.99114, ap: 0.99129, f1: 0.99114, macro_auc: 0.99558, micro_auc: 0.99558
[Thu Sep 10 23:19:38 2026|scalable_tgn_link_prediction.py|INFO] meta val epoch:15, loss: 0.53576,mrr:0.67137,  acc: 0.99102, ap: 0.98914, f1: 0.99101, macro_auc: 0.99450, micro_auc: 0.99450
[Thu Sep 10 23:19:38 2026|scalable_tgn_link_prediction.py|INFO] meta val epoch:15, loss: 0.53402,mrr:0.67892,  acc: 0.99126, ap: 0.98744, f1: 0.99126, macro_auc: 0.99202, micro_auc: 0.99202
[Thu Sep 10 23:19:38 2026|scalable_tgn_link_prediction.py|INFO] meta val epoch:15, loss: 0.57585,mrr:0.65191,  acc: 0.98968, ap: 0.98866, f1: 0.98968, macro_auc: 0.99419, micro_auc: 0.99419
[Thu Sep 10 23:19:38 2026|scalable_tgn_link_prediction.py|INFO] meta val epoch:15, loss: 0.66127,mrr:0.62910,  acc: 0.99296, ap: 0.98698, f1: 0.99296, macro_auc: 0.99340, micro_auc: 0.99340
[Thu Sep 10 23:19:38 2026|scalable_tgn_link_prediction.py|INFO] meta val epoch:15, loss: 0.56191,mrr:0.64017,  acc: 0.99429, ap: 0.98885, f1: 0.99429, macro_auc: 0.99436, micro_auc: 0.99436
[Thu Sep 10 23:19:38 2026|scalable_tgn_link_prediction.py|INFO] meta val epoch:15, loss: 0.44051,mrr:0.63292,  acc: 0.99539, ap: 0.99131, f1: 0.99539, macro_auc: 0.99562, micro_auc: 0.99562
[Thu Sep 10 23:19:38 2026|scalable_tgn_link_prediction.py|INFO] meta val epoch:15, loss: 0.42996,mrr:0.61348,  acc: 0.99539, ap: 0.99156, f1: 0.99539, macro_auc: 0.99574, micro_auc: 0.99574
[Thu Sep 10 23:19:39 2026|scalable_tgn_link_prediction.py|INFO] meta val epoch:15, loss: 0.45388,mrr:0.61037,  acc: 0.99466, ap: 0.99106, f1: 0.99466, macro_auc: 0.99549, micro_auc: 0.99549
[Thu Sep 10 23:19:39 2026|scalable_tgn_link_prediction.py|INFO] meta val epoch:15, loss: 0.66056,mrr:0.64290,  acc: 0.99284, ap: 0.98683, f1: 0.99284, macro_auc: 0.99333, micro_auc: 0.99333
[Thu Sep 10 23:19:39 2026|scalable_tgn_link_prediction.py|INFO] meta val epoch:15, loss: 0.60569,mrr:0.62715,  acc: 0.99223, ap: 0.98725, f1: 0.99223, macro_auc: 0.99288, micro_auc: 0.99288
[Thu Sep 10 23:19:39 2026|scalable_tgn_link_prediction.py|INFO] meta val epoch:15, loss: 0.67306,mrr:0.63602,  acc: 0.99247, ap: 0.98670, f1: 0.99247, macro_auc: 0.99322, micro_auc: 0.99322
[Thu Sep 10 23:19:39 2026|scalable_tgn_link_prediction.py|INFO] meta val epoch:15, loss: 0.57614,mrr:0.61000,  acc: 0.99320, ap: 0.98865, f1: 0.99320, macro_auc: 0.99426, micro_auc: 0.99426
[Thu Sep 10 23:19:39 2026|scalable_tgn_link_prediction.py|INFO] meta val epoch:15, loss: 0.60113,mrr:0.61138,  acc: 0.99284, ap: 0.98818, f1: 0.99284, macro_auc: 0.99402, micro_auc: 0.99402
[Thu Sep 10 23:19:40 2026|scalable_tgn_link_prediction.py|INFO] meta val epoch:15, loss: 0.53259,mrr:0.61308,  acc: 0.99369, ap: 0.98939, f1: 0.99369, macro_auc: 0.99449, micro_auc: 0.99449
[Thu Sep 10 23:19:40 2026|scalable_tgn_link_prediction.py|INFO] validation summary epoch:15, avg_mrr:0.63874, avg_ap:0.98889, selection_metric:mrr, selection_score:0.63874
[Thu Sep 10 23:19:53 2026|scalable_tgn_link_prediction.py|INFO] meta val epoch:16, loss: 0.40359,mrr:0.68745,  acc: 0.99490, ap: 0.99117, f1: 0.99490, macro_auc: 0.99553, micro_auc: 0.99553
[Thu Sep 10 23:19:53 2026|scalable_tgn_link_prediction.py|INFO] meta val epoch:16, loss: 0.55451,mrr:0.61429,  acc: 0.99344, ap: 0.98866, f1: 0.99344, macro_auc: 0.99427, micro_auc: 0.99427
[Thu Sep 10 23:19:53 2026|scalable_tgn_link_prediction.py|INFO] meta val epoch:16, loss: 0.50444,mrr:0.64907,  acc: 0.99126, ap: 0.98803, f1: 0.99126, macro_auc: 0.99233, micro_auc: 0.99233
[Thu Sep 10 23:19:53 2026|scalable_tgn_link_prediction.py|INFO] meta val epoch:16, loss: 0.54392,mrr:0.62636,  acc: 0.98932, ap: 0.98935, f1: 0.98932, macro_auc: 0.99456, micro_auc: 0.99456
[Thu Sep 10 23:19:53 2026|scalable_tgn_link_prediction.py|INFO] meta val epoch:16, loss: 0.65378,mrr:0.63746,  acc: 0.99235, ap: 0.98712, f1: 0.99235, macro_auc: 0.99347, micro_auc: 0.99347
[Thu Sep 10 23:19:53 2026|scalable_tgn_link_prediction.py|INFO] meta val epoch:16, loss: 0.55328,mrr:0.64699,  acc: 0.99417, ap: 0.98901, f1: 0.99417, macro_auc: 0.99444, micro_auc: 0.99444
[Thu Sep 10 23:19:53 2026|scalable_tgn_link_prediction.py|INFO] meta val epoch:16, loss: 0.40079,mrr:0.65172,  acc: 0.99514, ap: 0.99223, f1: 0.99514, macro_auc: 0.99608, micro_auc: 0.99608
[Thu Sep 10 23:19:54 2026|scalable_tgn_link_prediction.py|INFO] meta val epoch:16, loss: 0.41144,mrr:0.63098,  acc: 0.99514, ap: 0.99202, f1: 0.99514, macro_auc: 0.99598, micro_auc: 0.99598
[Thu Sep 10 23:19:54 2026|scalable_tgn_link_prediction.py|INFO] meta val epoch:16, loss: 0.45680,mrr:0.64981,  acc: 0.99417, ap: 0.99104, f1: 0.99417, macro_auc: 0.99548, micro_auc: 0.99548
[Thu Sep 10 23:19:54 2026|scalable_tgn_link_prediction.py|INFO] meta val epoch:16, loss: 0.65181,mrr:0.62610,  acc: 0.99259, ap: 0.98703, f1: 0.99259, macro_auc: 0.99343, micro_auc: 0.99343
[Thu Sep 10 23:19:54 2026|scalable_tgn_link_prediction.py|INFO] meta val epoch:16, loss: 0.57926,mrr:0.64862,  acc: 0.99174, ap: 0.98782, f1: 0.99174, macro_auc: 0.99325, micro_auc: 0.99325
[Thu Sep 10 23:19:54 2026|scalable_tgn_link_prediction.py|INFO] meta val epoch:16, loss: 0.62572,mrr:0.64644,  acc: 0.99186, ap: 0.98765, f1: 0.99186, macro_auc: 0.99372, micro_auc: 0.99372
[Thu Sep 10 23:19:54 2026|scalable_tgn_link_prediction.py|INFO] meta val epoch:16, loss: 0.54134,mrr:0.65964,  acc: 0.99235, ap: 0.98942, f1: 0.99235, macro_auc: 0.99465, micro_auc: 0.99465
[Thu Sep 10 23:19:54 2026|scalable_tgn_link_prediction.py|INFO] meta val epoch:16, loss: 0.59597,mrr:0.65972,  acc: 0.99259, ap: 0.98818, f1: 0.99259, macro_auc: 0.99402, micro_auc: 0.99402
[Thu Sep 10 23:19:55 2026|scalable_tgn_link_prediction.py|INFO] meta val epoch:16, loss: 0.52314,mrr:0.62986,  acc: 0.99320, ap: 0.98948, f1: 0.99320, macro_auc: 0.99460, micro_auc: 0.99460
[Thu Sep 10 23:19:55 2026|scalable_tgn_link_prediction.py|INFO] validation summary epoch:16, avg_mrr:0.64430, avg_ap:0.98921, selection_metric:mrr, selection_score:0.64430
[Thu Sep 10 23:20:08 2026|scalable_tgn_link_prediction.py|INFO] meta val epoch:17, loss: 0.43122,mrr:0.65983,  acc: 0.99369, ap: 0.99147, f1: 0.99369, macro_auc: 0.99570, micro_auc: 0.99570
[Thu Sep 10 23:20:08 2026|scalable_tgn_link_prediction.py|INFO] meta val epoch:17, loss: 0.56723,mrr:0.60952,  acc: 0.99247, ap: 0.98895, f1: 0.99247, macro_auc: 0.99441, micro_auc: 0.99441
[Thu Sep 10 23:20:08 2026|scalable_tgn_link_prediction.py|INFO] meta val epoch:17, loss: 0.58061,mrr:0.62108,  acc: 0.98968, ap: 0.98685, f1: 0.98968, macro_auc: 0.99183, micro_auc: 0.99183
[Thu Sep 10 23:20:08 2026|scalable_tgn_link_prediction.py|INFO] meta val epoch:17, loss: 0.58461,mrr:0.63834,  acc: 0.98774, ap: 0.98863, f1: 0.98774, macro_auc: 0.99413, micro_auc: 0.99413
[Thu Sep 10 23:20:08 2026|scalable_tgn_link_prediction.py|INFO] meta val epoch:17, loss: 0.66632,mrr:0.67044,  acc: 0.99138, ap: 0.98698, f1: 0.99138, macro_auc: 0.99340, micro_auc: 0.99340
[Thu Sep 10 23:20:08 2026|scalable_tgn_link_prediction.py|INFO] meta val epoch:17, loss: 0.56652,mrr:0.65856,  acc: 0.99344, ap: 0.98885, f1: 0.99344, macro_auc: 0.99436, micro_auc: 0.99436
[Thu Sep 10 23:20:08 2026|scalable_tgn_link_prediction.py|INFO] meta val epoch:17, loss: 0.44536,mrr:0.61973,  acc: 0.99441, ap: 0.99133, f1: 0.99441, macro_auc: 0.99563, micro_auc: 0.99563
[Thu Sep 10 23:20:09 2026|scalable_tgn_link_prediction.py|INFO] meta val epoch:17, loss: 0.44835,mrr:0.62941,  acc: 0.99259, ap: 0.99133, f1: 0.99259, macro_auc: 0.99563, micro_auc: 0.99563
[Thu Sep 10 23:20:09 2026|scalable_tgn_link_prediction.py|INFO] meta val epoch:17, loss: 0.46183,mrr:0.65265,  acc: 0.99296, ap: 0.99110, f1: 0.99296, macro_auc: 0.99551, micro_auc: 0.99551
[Thu Sep 10 23:20:09 2026|scalable_tgn_link_prediction.py|INFO] meta val epoch:17, loss: 0.66886,mrr:0.60984,  acc: 0.99102, ap: 0.98706, f1: 0.99101, macro_auc: 0.99344, micro_auc: 0.99344
[Thu Sep 10 23:20:09 2026|scalable_tgn_link_prediction.py|INFO] meta val epoch:17, loss: 0.61282,mrr:0.63120,  acc: 0.99077, ap: 0.98738, f1: 0.99077, macro_auc: 0.99305, micro_auc: 0.99305
[Thu Sep 10 23:20:09 2026|scalable_tgn_link_prediction.py|INFO] meta val epoch:17, loss: 0.69479,mrr:0.61493,  acc: 0.99029, ap: 0.98655, f1: 0.99029, macro_auc: 0.99316, micro_auc: 0.99316
[Thu Sep 10 23:20:09 2026|scalable_tgn_link_prediction.py|INFO] meta val epoch:17, loss: 0.58446,mrr:0.62831,  acc: 0.99150, ap: 0.98872, f1: 0.99150, macro_auc: 0.99429, micro_auc: 0.99429
[Thu Sep 10 23:20:09 2026|scalable_tgn_link_prediction.py|INFO] meta val epoch:17, loss: 0.60721,mrr:0.61675,  acc: 0.99223, ap: 0.98824, f1: 0.99223, macro_auc: 0.99405, micro_auc: 0.99405
[Thu Sep 10 23:20:10 2026|scalable_tgn_link_prediction.py|INFO] meta val epoch:17, loss: 0.56277,mrr:0.62500,  acc: 0.99199, ap: 0.98903, f1: 0.99199, macro_auc: 0.99435, micro_auc: 0.99435
[Thu Sep 10 23:20:10 2026|scalable_tgn_link_prediction.py|INFO] validation summary epoch:17, avg_mrr:0.63237, avg_ap:0.98883, selection_metric:mrr, selection_score:0.63237
[Thu Sep 10 23:20:23 2026|scalable_tgn_link_prediction.py|INFO] meta val epoch:18, loss: 0.43845,mrr:0.66404,  acc: 0.99454, ap: 0.99123, f1: 0.99454, macro_auc: 0.99557, micro_auc: 0.99557
[Thu Sep 10 23:20:23 2026|scalable_tgn_link_prediction.py|INFO] meta val epoch:18, loss: 0.56666,mrr:0.65891,  acc: 0.99332, ap: 0.98891, f1: 0.99332, macro_auc: 0.99439, micro_auc: 0.99439
[Thu Sep 10 23:20:23 2026|scalable_tgn_link_prediction.py|INFO] meta val epoch:18, loss: 0.58154,mrr:0.60919,  acc: 0.98980, ap: 0.98674, f1: 0.98980, macro_auc: 0.99158, micro_auc: 0.99158
[Thu Sep 10 23:20:23 2026|scalable_tgn_link_prediction.py|INFO] meta val epoch:18, loss: 0.58973,mrr:0.61890,  acc: 0.98883, ap: 0.98857, f1: 0.98883, macro_auc: 0.99419, micro_auc: 0.99419
[Thu Sep 10 23:20:24 2026|scalable_tgn_link_prediction.py|INFO] meta val epoch:18, loss: 0.69029,mrr:0.65331,  acc: 0.99162, ap: 0.98652, f1: 0.99162, macro_auc: 0.99317, micro_auc: 0.99317
[Thu Sep 10 23:20:24 2026|scalable_tgn_link_prediction.py|INFO] meta val epoch:18, loss: 0.56596,mrr:0.63116,  acc: 0.99332, ap: 0.98895, f1: 0.99332, macro_auc: 0.99441, micro_auc: 0.99441
[Thu Sep 10 23:20:24 2026|scalable_tgn_link_prediction.py|INFO] meta val epoch:18, loss: 0.44459,mrr:0.59889,  acc: 0.99490, ap: 0.99133, f1: 0.99490, macro_auc: 0.99563, micro_auc: 0.99563
[Thu Sep 10 23:20:24 2026|scalable_tgn_link_prediction.py|INFO] meta val epoch:18, loss: 0.44762,mrr:0.60392,  acc: 0.99429, ap: 0.99133, f1: 0.99429, macro_auc: 0.99563, micro_auc: 0.99563
[Thu Sep 10 23:20:24 2026|scalable_tgn_link_prediction.py|INFO] meta val epoch:18, loss: 0.47490,mrr:0.57763,  acc: 0.99356, ap: 0.99086, f1: 0.99356, macro_auc: 0.99539, micro_auc: 0.99539
[Thu Sep 10 23:20:24 2026|scalable_tgn_link_prediction.py|INFO] meta val epoch:18, loss: 0.67789,mrr:0.59389,  acc: 0.99186, ap: 0.98682, f1: 0.99186, macro_auc: 0.99332, micro_auc: 0.99332
[Thu Sep 10 23:20:24 2026|scalable_tgn_link_prediction.py|INFO] meta val epoch:18, loss: 0.64811,mrr:0.62173,  acc: 0.99053, ap: 0.98667, f1: 0.99053, macro_auc: 0.99272, micro_auc: 0.99272
[Thu Sep 10 23:20:25 2026|scalable_tgn_link_prediction.py|INFO] meta val epoch:18, loss: 0.72899,mrr:0.62167,  acc: 0.99138, ap: 0.98576, f1: 0.99138, macro_auc: 0.99263, micro_auc: 0.99263
[Thu Sep 10 23:20:25 2026|scalable_tgn_link_prediction.py|INFO] meta val epoch:18, loss: 0.64151,mrr:0.60636,  acc: 0.99199, ap: 0.98753, f1: 0.99199, macro_auc: 0.99369, micro_auc: 0.99369
[Thu Sep 10 23:20:25 2026|scalable_tgn_link_prediction.py|INFO] meta val epoch:18, loss: 0.64383,mrr:0.62664,  acc: 0.99223, ap: 0.98753, f1: 0.99223, macro_auc: 0.99369, micro_auc: 0.99369
[Thu Sep 10 23:20:25 2026|scalable_tgn_link_prediction.py|INFO] meta val epoch:18, loss: 0.56303,mrr:0.61534,  acc: 0.99284, ap: 0.98869, f1: 0.99284, macro_auc: 0.99364, micro_auc: 0.99364
[Thu Sep 10 23:20:25 2026|scalable_tgn_link_prediction.py|INFO] validation summary epoch:18, avg_mrr:0.62010, avg_ap:0.98850, selection_metric:mrr, selection_score:0.62010
[Thu Sep 10 23:20:38 2026|scalable_tgn_link_prediction.py|INFO] meta val epoch:19, loss: 0.41549,mrr:0.66389,  acc: 0.99478, ap: 0.99134, f1: 0.99478, macro_auc: 0.99563, micro_auc: 0.99563
[Thu Sep 10 23:20:38 2026|scalable_tgn_link_prediction.py|INFO] meta val epoch:19, loss: 0.55641,mrr:0.68149,  acc: 0.99356, ap: 0.98876, f1: 0.99356, macro_auc: 0.99432, micro_auc: 0.99432
[Thu Sep 10 23:20:39 2026|scalable_tgn_link_prediction.py|INFO] meta val epoch:19, loss: 0.56879,mrr:0.64678,  acc: 0.99077, ap: 0.98673, f1: 0.99077, macro_auc: 0.99150, micro_auc: 0.99150
[Thu Sep 10 23:20:39 2026|scalable_tgn_link_prediction.py|INFO] meta val epoch:19, loss: 0.59341,mrr:0.65030,  acc: 0.98871, ap: 0.98840, f1: 0.98871, macro_auc: 0.99402, micro_auc: 0.99402
[Thu Sep 10 23:20:39 2026|scalable_tgn_link_prediction.py|INFO] meta val epoch:19, loss: 0.65616,mrr:0.62807,  acc: 0.99223, ap: 0.98717, f1: 0.99223, macro_auc: 0.99350, micro_auc: 0.99350
[Thu Sep 10 23:20:39 2026|scalable_tgn_link_prediction.py|INFO] meta val epoch:19, loss: 0.55568,mrr:0.68055,  acc: 0.99417, ap: 0.98900, f1: 0.99417, macro_auc: 0.99444, micro_auc: 0.99444
[Thu Sep 10 23:20:39 2026|scalable_tgn_link_prediction.py|INFO] meta val epoch:19, loss: 0.43492,mrr:0.69768,  acc: 0.99539, ap: 0.99146, f1: 0.99539, macro_auc: 0.99569, micro_auc: 0.99569
[Thu Sep 10 23:20:39 2026|scalable_tgn_link_prediction.py|INFO] meta val epoch:19, loss: 0.44646,mrr:0.62879,  acc: 0.99502, ap: 0.99128, f1: 0.99502, macro_auc: 0.99560, micro_auc: 0.99560
[Thu Sep 10 23:20:39 2026|scalable_tgn_link_prediction.py|INFO] meta val epoch:19, loss: 0.43800,mrr:0.63414,  acc: 0.99381, ap: 0.99154, f1: 0.99381, macro_auc: 0.99573, micro_auc: 0.99573
[Thu Sep 10 23:20:40 2026|scalable_tgn_link_prediction.py|INFO] meta val epoch:19, loss: 0.64488,mrr:0.64102,  acc: 0.99223, ap: 0.98739, f1: 0.99223, macro_auc: 0.99361, micro_auc: 0.99361
[Thu Sep 10 23:20:40 2026|scalable_tgn_link_prediction.py|INFO] meta val epoch:19, loss: 0.60962,mrr:0.61233,  acc: 0.99174, ap: 0.98723, f1: 0.99174, macro_auc: 0.99295, micro_auc: 0.99295
[Thu Sep 10 23:20:40 2026|scalable_tgn_link_prediction.py|INFO] meta val epoch:19, loss: 0.65863,mrr:0.61825,  acc: 0.99162, ap: 0.98720, f1: 0.99162, macro_auc: 0.99349, micro_auc: 0.99349
[Thu Sep 10 23:20:40 2026|scalable_tgn_link_prediction.py|INFO] meta val epoch:19, loss: 0.56292,mrr:0.62706,  acc: 0.99271, ap: 0.98914, f1: 0.99271, macro_auc: 0.99451, micro_auc: 0.99451
[Thu Sep 10 23:20:40 2026|scalable_tgn_link_prediction.py|INFO] meta val epoch:19, loss: 0.59627,mrr:0.63798,  acc: 0.99296, ap: 0.98844, f1: 0.99296, macro_auc: 0.99415, micro_auc: 0.99415
[Thu Sep 10 23:20:40 2026|scalable_tgn_link_prediction.py|INFO] meta val epoch:19, loss: 0.55836,mrr:0.63693,  acc: 0.99308, ap: 0.98897, f1: 0.99308, macro_auc: 0.99427, micro_auc: 0.99427
[Thu Sep 10 23:20:40 2026|scalable_tgn_link_prediction.py|INFO] validation summary epoch:19, avg_mrr:0.64568, avg_ap:0.98894, selection_metric:mrr, selection_score:0.64568
[Thu Sep 10 23:20:40 2026|scalable_tgn_link_prediction.py|INFO] test epoch:19, loss: 0.03566,mrr:0.94491, acc: 0.99259, ap: 0.99338, f1: 0.99259, macro_auc: 0.99597, micro_auc: 0.99597
[Thu Sep 10 23:20:41 2026|scalable_tgn_link_prediction.py|INFO] test epoch:19, loss: 0.03731,mrr:0.94359, acc: 0.99235, ap: 0.99259, f1: 0.99235, macro_auc: 0.99553, micro_auc: 0.99553
[Thu Sep 10 23:20:41 2026|scalable_tgn_link_prediction.py|INFO] test epoch:19, loss: 0.03171,mrr:0.93876, acc: 0.99369, ap: 0.99586, f1: 0.99369, macro_auc: 0.99714, micro_auc: 0.99714
[Thu Sep 10 23:20:41 2026|scalable_tgn_link_prediction.py|INFO] test epoch:19, loss: 0.03935,mrr:0.94804, acc: 0.99150, ap: 0.99313, f1: 0.99150, macro_auc: 0.99567, micro_auc: 0.99567
[Thu Sep 10 23:20:41 2026|scalable_tgn_link_prediction.py|INFO] test epoch:19, loss: 0.03754,mrr:0.91827, acc: 0.99211, ap: 0.99165, f1: 0.99211, macro_auc: 0.99524, micro_auc: 0.99524
[Thu Sep 10 23:20:41 2026|scalable_tgn_link_prediction.py|INFO] test epoch:19, loss: 0.03810,mrr:0.95287, acc: 0.99211, ap: 0.99329, f1: 0.99211, macro_auc: 0.99569, micro_auc: 0.99569
[Thu Sep 10 23:20:41 2026|scalable_tgn_link_prediction.py|INFO] test epoch:19, loss: 0.03148,mrr:0.93812, acc: 0.99332, ap: 0.99569, f1: 0.99332, macro_auc: 0.99707, micro_auc: 0.99707
[Thu Sep 10 23:20:42 2026|scalable_tgn_link_prediction.py|INFO] test epoch:19, loss: 0.03278,mrr:0.92074, acc: 0.99369, ap: 0.99418, f1: 0.99369, macro_auc: 0.99665, micro_auc: 0.99665
[Thu Sep 10 23:20:42 2026|scalable_tgn_link_prediction.py|INFO] test epoch:19, loss: 0.02958,mrr:0.95857, acc: 0.99381, ap: 0.99637, f1: 0.99381, macro_auc: 0.99769, micro_auc: 0.99769
[Thu Sep 10 23:20:42 2026|scalable_tgn_link_prediction.py|INFO] test epoch:19, loss: 0.35306,mrr:0.95344, acc: 0.94548, ap: 0.96488, f1: 0.94540, macro_auc: 0.95512, micro_auc: 0.95512
[Thu Sep 10 23:20:42 2026|scalable_tgn_link_prediction.py|INFO] test epoch:19, loss: 0.89025,mrr:0.90168, acc: 0.90542, ap: 0.98131, f1: 0.90482, macro_auc: 0.97613, micro_auc: 0.97613
[Thu Sep 10 23:20:42 2026|scalable_tgn_link_prediction.py|INFO] test epoch:19, loss: 0.92659,mrr:0.89683, acc: 0.98288, ap: 0.98443, f1: 0.98288, macro_auc: 0.97777, micro_auc: 0.97777
[Thu Sep 10 23:20:42 2026|scalable_tgn_link_prediction.py|INFO] test epoch:19, loss: 0.81688,mrr:0.93092, acc: 0.98373, ap: 0.98437, f1: 0.98373, macro_auc: 0.98017, micro_auc: 0.98017
[Thu Sep 10 23:20:42 2026|scalable_tgn_link_prediction.py|INFO] test epoch:19, loss: 0.94844,mrr:0.92264, acc: 0.98215, ap: 0.98587, f1: 0.98215, macro_auc: 0.97846, micro_auc: 0.97846
[Thu Sep 10 23:20:43 2026|scalable_tgn_link_prediction.py|INFO] test epoch:19, loss: 1.08036,mrr:0.92836, acc: 0.98144, ap: 0.98462, f1: 0.98144, macro_auc: 0.97592, micro_auc: 0.97592
[Thu Sep 10 23:20:43 2026|scalable_tgn_link_prediction.py|INFO] {'avg_mrr': 0.9331872323560677}
[Thu Sep 10 23:20:43 2026|scalable_tgn_link_prediction.py|INFO] {'avg_acc': 0.9810836209271051}
[Thu Sep 10 23:20:43 2026|scalable_tgn_link_prediction.py|INFO] {'avg_auc': 0.9873572173614075}
[Thu Sep 10 23:20:43 2026|scalable_tgn_link_prediction.py|INFO] {'avg_rcall10': 0.9996172208235461}
[Thu Sep 10 23:20:43 2026|scalable_tgn_link_prediction.py|INFO] {'avg_ap': 0.988776899976613}
[Thu Sep 10 23:20:43 2026|scalable_tgn_main_link_prediction.py|INFO] All accuracy: 0.9810836209271051
[Thu Sep 10 23:20:43 2026|scalable_tgn_main_link_prediction.py|INFO] All AUC: 0.9873572173614075
[Thu Sep 10 23:20:43 2026|scalable_tgn_main_link_prediction.py|INFO] All MRR: 0.9331872323560677
[Thu Sep 10 23:20:43 2026|scalable_tgn_main_link_prediction.py|INFO] All time: 315.5040855407715
Total number of transformer parameters is: 55364
Total number of predit_layer parameters is: 641
56005
train steps: 70, val steps 15, test steps 15 
0
1
2
3
4
5
6
7
8
9
10
11
12
13
14
15
16
17
18
19
20
21
22
23
24
25
26
27
28
29
30
31
32
33
34
35
36
37
38
39
40
41
42
43
44
45
46
47
48
49
50
51
52
53
54
55
56
57
58
59
60
61
62
63
64
65
66
67
68
69
0
1
2
3
4
5
6
7
8
9
10
11
12
13
14
0
1
2
3
4
5
6
7
8
9
10
11
12
13
14
elapsed time:7.396423578262329s
13.180834770202637
2.1792397499084473
15
12.734720945358276
2.1146607398986816
15
12.99070429801941
2.133514881134033
15
13.353853464126587
2.1509158611297607
15
13.069552898406982
2.1030540466308594
15
12.937472820281982
2.141841173171997
15
13.014351606369019
2.1300148963928223
15
12.94574522972107
2.132560968399048
15
13.010778427124023
2.124537944793701
15
12.9656400680542
2.1522090435028076
15
12.808130025863647
2.1297035217285156
15
13.084307432174683
2.116389751434326
15
13.218658924102783
2.137550115585327
15
13.33444619178772
2.134129524230957
15
13.121513605117798
2.122004985809326
15
12.854426383972168
2.103637933731079
15
12.912012577056885
2.123077630996704
15
12.873325109481812
2.1200809478759766
15
13.282612562179565
2.1351513862609863
15
13.221292495727539
2.126253843307495
15
0
1
2
3
4
5
6
7
8
9
10
11
12
13
14
313.13346910476685
[repro] finished_at=2026-09-10T23:20:43+08:00
