[repro] started_at=2026-09-11T17:57:07+08:00
[repro] run_id=20260911_175707_mooc_pid732369
[repro] repo_commit=28ca94a06771c46073b650de3daa95e0939342ba
[repro] tracked_patch_sha256=09b1927f9bb0984ee9fc763f460469fc82028a9c0df54dc047024957d02a5ec1
[repro] patch_stat= model/utils.py                       |  91 ++++++++++++
[repro] patch_stat= scalable_tgn_link_prediction.py      | 274 ++++++++++++++++++++++++++++++++---
[repro] patch_stat= scalable_tgn_main_link_prediction.py |  64 +++++++-
[repro] patch_stat= 3 files changed, 402 insertions(+), 27 deletions(-)
[repro] dataset=mooc gpu=0 env=scadyg
[repro] eval_manifest=/home/lab_user/project/lzc/results/scadyg/protocols/mooc_full_item_v1.npz
[repro] eval_manifest_sha256=f314bf0ef2afecc8c127d89f32620f47075f438ebe21ee960b146d69cafe8da1
[repro] checkpoint_dir=/home/lab_user/project/lzc/results/scadyg/checkpoints/20260911_175707_mooc_pid732369
[repro] command=python scalable_tgn_main_link_prediction.py --dataset mooc --cuda_device 0 --eval_manifest /home/lab_user/project/lzc/results/scadyg/protocols/mooc_full_item_v1.npz --checkpoint_dir /home/lab_user/project/lzc/results/scadyg/checkpoints/20260911_175707_mooc_pid732369 --repo_commit 28ca94a06771c46073b650de3daa95e0939342ba --epochs 1 --seed 2023 --eval_protocol both --selection_metric filtered_mrr
[repro] torch=2.2.1+cu121 pyg=2.8.0.post1 dgl=2.2.1+cu121
[repro] cuda=True gpu_count=1
[repro] gpu_name=NVIDIA GeForce RTX 3090
[Fri Sep 11 17:57:13 2026|scalable_tgn_main_link_prediction.py|INFO] evaluation protocol:both, manifest_sha256:f314bf0ef2afecc8c127d89f32620f47075f438ebe21ee960b146d69cafe8da1, edge_index_sha256:e8b017550b97172caa9334cc6a5cba18bbd052f30ef93ecd2cdb17c4ff24e33c, valid_destination_count:97
0it [00:00, ?it/s]90it [00:00, 896.43it/s]100it [00:00, 895.44it/s]
0it [00:00, ?it/s]7it [00:00, 62.22it/s]14it [00:00, 44.86it/s]21it [00:00, 51.43it/s]27it [00:00, 44.13it/s]34it [00:00, 49.58it/s]40it [00:00, 43.03it/s]47it [00:00, 48.00it/s]53it [00:01, 43.17it/s]60it [00:01, 47.95it/s]66it [00:01, 43.42it/s]72it [00:01, 46.68it/s]79it [00:01, 42.95it/s]86it [00:01, 47.62it/s]93it [00:02, 43.87it/s]100it [00:02, 48.37it/s]100it [00:02, 46.52it/s]
[Fri Sep 11 17:57:35 2026|scalable_tgn_link_prediction.py|INFO] meta val epoch:0, loss:0.44153, official_mrr:0.66548, filtered_mrr:0.01749, acc:0.99356, ap:0.99102, f1:0.99356, macro_auc:0.99547, micro_auc:0.99547
[Fri Sep 11 17:57:35 2026|scalable_tgn_link_prediction.py|INFO] filtered val epoch:0, snapshot:70, positives:4118, sources:324, mean_negatives:83.555, min_negatives:51, max_negatives:96
[Fri Sep 11 17:57:36 2026|scalable_tgn_link_prediction.py|INFO] meta val epoch:0, loss:0.50158, official_mrr:0.63227, filtered_mrr:0.01705, acc:0.99320, ap:0.99003, f1:0.99320, macro_auc:0.99497, micro_auc:0.99497
[Fri Sep 11 17:57:36 2026|scalable_tgn_link_prediction.py|INFO] filtered val epoch:0, snapshot:71, positives:4118, sources:344, mean_negatives:84.298, min_negatives:43, max_negatives:96
[Fri Sep 11 17:57:36 2026|scalable_tgn_link_prediction.py|INFO] meta val epoch:0, loss:0.57363, official_mrr:0.63152, filtered_mrr:0.02066, acc:0.99065, ap:0.98676, f1:0.99065, macro_auc:0.99163, micro_auc:0.99163
[Fri Sep 11 17:57:36 2026|scalable_tgn_link_prediction.py|INFO] filtered val epoch:0, snapshot:72, positives:4118, sources:321, mean_negatives:80.469, min_negatives:29, max_negatives:96
[Fri Sep 11 17:57:36 2026|scalable_tgn_link_prediction.py|INFO] meta val epoch:0, loss:0.51755, official_mrr:0.64145, filtered_mrr:0.01695, acc:0.98944, ap:0.98961, f1:0.98944, macro_auc:0.99428, micro_auc:0.99428
[Fri Sep 11 17:57:36 2026|scalable_tgn_link_prediction.py|INFO] filtered val epoch:0, snapshot:73, positives:4118, sources:306, mean_negatives:81.326, min_negatives:54, max_negatives:96
[Fri Sep 11 17:57:36 2026|scalable_tgn_link_prediction.py|INFO] meta val epoch:0, loss:0.41532, official_mrr:0.65081, filtered_mrr:0.01805, acc:0.99344, ap:0.99197, f1:0.99344, macro_auc:0.99595, micro_auc:0.99595
[Fri Sep 11 17:57:36 2026|scalable_tgn_link_prediction.py|INFO] filtered val epoch:0, snapshot:74, positives:4118, sources:307, mean_negatives:80.789, min_negatives:45, max_negatives:96
[Fri Sep 11 17:57:36 2026|scalable_tgn_link_prediction.py|INFO] meta val epoch:0, loss:0.62165, official_mrr:0.64174, filtered_mrr:0.01589, acc:0.99211, ap:0.98778, f1:0.99211, macro_auc:0.99381, micro_auc:0.99381
[Fri Sep 11 17:57:36 2026|scalable_tgn_link_prediction.py|INFO] filtered val epoch:0, snapshot:75, positives:4118, sources:329, mean_negatives:84.600, min_negatives:57, max_negatives:96
[Fri Sep 11 17:57:36 2026|scalable_tgn_link_prediction.py|INFO] meta val epoch:0, loss:0.70953, official_mrr:0.62702, filtered_mrr:0.01812, acc:0.99089, ap:0.98616, f1:0.99089, macro_auc:0.99298, micro_auc:0.99298
[Fri Sep 11 17:57:36 2026|scalable_tgn_link_prediction.py|INFO] filtered val epoch:0, snapshot:76, positives:4118, sources:359, mean_negatives:81.110, min_negatives:36, max_negatives:96
[Fri Sep 11 17:57:36 2026|scalable_tgn_link_prediction.py|INFO] meta val epoch:0, loss:0.57743, official_mrr:0.62623, filtered_mrr:0.01686, acc:0.99186, ap:0.98879, f1:0.99186, macro_auc:0.99433, micro_auc:0.99433
[Fri Sep 11 17:57:36 2026|scalable_tgn_link_prediction.py|INFO] filtered val epoch:0, snapshot:77, positives:4118, sources:319, mean_negatives:82.029, min_negatives:53, max_negatives:96
[Fri Sep 11 17:57:37 2026|scalable_tgn_link_prediction.py|INFO] meta val epoch:0, loss:0.53071, official_mrr:0.61094, filtered_mrr:0.01637, acc:0.99162, ap:0.98982, f1:0.99162, macro_auc:0.99486, micro_auc:0.99486
[Fri Sep 11 17:57:37 2026|scalable_tgn_link_prediction.py|INFO] filtered val epoch:0, snapshot:78, positives:4118, sources:352, mean_negatives:83.768, min_negatives:51, max_negatives:96
[Fri Sep 11 17:57:37 2026|scalable_tgn_link_prediction.py|INFO] meta val epoch:0, loss:0.41457, official_mrr:0.62947, filtered_mrr:0.01586, acc:0.99296, ap:0.99196, f1:0.99296, macro_auc:0.99595, micro_auc:0.99595
[Fri Sep 11 17:57:37 2026|scalable_tgn_link_prediction.py|INFO] filtered val epoch:0, snapshot:79, positives:4118, sources:371, mean_negatives:84.239, min_negatives:63, max_negatives:96
[Fri Sep 11 17:57:37 2026|scalable_tgn_link_prediction.py|INFO] meta val epoch:0, loss:0.45578, official_mrr:0.65967, filtered_mrr:0.01695, acc:0.99284, ap:0.99034, f1:0.99284, macro_auc:0.99450, micro_auc:0.99450
[Fri Sep 11 17:57:37 2026|scalable_tgn_link_prediction.py|INFO] filtered val epoch:0, snapshot:80, positives:4118, sources:401, mean_negatives:83.221, min_negatives:39, max_negatives:96
[Fri Sep 11 17:57:37 2026|scalable_tgn_link_prediction.py|INFO] meta val epoch:0, loss:0.42847, official_mrr:0.60905, filtered_mrr:0.01689, acc:0.99320, ap:0.99164, f1:0.99320, macro_auc:0.99563, micro_auc:0.99563
[Fri Sep 11 17:57:37 2026|scalable_tgn_link_prediction.py|INFO] filtered val epoch:0, snapshot:81, positives:4118, sources:339, mean_negatives:81.805, min_negatives:44, max_negatives:96
[Fri Sep 11 17:57:37 2026|scalable_tgn_link_prediction.py|INFO] meta val epoch:0, loss:0.57280, official_mrr:0.63510, filtered_mrr:0.01744, acc:0.99211, ap:0.98883, f1:0.99211, macro_auc:0.99435, micro_auc:0.99435
[Fri Sep 11 17:57:37 2026|scalable_tgn_link_prediction.py|INFO] filtered val epoch:0, snapshot:82, positives:4118, sources:396, mean_negatives:82.735, min_negatives:34, max_negatives:96
[Fri Sep 11 17:57:37 2026|scalable_tgn_link_prediction.py|INFO] meta val epoch:0, loss:0.48829, official_mrr:0.62813, filtered_mrr:0.01558, acc:0.99308, ap:0.99056, f1:0.99308, macro_auc:0.99524, micro_auc:0.99524
[Fri Sep 11 17:57:37 2026|scalable_tgn_link_prediction.py|INFO] filtered val epoch:0, snapshot:83, positives:4118, sources:391, mean_negatives:85.125, min_negatives:64, max_negatives:96
[Fri Sep 11 17:57:37 2026|scalable_tgn_link_prediction.py|INFO] meta val epoch:0, loss:0.59841, official_mrr:0.65265, filtered_mrr:0.01693, acc:0.99211, ap:0.98780, f1:0.99211, macro_auc:0.99305, micro_auc:0.99305
[Fri Sep 11 17:57:37 2026|scalable_tgn_link_prediction.py|INFO] filtered val epoch:0, snapshot:84, positives:4118, sources:371, mean_negatives:82.074, min_negatives:46, max_negatives:96
[Fri Sep 11 17:57:37 2026|scalable_tgn_link_prediction.py|INFO] validation summary epoch:0, avg_official_mrr:0.63610, global_filtered_mrr:0.01714, avg_ap:0.98954, selection_metric:filtered_mrr, selection_score:0.01714
[Fri Sep 11 17:57:37 2026|scalable_tgn_link_prediction.py|INFO] checkpoint saved metric:ap, epoch:0, score:0.989538, path:/home/lab_user/project/lzc/results/scadyg/checkpoints/20260911_175707_mooc_pid732369/best_ap.pt
[Fri Sep 11 17:57:37 2026|scalable_tgn_link_prediction.py|INFO] checkpoint saved metric:mrr, epoch:0, score:0.636102, path:/home/lab_user/project/lzc/results/scadyg/checkpoints/20260911_175707_mooc_pid732369/best_official_mrr.pt
[Fri Sep 11 17:57:37 2026|scalable_tgn_link_prediction.py|INFO] checkpoint saved metric:filtered_mrr, epoch:0, score:0.017139, path:/home/lab_user/project/lzc/results/scadyg/checkpoints/20260911_175707_mooc_pid732369/best_filtered_mrr.pt
[Fri Sep 11 17:57:38 2026|scalable_tgn_link_prediction.py|INFO] test epoch:0, snapshot:85, loss:0.57544, official_mrr:0.65364, filtered_mrr:0.01614, acc:0.99259, ap:0.98874, f1:0.99259, macro_auc:0.99414, micro_auc:0.99414
[Fri Sep 11 17:57:38 2026|scalable_tgn_link_prediction.py|INFO] filtered test snapshot:85, positives:4118, sources:360, mean_negatives:83.669, min_negatives:54, max_negatives:96
[Fri Sep 11 17:57:38 2026|scalable_tgn_link_prediction.py|INFO] test epoch:0, snapshot:86, loss:0.45294, official_mrr:0.62767, filtered_mrr:0.01603, acc:0.99356, ap:0.99126, f1:0.99356, macro_auc:0.99559, micro_auc:0.99559
[Fri Sep 11 17:57:38 2026|scalable_tgn_link_prediction.py|INFO] filtered test snapshot:86, positives:4118, sources:359, mean_negatives:83.935, min_negatives:58, max_negatives:96
[Fri Sep 11 17:57:38 2026|scalable_tgn_link_prediction.py|INFO] test epoch:0, snapshot:87, loss:0.45146, official_mrr:0.63735, filtered_mrr:0.01586, acc:0.99393, ap:0.99130, f1:0.99393, macro_auc:0.99561, micro_auc:0.99561
[Fri Sep 11 17:57:38 2026|scalable_tgn_link_prediction.py|INFO] filtered test snapshot:87, positives:4118, sources:390, mean_negatives:84.794, min_negatives:53, max_negatives:96
[Fri Sep 11 17:57:38 2026|scalable_tgn_link_prediction.py|INFO] test epoch:0, snapshot:88, loss:0.53555, official_mrr:0.63716, filtered_mrr:0.01661, acc:0.99332, ap:0.98960, f1:0.99332, macro_auc:0.99474, micro_auc:0.99474
[Fri Sep 11 17:57:38 2026|scalable_tgn_link_prediction.py|INFO] filtered test snapshot:88, positives:4118, sources:348, mean_negatives:83.144, min_negatives:43, max_negatives:96
[Fri Sep 11 17:57:38 2026|scalable_tgn_link_prediction.py|INFO] test epoch:0, snapshot:89, loss:0.49235, official_mrr:0.63563, filtered_mrr:0.01782, acc:0.99296, ap:0.99052, f1:0.99296, macro_auc:0.99522, micro_auc:0.99522
[Fri Sep 11 17:57:38 2026|scalable_tgn_link_prediction.py|INFO] filtered test snapshot:89, positives:4118, sources:363, mean_negatives:81.235, min_negatives:40, max_negatives:96
[Fri Sep 11 17:57:38 2026|scalable_tgn_link_prediction.py|INFO] test epoch:0, snapshot:90, loss:0.48940, official_mrr:0.65811, filtered_mrr:0.01685, acc:0.99332, ap:0.99059, f1:0.99332, macro_auc:0.99525, micro_auc:0.99525
[Fri Sep 11 17:57:38 2026|scalable_tgn_link_prediction.py|INFO] filtered test snapshot:90, positives:4118, sources:343, mean_negatives:82.498, min_negatives:46, max_negatives:96
[Fri Sep 11 17:57:39 2026|scalable_tgn_link_prediction.py|INFO] test epoch:0, snapshot:91, loss:0.63450, official_mrr:0.64598, filtered_mrr:0.01739, acc:0.99235, ap:0.98766, f1:0.99235, macro_auc:0.99375, micro_auc:0.99375
[Fri Sep 11 17:57:39 2026|scalable_tgn_link_prediction.py|INFO] filtered test snapshot:91, positives:4118, sources:369, mean_negatives:81.628, min_negatives:40, max_negatives:96
[Fri Sep 11 17:57:39 2026|scalable_tgn_link_prediction.py|INFO] test epoch:0, snapshot:92, loss:0.50444, official_mrr:0.65149, filtered_mrr:0.01636, acc:0.99271, ap:0.99029, f1:0.99271, macro_auc:0.99510, micro_auc:0.99510
[Fri Sep 11 17:57:39 2026|scalable_tgn_link_prediction.py|INFO] filtered test snapshot:92, positives:4118, sources:368, mean_negatives:83.389, min_negatives:47, max_negatives:96
[Fri Sep 11 17:57:39 2026|scalable_tgn_link_prediction.py|INFO] test epoch:0, snapshot:93, loss:0.63604, official_mrr:0.62267, filtered_mrr:0.01586, acc:0.99138, ap:0.98771, f1:0.99138, macro_auc:0.99378, micro_auc:0.99378
[Fri Sep 11 17:57:39 2026|scalable_tgn_link_prediction.py|INFO] filtered test snapshot:93, positives:4118, sources:358, mean_negatives:84.213, min_negatives:60, max_negatives:96
[Fri Sep 11 17:57:39 2026|scalable_tgn_link_prediction.py|INFO] test epoch:0, snapshot:94, loss:0.76684, official_mrr:0.59456, filtered_mrr:0.01570, acc:0.94512, ap:0.95979, f1:0.94503, macro_auc:0.95278, micro_auc:0.95278
[Fri Sep 11 17:57:39 2026|scalable_tgn_link_prediction.py|INFO] filtered test snapshot:94, positives:4118, sources:372, mean_negatives:84.211, min_negatives:48, max_negatives:96
[Fri Sep 11 17:57:39 2026|scalable_tgn_link_prediction.py|INFO] test epoch:0, snapshot:95, loss:0.88219, official_mrr:0.62714, filtered_mrr:0.01550, acc:0.89959, ap:0.97382, f1:0.89890, macro_auc:0.98105, micro_auc:0.98105
[Fri Sep 11 17:57:39 2026|scalable_tgn_link_prediction.py|INFO] filtered test snapshot:95, positives:4118, sources:342, mean_negatives:81.473, min_negatives:40, max_negatives:96
[Fri Sep 11 17:57:39 2026|scalable_tgn_link_prediction.py|INFO] test epoch:0, snapshot:96, loss:0.55364, official_mrr:0.59874, filtered_mrr:0.01438, acc:0.99271, ap:0.98773, f1:0.99271, macro_auc:0.99378, micro_auc:0.99378
[Fri Sep 11 17:57:39 2026|scalable_tgn_link_prediction.py|INFO] filtered test snapshot:96, positives:4118, sources:337, mean_negatives:83.412, min_negatives:57, max_negatives:96
[Fri Sep 11 17:57:39 2026|scalable_tgn_link_prediction.py|INFO] test epoch:0, snapshot:97, loss:0.76924, official_mrr:0.63194, filtered_mrr:0.01335, acc:0.99041, ap:0.98448, f1:0.99041, macro_auc:0.99212, micro_auc:0.99212
[Fri Sep 11 17:57:39 2026|scalable_tgn_link_prediction.py|INFO] filtered test snapshot:97, positives:4118, sources:328, mean_negatives:84.034, min_negatives:60, max_negatives:96
[Fri Sep 11 17:57:40 2026|scalable_tgn_link_prediction.py|INFO] test epoch:0, snapshot:98, loss:0.67611, official_mrr:0.56753, filtered_mrr:0.01298, acc:0.99029, ap:0.98670, f1:0.99029, macro_auc:0.99326, micro_auc:0.99326
[Fri Sep 11 17:57:40 2026|scalable_tgn_link_prediction.py|INFO] filtered test snapshot:98, positives:4118, sources:321, mean_negatives:84.703, min_negatives:39, max_negatives:96
[Fri Sep 11 17:57:40 2026|scalable_tgn_link_prediction.py|INFO] test epoch:0, snapshot:99, loss:0.70505, official_mrr:0.58073, filtered_mrr:0.01312, acc:0.99139, ap:0.98615, f1:0.99139, macro_auc:0.99298, micro_auc:0.99298
[Fri Sep 11 17:57:40 2026|scalable_tgn_link_prediction.py|INFO] filtered test snapshot:99, positives:4067, sources:285, mean_negatives:82.947, min_negatives:50, max_negatives:96
[Fri Sep 11 17:57:40 2026|scalable_tgn_link_prediction.py|INFO] {'avg_mrr': 0.624727167800074}
[Fri Sep 11 17:57:40 2026|scalable_tgn_link_prediction.py|INFO] {'avg_official_mrr': 0.624727167800074}
[Fri Sep 11 17:57:40 2026|scalable_tgn_link_prediction.py|INFO] {'avg_filtered_mrr': 0.015597443240461641}
[Fri Sep 11 17:57:40 2026|scalable_tgn_link_prediction.py|INFO] {'filtered_positive_count': 61719}
[Fri Sep 11 17:57:40 2026|scalable_tgn_link_prediction.py|INFO] {'avg_acc': 0.9830360180819521}
[Fri Sep 11 17:57:40 2026|scalable_tgn_link_prediction.py|INFO] {'avg_auc': 0.9906082115675947}
[Fri Sep 11 17:57:40 2026|scalable_tgn_link_prediction.py|INFO] {'avg_rcall10': 0.9996353039083807}
[Fri Sep 11 17:57:40 2026|scalable_tgn_link_prediction.py|INFO] {'avg_ap': 0.9857572059009174}
[Fri Sep 11 17:57:40 2026|scalable_tgn_main_link_prediction.py|INFO] All accuracy: 0.9830360180819521
[Fri Sep 11 17:57:40 2026|scalable_tgn_main_link_prediction.py|INFO] All AUC: 0.9906082115675947
[Fri Sep 11 17:57:40 2026|scalable_tgn_main_link_prediction.py|INFO] All MRR: 0.624727167800074
[Fri Sep 11 17:57:40 2026|scalable_tgn_main_link_prediction.py|INFO] All time: 27.05104160308838
Total number of transformer parameters is: 55364
Total number of predit_layer parameters is: 641
56005
train steps: 70, val steps 15, test steps 15 
0
1
2
3
4
5
6
7
8
9
10
11
12
13
14
15
16
17
18
19
20
21
22
23
24
25
26
27
28
29
30
31
32
33
34
35
36
37
38
39
40
41
42
43
44
45
46
47
48
49
50
51
52
53
54
55
56
57
58
59
60
61
62
63
64
65
66
67
68
69
0
1
2
3
4
5
6
7
8
9
10
11
12
13
14
0
1
2
3
4
5
6
7
8
9
10
11
12
13
14
elapsed time:7.512057304382324s
12.782713174819946
2.1430020332336426
15
0
1
2
3
4
5
6
7
8
9
10
11
12
13
14
24.673742055892944
[repro] finished_at=2026-09-11T17:57:40+08:00
