[repro] started_at=2026-09-10T22:07:06+08:00
[repro] repo_commit=28ca94a06771c46073b650de3daa95e0939342ba
[repro] tracked_patch_sha256=5ce31e5275df2683438b11432c07f103169577b1061425c30312c265d9c6a0fc
[repro] patch_stat= scalable_tgn_link_prediction.py      | 14 ++++++++++++--
[repro] patch_stat= scalable_tgn_main_link_prediction.py |  9 ++++-----
[repro] patch_stat= 2 files changed, 16 insertions(+), 7 deletions(-)
[repro] dataset=mooc gpu=0 env=scadyg
[repro] command=python scalable_tgn_main_link_prediction.py --dataset mooc --cuda_device 0 --seed 2
[repro] torch=2.2.1+cu121 pyg=2.8.0.post1 dgl=2.2.1+cu121
[repro] cuda=True gpu_count=1
[repro] gpu_name=NVIDIA GeForce RTX 3090
0it [00:00, ?it/s]91it [00:00, 900.79it/s]100it [00:00, 899.86it/s]
0it [00:00, ?it/s]7it [00:00, 61.72it/s]14it [00:00, 44.42it/s]21it [00:00, 51.12it/s]27it [00:00, 43.42it/s]33it [00:00, 47.11it/s]38it [00:00, 40.58it/s]44it [00:00, 44.93it/s]51it [00:01, 41.77it/s]58it [00:01, 46.86it/s]65it [00:01, 50.89it/s]71it [00:01, 44.92it/s]78it [00:01, 49.24it/s]84it [00:01, 43.66it/s]91it [00:01, 48.14it/s]97it [00:02, 43.32it/s]100it [00:02, 45.87it/s]
[Thu Sep 10 22:07:36 2026|scalable_tgn_link_prediction.py|INFO] meta val epoch:0, loss: 0.52097,mrr:0.65905,  acc: 0.99441, ap: 0.98949, f1: 0.99441, macro_auc: 0.99469, micro_auc: 0.99469
[Thu Sep 10 22:07:36 2026|scalable_tgn_link_prediction.py|INFO] meta val epoch:0, loss: 0.43558,mrr:0.63004,  acc: 0.99502, ap: 0.99157, f1: 0.99502, macro_auc: 0.99575, micro_auc: 0.99575
[Thu Sep 10 22:07:36 2026|scalable_tgn_link_prediction.py|INFO] meta val epoch:0, loss: 0.70276,mrr:0.62428,  acc: 0.98907, ap: 0.98451, f1: 0.98907, macro_auc: 0.99062, micro_auc: 0.99062
[Thu Sep 10 22:07:36 2026|scalable_tgn_link_prediction.py|INFO] meta val epoch:0, loss: 0.60232,mrr:0.66176,  acc: 0.98956, ap: 0.98823, f1: 0.98956, macro_auc: 0.99396, micro_auc: 0.99396
[Thu Sep 10 22:07:36 2026|scalable_tgn_link_prediction.py|INFO] meta val epoch:0, loss: 0.42642,mrr:0.60744,  acc: 0.99490, ap: 0.99176, f1: 0.99490, macro_auc: 0.99584, micro_auc: 0.99584
[Thu Sep 10 22:07:36 2026|scalable_tgn_link_prediction.py|INFO] meta val epoch:0, loss: 0.50947,mrr:0.63779,  acc: 0.99417, ap: 0.99005, f1: 0.99417, macro_auc: 0.99498, micro_auc: 0.99498
[Thu Sep 10 22:07:36 2026|scalable_tgn_link_prediction.py|INFO] meta val epoch:0, loss: 0.65783,mrr:0.61931,  acc: 0.99223, ap: 0.98729, f1: 0.99223, macro_auc: 0.99356, micro_auc: 0.99356
[Thu Sep 10 22:07:36 2026|scalable_tgn_link_prediction.py|INFO] meta val epoch:0, loss: 0.58101,mrr:0.65329,  acc: 0.99369, ap: 0.98872, f1: 0.99369, macro_auc: 0.99429, micro_auc: 0.99429
[Thu Sep 10 22:07:37 2026|scalable_tgn_link_prediction.py|INFO] meta val epoch:0, loss: 0.61924,mrr:0.63859,  acc: 0.99284, ap: 0.98800, f1: 0.99284, macro_auc: 0.99393, micro_auc: 0.99393
[Thu Sep 10 22:07:37 2026|scalable_tgn_link_prediction.py|INFO] meta val epoch:0, loss: 0.61321,mrr:0.62161,  acc: 0.99235, ap: 0.98824, f1: 0.99235, macro_auc: 0.99405, micro_auc: 0.99405
[Thu Sep 10 22:07:37 2026|scalable_tgn_link_prediction.py|INFO] meta val epoch:0, loss: 0.66201,mrr:0.63968,  acc: 0.99102, ap: 0.98641, f1: 0.99101, macro_auc: 0.99252, micro_auc: 0.99252
[Thu Sep 10 22:07:37 2026|scalable_tgn_link_prediction.py|INFO] meta val epoch:0, loss: 0.39120,mrr:0.63823,  acc: 0.99502, ap: 0.99242, f1: 0.99502, macro_auc: 0.99604, micro_auc: 0.99604
[Thu Sep 10 22:07:37 2026|scalable_tgn_link_prediction.py|INFO] meta val epoch:0, loss: 0.48494,mrr:0.62790,  acc: 0.99454, ap: 0.99062, f1: 0.99454, macro_auc: 0.99526, micro_auc: 0.99526
[Thu Sep 10 22:07:37 2026|scalable_tgn_link_prediction.py|INFO] meta val epoch:0, loss: 0.52269,mrr:0.62967,  acc: 0.99369, ap: 0.98990, f1: 0.99369, macro_auc: 0.99490, micro_auc: 0.99490
[Thu Sep 10 22:07:38 2026|scalable_tgn_link_prediction.py|INFO] meta val epoch:0, loss: 0.56085,mrr:0.61795,  acc: 0.99223, ap: 0.98892, f1: 0.99223, macro_auc: 0.99414, micro_auc: 0.99414
[Thu Sep 10 22:07:51 2026|scalable_tgn_link_prediction.py|INFO] meta val epoch:1, loss: 0.52125,mrr:0.60926,  acc: 0.99417, ap: 0.98960, f1: 0.99417, macro_auc: 0.99475, micro_auc: 0.99475
[Thu Sep 10 22:07:51 2026|scalable_tgn_link_prediction.py|INFO] meta val epoch:1, loss: 0.43730,mrr:0.64428,  acc: 0.99405, ap: 0.99157, f1: 0.99405, macro_auc: 0.99575, micro_auc: 0.99575
[Thu Sep 10 22:07:51 2026|scalable_tgn_link_prediction.py|INFO] meta val epoch:1, loss: 0.70253,mrr:0.59200,  acc: 0.98871, ap: 0.98446, f1: 0.98871, macro_auc: 0.99054, micro_auc: 0.99054
[Thu Sep 10 22:07:51 2026|scalable_tgn_link_prediction.py|INFO] meta val epoch:1, loss: 0.60210,mrr:0.63540,  acc: 0.98883, ap: 0.98795, f1: 0.98883, macro_auc: 0.99336, micro_auc: 0.99336
[Thu Sep 10 22:07:52 2026|scalable_tgn_link_prediction.py|INFO] meta val epoch:1, loss: 0.42413,mrr:0.63876,  acc: 0.99429, ap: 0.99176, f1: 0.99429, macro_auc: 0.99585, micro_auc: 0.99585
[Thu Sep 10 22:07:52 2026|scalable_tgn_link_prediction.py|INFO] meta val epoch:1, loss: 0.50834,mrr:0.64291,  acc: 0.99393, ap: 0.99005, f1: 0.99393, macro_auc: 0.99498, micro_auc: 0.99498
[Thu Sep 10 22:07:52 2026|scalable_tgn_link_prediction.py|INFO] meta val epoch:1, loss: 0.65370,mrr:0.62331,  acc: 0.99199, ap: 0.98729, f1: 0.99199, macro_auc: 0.99356, micro_auc: 0.99356
[Thu Sep 10 22:07:52 2026|scalable_tgn_link_prediction.py|INFO] meta val epoch:1, loss: 0.57911,mrr:0.62147,  acc: 0.99381, ap: 0.98872, f1: 0.99381, macro_auc: 0.99429, micro_auc: 0.99429
[Thu Sep 10 22:07:52 2026|scalable_tgn_link_prediction.py|INFO] meta val epoch:1, loss: 0.61760,mrr:0.59910,  acc: 0.99223, ap: 0.98800, f1: 0.99223, macro_auc: 0.99393, micro_auc: 0.99393
[Thu Sep 10 22:07:52 2026|scalable_tgn_link_prediction.py|INFO] meta val epoch:1, loss: 0.61059,mrr:0.63589,  acc: 0.99186, ap: 0.98824, f1: 0.99186, macro_auc: 0.99405, micro_auc: 0.99405
[Thu Sep 10 22:07:52 2026|scalable_tgn_link_prediction.py|INFO] meta val epoch:1, loss: 0.65880,mrr:0.66647,  acc: 0.99102, ap: 0.98643, f1: 0.99101, macro_auc: 0.99257, micro_auc: 0.99257
[Thu Sep 10 22:07:53 2026|scalable_tgn_link_prediction.py|INFO] meta val epoch:1, loss: 0.39071,mrr:0.63858,  acc: 0.99466, ap: 0.99241, f1: 0.99466, macro_auc: 0.99602, micro_auc: 0.99602
[Thu Sep 10 22:07:53 2026|scalable_tgn_link_prediction.py|INFO] meta val epoch:1, loss: 0.48474,mrr:0.63226,  acc: 0.99369, ap: 0.99062, f1: 0.99369, macro_auc: 0.99526, micro_auc: 0.99526
[Thu Sep 10 22:07:53 2026|scalable_tgn_link_prediction.py|INFO] meta val epoch:1, loss: 0.52247,mrr:0.64889,  acc: 0.99247, ap: 0.98990, f1: 0.99247, macro_auc: 0.99490, micro_auc: 0.99490
[Thu Sep 10 22:07:53 2026|scalable_tgn_link_prediction.py|INFO] meta val epoch:1, loss: 0.56081,mrr:0.64004,  acc: 0.99199, ap: 0.98861, f1: 0.99199, macro_auc: 0.99342, micro_auc: 0.99342
[Thu Sep 10 22:08:06 2026|scalable_tgn_link_prediction.py|INFO] meta val epoch:2, loss: 0.48606,mrr:0.67130,  acc: 0.99454, ap: 0.98963, f1: 0.99454, macro_auc: 0.99477, micro_auc: 0.99477
[Thu Sep 10 22:08:06 2026|scalable_tgn_link_prediction.py|INFO] meta val epoch:2, loss: 0.41425,mrr:0.66730,  acc: 0.99441, ap: 0.99176, f1: 0.99441, macro_auc: 0.99584, micro_auc: 0.99584
[Thu Sep 10 22:08:06 2026|scalable_tgn_link_prediction.py|INFO] meta val epoch:2, loss: 0.69118,mrr:0.64605,  acc: 0.98895, ap: 0.98455, f1: 0.98895, macro_auc: 0.99060, micro_auc: 0.99060
[Thu Sep 10 22:08:06 2026|scalable_tgn_link_prediction.py|INFO] meta val epoch:2, loss: 0.60077,mrr:0.67772,  acc: 0.98907, ap: 0.98831, f1: 0.98907, macro_auc: 0.99405, micro_auc: 0.99405
[Thu Sep 10 22:08:07 2026|scalable_tgn_link_prediction.py|INFO] meta val epoch:2, loss: 0.41276,mrr:0.64594,  acc: 0.99429, ap: 0.99200, f1: 0.99429, macro_auc: 0.99597, micro_auc: 0.99597
[Thu Sep 10 22:08:07 2026|scalable_tgn_link_prediction.py|INFO] meta val epoch:2, loss: 0.50750,mrr:0.64012,  acc: 0.99417, ap: 0.99005, f1: 0.99417, macro_auc: 0.99498, micro_auc: 0.99498
[Thu Sep 10 22:08:07 2026|scalable_tgn_link_prediction.py|INFO] meta val epoch:2, loss: 0.65357,mrr:0.66421,  acc: 0.99211, ap: 0.98728, f1: 0.99211, macro_auc: 0.99356, micro_auc: 0.99356
[Thu Sep 10 22:08:07 2026|scalable_tgn_link_prediction.py|INFO] meta val epoch:2, loss: 0.56820,mrr:0.62915,  acc: 0.99393, ap: 0.98893, f1: 0.99393, macro_auc: 0.99441, micro_auc: 0.99441
[Thu Sep 10 22:08:07 2026|scalable_tgn_link_prediction.py|INFO] meta val epoch:2, loss: 0.61651,mrr:0.63158,  acc: 0.99271, ap: 0.98796, f1: 0.99271, macro_auc: 0.99391, micro_auc: 0.99391
[Thu Sep 10 22:08:07 2026|scalable_tgn_link_prediction.py|INFO] meta val epoch:2, loss: 0.59782,mrr:0.63513,  acc: 0.99199, ap: 0.98834, f1: 0.99199, macro_auc: 0.99410, micro_auc: 0.99410
[Thu Sep 10 22:08:07 2026|scalable_tgn_link_prediction.py|INFO] meta val epoch:2, loss: 0.65832,mrr:0.61337,  acc: 0.99089, ap: 0.98631, f1: 0.99089, macro_auc: 0.99242, micro_auc: 0.99242
[Thu Sep 10 22:08:08 2026|scalable_tgn_link_prediction.py|INFO] meta val epoch:2, loss: 0.38879,mrr:0.61916,  acc: 0.99526, ap: 0.99245, f1: 0.99526, macro_auc: 0.99618, micro_auc: 0.99618
[Thu Sep 10 22:08:08 2026|scalable_tgn_link_prediction.py|INFO] meta val epoch:2, loss: 0.48280,mrr:0.61524,  acc: 0.99441, ap: 0.99058, f1: 0.99441, macro_auc: 0.99524, micro_auc: 0.99524
[Thu Sep 10 22:08:08 2026|scalable_tgn_link_prediction.py|INFO] meta val epoch:2, loss: 0.49066,mrr:0.63073,  acc: 0.99320, ap: 0.99057, f1: 0.99320, macro_auc: 0.99524, micro_auc: 0.99524
[Thu Sep 10 22:08:08 2026|scalable_tgn_link_prediction.py|INFO] meta val epoch:2, loss: 0.55921,mrr:0.66228,  acc: 0.99247, ap: 0.98901, f1: 0.99247, macro_auc: 0.99434, micro_auc: 0.99434
[Thu Sep 10 22:08:21 2026|scalable_tgn_link_prediction.py|INFO] meta val epoch:3, loss: 0.48611,mrr:0.67241,  acc: 0.99356, ap: 0.98941, f1: 0.99356, macro_auc: 0.99466, micro_auc: 0.99466
[Thu Sep 10 22:08:21 2026|scalable_tgn_link_prediction.py|INFO] meta val epoch:3, loss: 0.40326,mrr:0.68382,  acc: 0.99369, ap: 0.99172, f1: 0.99369, macro_auc: 0.99583, micro_auc: 0.99583
[Thu Sep 10 22:08:21 2026|scalable_tgn_link_prediction.py|INFO] meta val epoch:3, loss: 0.63828,mrr:0.67835,  acc: 0.98822, ap: 0.98479, f1: 0.98822, macro_auc: 0.99023, micro_auc: 0.99023
[Thu Sep 10 22:08:21 2026|scalable_tgn_link_prediction.py|INFO] meta val epoch:3, loss: 0.50863,mrr:0.66019,  acc: 0.98883, ap: 0.98988, f1: 0.98883, macro_auc: 0.99480, micro_auc: 0.99480
[Thu Sep 10 22:08:21 2026|scalable_tgn_link_prediction.py|INFO] meta val epoch:3, loss: 0.40183,mrr:0.66192,  acc: 0.99381, ap: 0.99212, f1: 0.99381, macro_auc: 0.99603, micro_auc: 0.99603
[Thu Sep 10 22:08:22 2026|scalable_tgn_link_prediction.py|INFO] meta val epoch:3, loss: 0.49803,mrr:0.65937,  acc: 0.99320, ap: 0.99021, f1: 0.99320, macro_auc: 0.99506, micro_auc: 0.99506
[Thu Sep 10 22:08:22 2026|scalable_tgn_link_prediction.py|INFO] meta val epoch:3, loss: 0.64410,mrr:0.63695,  acc: 0.99150, ap: 0.98745, f1: 0.99150, macro_auc: 0.99365, micro_auc: 0.99365
[Thu Sep 10 22:08:22 2026|scalable_tgn_link_prediction.py|INFO] meta val epoch:3, loss: 0.53829,mrr:0.62989,  acc: 0.99271, ap: 0.98961, f1: 0.99271, macro_auc: 0.99475, micro_auc: 0.99475
[Thu Sep 10 22:08:22 2026|scalable_tgn_link_prediction.py|INFO] meta val epoch:3, loss: 0.61868,mrr:0.62214,  acc: 0.99138, ap: 0.98791, f1: 0.99138, macro_auc: 0.99388, micro_auc: 0.99388
[Thu Sep 10 22:08:22 2026|scalable_tgn_link_prediction.py|INFO] meta val epoch:3, loss: 0.59948,mrr:0.63854,  acc: 0.99126, ap: 0.98809, f1: 0.99126, macro_auc: 0.99397, micro_auc: 0.99397
[Thu Sep 10 22:08:22 2026|scalable_tgn_link_prediction.py|INFO] meta val epoch:3, loss: 0.65015,mrr:0.61979,  acc: 0.98980, ap: 0.98628, f1: 0.98980, macro_auc: 0.99233, micro_auc: 0.99233
[Thu Sep 10 22:08:22 2026|scalable_tgn_link_prediction.py|INFO] meta val epoch:3, loss: 0.35919,mrr:0.64777,  acc: 0.99417, ap: 0.99296, f1: 0.99417, macro_auc: 0.99642, micro_auc: 0.99642
[Thu Sep 10 22:08:23 2026|scalable_tgn_link_prediction.py|INFO] meta val epoch:3, loss: 0.48467,mrr:0.65829,  acc: 0.99356, ap: 0.99041, f1: 0.99356, macro_auc: 0.99516, micro_auc: 0.99516
[Thu Sep 10 22:08:23 2026|scalable_tgn_link_prediction.py|INFO] meta val epoch:3, loss: 0.48162,mrr:0.67319,  acc: 0.99174, ap: 0.99058, f1: 0.99174, macro_auc: 0.99524, micro_auc: 0.99524
[Thu Sep 10 22:08:23 2026|scalable_tgn_link_prediction.py|INFO] meta val epoch:3, loss: 0.49808,mrr:0.65659,  acc: 0.99102, ap: 0.99007, f1: 0.99101, macro_auc: 0.99478, micro_auc: 0.99478
[Thu Sep 10 22:08:36 2026|scalable_tgn_link_prediction.py|INFO] meta val epoch:4, loss: 0.49532,mrr:0.65296,  acc: 0.99405, ap: 0.98969, f1: 0.99405, macro_auc: 0.99479, micro_auc: 0.99479
[Thu Sep 10 22:08:36 2026|scalable_tgn_link_prediction.py|INFO] meta val epoch:4, loss: 0.40121,mrr:0.64157,  acc: 0.99405, ap: 0.99214, f1: 0.99405, macro_auc: 0.99604, micro_auc: 0.99604
[Thu Sep 10 22:08:36 2026|scalable_tgn_link_prediction.py|INFO] meta val epoch:4, loss: 0.70146,mrr:0.64027,  acc: 0.98895, ap: 0.98444, f1: 0.98895, macro_auc: 0.99039, micro_auc: 0.99039
[Thu Sep 10 22:08:37 2026|scalable_tgn_link_prediction.py|INFO] meta val epoch:4, loss: 0.60215,mrr:0.60183,  acc: 0.98932, ap: 0.98823, f1: 0.98932, macro_auc: 0.99397, micro_auc: 0.99397
[Thu Sep 10 22:08:37 2026|scalable_tgn_link_prediction.py|INFO] meta val epoch:4, loss: 0.39792,mrr:0.65581,  acc: 0.99490, ap: 0.99222, f1: 0.99490, macro_auc: 0.99608, micro_auc: 0.99608
[Thu Sep 10 22:08:37 2026|scalable_tgn_link_prediction.py|INFO] meta val epoch:4, loss: 0.48683,mrr:0.63080,  acc: 0.99381, ap: 0.99044, f1: 0.99381, macro_auc: 0.99517, micro_auc: 0.99517
[Thu Sep 10 22:08:37 2026|scalable_tgn_link_prediction.py|INFO] meta val epoch:4, loss: 0.58742,mrr:0.65232,  acc: 0.99199, ap: 0.98856, f1: 0.99199, macro_auc: 0.99421, micro_auc: 0.99421
[Thu Sep 10 22:08:37 2026|scalable_tgn_link_prediction.py|INFO] meta val epoch:4, loss: 0.56787,mrr:0.60716,  acc: 0.99247, ap: 0.98888, f1: 0.99247, macro_auc: 0.99438, micro_auc: 0.99438
[Thu Sep 10 22:08:37 2026|scalable_tgn_link_prediction.py|INFO] meta val epoch:4, loss: 0.58349,mrr:0.61080,  acc: 0.99174, ap: 0.98867, f1: 0.99174, macro_auc: 0.99427, micro_auc: 0.99427
[Thu Sep 10 22:08:37 2026|scalable_tgn_link_prediction.py|INFO] meta val epoch:4, loss: 0.60658,mrr:0.62406,  acc: 0.99199, ap: 0.98811, f1: 0.99199, macro_auc: 0.99398, micro_auc: 0.99398
[Thu Sep 10 22:08:38 2026|scalable_tgn_link_prediction.py|INFO] meta val epoch:4, loss: 0.65890,mrr:0.63785,  acc: 0.99004, ap: 0.98622, f1: 0.99004, macro_auc: 0.99233, micro_auc: 0.99233
[Thu Sep 10 22:08:38 2026|scalable_tgn_link_prediction.py|INFO] meta val epoch:4, loss: 0.37413,mrr:0.63620,  acc: 0.99478, ap: 0.99269, f1: 0.99478, macro_auc: 0.99629, micro_auc: 0.99629
[Thu Sep 10 22:08:38 2026|scalable_tgn_link_prediction.py|INFO] meta val epoch:4, loss: 0.48070,mrr:0.63885,  acc: 0.99393, ap: 0.99062, f1: 0.99393, macro_auc: 0.99526, micro_auc: 0.99526
[Thu Sep 10 22:08:38 2026|scalable_tgn_link_prediction.py|INFO] meta val epoch:4, loss: 0.50840,mrr:0.62779,  acc: 0.99284, ap: 0.99014, f1: 0.99284, macro_auc: 0.99502, micro_auc: 0.99502
[Thu Sep 10 22:08:38 2026|scalable_tgn_link_prediction.py|INFO] meta val epoch:4, loss: 0.55790,mrr:0.64485,  acc: 0.99247, ap: 0.98895, f1: 0.99247, macro_auc: 0.99424, micro_auc: 0.99424
[Thu Sep 10 22:08:51 2026|scalable_tgn_link_prediction.py|INFO] meta val epoch:5, loss: 0.51241,mrr:0.64761,  acc: 0.99332, ap: 0.98966, f1: 0.99332, macro_auc: 0.99477, micro_auc: 0.99477
[Thu Sep 10 22:08:51 2026|scalable_tgn_link_prediction.py|INFO] meta val epoch:5, loss: 0.43807,mrr:0.62117,  acc: 0.99308, ap: 0.99157, f1: 0.99308, macro_auc: 0.99575, micro_auc: 0.99575
[Thu Sep 10 22:08:51 2026|scalable_tgn_link_prediction.py|INFO] meta val epoch:5, loss: 0.70606,mrr:0.64616,  acc: 0.98737, ap: 0.98449, f1: 0.98737, macro_auc: 0.99053, micro_auc: 0.99053
[Thu Sep 10 22:08:52 2026|scalable_tgn_link_prediction.py|INFO] meta val epoch:5, loss: 0.60431,mrr:0.64967,  acc: 0.98774, ap: 0.98825, f1: 0.98774, macro_auc: 0.99399, micro_auc: 0.99399
[Thu Sep 10 22:08:52 2026|scalable_tgn_link_prediction.py|INFO] meta val epoch:5, loss: 0.41697,mrr:0.59338,  acc: 0.99332, ap: 0.99200, f1: 0.99332, macro_auc: 0.99597, micro_auc: 0.99597
[Thu Sep 10 22:08:52 2026|scalable_tgn_link_prediction.py|INFO] meta val epoch:5, loss: 0.52374,mrr:0.63967,  acc: 0.99223, ap: 0.98981, f1: 0.99223, macro_auc: 0.99485, micro_auc: 0.99485
[Thu Sep 10 22:08:52 2026|scalable_tgn_link_prediction.py|INFO] meta val epoch:5, loss: 0.65696,mrr:0.61746,  acc: 0.99065, ap: 0.98729, f1: 0.99065, macro_auc: 0.99356, micro_auc: 0.99356
[Thu Sep 10 22:08:52 2026|scalable_tgn_link_prediction.py|INFO] meta val epoch:5, loss: 0.58342,mrr:0.63302,  acc: 0.99162, ap: 0.98872, f1: 0.99162, macro_auc: 0.99429, micro_auc: 0.99429
[Thu Sep 10 22:08:52 2026|scalable_tgn_link_prediction.py|INFO] meta val epoch:5, loss: 0.62273,mrr:0.61023,  acc: 0.99053, ap: 0.98800, f1: 0.99053, macro_auc: 0.99393, micro_auc: 0.99393
[Thu Sep 10 22:08:52 2026|scalable_tgn_link_prediction.py|INFO] meta val epoch:5, loss: 0.61353,mrr:0.62312,  acc: 0.99114, ap: 0.98824, f1: 0.99114, macro_auc: 0.99405, micro_auc: 0.99405
[Thu Sep 10 22:08:53 2026|scalable_tgn_link_prediction.py|INFO] meta val epoch:5, loss: 0.66566,mrr:0.62542,  acc: 0.98895, ap: 0.98641, f1: 0.98895, macro_auc: 0.99250, micro_auc: 0.99250
[Thu Sep 10 22:08:53 2026|scalable_tgn_link_prediction.py|INFO] meta val epoch:5, loss: 0.39191,mrr:0.61601,  acc: 0.99344, ap: 0.99249, f1: 0.99344, macro_auc: 0.99619, micro_auc: 0.99619
[Thu Sep 10 22:08:53 2026|scalable_tgn_link_prediction.py|INFO] meta val epoch:5, loss: 0.48519,mrr:0.63561,  acc: 0.99344, ap: 0.99062, f1: 0.99344, macro_auc: 0.99526, micro_auc: 0.99526
[Thu Sep 10 22:08:53 2026|scalable_tgn_link_prediction.py|INFO] meta val epoch:5, loss: 0.52890,mrr:0.64037,  acc: 0.99089, ap: 0.98990, f1: 0.99089, macro_auc: 0.99490, micro_auc: 0.99490
[Thu Sep 10 22:08:53 2026|scalable_tgn_link_prediction.py|INFO] meta val epoch:5, loss: 0.56401,mrr:0.63484,  acc: 0.99065, ap: 0.98896, f1: 0.99065, macro_auc: 0.99425, micro_auc: 0.99425
[Thu Sep 10 22:09:06 2026|scalable_tgn_link_prediction.py|INFO] meta val epoch:6, loss: 0.49388,mrr:0.65458,  acc: 0.99441, ap: 0.98977, f1: 0.99441, macro_auc: 0.99483, micro_auc: 0.99483
[Thu Sep 10 22:09:07 2026|scalable_tgn_link_prediction.py|INFO] meta val epoch:6, loss: 0.43222,mrr:0.63779,  acc: 0.99429, ap: 0.99145, f1: 0.99429, macro_auc: 0.99569, micro_auc: 0.99569
[Thu Sep 10 22:09:07 2026|scalable_tgn_link_prediction.py|INFO] meta val epoch:6, loss: 0.70174,mrr:0.63614,  acc: 0.98932, ap: 0.98444, f1: 0.98931, macro_auc: 0.99041, micro_auc: 0.99041
[Thu Sep 10 22:09:07 2026|scalable_tgn_link_prediction.py|INFO] meta val epoch:6, loss: 0.59696,mrr:0.65937,  acc: 0.98968, ap: 0.98833, f1: 0.98968, macro_auc: 0.99407, micro_auc: 0.99407
[Thu Sep 10 22:09:07 2026|scalable_tgn_link_prediction.py|INFO] meta val epoch:6, loss: 0.42376,mrr:0.65657,  acc: 0.99417, ap: 0.99176, f1: 0.99417, macro_auc: 0.99585, micro_auc: 0.99585
[Thu Sep 10 22:09:07 2026|scalable_tgn_link_prediction.py|INFO] meta val epoch:6, loss: 0.51583,mrr:0.63668,  acc: 0.99393, ap: 0.98990, f1: 0.99393, macro_auc: 0.99490, micro_auc: 0.99490
[Thu Sep 10 22:09:07 2026|scalable_tgn_link_prediction.py|INFO] meta val epoch:6, loss: 0.65333,mrr:0.66082,  acc: 0.99223, ap: 0.98729, f1: 0.99223, macro_auc: 0.99356, micro_auc: 0.99356
[Thu Sep 10 22:09:07 2026|scalable_tgn_link_prediction.py|INFO] meta val epoch:6, loss: 0.57715,mrr:0.62184,  acc: 0.99332, ap: 0.98872, f1: 0.99332, macro_auc: 0.99429, micro_auc: 0.99429
[Thu Sep 10 22:09:08 2026|scalable_tgn_link_prediction.py|INFO] meta val epoch:6, loss: 0.61816,mrr:0.61866,  acc: 0.99199, ap: 0.98800, f1: 0.99199, macro_auc: 0.99393, micro_auc: 0.99393
[Thu Sep 10 22:09:08 2026|scalable_tgn_link_prediction.py|INFO] meta val epoch:6, loss: 0.64116,mrr:0.63801,  acc: 0.99235, ap: 0.98752, f1: 0.99235, macro_auc: 0.99368, micro_auc: 0.99368
[Thu Sep 10 22:09:08 2026|scalable_tgn_link_prediction.py|INFO] meta val epoch:6, loss: 0.66334,mrr:0.62070,  acc: 0.99065, ap: 0.98639, f1: 0.99065, macro_auc: 0.99242, micro_auc: 0.99242
[Thu Sep 10 22:09:08 2026|scalable_tgn_link_prediction.py|INFO] meta val epoch:6, loss: 0.41015,mrr:0.63106,  acc: 0.99466, ap: 0.99202, f1: 0.99466, macro_auc: 0.99596, micro_auc: 0.99596
[Thu Sep 10 22:09:08 2026|scalable_tgn_link_prediction.py|INFO] meta val epoch:6, loss: 0.48221,mrr:0.61147,  acc: 0.99417, ap: 0.99062, f1: 0.99417, macro_auc: 0.99526, micro_auc: 0.99526
[Thu Sep 10 22:09:08 2026|scalable_tgn_link_prediction.py|INFO] meta val epoch:6, loss: 0.54217,mrr:0.62029,  acc: 0.99332, ap: 0.98943, f1: 0.99332, macro_auc: 0.99466, micro_auc: 0.99466
[Thu Sep 10 22:09:08 2026|scalable_tgn_link_prediction.py|INFO] meta val epoch:6, loss: 0.56300,mrr:0.61312,  acc: 0.99174, ap: 0.98903, f1: 0.99174, macro_auc: 0.99436, micro_auc: 0.99436
[Thu Sep 10 22:09:22 2026|scalable_tgn_link_prediction.py|INFO] meta val epoch:7, loss: 0.49554,mrr:0.68539,  acc: 0.99393, ap: 0.98980, f1: 0.99393, macro_auc: 0.99485, micro_auc: 0.99485
[Thu Sep 10 22:09:22 2026|scalable_tgn_link_prediction.py|INFO] meta val epoch:7, loss: 0.43410,mrr:0.64554,  acc: 0.99417, ap: 0.99156, f1: 0.99417, macro_auc: 0.99575, micro_auc: 0.99575
[Thu Sep 10 22:09:22 2026|scalable_tgn_link_prediction.py|INFO] meta val epoch:7, loss: 0.70271,mrr:0.66168,  acc: 0.98859, ap: 0.98444, f1: 0.98859, macro_auc: 0.99045, micro_auc: 0.99045
[Thu Sep 10 22:09:22 2026|scalable_tgn_link_prediction.py|INFO] meta val epoch:7, loss: 0.59901,mrr:0.61661,  acc: 0.98932, ap: 0.98830, f1: 0.98932, macro_auc: 0.99404, micro_auc: 0.99404
[Thu Sep 10 22:09:22 2026|scalable_tgn_link_prediction.py|INFO] meta val epoch:7, loss: 0.41391,mrr:0.63274,  acc: 0.99454, ap: 0.99200, f1: 0.99454, macro_auc: 0.99597, micro_auc: 0.99597
[Thu Sep 10 22:09:22 2026|scalable_tgn_link_prediction.py|INFO] meta val epoch:7, loss: 0.50648,mrr:0.63207,  acc: 0.99381, ap: 0.99005, f1: 0.99381, macro_auc: 0.99498, micro_auc: 0.99498
[Thu Sep 10 22:09:22 2026|scalable_tgn_link_prediction.py|INFO] meta val epoch:7, loss: 0.65542,mrr:0.61813,  acc: 0.99174, ap: 0.98729, f1: 0.99174, macro_auc: 0.99356, micro_auc: 0.99356
[Thu Sep 10 22:09:23 2026|scalable_tgn_link_prediction.py|INFO] meta val epoch:7, loss: 0.57871,mrr:0.64629,  acc: 0.99344, ap: 0.98872, f1: 0.99344, macro_auc: 0.99429, micro_auc: 0.99429
[Thu Sep 10 22:09:23 2026|scalable_tgn_link_prediction.py|INFO] meta val epoch:7, loss: 0.61736,mrr:0.60528,  acc: 0.99211, ap: 0.98800, f1: 0.99211, macro_auc: 0.99393, micro_auc: 0.99393
[Thu Sep 10 22:09:23 2026|scalable_tgn_link_prediction.py|INFO] meta val epoch:7, loss: 0.60956,mrr:0.63374,  acc: 0.99199, ap: 0.98824, f1: 0.99199, macro_auc: 0.99405, micro_auc: 0.99405
[Thu Sep 10 22:09:23 2026|scalable_tgn_link_prediction.py|INFO] meta val epoch:7, loss: 0.66021,mrr:0.62617,  acc: 0.99053, ap: 0.98640, f1: 0.99053, macro_auc: 0.99246, micro_auc: 0.99246
[Thu Sep 10 22:09:23 2026|scalable_tgn_link_prediction.py|INFO] meta val epoch:7, loss: 0.38840,mrr:0.62933,  acc: 0.99502, ap: 0.99250, f1: 0.99502, macro_auc: 0.99620, micro_auc: 0.99620
[Thu Sep 10 22:09:23 2026|scalable_tgn_link_prediction.py|INFO] meta val epoch:7, loss: 0.49471,mrr:0.64112,  acc: 0.99405, ap: 0.99038, f1: 0.99405, macro_auc: 0.99514, micro_auc: 0.99514
[Thu Sep 10 22:09:24 2026|scalable_tgn_link_prediction.py|INFO] meta val epoch:7, loss: 0.52014,mrr:0.63578,  acc: 0.99320, ap: 0.98990, f1: 0.99320, macro_auc: 0.99490, micro_auc: 0.99490
[Thu Sep 10 22:09:24 2026|scalable_tgn_link_prediction.py|INFO] meta val epoch:7, loss: 0.55897,mrr:0.63142,  acc: 0.99126, ap: 0.98901, f1: 0.99126, macro_auc: 0.99433, micro_auc: 0.99433
[Thu Sep 10 22:09:37 2026|scalable_tgn_link_prediction.py|INFO] meta val epoch:8, loss: 0.48637,mrr:0.67366,  acc: 0.99356, ap: 0.98968, f1: 0.99356, macro_auc: 0.99479, micro_auc: 0.99479
[Thu Sep 10 22:09:37 2026|scalable_tgn_link_prediction.py|INFO] meta val epoch:8, loss: 0.38045,mrr:0.67689,  acc: 0.99356, ap: 0.99250, f1: 0.99356, macro_auc: 0.99621, micro_auc: 0.99621
[Thu Sep 10 22:09:37 2026|scalable_tgn_link_prediction.py|INFO] meta val epoch:8, loss: 0.64671,mrr:0.67908,  acc: 0.98871, ap: 0.98527, f1: 0.98871, macro_auc: 0.99094, micro_auc: 0.99094
[Thu Sep 10 22:09:37 2026|scalable_tgn_link_prediction.py|INFO] meta val epoch:8, loss: 0.58772,mrr:0.68442,  acc: 0.98907, ap: 0.98843, f1: 0.98907, macro_auc: 0.99411, micro_auc: 0.99411
[Thu Sep 10 22:09:37 2026|scalable_tgn_link_prediction.py|INFO] meta val epoch:8, loss: 0.41239,mrr:0.63393,  acc: 0.99429, ap: 0.99198, f1: 0.99429, macro_auc: 0.99596, micro_auc: 0.99596
[Thu Sep 10 22:09:37 2026|scalable_tgn_link_prediction.py|INFO] meta val epoch:8, loss: 0.48590,mrr:0.65327,  acc: 0.99393, ap: 0.99044, f1: 0.99393, macro_auc: 0.99517, micro_auc: 0.99517
[Thu Sep 10 22:09:38 2026|scalable_tgn_link_prediction.py|INFO] meta val epoch:8, loss: 0.59114,mrr:0.66500,  acc: 0.99174, ap: 0.98856, f1: 0.99174, macro_auc: 0.99421, micro_auc: 0.99421
[Thu Sep 10 22:09:38 2026|scalable_tgn_link_prediction.py|INFO] meta val epoch:8, loss: 0.56807,mrr:0.65585,  acc: 0.99332, ap: 0.98888, f1: 0.99332, macro_auc: 0.99438, micro_auc: 0.99438
[Thu Sep 10 22:09:38 2026|scalable_tgn_link_prediction.py|INFO] meta val epoch:8, loss: 0.59542,mrr:0.65227,  acc: 0.99223, ap: 0.98843, f1: 0.99223, macro_auc: 0.99415, micro_auc: 0.99415
[Thu Sep 10 22:09:38 2026|scalable_tgn_link_prediction.py|INFO] meta val epoch:8, loss: 0.60716,mrr:0.64304,  acc: 0.99174, ap: 0.98811, f1: 0.99174, macro_auc: 0.99398, micro_auc: 0.99398
[Thu Sep 10 22:09:38 2026|scalable_tgn_link_prediction.py|INFO] meta val epoch:8, loss: 0.65893,mrr:0.64134,  acc: 0.98980, ap: 0.98625, f1: 0.98980, macro_auc: 0.99243, micro_auc: 0.99243
[Thu Sep 10 22:09:38 2026|scalable_tgn_link_prediction.py|INFO] meta val epoch:8, loss: 0.37671,mrr:0.60849,  acc: 0.99454, ap: 0.99268, f1: 0.99454, macro_auc: 0.99629, micro_auc: 0.99629
[Thu Sep 10 22:09:38 2026|scalable_tgn_link_prediction.py|INFO] meta val epoch:8, loss: 0.48413,mrr:0.61177,  acc: 0.99369, ap: 0.99051, f1: 0.99369, macro_auc: 0.99521, micro_auc: 0.99521
[Thu Sep 10 22:09:39 2026|scalable_tgn_link_prediction.py|INFO] meta val epoch:8, loss: 0.49920,mrr:0.63370,  acc: 0.99235, ap: 0.99035, f1: 0.99235, macro_auc: 0.99513, micro_auc: 0.99513
[Thu Sep 10 22:09:39 2026|scalable_tgn_link_prediction.py|INFO] meta val epoch:8, loss: 0.55939,mrr:0.60654,  acc: 0.99114, ap: 0.98899, f1: 0.99114, macro_auc: 0.99430, micro_auc: 0.99430
[Thu Sep 10 22:09:52 2026|scalable_tgn_link_prediction.py|INFO] meta val epoch:9, loss: 0.49592,mrr:0.66623,  acc: 0.99405, ap: 0.98959, f1: 0.99405, macro_auc: 0.99474, micro_auc: 0.99474
[Thu Sep 10 22:09:52 2026|scalable_tgn_link_prediction.py|INFO] meta val epoch:9, loss: 0.43418,mrr:0.65145,  acc: 0.99405, ap: 0.99132, f1: 0.99405, macro_auc: 0.99562, micro_auc: 0.99562
[Thu Sep 10 22:09:52 2026|scalable_tgn_link_prediction.py|INFO] meta val epoch:9, loss: 0.69151,mrr:0.64283,  acc: 0.98895, ap: 0.98433, f1: 0.98895, macro_auc: 0.99012, micro_auc: 0.99012
[Thu Sep 10 22:09:52 2026|scalable_tgn_link_prediction.py|INFO] meta val epoch:9, loss: 0.59892,mrr:0.63322,  acc: 0.98944, ap: 0.98830, f1: 0.98944, macro_auc: 0.99404, micro_auc: 0.99404
[Thu Sep 10 22:09:52 2026|scalable_tgn_link_prediction.py|INFO] meta val epoch:9, loss: 0.41326,mrr:0.62802,  acc: 0.99417, ap: 0.99200, f1: 0.99417, macro_auc: 0.99597, micro_auc: 0.99597
[Thu Sep 10 22:09:52 2026|scalable_tgn_link_prediction.py|INFO] meta val epoch:9, loss: 0.50766,mrr:0.59767,  acc: 0.99405, ap: 0.99005, f1: 0.99405, macro_auc: 0.99498, micro_auc: 0.99498
[Thu Sep 10 22:09:53 2026|scalable_tgn_link_prediction.py|INFO] meta val epoch:9, loss: 0.65493,mrr:0.64294,  acc: 0.99223, ap: 0.98725, f1: 0.99223, macro_auc: 0.99354, micro_auc: 0.99354
[Thu Sep 10 22:09:53 2026|scalable_tgn_link_prediction.py|INFO] meta val epoch:9, loss: 0.54785,mrr:0.61886,  acc: 0.99344, ap: 0.98939, f1: 0.99344, macro_auc: 0.99464, micro_auc: 0.99464
[Thu Sep 10 22:09:53 2026|scalable_tgn_link_prediction.py|INFO] meta val epoch:9, loss: 0.61739,mrr:0.65521,  acc: 0.99211, ap: 0.98795, f1: 0.99211, macro_auc: 0.99390, micro_auc: 0.99390
[Thu Sep 10 22:09:53 2026|scalable_tgn_link_prediction.py|INFO] meta val epoch:9, loss: 0.61906,mrr:0.65454,  acc: 0.99211, ap: 0.98786, f1: 0.99211, macro_auc: 0.99386, micro_auc: 0.99386
[Thu Sep 10 22:09:53 2026|scalable_tgn_link_prediction.py|INFO] meta val epoch:9, loss: 0.65939,mrr:0.64695,  acc: 0.99089, ap: 0.98628, f1: 0.99089, macro_auc: 0.99240, micro_auc: 0.99240
[Thu Sep 10 22:09:53 2026|scalable_tgn_link_prediction.py|INFO] meta val epoch:9, loss: 0.38979,mrr:0.66503,  acc: 0.99454, ap: 0.99242, f1: 0.99454, macro_auc: 0.99615, micro_auc: 0.99615
[Thu Sep 10 22:09:54 2026|scalable_tgn_link_prediction.py|INFO] meta val epoch:9, loss: 0.49463,mrr:0.63405,  acc: 0.99381, ap: 0.99032, f1: 0.99381, macro_auc: 0.99511, micro_auc: 0.99511
[Thu Sep 10 22:09:54 2026|scalable_tgn_link_prediction.py|INFO] meta val epoch:9, loss: 0.49169,mrr:0.63841,  acc: 0.99356, ap: 0.99050, f1: 0.99356, macro_auc: 0.99520, micro_auc: 0.99520
[Thu Sep 10 22:09:54 2026|scalable_tgn_link_prediction.py|INFO] meta val epoch:9, loss: 0.51946,mrr:0.63492,  acc: 0.99174, ap: 0.98946, f1: 0.99174, macro_auc: 0.99405, micro_auc: 0.99405
[Thu Sep 10 22:10:07 2026|scalable_tgn_link_prediction.py|INFO] meta val epoch:10, loss: 0.49629,mrr:0.67243,  acc: 0.99356, ap: 0.98963, f1: 0.99356, macro_auc: 0.99476, micro_auc: 0.99476
[Thu Sep 10 22:10:07 2026|scalable_tgn_link_prediction.py|INFO] meta val epoch:10, loss: 0.40023,mrr:0.66226,  acc: 0.99429, ap: 0.99214, f1: 0.99429, macro_auc: 0.99604, micro_auc: 0.99604
[Thu Sep 10 22:10:07 2026|scalable_tgn_link_prediction.py|INFO] meta val epoch:10, loss: 0.70093,mrr:0.61604,  acc: 0.98871, ap: 0.98448, f1: 0.98871, macro_auc: 0.99051, micro_auc: 0.99051
[Thu Sep 10 22:10:07 2026|scalable_tgn_link_prediction.py|INFO] meta val epoch:10, loss: 0.59965,mrr:0.62549,  acc: 0.98859, ap: 0.98826, f1: 0.98859, macro_auc: 0.99399, micro_auc: 0.99399
[Thu Sep 10 22:10:07 2026|scalable_tgn_link_prediction.py|INFO] meta val epoch:10, loss: 0.40991,mrr:0.64169,  acc: 0.99441, ap: 0.99199, f1: 0.99441, macro_auc: 0.99596, micro_auc: 0.99596
[Thu Sep 10 22:10:07 2026|scalable_tgn_link_prediction.py|INFO] meta val epoch:10, loss: 0.50635,mrr:0.64478,  acc: 0.99393, ap: 0.99000, f1: 0.99393, macro_auc: 0.99495, micro_auc: 0.99495
[Thu Sep 10 22:10:08 2026|scalable_tgn_link_prediction.py|INFO] meta val epoch:10, loss: 0.60012,mrr:0.62683,  acc: 0.99138, ap: 0.98832, f1: 0.99138, macro_auc: 0.99409, micro_auc: 0.99409
[Thu Sep 10 22:10:08 2026|scalable_tgn_link_prediction.py|INFO] meta val epoch:10, loss: 0.56592,mrr:0.68224,  acc: 0.99356, ap: 0.98888, f1: 0.99356, macro_auc: 0.99438, micro_auc: 0.99438
[Thu Sep 10 22:10:08 2026|scalable_tgn_link_prediction.py|INFO] meta val epoch:10, loss: 0.59275,mrr:0.63488,  acc: 0.99284, ap: 0.98843, f1: 0.99284, macro_auc: 0.99415, micro_auc: 0.99415
[Thu Sep 10 22:10:08 2026|scalable_tgn_link_prediction.py|INFO] meta val epoch:10, loss: 0.60455,mrr:0.63868,  acc: 0.99247, ap: 0.98811, f1: 0.99247, macro_auc: 0.99398, micro_auc: 0.99398
[Thu Sep 10 22:10:08 2026|scalable_tgn_link_prediction.py|INFO] meta val epoch:10, loss: 0.65642,mrr:0.62846,  acc: 0.99089, ap: 0.98624, f1: 0.99089, macro_auc: 0.99236, micro_auc: 0.99236
[Thu Sep 10 22:10:08 2026|scalable_tgn_link_prediction.py|INFO] meta val epoch:10, loss: 0.38643,mrr:0.65736,  acc: 0.99393, ap: 0.99248, f1: 0.99393, macro_auc: 0.99618, micro_auc: 0.99618
[Thu Sep 10 22:10:08 2026|scalable_tgn_link_prediction.py|INFO] meta val epoch:10, loss: 0.48236,mrr:0.64007,  acc: 0.99381, ap: 0.99062, f1: 0.99381, macro_auc: 0.99526, micro_auc: 0.99526
[Thu Sep 10 22:10:09 2026|scalable_tgn_link_prediction.py|INFO] meta val epoch:10, loss: 0.50872,mrr:0.65256,  acc: 0.99235, ap: 0.99014, f1: 0.99235, macro_auc: 0.99502, micro_auc: 0.99502
[Thu Sep 10 22:10:09 2026|scalable_tgn_link_prediction.py|INFO] meta val epoch:10, loss: 0.55942,mrr:0.64578,  acc: 0.99102, ap: 0.98895, f1: 0.99101, macro_auc: 0.99425, micro_auc: 0.99425
[Thu Sep 10 22:10:22 2026|scalable_tgn_link_prediction.py|INFO] meta val epoch:11, loss: 0.43933,mrr:0.73529,  acc: 0.99332, ap: 0.98988, f1: 0.99332, macro_auc: 0.99491, micro_auc: 0.99491
[Thu Sep 10 22:10:22 2026|scalable_tgn_link_prediction.py|INFO] meta val epoch:11, loss: 0.31504,mrr:0.69622,  acc: 0.99369, ap: 0.99310, f1: 0.99369, macro_auc: 0.99647, micro_auc: 0.99647
[Thu Sep 10 22:10:22 2026|scalable_tgn_link_prediction.py|INFO] meta val epoch:11, loss: 0.58440,mrr:0.72658,  acc: 0.98883, ap: 0.98479, f1: 0.98883, macro_auc: 0.99019, micro_auc: 0.99019
[Thu Sep 10 22:10:22 2026|scalable_tgn_link_prediction.py|INFO] meta val epoch:11, loss: 0.44396,mrr:0.69156,  acc: 0.98895, ap: 0.99057, f1: 0.98895, macro_auc: 0.99516, micro_auc: 0.99516
[Thu Sep 10 22:10:22 2026|scalable_tgn_link_prediction.py|INFO] meta val epoch:11, loss: 0.36787,mrr:0.67123,  acc: 0.99393, ap: 0.99200, f1: 0.99393, macro_auc: 0.99596, micro_auc: 0.99596
[Thu Sep 10 22:10:22 2026|scalable_tgn_link_prediction.py|INFO] meta val epoch:11, loss: 0.37346,mrr:0.71717,  acc: 0.99344, ap: 0.99193, f1: 0.99344, macro_auc: 0.99588, micro_auc: 0.99588
[Thu Sep 10 22:10:23 2026|scalable_tgn_link_prediction.py|INFO] meta val epoch:11, loss: 0.50438,mrr:0.70149,  acc: 0.99162, ap: 0.98912, f1: 0.99162, macro_auc: 0.99444, micro_auc: 0.99444
[Thu Sep 10 22:10:23 2026|scalable_tgn_link_prediction.py|INFO] meta val epoch:11, loss: 0.44801,mrr:0.70261,  acc: 0.99271, ap: 0.99053, f1: 0.99271, macro_auc: 0.99517, micro_auc: 0.99517
[Thu Sep 10 22:10:23 2026|scalable_tgn_link_prediction.py|INFO] meta val epoch:11, loss: 0.45516,mrr:0.69588,  acc: 0.99138, ap: 0.99049, f1: 0.99138, macro_auc: 0.99513, micro_auc: 0.99513
[Thu Sep 10 22:10:23 2026|scalable_tgn_link_prediction.py|INFO] meta val epoch:11, loss: 0.51977,mrr:0.69690,  acc: 0.99126, ap: 0.98862, f1: 0.99126, macro_auc: 0.99420, micro_auc: 0.99420
[Thu Sep 10 22:10:23 2026|scalable_tgn_link_prediction.py|INFO] meta val epoch:11, loss: 0.57120,mrr:0.70094,  acc: 0.98980, ap: 0.98719, f1: 0.98980, macro_auc: 0.99282, micro_auc: 0.99282
[Thu Sep 10 22:10:23 2026|scalable_tgn_link_prediction.py|INFO] meta val epoch:11, loss: 0.29934,mrr:0.72628,  acc: 0.99429, ap: 0.99367, f1: 0.99429, macro_auc: 0.99660, micro_auc: 0.99660
[Thu Sep 10 22:10:23 2026|scalable_tgn_link_prediction.py|INFO] meta val epoch:11, loss: 0.43916,mrr:0.70934,  acc: 0.99369, ap: 0.99060, f1: 0.99369, macro_auc: 0.99524, micro_auc: 0.99524
[Thu Sep 10 22:10:24 2026|scalable_tgn_link_prediction.py|INFO] meta val epoch:11, loss: 0.38858,mrr:0.68636,  acc: 0.99199, ap: 0.99176, f1: 0.99199, macro_auc: 0.99578, micro_auc: 0.99578
[Thu Sep 10 22:10:24 2026|scalable_tgn_link_prediction.py|INFO] meta val epoch:11, loss: 0.38243,mrr:0.69684,  acc: 0.99102, ap: 0.99144, f1: 0.99101, macro_auc: 0.99478, micro_auc: 0.99478
[Thu Sep 10 22:10:37 2026|scalable_tgn_link_prediction.py|INFO] meta val epoch:12, loss: 0.11504,mrr:0.91821,  acc: 0.98895, ap: 0.99223, f1: 0.98895, macro_auc: 0.99591, micro_auc: 0.99591
[Thu Sep 10 22:10:37 2026|scalable_tgn_link_prediction.py|INFO] meta val epoch:12, loss: 0.13526,mrr:0.90068,  acc: 0.98992, ap: 0.99275, f1: 0.98992, macro_auc: 0.99637, micro_auc: 0.99637
[Thu Sep 10 22:10:37 2026|scalable_tgn_link_prediction.py|INFO] meta val epoch:12, loss: 0.28257,mrr:0.87461,  acc: 0.98385, ap: 0.98030, f1: 0.98385, macro_auc: 0.98933, micro_auc: 0.98933
[Thu Sep 10 22:10:37 2026|scalable_tgn_link_prediction.py|INFO] meta val epoch:12, loss: 0.11723,mrr:0.88126,  acc: 0.98895, ap: 0.99308, f1: 0.98895, macro_auc: 0.99625, micro_auc: 0.99625
[Thu Sep 10 22:10:37 2026|scalable_tgn_link_prediction.py|INFO] meta val epoch:12, loss: 0.13410,mrr:0.88246,  acc: 0.99441, ap: 0.99190, f1: 0.99441, macro_auc: 0.99622, micro_auc: 0.99622
[Thu Sep 10 22:10:38 2026|scalable_tgn_link_prediction.py|INFO] meta val epoch:12, loss: 0.11048,mrr:0.86611,  acc: 0.99332, ap: 0.99341, f1: 0.99332, macro_auc: 0.99663, micro_auc: 0.99663
[Thu Sep 10 22:10:38 2026|scalable_tgn_link_prediction.py|INFO] meta val epoch:12, loss: 0.13830,mrr:0.86267,  acc: 0.99077, ap: 0.98998, f1: 0.99077, macro_auc: 0.99490, micro_auc: 0.99490
[Thu Sep 10 22:10:38 2026|scalable_tgn_link_prediction.py|INFO] meta val epoch:12, loss: 0.21398,mrr:0.87879,  acc: 0.99271, ap: 0.98785, f1: 0.99271, macro_auc: 0.99495, micro_auc: 0.99495
[Thu Sep 10 22:10:38 2026|scalable_tgn_link_prediction.py|INFO] meta val epoch:12, loss: 0.14749,mrr:0.85450,  acc: 0.99174, ap: 0.99101, f1: 0.99174, macro_auc: 0.99582, micro_auc: 0.99582
[Thu Sep 10 22:10:38 2026|scalable_tgn_link_prediction.py|INFO] meta val epoch:12, loss: 0.20689,mrr:0.86397,  acc: 0.99065, ap: 0.98721, f1: 0.99065, macro_auc: 0.99405, micro_auc: 0.99405
[Thu Sep 10 22:10:38 2026|scalable_tgn_link_prediction.py|INFO] meta val epoch:12, loss: 0.17646,mrr:0.84042,  acc: 0.98810, ap: 0.98662, f1: 0.98810, macro_auc: 0.99268, micro_auc: 0.99268
[Thu Sep 10 22:10:38 2026|scalable_tgn_link_prediction.py|INFO] meta val epoch:12, loss: 0.15704,mrr:0.85549,  acc: 0.99126, ap: 0.99206, f1: 0.99126, macro_auc: 0.99644, micro_auc: 0.99644
[Thu Sep 10 22:10:39 2026|scalable_tgn_link_prediction.py|INFO] meta val epoch:12, loss: 0.11571,mrr:0.84238,  acc: 0.99162, ap: 0.99280, f1: 0.99162, macro_auc: 0.99618, micro_auc: 0.99618
[Thu Sep 10 22:10:39 2026|scalable_tgn_link_prediction.py|INFO] meta val epoch:12, loss: 0.12064,mrr:0.87212,  acc: 0.98907, ap: 0.99257, f1: 0.98907, macro_auc: 0.99603, micro_auc: 0.99603
[Thu Sep 10 22:10:39 2026|scalable_tgn_link_prediction.py|INFO] meta val epoch:12, loss: 0.09150,mrr:0.84967,  acc: 0.98409, ap: 0.99318, f1: 0.98409, macro_auc: 0.99558, micro_auc: 0.99558
[Thu Sep 10 22:10:52 2026|scalable_tgn_link_prediction.py|INFO] meta val epoch:13, loss: 0.21812,mrr:0.80566,  acc: 0.99405, ap: 0.99006, f1: 0.99405, macro_auc: 0.99514, micro_auc: 0.99514
[Thu Sep 10 22:10:52 2026|scalable_tgn_link_prediction.py|INFO] meta val epoch:13, loss: 0.20180,mrr:0.81371,  acc: 0.99417, ap: 0.99147, f1: 0.99417, macro_auc: 0.99587, micro_auc: 0.99587
[Thu Sep 10 22:10:52 2026|scalable_tgn_link_prediction.py|INFO] meta val epoch:13, loss: 0.40128,mrr:0.77191,  acc: 0.98847, ap: 0.98029, f1: 0.98846, macro_auc: 0.98908, micro_auc: 0.98908
[Thu Sep 10 22:10:52 2026|scalable_tgn_link_prediction.py|INFO] meta val epoch:13, loss: 0.26339,mrr:0.78301,  acc: 0.98919, ap: 0.98789, f1: 0.98919, macro_auc: 0.99409, micro_auc: 0.99409
[Thu Sep 10 22:10:52 2026|scalable_tgn_link_prediction.py|INFO] meta val epoch:13, loss: 0.17661,mrr:0.79463,  acc: 0.99514, ap: 0.99223, f1: 0.99514, macro_auc: 0.99650, micro_auc: 0.99650
[Thu Sep 10 22:10:53 2026|scalable_tgn_link_prediction.py|INFO] meta val epoch:13, loss: 0.27201,mrr:0.77062,  acc: 0.99429, ap: 0.98845, f1: 0.99429, macro_auc: 0.99487, micro_auc: 0.99487
[Thu Sep 10 22:10:53 2026|scalable_tgn_link_prediction.py|INFO] meta val epoch:13, loss: 0.32715,mrr:0.80000,  acc: 0.99223, ap: 0.98494, f1: 0.99223, macro_auc: 0.99339, micro_auc: 0.99339
[Thu Sep 10 22:10:53 2026|scalable_tgn_link_prediction.py|INFO] meta val epoch:13, loss: 0.35708,mrr:0.76160,  acc: 0.99369, ap: 0.98469, f1: 0.99369, macro_auc: 0.99336, micro_auc: 0.99336
[Thu Sep 10 22:10:53 2026|scalable_tgn_link_prediction.py|INFO] meta val epoch:13, loss: 0.31124,mrr:0.76274,  acc: 0.99235, ap: 0.98647, f1: 0.99235, macro_auc: 0.99399, micro_auc: 0.99399
[Thu Sep 10 22:10:53 2026|scalable_tgn_link_prediction.py|INFO] meta val epoch:13, loss: 0.30375,mrr:0.77471,  acc: 0.99223, ap: 0.98667, f1: 0.99223, macro_auc: 0.99381, micro_auc: 0.99381
[Thu Sep 10 22:10:53 2026|scalable_tgn_link_prediction.py|INFO] meta val epoch:13, loss: 0.28598,mrr:0.78639,  acc: 0.99114, ap: 0.98533, f1: 0.99114, macro_auc: 0.99240, micro_auc: 0.99240
[Thu Sep 10 22:10:53 2026|scalable_tgn_link_prediction.py|INFO] meta val epoch:13, loss: 0.27194,mrr:0.77092,  acc: 0.99466, ap: 0.98845, f1: 0.99466, macro_auc: 0.99479, micro_auc: 0.99479
[Thu Sep 10 22:10:54 2026|scalable_tgn_link_prediction.py|INFO] meta val epoch:13, loss: 0.20216,mrr:0.73990,  acc: 0.99393, ap: 0.99105, f1: 0.99393, macro_auc: 0.99575, micro_auc: 0.99575
[Thu Sep 10 22:10:54 2026|scalable_tgn_link_prediction.py|INFO] meta val epoch:13, loss: 0.27756,mrr:0.74731,  acc: 0.99259, ap: 0.98804, f1: 0.99259, macro_auc: 0.99451, micro_auc: 0.99451
[Thu Sep 10 22:10:54 2026|scalable_tgn_link_prediction.py|INFO] meta val epoch:13, loss: 0.28338,mrr:0.75863,  acc: 0.99150, ap: 0.98642, f1: 0.99150, macro_auc: 0.99286, micro_auc: 0.99286
[Thu Sep 10 22:11:07 2026|scalable_tgn_link_prediction.py|INFO] meta val epoch:14, loss: 0.04148,mrr:0.92773,  acc: 0.99223, ap: 0.99349, f1: 0.99223, macro_auc: 0.99602, micro_auc: 0.99602
[Thu Sep 10 22:11:07 2026|scalable_tgn_link_prediction.py|INFO] meta val epoch:14, loss: 0.03512,mrr:0.94608,  acc: 0.99259, ap: 0.99563, f1: 0.99259, macro_auc: 0.99713, micro_auc: 0.99713
[Thu Sep 10 22:11:07 2026|scalable_tgn_link_prediction.py|INFO] meta val epoch:14, loss: 0.06858,mrr:0.92887,  acc: 0.98677, ap: 0.98586, f1: 0.98676, macro_auc: 0.99090, micro_auc: 0.99090
[Thu Sep 10 22:11:07 2026|scalable_tgn_link_prediction.py|INFO] meta val epoch:14, loss: 0.05944,mrr:0.91830,  acc: 0.98713, ap: 0.99303, f1: 0.98713, macro_auc: 0.99600, micro_auc: 0.99600
[Thu Sep 10 22:11:07 2026|scalable_tgn_link_prediction.py|INFO] meta val epoch:14, loss: 0.03315,mrr:0.92155,  acc: 0.99223, ap: 0.99627, f1: 0.99223, macro_auc: 0.99763, micro_auc: 0.99763
[Thu Sep 10 22:11:08 2026|scalable_tgn_link_prediction.py|INFO] meta val epoch:14, loss: 0.03733,mrr:0.91819,  acc: 0.99065, ap: 0.99577, f1: 0.99065, macro_auc: 0.99717, micro_auc: 0.99717
[Thu Sep 10 22:11:08 2026|scalable_tgn_link_prediction.py|INFO] meta val epoch:14, loss: 0.04620,mrr:0.91945,  acc: 0.98992, ap: 0.99260, f1: 0.98992, macro_auc: 0.99541, micro_auc: 0.99541
[Thu Sep 10 22:11:08 2026|scalable_tgn_link_prediction.py|INFO] meta val epoch:14, loss: 0.04151,mrr:0.91327,  acc: 0.99065, ap: 0.99411, f1: 0.99065, macro_auc: 0.99647, micro_auc: 0.99647
[Thu Sep 10 22:11:08 2026|scalable_tgn_link_prediction.py|INFO] meta val epoch:14, loss: 0.04513,mrr:0.91738,  acc: 0.98907, ap: 0.99502, f1: 0.98907, macro_auc: 0.99668, micro_auc: 0.99668
[Thu Sep 10 22:11:08 2026|scalable_tgn_link_prediction.py|INFO] meta val epoch:14, loss: 0.04789,mrr:0.90386,  acc: 0.98895, ap: 0.99221, f1: 0.98895, macro_auc: 0.99538, micro_auc: 0.99538
[Thu Sep 10 22:11:08 2026|scalable_tgn_link_prediction.py|INFO] meta val epoch:14, loss: 0.05849,mrr:0.89737,  acc: 0.98762, ap: 0.99029, f1: 0.98761, macro_auc: 0.99366, micro_auc: 0.99366
[Thu Sep 10 22:11:08 2026|scalable_tgn_link_prediction.py|INFO] meta val epoch:14, loss: 0.03378,mrr:0.90809,  acc: 0.99211, ap: 0.99606, f1: 0.99211, macro_auc: 0.99751, micro_auc: 0.99751
[Thu Sep 10 22:11:09 2026|scalable_tgn_link_prediction.py|INFO] meta val epoch:14, loss: 0.03821,mrr:0.88047,  acc: 0.99199, ap: 0.99495, f1: 0.99199, macro_auc: 0.99656, micro_auc: 0.99656
[Thu Sep 10 22:11:09 2026|scalable_tgn_link_prediction.py|INFO] meta val epoch:14, loss: 0.04674,mrr:0.91368,  acc: 0.98980, ap: 0.99256, f1: 0.98980, macro_auc: 0.99581, micro_auc: 0.99581
[Thu Sep 10 22:11:09 2026|scalable_tgn_link_prediction.py|INFO] meta val epoch:14, loss: 0.04809,mrr:0.89657,  acc: 0.98859, ap: 0.99403, f1: 0.98859, macro_auc: 0.99619, micro_auc: 0.99619
[Thu Sep 10 22:11:22 2026|scalable_tgn_link_prediction.py|INFO] meta val epoch:15, loss: 0.30685,mrr:0.79511,  acc: 0.99405, ap: 0.99129, f1: 0.99405, macro_auc: 0.99549, micro_auc: 0.99549
[Thu Sep 10 22:11:22 2026|scalable_tgn_link_prediction.py|INFO] meta val epoch:15, loss: 0.21442,mrr:0.78038,  acc: 0.99332, ap: 0.99434, f1: 0.99332, macro_auc: 0.99691, micro_auc: 0.99691
[Thu Sep 10 22:11:22 2026|scalable_tgn_link_prediction.py|INFO] meta val epoch:15, loss: 0.33196,mrr:0.77944,  acc: 0.98883, ap: 0.98846, f1: 0.98883, macro_auc: 0.99147, micro_auc: 0.99147
[Thu Sep 10 22:11:23 2026|scalable_tgn_link_prediction.py|INFO] meta val epoch:15, loss: 0.38510,mrr:0.79504,  acc: 0.98919, ap: 0.98967, f1: 0.98919, macro_auc: 0.99465, micro_auc: 0.99465
[Thu Sep 10 22:11:23 2026|scalable_tgn_link_prediction.py|INFO] meta val epoch:15, loss: 0.25755,mrr:0.76558,  acc: 0.99332, ap: 0.99299, f1: 0.99332, macro_auc: 0.99638, micro_auc: 0.99638
[Thu Sep 10 22:11:23 2026|scalable_tgn_link_prediction.py|INFO] meta val epoch:15, loss: 0.28231,mrr:0.77568,  acc: 0.99296, ap: 0.99210, f1: 0.99296, macro_auc: 0.99593, micro_auc: 0.99593
[Thu Sep 10 22:11:23 2026|scalable_tgn_link_prediction.py|INFO] meta val epoch:15, loss: 0.34073,mrr:0.77066,  acc: 0.99089, ap: 0.99051, f1: 0.99089, macro_auc: 0.99484, micro_auc: 0.99484
[Thu Sep 10 22:11:23 2026|scalable_tgn_link_prediction.py|INFO] meta val epoch:15, loss: 0.26242,mrr:0.77325,  acc: 0.99199, ap: 0.99271, f1: 0.99199, macro_auc: 0.99609, micro_auc: 0.99609
[Thu Sep 10 22:11:23 2026|scalable_tgn_link_prediction.py|INFO] meta val epoch:15, loss: 0.33698,mrr:0.78338,  acc: 0.99089, ap: 0.99077, f1: 0.99089, macro_auc: 0.99514, micro_auc: 0.99514
[Thu Sep 10 22:11:23 2026|scalable_tgn_link_prediction.py|INFO] meta val epoch:15, loss: 0.34874,mrr:0.78163,  acc: 0.99114, ap: 0.98999, f1: 0.99114, macro_auc: 0.99475, micro_auc: 0.99475
[Thu Sep 10 22:11:24 2026|scalable_tgn_link_prediction.py|INFO] meta val epoch:15, loss: 0.43610,mrr:0.77097,  acc: 0.98907, ap: 0.98777, f1: 0.98907, macro_auc: 0.99291, micro_auc: 0.99291
[Thu Sep 10 22:11:24 2026|scalable_tgn_link_prediction.py|INFO] meta val epoch:15, loss: 0.15155,mrr:0.78641,  acc: 0.99405, ap: 0.99566, f1: 0.99405, macro_auc: 0.99749, micro_auc: 0.99749
[Thu Sep 10 22:11:24 2026|scalable_tgn_link_prediction.py|INFO] meta val epoch:15, loss: 0.34005,mrr:0.79567,  acc: 0.99308, ap: 0.99071, f1: 0.99308, macro_auc: 0.99523, micro_auc: 0.99523
[Thu Sep 10 22:11:24 2026|scalable_tgn_link_prediction.py|INFO] meta val epoch:15, loss: 0.29699,mrr:0.76939,  acc: 0.99186, ap: 0.99167, f1: 0.99186, macro_auc: 0.99563, micro_auc: 0.99563
[Thu Sep 10 22:11:24 2026|scalable_tgn_link_prediction.py|INFO] meta val epoch:15, loss: 0.32160,mrr:0.78860,  acc: 0.99041, ap: 0.99128, f1: 0.99041, macro_auc: 0.99532, micro_auc: 0.99532
[Thu Sep 10 22:11:37 2026|scalable_tgn_link_prediction.py|INFO] meta val epoch:16, loss: 0.10203,mrr:0.85725,  acc: 0.99369, ap: 0.99097, f1: 0.99369, macro_auc: 0.99520, micro_auc: 0.99520
[Thu Sep 10 22:11:37 2026|scalable_tgn_link_prediction.py|INFO] meta val epoch:16, loss: 0.12214,mrr:0.86226,  acc: 0.99393, ap: 0.99186, f1: 0.99393, macro_auc: 0.99596, micro_auc: 0.99596
[Thu Sep 10 22:11:38 2026|scalable_tgn_link_prediction.py|INFO] meta val epoch:16, loss: 0.28726,mrr:0.86059,  acc: 0.98871, ap: 0.97779, f1: 0.98871, macro_auc: 0.98846, micro_auc: 0.98846
[Thu Sep 10 22:11:38 2026|scalable_tgn_link_prediction.py|INFO] meta val epoch:16, loss: 0.12659,mrr:0.84069,  acc: 0.98883, ap: 0.98760, f1: 0.98883, macro_auc: 0.99324, micro_auc: 0.99324
[Thu Sep 10 22:11:38 2026|scalable_tgn_link_prediction.py|INFO] meta val epoch:16, loss: 0.14603,mrr:0.85831,  acc: 0.99393, ap: 0.98812, f1: 0.99393, macro_auc: 0.99448, micro_auc: 0.99448
[Thu Sep 10 22:11:38 2026|scalable_tgn_link_prediction.py|INFO] meta val epoch:16, loss: 0.11265,mrr:0.82898,  acc: 0.99369, ap: 0.98987, f1: 0.99369, macro_auc: 0.99466, micro_auc: 0.99466
[Thu Sep 10 22:11:38 2026|scalable_tgn_link_prediction.py|INFO] meta val epoch:16, loss: 0.14562,mrr:0.81114,  acc: 0.99077, ap: 0.98729, f1: 0.99077, macro_auc: 0.99372, micro_auc: 0.99372
[Thu Sep 10 22:11:38 2026|scalable_tgn_link_prediction.py|INFO] meta val epoch:16, loss: 0.21957,mrr:0.82665,  acc: 0.99308, ap: 0.98553, f1: 0.99308, macro_auc: 0.99355, micro_auc: 0.99355
[Thu Sep 10 22:11:38 2026|scalable_tgn_link_prediction.py|INFO] meta val epoch:16, loss: 0.15368,mrr:0.83281,  acc: 0.99199, ap: 0.98902, f1: 0.99199, macro_auc: 0.99441, micro_auc: 0.99441
[Thu Sep 10 22:11:39 2026|scalable_tgn_link_prediction.py|INFO] meta val epoch:16, loss: 0.20256,mrr:0.83693,  acc: 0.99150, ap: 0.98649, f1: 0.99150, macro_auc: 0.99366, micro_auc: 0.99366
[Thu Sep 10 22:11:39 2026|scalable_tgn_link_prediction.py|INFO] meta val epoch:16, loss: 0.17762,mrr:0.82596,  acc: 0.98883, ap: 0.98561, f1: 0.98883, macro_auc: 0.99184, micro_auc: 0.99184
[Thu Sep 10 22:11:39 2026|scalable_tgn_link_prediction.py|INFO] meta val epoch:16, loss: 0.15246,mrr:0.84197,  acc: 0.99393, ap: 0.99076, f1: 0.99393, macro_auc: 0.99572, micro_auc: 0.99572
[Thu Sep 10 22:11:39 2026|scalable_tgn_link_prediction.py|INFO] meta val epoch:16, loss: 0.11079,mrr:0.82471,  acc: 0.99332, ap: 0.99257, f1: 0.99332, macro_auc: 0.99604, micro_auc: 0.99604
[Thu Sep 10 22:11:39 2026|scalable_tgn_link_prediction.py|INFO] meta val epoch:16, loss: 0.11740,mrr:0.82690,  acc: 0.99162, ap: 0.99126, f1: 0.99162, macro_auc: 0.99519, micro_auc: 0.99519
[Thu Sep 10 22:11:39 2026|scalable_tgn_link_prediction.py|INFO] meta val epoch:16, loss: 0.08909,mrr:0.82096,  acc: 0.99041, ap: 0.99140, f1: 0.99041, macro_auc: 0.99475, micro_auc: 0.99475
[Thu Sep 10 22:11:52 2026|scalable_tgn_link_prediction.py|INFO] meta val epoch:17, loss: 0.10076,mrr:0.82443,  acc: 0.99344, ap: 0.99040, f1: 0.99344, macro_auc: 0.99494, micro_auc: 0.99494
[Thu Sep 10 22:11:52 2026|scalable_tgn_link_prediction.py|INFO] meta val epoch:17, loss: 0.13578,mrr:0.84385,  acc: 0.99356, ap: 0.98998, f1: 0.99356, macro_auc: 0.99501, micro_auc: 0.99501
[Thu Sep 10 22:11:52 2026|scalable_tgn_link_prediction.py|INFO] meta val epoch:17, loss: 0.29294,mrr:0.82825,  acc: 0.98822, ap: 0.97661, f1: 0.98822, macro_auc: 0.98779, micro_auc: 0.98779
[Thu Sep 10 22:11:53 2026|scalable_tgn_link_prediction.py|INFO] meta val epoch:17, loss: 0.13236,mrr:0.82326,  acc: 0.98907, ap: 0.98644, f1: 0.98907, macro_auc: 0.99286, micro_auc: 0.99286
[Thu Sep 10 22:11:53 2026|scalable_tgn_link_prediction.py|INFO] meta val epoch:17, loss: 0.14729,mrr:0.82720,  acc: 0.99393, ap: 0.98809, f1: 0.99393, macro_auc: 0.99433, micro_auc: 0.99433
[Thu Sep 10 22:11:53 2026|scalable_tgn_link_prediction.py|INFO] meta val epoch:17, loss: 0.12118,mrr:0.81697,  acc: 0.99296, ap: 0.98783, f1: 0.99296, macro_auc: 0.99366, micro_auc: 0.99366
[Thu Sep 10 22:11:53 2026|scalable_tgn_link_prediction.py|INFO] meta val epoch:17, loss: 0.15188,mrr:0.79838,  acc: 0.99102, ap: 0.98369, f1: 0.99101, macro_auc: 0.99184, micro_auc: 0.99184
[Thu Sep 10 22:11:53 2026|scalable_tgn_link_prediction.py|INFO] meta val epoch:17, loss: 0.22453,mrr:0.81594,  acc: 0.99296, ap: 0.98278, f1: 0.99296, macro_auc: 0.99228, micro_auc: 0.99228
[Thu Sep 10 22:11:53 2026|scalable_tgn_link_prediction.py|INFO] meta val epoch:17, loss: 0.15897,mrr:0.81425,  acc: 0.99162, ap: 0.98474, f1: 0.99162, macro_auc: 0.99252, micro_auc: 0.99252
[Thu Sep 10 22:11:53 2026|scalable_tgn_link_prediction.py|INFO] meta val epoch:17, loss: 0.20486,mrr:0.82412,  acc: 0.99102, ap: 0.98379, f1: 0.99101, macro_auc: 0.99211, micro_auc: 0.99211
[Thu Sep 10 22:11:54 2026|scalable_tgn_link_prediction.py|INFO] meta val epoch:17, loss: 0.17880,mrr:0.78523,  acc: 0.98919, ap: 0.98286, f1: 0.98919, macro_auc: 0.99100, micro_auc: 0.99100
[Thu Sep 10 22:11:54 2026|scalable_tgn_link_prediction.py|INFO] meta val epoch:17, loss: 0.14621,mrr:0.83066,  acc: 0.99429, ap: 0.98819, f1: 0.99429, macro_auc: 0.99442, micro_auc: 0.99442
[Thu Sep 10 22:11:54 2026|scalable_tgn_link_prediction.py|INFO] meta val epoch:17, loss: 0.10895,mrr:0.81195,  acc: 0.99344, ap: 0.99084, f1: 0.99344, macro_auc: 0.99525, micro_auc: 0.99525
[Thu Sep 10 22:11:54 2026|scalable_tgn_link_prediction.py|INFO] meta val epoch:17, loss: 0.11134,mrr:0.82980,  acc: 0.99186, ap: 0.98872, f1: 0.99186, macro_auc: 0.99407, micro_auc: 0.99407
[Thu Sep 10 22:11:54 2026|scalable_tgn_link_prediction.py|INFO] meta val epoch:17, loss: 0.09732,mrr:0.81442,  acc: 0.99102, ap: 0.98746, f1: 0.99101, macro_auc: 0.99339, micro_auc: 0.99339
[Thu Sep 10 22:12:07 2026|scalable_tgn_link_prediction.py|INFO] meta val epoch:18, loss: 0.09151,mrr:0.88735,  acc: 0.99466, ap: 0.99046, f1: 0.99466, macro_auc: 0.99520, micro_auc: 0.99520
[Thu Sep 10 22:12:07 2026|scalable_tgn_link_prediction.py|INFO] meta val epoch:18, loss: 0.11202,mrr:0.89196,  acc: 0.99502, ap: 0.99234, f1: 0.99502, macro_auc: 0.99630, micro_auc: 0.99630
[Thu Sep 10 22:12:07 2026|scalable_tgn_link_prediction.py|INFO] meta val epoch:18, loss: 0.26927,mrr:0.91277,  acc: 0.98944, ap: 0.97769, f1: 0.98944, macro_auc: 0.98887, micro_auc: 0.98887
[Thu Sep 10 22:12:07 2026|scalable_tgn_link_prediction.py|INFO] meta val epoch:18, loss: 0.11200,mrr:0.86057,  acc: 0.98956, ap: 0.99032, f1: 0.98956, macro_auc: 0.99494, micro_auc: 0.99494
[Thu Sep 10 22:12:07 2026|scalable_tgn_link_prediction.py|INFO] meta val epoch:18, loss: 0.13789,mrr:0.86591,  acc: 0.99478, ap: 0.98908, f1: 0.99478, macro_auc: 0.99488, micro_auc: 0.99488
[Thu Sep 10 22:12:08 2026|scalable_tgn_link_prediction.py|INFO] meta val epoch:18, loss: 0.10294,mrr:0.85056,  acc: 0.99417, ap: 0.99145, f1: 0.99417, macro_auc: 0.99562, micro_auc: 0.99562
[Thu Sep 10 22:12:08 2026|scalable_tgn_link_prediction.py|INFO] meta val epoch:18, loss: 0.13398,mrr:0.82498,  acc: 0.99162, ap: 0.98862, f1: 0.99162, macro_auc: 0.99445, micro_auc: 0.99445
[Thu Sep 10 22:12:08 2026|scalable_tgn_link_prediction.py|INFO] meta val epoch:18, loss: 0.21006,mrr:0.83370,  acc: 0.99308, ap: 0.98655, f1: 0.99308, macro_auc: 0.99415, micro_auc: 0.99415
[Thu Sep 10 22:12:08 2026|scalable_tgn_link_prediction.py|INFO] meta val epoch:18, loss: 0.14377,mrr:0.87121,  acc: 0.99223, ap: 0.98884, f1: 0.99223, macro_auc: 0.99454, micro_auc: 0.99454
[Thu Sep 10 22:12:08 2026|scalable_tgn_link_prediction.py|INFO] meta val epoch:18, loss: 0.19349,mrr:0.85894,  acc: 0.99199, ap: 0.98557, f1: 0.99199, macro_auc: 0.99312, micro_auc: 0.99312
[Thu Sep 10 22:12:08 2026|scalable_tgn_link_prediction.py|INFO] meta val epoch:18, loss: 0.16528,mrr:0.84487,  acc: 0.99029, ap: 0.98496, f1: 0.99029, macro_auc: 0.99195, micro_auc: 0.99195
[Thu Sep 10 22:12:08 2026|scalable_tgn_link_prediction.py|INFO] meta val epoch:18, loss: 0.13647,mrr:0.86360,  acc: 0.99393, ap: 0.99106, f1: 0.99393, macro_auc: 0.99598, micro_auc: 0.99598
[Thu Sep 10 22:12:09 2026|scalable_tgn_link_prediction.py|INFO] meta val epoch:18, loss: 0.10421,mrr:0.83237,  acc: 0.99369, ap: 0.99148, f1: 0.99369, macro_auc: 0.99554, micro_auc: 0.99554
[Thu Sep 10 22:12:09 2026|scalable_tgn_link_prediction.py|INFO] meta val epoch:18, loss: 0.09526,mrr:0.82118,  acc: 0.99235, ap: 0.99148, f1: 0.99235, macro_auc: 0.99550, micro_auc: 0.99550
[Thu Sep 10 22:12:09 2026|scalable_tgn_link_prediction.py|INFO] meta val epoch:18, loss: 0.07685,mrr:0.83660,  acc: 0.99126, ap: 0.99211, f1: 0.99126, macro_auc: 0.99547, micro_auc: 0.99547
[Thu Sep 10 22:12:22 2026|scalable_tgn_link_prediction.py|INFO] meta val epoch:19, loss: 0.09261,mrr:0.86867,  acc: 0.99369, ap: 0.99059, f1: 0.99369, macro_auc: 0.99523, micro_auc: 0.99523
[Thu Sep 10 22:12:23 2026|scalable_tgn_link_prediction.py|INFO] meta val epoch:19, loss: 0.11154,mrr:0.89365,  acc: 0.99393, ap: 0.99259, f1: 0.99393, macro_auc: 0.99651, micro_auc: 0.99651
[Thu Sep 10 22:12:23 2026|scalable_tgn_link_prediction.py|INFO] meta val epoch:19, loss: 0.26254,mrr:0.88499,  acc: 0.98822, ap: 0.97657, f1: 0.98822, macro_auc: 0.98894, micro_auc: 0.98894
[Thu Sep 10 22:12:23 2026|scalable_tgn_link_prediction.py|INFO] meta val epoch:19, loss: 0.09817,mrr:0.87636,  acc: 0.99211, ap: 0.99101, f1: 0.99211, macro_auc: 0.99526, micro_auc: 0.99526
[Thu Sep 10 22:12:23 2026|scalable_tgn_link_prediction.py|INFO] meta val epoch:19, loss: 0.10793,mrr:0.89387,  acc: 0.99320, ap: 0.98982, f1: 0.99320, macro_auc: 0.99531, micro_auc: 0.99531
[Thu Sep 10 22:12:23 2026|scalable_tgn_link_prediction.py|INFO] meta val epoch:19, loss: 0.10498,mrr:0.87006,  acc: 0.99284, ap: 0.99099, f1: 0.99284, macro_auc: 0.99549, micro_auc: 0.99549
[Thu Sep 10 22:12:23 2026|scalable_tgn_link_prediction.py|INFO] meta val epoch:19, loss: 0.09204,mrr:0.84471,  acc: 0.99089, ap: 0.99090, f1: 0.99089, macro_auc: 0.99534, micro_auc: 0.99534
[Thu Sep 10 22:12:23 2026|scalable_tgn_link_prediction.py|INFO] meta val epoch:19, loss: 0.17043,mrr:0.84248,  acc: 0.99186, ap: 0.98742, f1: 0.99186, macro_auc: 0.99442, micro_auc: 0.99442
[Thu Sep 10 22:12:23 2026|scalable_tgn_link_prediction.py|INFO] meta val epoch:19, loss: 0.12292,mrr:0.87060,  acc: 0.99138, ap: 0.99019, f1: 0.99138, macro_auc: 0.99516, micro_auc: 0.99516
[Thu Sep 10 22:12:24 2026|scalable_tgn_link_prediction.py|INFO] meta val epoch:19, loss: 0.17286,mrr:0.85984,  acc: 0.99162, ap: 0.98658, f1: 0.99162, macro_auc: 0.99362, micro_auc: 0.99362
[Thu Sep 10 22:12:24 2026|scalable_tgn_link_prediction.py|INFO] meta val epoch:19, loss: 0.16552,mrr:0.82484,  acc: 0.98944, ap: 0.98645, f1: 0.98944, macro_auc: 0.99282, micro_auc: 0.99282
[Thu Sep 10 22:12:24 2026|scalable_tgn_link_prediction.py|INFO] meta val epoch:19, loss: 0.12648,mrr:0.86218,  acc: 0.99344, ap: 0.99201, f1: 0.99344, macro_auc: 0.99651, micro_auc: 0.99651
[Thu Sep 10 22:12:24 2026|scalable_tgn_link_prediction.py|INFO] meta val epoch:19, loss: 0.10323,mrr:0.84162,  acc: 0.99320, ap: 0.99217, f1: 0.99320, macro_auc: 0.99601, micro_auc: 0.99601
[Thu Sep 10 22:12:24 2026|scalable_tgn_link_prediction.py|INFO] meta val epoch:19, loss: 0.09724,mrr:0.86219,  acc: 0.99089, ap: 0.99190, f1: 0.99089, macro_auc: 0.99572, micro_auc: 0.99572
[Thu Sep 10 22:12:24 2026|scalable_tgn_link_prediction.py|INFO] meta val epoch:19, loss: 0.06760,mrr:0.84434,  acc: 0.98968, ap: 0.99301, f1: 0.98968, macro_auc: 0.99580, micro_auc: 0.99580
[Thu Sep 10 22:12:38 2026|scalable_tgn_link_prediction.py|INFO] meta val epoch:20, loss: 0.11667,mrr:0.90005,  acc: 0.99344, ap: 0.99107, f1: 0.99344, macro_auc: 0.99551, micro_auc: 0.99551
[Thu Sep 10 22:12:38 2026|scalable_tgn_link_prediction.py|INFO] meta val epoch:20, loss: 0.13623,mrr:0.86831,  acc: 0.99332, ap: 0.99202, f1: 0.99332, macro_auc: 0.99627, micro_auc: 0.99627
[Thu Sep 10 22:12:38 2026|scalable_tgn_link_prediction.py|INFO] meta val epoch:20, loss: 0.31308,mrr:0.88396,  acc: 0.98810, ap: 0.97936, f1: 0.98810, macro_auc: 0.98996, micro_auc: 0.98996
[Thu Sep 10 22:12:38 2026|scalable_tgn_link_prediction.py|INFO] meta val epoch:20, loss: 0.10942,mrr:0.87582,  acc: 0.98834, ap: 0.99258, f1: 0.98834, macro_auc: 0.99616, micro_auc: 0.99616
[Thu Sep 10 22:12:38 2026|scalable_tgn_link_prediction.py|INFO] meta val epoch:20, loss: 0.13604,mrr:0.87144,  acc: 0.99296, ap: 0.99158, f1: 0.99296, macro_auc: 0.99628, micro_auc: 0.99628
[Thu Sep 10 22:12:38 2026|scalable_tgn_link_prediction.py|INFO] meta val epoch:20, loss: 0.10239,mrr:0.88197,  acc: 0.99259, ap: 0.99359, f1: 0.99259, macro_auc: 0.99680, micro_auc: 0.99680
[Thu Sep 10 22:12:38 2026|scalable_tgn_link_prediction.py|INFO] meta val epoch:20, loss: 0.13231,mrr:0.85585,  acc: 0.99089, ap: 0.99058, f1: 0.99089, macro_auc: 0.99541, micro_auc: 0.99541
[Thu Sep 10 22:12:39 2026|scalable_tgn_link_prediction.py|INFO] meta val epoch:20, loss: 0.21010,mrr:0.86479,  acc: 0.99162, ap: 0.98768, f1: 0.99162, macro_auc: 0.99483, micro_auc: 0.99483
[Thu Sep 10 22:12:39 2026|scalable_tgn_link_prediction.py|INFO] meta val epoch:20, loss: 0.14159,mrr:0.84304,  acc: 0.99174, ap: 0.99084, f1: 0.99174, macro_auc: 0.99572, micro_auc: 0.99572
[Thu Sep 10 22:12:39 2026|scalable_tgn_link_prediction.py|INFO] meta val epoch:20, loss: 0.19247,mrr:0.83154,  acc: 0.99114, ap: 0.98695, f1: 0.99114, macro_auc: 0.99403, micro_auc: 0.99403
[Thu Sep 10 22:12:39 2026|scalable_tgn_link_prediction.py|INFO] meta val epoch:20, loss: 0.16659,mrr:0.86773,  acc: 0.98907, ap: 0.98616, f1: 0.98907, macro_auc: 0.99273, micro_auc: 0.99273
[Thu Sep 10 22:12:39 2026|scalable_tgn_link_prediction.py|INFO] meta val epoch:20, loss: 0.13424,mrr:0.86346,  acc: 0.99344, ap: 0.99208, f1: 0.99344, macro_auc: 0.99660, micro_auc: 0.99660
[Thu Sep 10 22:12:39 2026|scalable_tgn_link_prediction.py|INFO] meta val epoch:20, loss: 0.10367,mrr:0.82786,  acc: 0.99344, ap: 0.99146, f1: 0.99344, macro_auc: 0.99563, micro_auc: 0.99563
[Thu Sep 10 22:12:39 2026|scalable_tgn_link_prediction.py|INFO] meta val epoch:20, loss: 0.09737,mrr:0.85239,  acc: 0.99138, ap: 0.99170, f1: 0.99138, macro_auc: 0.99567, micro_auc: 0.99567
[Thu Sep 10 22:12:40 2026|scalable_tgn_link_prediction.py|INFO] meta val epoch:20, loss: 0.07743,mrr:0.86164,  acc: 0.98992, ap: 0.99315, f1: 0.98992, macro_auc: 0.99605, micro_auc: 0.99605
[Thu Sep 10 22:12:53 2026|scalable_tgn_link_prediction.py|INFO] meta val epoch:21, loss: 0.09131,mrr:0.88632,  acc: 0.99405, ap: 0.99104, f1: 0.99405, macro_auc: 0.99544, micro_auc: 0.99544
[Thu Sep 10 22:12:53 2026|scalable_tgn_link_prediction.py|INFO] meta val epoch:21, loss: 0.12192,mrr:0.89278,  acc: 0.99429, ap: 0.99274, f1: 0.99429, macro_auc: 0.99665, micro_auc: 0.99665
[Thu Sep 10 22:12:53 2026|scalable_tgn_link_prediction.py|INFO] meta val epoch:21, loss: 0.26858,mrr:0.90083,  acc: 0.98834, ap: 0.97912, f1: 0.98834, macro_auc: 0.98995, micro_auc: 0.98995
[Thu Sep 10 22:12:53 2026|scalable_tgn_link_prediction.py|INFO] meta val epoch:21, loss: 0.11000,mrr:0.87418,  acc: 0.99017, ap: 0.99200, f1: 0.99016, macro_auc: 0.99592, micro_auc: 0.99592
[Thu Sep 10 22:12:53 2026|scalable_tgn_link_prediction.py|INFO] meta val epoch:21, loss: 0.12351,mrr:0.85966,  acc: 0.99417, ap: 0.99202, f1: 0.99417, macro_auc: 0.99638, micro_auc: 0.99638
[Thu Sep 10 22:12:53 2026|scalable_tgn_link_prediction.py|INFO] meta val epoch:21, loss: 0.10303,mrr:0.87649,  acc: 0.99247, ap: 0.99336, f1: 0.99247, macro_auc: 0.99662, micro_auc: 0.99662
[Thu Sep 10 22:12:54 2026|scalable_tgn_link_prediction.py|INFO] meta val epoch:21, loss: 0.13319,mrr:0.85362,  acc: 0.99199, ap: 0.98927, f1: 0.99199, macro_auc: 0.99469, micro_auc: 0.99469
[Thu Sep 10 22:12:54 2026|scalable_tgn_link_prediction.py|INFO] meta val epoch:21, loss: 0.21056,mrr:0.83788,  acc: 0.99223, ap: 0.98770, f1: 0.99223, macro_auc: 0.99485, micro_auc: 0.99485
[Thu Sep 10 22:12:54 2026|scalable_tgn_link_prediction.py|INFO] meta val epoch:21, loss: 0.14357,mrr:0.86151,  acc: 0.99186, ap: 0.99023, f1: 0.99186, macro_auc: 0.99539, micro_auc: 0.99539
[Thu Sep 10 22:12:54 2026|scalable_tgn_link_prediction.py|INFO] meta val epoch:21, loss: 0.18166,mrr:0.84254,  acc: 0.99199, ap: 0.98626, f1: 0.99199, macro_auc: 0.99337, micro_auc: 0.99337
[Thu Sep 10 22:12:54 2026|scalable_tgn_link_prediction.py|INFO] meta val epoch:21, loss: 0.16535,mrr:0.84155,  acc: 0.98992, ap: 0.98563, f1: 0.98992, macro_auc: 0.99246, micro_auc: 0.99246
[Thu Sep 10 22:12:54 2026|scalable_tgn_link_prediction.py|INFO] meta val epoch:21, loss: 0.13582,mrr:0.85131,  acc: 0.99381, ap: 0.99165, f1: 0.99381, macro_auc: 0.99625, micro_auc: 0.99625
[Thu Sep 10 22:12:54 2026|scalable_tgn_link_prediction.py|INFO] meta val epoch:21, loss: 0.10213,mrr:0.83300,  acc: 0.99344, ap: 0.99257, f1: 0.99344, macro_auc: 0.99623, micro_auc: 0.99623
[Thu Sep 10 22:12:55 2026|scalable_tgn_link_prediction.py|INFO] meta val epoch:21, loss: 0.09504,mrr:0.84548,  acc: 0.99174, ap: 0.99243, f1: 0.99174, macro_auc: 0.99602, micro_auc: 0.99602
[Thu Sep 10 22:12:55 2026|scalable_tgn_link_prediction.py|INFO] meta val epoch:21, loss: 0.07491,mrr:0.84070,  acc: 0.99150, ap: 0.99345, f1: 0.99150, macro_auc: 0.99621, micro_auc: 0.99621
[Thu Sep 10 22:13:08 2026|scalable_tgn_link_prediction.py|INFO] meta val epoch:22, loss: 0.09668,mrr:0.90262,  acc: 0.99393, ap: 0.99203, f1: 0.99393, macro_auc: 0.99573, micro_auc: 0.99573
[Thu Sep 10 22:13:08 2026|scalable_tgn_link_prediction.py|INFO] meta val epoch:22, loss: 0.11403,mrr:0.88445,  acc: 0.99441, ap: 0.99294, f1: 0.99441, macro_auc: 0.99651, micro_auc: 0.99651
[Thu Sep 10 22:13:08 2026|scalable_tgn_link_prediction.py|INFO] meta val epoch:22, loss: 0.27119,mrr:0.88718,  acc: 0.98871, ap: 0.98019, f1: 0.98871, macro_auc: 0.98997, micro_auc: 0.98997
[Thu Sep 10 22:13:08 2026|scalable_tgn_link_prediction.py|INFO] meta val epoch:22, loss: 0.11441,mrr:0.86438,  acc: 0.99004, ap: 0.99119, f1: 0.99004, macro_auc: 0.99521, micro_auc: 0.99521
[Thu Sep 10 22:13:09 2026|scalable_tgn_link_prediction.py|INFO] meta val epoch:22, loss: 0.12640,mrr:0.86954,  acc: 0.99393, ap: 0.99207, f1: 0.99393, macro_auc: 0.99634, micro_auc: 0.99634
[Thu Sep 10 22:13:09 2026|scalable_tgn_link_prediction.py|INFO] meta val epoch:22, loss: 0.10664,mrr:0.88703,  acc: 0.99344, ap: 0.99302, f1: 0.99344, macro_auc: 0.99642, micro_auc: 0.99642
[Thu Sep 10 22:13:09 2026|scalable_tgn_link_prediction.py|INFO] meta val epoch:22, loss: 0.13729,mrr:0.82344,  acc: 0.99138, ap: 0.99055, f1: 0.99138, macro_auc: 0.99535, micro_auc: 0.99535
[Thu Sep 10 22:13:09 2026|scalable_tgn_link_prediction.py|INFO] meta val epoch:22, loss: 0.21531,mrr:0.88323,  acc: 0.99223, ap: 0.98665, f1: 0.99223, macro_auc: 0.99422, micro_auc: 0.99422
[Thu Sep 10 22:13:09 2026|scalable_tgn_link_prediction.py|INFO] meta val epoch:22, loss: 0.14667,mrr:0.85961,  acc: 0.99126, ap: 0.99072, f1: 0.99126, macro_auc: 0.99558, micro_auc: 0.99558
[Thu Sep 10 22:13:09 2026|scalable_tgn_link_prediction.py|INFO] meta val epoch:22, loss: 0.18552,mrr:0.87871,  acc: 0.99211, ap: 0.98799, f1: 0.99211, macro_auc: 0.99444, micro_auc: 0.99444
[Thu Sep 10 22:13:10 2026|scalable_tgn_link_prediction.py|INFO] meta val epoch:22, loss: 0.17430,mrr:0.85892,  acc: 0.98992, ap: 0.98606, f1: 0.98992, macro_auc: 0.99255, micro_auc: 0.99255
[Thu Sep 10 22:13:10 2026|scalable_tgn_link_prediction.py|INFO] meta val epoch:22, loss: 0.12412,mrr:0.84010,  acc: 0.99429, ap: 0.99265, f1: 0.99429, macro_auc: 0.99671, micro_auc: 0.99671
[Thu Sep 10 22:13:10 2026|scalable_tgn_link_prediction.py|INFO] meta val epoch:22, loss: 0.10659,mrr:0.84015,  acc: 0.99332, ap: 0.99255, f1: 0.99332, macro_auc: 0.99623, micro_auc: 0.99623
[Thu Sep 10 22:13:10 2026|scalable_tgn_link_prediction.py|INFO] meta val epoch:22, loss: 0.10304,mrr:0.85217,  acc: 0.99114, ap: 0.99217, f1: 0.99114, macro_auc: 0.99594, micro_auc: 0.99594
[Thu Sep 10 22:13:10 2026|scalable_tgn_link_prediction.py|INFO] meta val epoch:22, loss: 0.08527,mrr:0.81768,  acc: 0.99004, ap: 0.99203, f1: 0.99004, macro_auc: 0.99544, micro_auc: 0.99544
[Thu Sep 10 22:13:23 2026|scalable_tgn_link_prediction.py|INFO] meta val epoch:23, loss: 0.09150,mrr:0.89378,  acc: 0.99381, ap: 0.99166, f1: 0.99381, macro_auc: 0.99575, micro_auc: 0.99575
[Thu Sep 10 22:13:24 2026|scalable_tgn_link_prediction.py|INFO] meta val epoch:23, loss: 0.11246,mrr:0.89026,  acc: 0.99417, ap: 0.99251, f1: 0.99417, macro_auc: 0.99643, micro_auc: 0.99643
[Thu Sep 10 22:13:24 2026|scalable_tgn_link_prediction.py|INFO] meta val epoch:23, loss: 0.26850,mrr:0.88863,  acc: 0.98859, ap: 0.97927, f1: 0.98859, macro_auc: 0.98971, micro_auc: 0.98971
[Thu Sep 10 22:13:24 2026|scalable_tgn_link_prediction.py|INFO] meta val epoch:23, loss: 0.10769,mrr:0.88181,  acc: 0.99065, ap: 0.99206, f1: 0.99065, macro_auc: 0.99584, micro_auc: 0.99584
[Thu Sep 10 22:13:24 2026|scalable_tgn_link_prediction.py|INFO] meta val epoch:23, loss: 0.13611,mrr:0.87486,  acc: 0.99344, ap: 0.99139, f1: 0.99344, macro_auc: 0.99612, micro_auc: 0.99612
[Thu Sep 10 22:13:24 2026|scalable_tgn_link_prediction.py|INFO] meta val epoch:23, loss: 0.10292,mrr:0.88207,  acc: 0.99296, ap: 0.99344, f1: 0.99296, macro_auc: 0.99668, micro_auc: 0.99668
[Thu Sep 10 22:13:24 2026|scalable_tgn_link_prediction.py|INFO] meta val epoch:23, loss: 0.13233,mrr:0.85028,  acc: 0.99174, ap: 0.99022, f1: 0.99174, macro_auc: 0.99518, micro_auc: 0.99518
[Thu Sep 10 22:13:24 2026|scalable_tgn_link_prediction.py|INFO] meta val epoch:23, loss: 0.20941,mrr:0.85136,  acc: 0.99247, ap: 0.98756, f1: 0.99247, macro_auc: 0.99473, micro_auc: 0.99473
[Thu Sep 10 22:13:24 2026|scalable_tgn_link_prediction.py|INFO] meta val epoch:23, loss: 0.14269,mrr:0.86790,  acc: 0.99174, ap: 0.99066, f1: 0.99174, macro_auc: 0.99562, micro_auc: 0.99562
[Thu Sep 10 22:13:25 2026|scalable_tgn_link_prediction.py|INFO] meta val epoch:23, loss: 0.19202,mrr:0.87004,  acc: 0.99150, ap: 0.98723, f1: 0.99150, macro_auc: 0.99411, micro_auc: 0.99411
[Thu Sep 10 22:13:25 2026|scalable_tgn_link_prediction.py|INFO] meta val epoch:23, loss: 0.16481,mrr:0.86308,  acc: 0.99029, ap: 0.98630, f1: 0.99029, macro_auc: 0.99277, micro_auc: 0.99277
[Thu Sep 10 22:13:25 2026|scalable_tgn_link_prediction.py|INFO] meta val epoch:23, loss: 0.13324,mrr:0.82009,  acc: 0.99405, ap: 0.99269, f1: 0.99405, macro_auc: 0.99697, micro_auc: 0.99697
[Thu Sep 10 22:13:25 2026|scalable_tgn_link_prediction.py|INFO] meta val epoch:23, loss: 0.10172,mrr:0.85762,  acc: 0.99356, ap: 0.99233, f1: 0.99356, macro_auc: 0.99609, micro_auc: 0.99609
[Thu Sep 10 22:13:25 2026|scalable_tgn_link_prediction.py|INFO] meta val epoch:23, loss: 0.09731,mrr:0.85337,  acc: 0.99174, ap: 0.99202, f1: 0.99174, macro_auc: 0.99578, micro_auc: 0.99578
[Thu Sep 10 22:13:25 2026|scalable_tgn_link_prediction.py|INFO] meta val epoch:23, loss: 0.07593,mrr:0.87846,  acc: 0.99053, ap: 0.99353, f1: 0.99053, macro_auc: 0.99624, micro_auc: 0.99624
[Thu Sep 10 22:13:39 2026|scalable_tgn_link_prediction.py|INFO] meta val epoch:24, loss: 0.20744,mrr:0.82459,  acc: 0.99417, ap: 0.98937, f1: 0.99417, macro_auc: 0.99502, micro_auc: 0.99502
[Thu Sep 10 22:13:39 2026|scalable_tgn_link_prediction.py|INFO] meta val epoch:24, loss: 0.20332,mrr:0.78232,  acc: 0.99417, ap: 0.99092, f1: 0.99417, macro_auc: 0.99580, micro_auc: 0.99580
[Thu Sep 10 22:13:39 2026|scalable_tgn_link_prediction.py|INFO] meta val epoch:24, loss: 0.39680,mrr:0.78583,  acc: 0.98871, ap: 0.98039, f1: 0.98871, macro_auc: 0.98979, micro_auc: 0.98979
[Thu Sep 10 22:13:39 2026|scalable_tgn_link_prediction.py|INFO] meta val epoch:24, loss: 0.26869,mrr:0.79303,  acc: 0.98944, ap: 0.98761, f1: 0.98944, macro_auc: 0.99441, micro_auc: 0.99441
[Thu Sep 10 22:13:39 2026|scalable_tgn_link_prediction.py|INFO] meta val epoch:24, loss: 0.17914,mrr:0.76792,  acc: 0.99490, ap: 0.99180, f1: 0.99490, macro_auc: 0.99614, micro_auc: 0.99614
[Thu Sep 10 22:13:39 2026|scalable_tgn_link_prediction.py|INFO] meta val epoch:24, loss: 0.26194,mrr:0.78723,  acc: 0.99344, ap: 0.98885, f1: 0.99344, macro_auc: 0.99505, micro_auc: 0.99505
[Thu Sep 10 22:13:39 2026|scalable_tgn_link_prediction.py|INFO] meta val epoch:24, loss: 0.33971,mrr:0.79573,  acc: 0.99186, ap: 0.98445, f1: 0.99186, macro_auc: 0.99320, micro_auc: 0.99320
[Thu Sep 10 22:13:39 2026|scalable_tgn_link_prediction.py|INFO] meta val epoch:24, loss: 0.34686,mrr:0.78025,  acc: 0.99308, ap: 0.98469, f1: 0.99308, macro_auc: 0.99336, micro_auc: 0.99336
[Thu Sep 10 22:13:40 2026|scalable_tgn_link_prediction.py|INFO] meta val epoch:24, loss: 0.30231,mrr:0.74039,  acc: 0.99271, ap: 0.98645, f1: 0.99271, macro_auc: 0.99399, micro_auc: 0.99399
[Thu Sep 10 22:13:40 2026|scalable_tgn_link_prediction.py|INFO] meta val epoch:24, loss: 0.30342,mrr:0.74470,  acc: 0.99223, ap: 0.98653, f1: 0.99223, macro_auc: 0.99383, micro_auc: 0.99383
[Thu Sep 10 22:13:40 2026|scalable_tgn_link_prediction.py|INFO] meta val epoch:24, loss: 0.27914,mrr:0.78099,  acc: 0.99089, ap: 0.98482, f1: 0.99089, macro_auc: 0.99216, micro_auc: 0.99216
[Thu Sep 10 22:13:40 2026|scalable_tgn_link_prediction.py|INFO] meta val epoch:24, loss: 0.27040,mrr:0.77860,  acc: 0.99454, ap: 0.98852, f1: 0.99454, macro_auc: 0.99508, micro_auc: 0.99508
[Thu Sep 10 22:13:40 2026|scalable_tgn_link_prediction.py|INFO] meta val epoch:24, loss: 0.19277,mrr:0.77504,  acc: 0.99381, ap: 0.99079, f1: 0.99381, macro_auc: 0.99558, micro_auc: 0.99558
[Thu Sep 10 22:13:40 2026|scalable_tgn_link_prediction.py|INFO] meta val epoch:24, loss: 0.26640,mrr:0.77332,  acc: 0.99320, ap: 0.98791, f1: 0.99320, macro_auc: 0.99451, micro_auc: 0.99451
[Thu Sep 10 22:13:41 2026|scalable_tgn_link_prediction.py|INFO] meta val epoch:24, loss: 0.28318,mrr:0.76634,  acc: 0.99162, ap: 0.98677, f1: 0.99162, macro_auc: 0.99388, micro_auc: 0.99388
[Thu Sep 10 22:13:41 2026|scalable_tgn_link_prediction.py|INFO] test epoch:24, loss: 0.03652,mrr:0.90314, acc: 0.99150, ap: 0.99564, f1: 0.99150, macro_auc: 0.99700, micro_auc: 0.99700
[Thu Sep 10 22:13:41 2026|scalable_tgn_link_prediction.py|INFO] test epoch:24, loss: 0.05382,mrr:0.88278, acc: 0.98677, ap: 0.99332, f1: 0.98676, macro_auc: 0.99521, micro_auc: 0.99521
[Thu Sep 10 22:13:41 2026|scalable_tgn_link_prediction.py|INFO] test epoch:24, loss: 0.04010,mrr:0.91709, acc: 0.98968, ap: 0.99492, f1: 0.98968, macro_auc: 0.99695, micro_auc: 0.99695
[Thu Sep 10 22:13:41 2026|scalable_tgn_link_prediction.py|INFO] test epoch:24, loss: 0.04472,mrr:0.92002, acc: 0.99029, ap: 0.99362, f1: 0.99029, macro_auc: 0.99628, micro_auc: 0.99628
[Thu Sep 10 22:13:41 2026|scalable_tgn_link_prediction.py|INFO] test epoch:24, loss: 0.05200,mrr:0.89233, acc: 0.98871, ap: 0.99233, f1: 0.98871, macro_auc: 0.99534, micro_auc: 0.99534
[Thu Sep 10 22:13:41 2026|scalable_tgn_link_prediction.py|INFO] test epoch:24, loss: 0.03803,mrr:0.90889, acc: 0.99138, ap: 0.99416, f1: 0.99138, macro_auc: 0.99639, micro_auc: 0.99639
[Thu Sep 10 22:13:42 2026|scalable_tgn_link_prediction.py|INFO] test epoch:24, loss: 0.04509,mrr:0.89673, acc: 0.98847, ap: 0.99403, f1: 0.98846, macro_auc: 0.99636, micro_auc: 0.99636
[Thu Sep 10 22:13:42 2026|scalable_tgn_link_prediction.py|INFO] test epoch:24, loss: 0.04196,mrr:0.88972, acc: 0.99053, ap: 0.99487, f1: 0.99053, macro_auc: 0.99679, micro_auc: 0.99679
[Thu Sep 10 22:13:42 2026|scalable_tgn_link_prediction.py|INFO] test epoch:24, loss: 0.03781,mrr:0.90722, acc: 0.99017, ap: 0.99654, f1: 0.99016, macro_auc: 0.99758, micro_auc: 0.99758
[Thu Sep 10 22:13:42 2026|scalable_tgn_link_prediction.py|INFO] test epoch:24, loss: 0.32912,mrr:0.91790, acc: 0.94378, ap: 0.95322, f1: 0.94370, macro_auc: 0.92916, micro_auc: 0.92916
[Thu Sep 10 22:13:42 2026|scalable_tgn_link_prediction.py|INFO] test epoch:24, loss: 0.25001,mrr:0.85239, acc: 0.90068, ap: 0.98517, f1: 0.90003, macro_auc: 0.98850, micro_auc: 0.98850
[Thu Sep 10 22:13:42 2026|scalable_tgn_link_prediction.py|INFO] test epoch:24, loss: 0.05059,mrr:0.85964, acc: 0.98907, ap: 0.99357, f1: 0.98907, macro_auc: 0.99572, micro_auc: 0.99572
[Thu Sep 10 22:13:42 2026|scalable_tgn_link_prediction.py|INFO] test epoch:24, loss: 0.07405,mrr:0.89837, acc: 0.98871, ap: 0.99199, f1: 0.98871, macro_auc: 0.99516, micro_auc: 0.99516
[Thu Sep 10 22:13:43 2026|scalable_tgn_link_prediction.py|INFO] test epoch:24, loss: 0.04318,mrr:0.93328, acc: 0.98980, ap: 0.99599, f1: 0.98980, macro_auc: 0.99709, micro_auc: 0.99709
[Thu Sep 10 22:13:43 2026|scalable_tgn_link_prediction.py|INFO] test epoch:24, loss: 0.06295,mrr:0.91170, acc: 0.98648, ap: 0.99402, f1: 0.98647, macro_auc: 0.99610, micro_auc: 0.99610
[Thu Sep 10 22:13:43 2026|scalable_tgn_link_prediction.py|INFO] {'avg_mrr': 0.8994035915229106}
[Thu Sep 10 22:13:43 2026|scalable_tgn_link_prediction.py|INFO] {'avg_acc': 0.9803950161214536}
[Thu Sep 10 22:13:43 2026|scalable_tgn_link_prediction.py|INFO] {'avg_auc': 0.9913053418862862}
[Thu Sep 10 22:13:43 2026|scalable_tgn_link_prediction.py|INFO] {'avg_rcall10': 0.9996353039083807}
[Thu Sep 10 22:13:43 2026|scalable_tgn_link_prediction.py|INFO] {'avg_ap': 0.9908907951505415}
[Thu Sep 10 22:13:43 2026|scalable_tgn_main_link_prediction.py|INFO] All accuracy: 0.9803950161214536
[Thu Sep 10 22:13:43 2026|scalable_tgn_main_link_prediction.py|INFO] All AUC: 0.9913053418862862
[Thu Sep 10 22:13:43 2026|scalable_tgn_main_link_prediction.py|INFO] All MRR: 0.8994035915229106
[Thu Sep 10 22:13:43 2026|scalable_tgn_main_link_prediction.py|INFO] All time: 390.69295930862427
Total number of transformer parameters is: 55364
Total number of predit_layer parameters is: 641
56005
train steps: 70, val steps 15, test steps 15 
0
1
2
3
4
5
6
7
8
9
10
11
12
13
14
15
16
17
18
19
20
21
22
23
24
25
26
27
28
29
30
31
32
33
34
35
36
37
38
39
40
41
42
43
44
45
46
47
48
49
50
51
52
53
54
55
56
57
58
59
60
61
62
63
64
65
66
67
68
69
0
1
2
3
4
5
6
7
8
9
10
11
12
13
14
0
1
2
3
4
5
6
7
8
9
10
11
12
13
14
elapsed time:7.681057453155518s
13.3177490234375
2.119367837905884
15
13.356460094451904
2.121734142303467
15
12.860732078552246
2.1244354248046875
15
12.78968358039856
2.079555034637451
15
13.135845422744751
2.1397228240966797
15
12.904656410217285
2.149724245071411
15
13.150021076202393
2.090773105621338
15
13.149674654006958
2.0928845405578613
15
12.976206541061401
2.105131149291992
15
12.934863567352295
2.145705223083496
15
12.824301481246948
2.1373555660247803
15
12.863616943359375
2.1046557426452637
15
12.977621078491211
2.080040216445923
15
12.942281723022461
2.0841856002807617
15
12.861168622970581
2.1349031925201416
15
13.24701976776123
2.1057398319244385
15
12.961492538452148
2.107254981994629
15
12.74968695640564
2.0986897945404053
15
12.722633600234985
2.1214141845703125
15
13.33393120765686
2.123640298843384
15
13.033696413040161
2.1003968715667725
15
13.075880289077759
2.133457660675049
15
13.214462280273438
2.158050775527954
15
13.113130331039429
2.101553440093994
15
13.031379222869873
2.1432042121887207
15
0
1
2
3
4
5
6
7
8
9
10
11
12
13
14
388.280517578125
[repro] finished_at=2026-09-10T22:13:43+08:00
