[repro] started_at=2026-09-10T22:18:04+08:00
[repro] repo_commit=28ca94a06771c46073b650de3daa95e0939342ba
[repro] tracked_patch_sha256=5ce31e5275df2683438b11432c07f103169577b1061425c30312c265d9c6a0fc
[repro] patch_stat= scalable_tgn_link_prediction.py      | 14 ++++++++++++--
[repro] patch_stat= scalable_tgn_main_link_prediction.py |  9 ++++-----
[repro] patch_stat= 2 files changed, 16 insertions(+), 7 deletions(-)
[repro] dataset=mooc gpu=0 env=scadyg
[repro] command=python scalable_tgn_main_link_prediction.py --dataset mooc --cuda_device 0 --seed 4
[repro] torch=2.2.1+cu121 pyg=2.8.0.post1 dgl=2.2.1+cu121
[repro] cuda=True gpu_count=1
[repro] gpu_name=NVIDIA GeForce RTX 3090
0it [00:00, ?it/s]91it [00:00, 905.02it/s]100it [00:00, 903.95it/s]
0it [00:00, ?it/s]7it [00:00, 61.53it/s]14it [00:00, 44.43it/s]21it [00:00, 51.09it/s]27it [00:00, 43.75it/s]34it [00:00, 49.18it/s]40it [00:00, 43.45it/s]47it [00:00, 48.47it/s]53it [00:01, 43.40it/s]60it [00:01, 48.18it/s]66it [00:01, 42.83it/s]73it [00:01, 47.49it/s]79it [00:01, 42.97it/s]86it [00:01, 47.63it/s]93it [00:02, 43.84it/s]100it [00:02, 48.30it/s]100it [00:02, 46.52it/s]
[Thu Sep 10 22:18:33 2026|scalable_tgn_link_prediction.py|INFO] meta val epoch:0, loss: 0.62927,mrr:0.64933,  acc: 0.99114, ap: 0.98732, f1: 0.99114, macro_auc: 0.99357, micro_auc: 0.99357
[Thu Sep 10 22:18:33 2026|scalable_tgn_link_prediction.py|INFO] meta val epoch:0, loss: 0.43046,mrr:0.63813,  acc: 0.99381, ap: 0.99168, f1: 0.99381, macro_auc: 0.99580, micro_auc: 0.99580
[Thu Sep 10 22:18:33 2026|scalable_tgn_link_prediction.py|INFO] meta val epoch:0, loss: 0.62534,mrr:0.63339,  acc: 0.98895, ap: 0.98575, f1: 0.98895, macro_auc: 0.99108, micro_auc: 0.99108
[Thu Sep 10 22:18:34 2026|scalable_tgn_link_prediction.py|INFO] meta val epoch:0, loss: 0.48135,mrr:0.64423,  acc: 0.98932, ap: 0.99067, f1: 0.98932, macro_auc: 0.99526, micro_auc: 0.99526
[Thu Sep 10 22:18:34 2026|scalable_tgn_link_prediction.py|INFO] meta val epoch:0, loss: 0.73358,mrr:0.65489,  acc: 0.99029, ap: 0.98579, f1: 0.99029, macro_auc: 0.99279, micro_auc: 0.99279
[Thu Sep 10 22:18:34 2026|scalable_tgn_link_prediction.py|INFO] meta val epoch:0, loss: 0.48853,mrr:0.63749,  acc: 0.99271, ap: 0.99062, f1: 0.99271, macro_auc: 0.99526, micro_auc: 0.99526
[Thu Sep 10 22:18:34 2026|scalable_tgn_link_prediction.py|INFO] meta val epoch:0, loss: 0.45386,mrr:0.64810,  acc: 0.99308, ap: 0.99133, f1: 0.99308, macro_auc: 0.99563, micro_auc: 0.99563
[Thu Sep 10 22:18:34 2026|scalable_tgn_link_prediction.py|INFO] meta val epoch:0, loss: 0.55060,mrr:0.61468,  acc: 0.99186, ap: 0.98943, f1: 0.99186, macro_auc: 0.99466, micro_auc: 0.99466
[Thu Sep 10 22:18:34 2026|scalable_tgn_link_prediction.py|INFO] meta val epoch:0, loss: 0.55328,mrr:0.61974,  acc: 0.99150, ap: 0.98943, f1: 0.99150, macro_auc: 0.99466, micro_auc: 0.99466
[Thu Sep 10 22:18:34 2026|scalable_tgn_link_prediction.py|INFO] meta val epoch:0, loss: 0.68343,mrr:0.61159,  acc: 0.99138, ap: 0.98682, f1: 0.99138, macro_auc: 0.99332, micro_auc: 0.99332
[Thu Sep 10 22:18:35 2026|scalable_tgn_link_prediction.py|INFO] meta val epoch:0, loss: 0.53154,mrr:0.62249,  acc: 0.99102, ap: 0.98901, f1: 0.99101, macro_auc: 0.99383, micro_auc: 0.99383
[Thu Sep 10 22:18:35 2026|scalable_tgn_link_prediction.py|INFO] meta val epoch:0, loss: 0.58432,mrr:0.62053,  acc: 0.99308, ap: 0.98860, f1: 0.99308, macro_auc: 0.99408, micro_auc: 0.99408
[Thu Sep 10 22:18:35 2026|scalable_tgn_link_prediction.py|INFO] meta val epoch:0, loss: 0.43086,mrr:0.61124,  acc: 0.99344, ap: 0.99181, f1: 0.99344, macro_auc: 0.99587, micro_auc: 0.99587
[Thu Sep 10 22:18:35 2026|scalable_tgn_link_prediction.py|INFO] meta val epoch:0, loss: 0.49556,mrr:0.61317,  acc: 0.99174, ap: 0.99062, f1: 0.99174, macro_auc: 0.99526, micro_auc: 0.99526
[Thu Sep 10 22:18:35 2026|scalable_tgn_link_prediction.py|INFO] meta val epoch:0, loss: 0.61583,mrr:0.62973,  acc: 0.99089, ap: 0.98767, f1: 0.99089, macro_auc: 0.99299, micro_auc: 0.99299
[Thu Sep 10 22:18:49 2026|scalable_tgn_link_prediction.py|INFO] meta val epoch:1, loss: 0.49770,mrr:0.71219,  acc: 0.99138, ap: 0.98925, f1: 0.99138, macro_auc: 0.99447, micro_auc: 0.99447
[Thu Sep 10 22:18:49 2026|scalable_tgn_link_prediction.py|INFO] meta val epoch:1, loss: 0.40784,mrr:0.67171,  acc: 0.99356, ap: 0.99160, f1: 0.99356, macro_auc: 0.99577, micro_auc: 0.99577
[Thu Sep 10 22:18:49 2026|scalable_tgn_link_prediction.py|INFO] meta val epoch:1, loss: 0.60231,mrr:0.66189,  acc: 0.98895, ap: 0.98585, f1: 0.98895, macro_auc: 0.99103, micro_auc: 0.99103
[Thu Sep 10 22:18:49 2026|scalable_tgn_link_prediction.py|INFO] meta val epoch:1, loss: 0.48300,mrr:0.65605,  acc: 0.98919, ap: 0.99041, f1: 0.98919, macro_auc: 0.99511, micro_auc: 0.99511
[Thu Sep 10 22:18:49 2026|scalable_tgn_link_prediction.py|INFO] meta val epoch:1, loss: 0.65845,mrr:0.66797,  acc: 0.99053, ap: 0.98699, f1: 0.99053, macro_auc: 0.99340, micro_auc: 0.99340
[Thu Sep 10 22:18:49 2026|scalable_tgn_link_prediction.py|INFO] meta val epoch:1, loss: 0.46774,mrr:0.65162,  acc: 0.99247, ap: 0.99087, f1: 0.99247, macro_auc: 0.99539, micro_auc: 0.99539
[Thu Sep 10 22:18:49 2026|scalable_tgn_link_prediction.py|INFO] meta val epoch:1, loss: 0.45388,mrr:0.64415,  acc: 0.99320, ap: 0.99122, f1: 0.99320, macro_auc: 0.99557, micro_auc: 0.99557
[Thu Sep 10 22:18:50 2026|scalable_tgn_link_prediction.py|INFO] meta val epoch:1, loss: 0.51917,mrr:0.63083,  acc: 0.99162, ap: 0.99006, f1: 0.99162, macro_auc: 0.99498, micro_auc: 0.99498
[Thu Sep 10 22:18:50 2026|scalable_tgn_link_prediction.py|INFO] meta val epoch:1, loss: 0.54147,mrr:0.62557,  acc: 0.99162, ap: 0.98960, f1: 0.99162, macro_auc: 0.99475, micro_auc: 0.99475
[Thu Sep 10 22:18:50 2026|scalable_tgn_link_prediction.py|INFO] meta val epoch:1, loss: 0.65182,mrr:0.63863,  acc: 0.99077, ap: 0.98723, f1: 0.99077, macro_auc: 0.99353, micro_auc: 0.99353
[Thu Sep 10 22:18:50 2026|scalable_tgn_link_prediction.py|INFO] meta val epoch:1, loss: 0.45793,mrr:0.65167,  acc: 0.99077, ap: 0.99050, f1: 0.99077, macro_auc: 0.99455, micro_auc: 0.99455
[Thu Sep 10 22:18:50 2026|scalable_tgn_link_prediction.py|INFO] meta val epoch:1, loss: 0.58521,mrr:0.63907,  acc: 0.99211, ap: 0.98867, f1: 0.99211, macro_auc: 0.99425, micro_auc: 0.99425
[Thu Sep 10 22:18:50 2026|scalable_tgn_link_prediction.py|INFO] meta val epoch:1, loss: 0.42992,mrr:0.64781,  acc: 0.99308, ap: 0.99180, f1: 0.99308, macro_auc: 0.99587, micro_auc: 0.99587
[Thu Sep 10 22:18:50 2026|scalable_tgn_link_prediction.py|INFO] meta val epoch:1, loss: 0.48512,mrr:0.63674,  acc: 0.99041, ap: 0.99085, f1: 0.99041, macro_auc: 0.99538, micro_auc: 0.99538
[Thu Sep 10 22:18:51 2026|scalable_tgn_link_prediction.py|INFO] meta val epoch:1, loss: 0.60315,mrr:0.63118,  acc: 0.99004, ap: 0.98831, f1: 0.99004, macro_auc: 0.99399, micro_auc: 0.99399
[Thu Sep 10 22:19:04 2026|scalable_tgn_link_prediction.py|INFO] meta val epoch:2, loss: 0.57765,mrr:0.68683,  acc: 0.99199, ap: 0.98777, f1: 0.99199, macro_auc: 0.99380, micro_auc: 0.99380
[Thu Sep 10 22:19:04 2026|scalable_tgn_link_prediction.py|INFO] meta val epoch:2, loss: 0.42219,mrr:0.67641,  acc: 0.99429, ap: 0.99153, f1: 0.99429, macro_auc: 0.99573, micro_auc: 0.99573
[Thu Sep 10 22:19:05 2026|scalable_tgn_link_prediction.py|INFO] meta val epoch:2, loss: 0.61961,mrr:0.63858,  acc: 0.98980, ap: 0.98581, f1: 0.98980, macro_auc: 0.99103, micro_auc: 0.99103
[Thu Sep 10 22:19:05 2026|scalable_tgn_link_prediction.py|INFO] meta val epoch:2, loss: 0.48839,mrr:0.65428,  acc: 0.98992, ap: 0.99045, f1: 0.98992, macro_auc: 0.99513, micro_auc: 0.99513
[Thu Sep 10 22:19:05 2026|scalable_tgn_link_prediction.py|INFO] meta val epoch:2, loss: 0.70316,mrr:0.63442,  acc: 0.99102, ap: 0.98627, f1: 0.99101, macro_auc: 0.99304, micro_auc: 0.99304
[Thu Sep 10 22:19:05 2026|scalable_tgn_link_prediction.py|INFO] meta val epoch:2, loss: 0.47266,mrr:0.63561,  acc: 0.99308, ap: 0.99073, f1: 0.99308, macro_auc: 0.99532, micro_auc: 0.99532
[Thu Sep 10 22:19:05 2026|scalable_tgn_link_prediction.py|INFO] meta val epoch:2, loss: 0.45752,mrr:0.64854,  acc: 0.99393, ap: 0.99101, f1: 0.99393, macro_auc: 0.99546, micro_auc: 0.99546
[Thu Sep 10 22:19:05 2026|scalable_tgn_link_prediction.py|INFO] meta val epoch:2, loss: 0.52148,mrr:0.61959,  acc: 0.99271, ap: 0.98987, f1: 0.99271, macro_auc: 0.99489, micro_auc: 0.99489
[Thu Sep 10 22:19:05 2026|scalable_tgn_link_prediction.py|INFO] meta val epoch:2, loss: 0.54497,mrr:0.64157,  acc: 0.99284, ap: 0.98939, f1: 0.99284, macro_auc: 0.99464, micro_auc: 0.99464
[Thu Sep 10 22:19:05 2026|scalable_tgn_link_prediction.py|INFO] meta val epoch:2, loss: 0.67630,mrr:0.63845,  acc: 0.99174, ap: 0.98667, f1: 0.99174, macro_auc: 0.99325, micro_auc: 0.99325
[Thu Sep 10 22:19:06 2026|scalable_tgn_link_prediction.py|INFO] meta val epoch:2, loss: 0.49271,mrr:0.63405,  acc: 0.99223, ap: 0.98964, f1: 0.99223, macro_auc: 0.99407, micro_auc: 0.99407
[Thu Sep 10 22:19:06 2026|scalable_tgn_link_prediction.py|INFO] meta val epoch:2, loss: 0.57830,mrr:0.66311,  acc: 0.99308, ap: 0.98860, f1: 0.99308, macro_auc: 0.99408, micro_auc: 0.99408
[Thu Sep 10 22:19:06 2026|scalable_tgn_link_prediction.py|INFO] meta val epoch:2, loss: 0.42271,mrr:0.64158,  acc: 0.99454, ap: 0.99181, f1: 0.99454, macro_auc: 0.99587, micro_auc: 0.99587
[Thu Sep 10 22:19:06 2026|scalable_tgn_link_prediction.py|INFO] meta val epoch:2, loss: 0.47249,mrr:0.65332,  acc: 0.99284, ap: 0.99086, f1: 0.99284, macro_auc: 0.99539, micro_auc: 0.99539
[Thu Sep 10 22:19:06 2026|scalable_tgn_link_prediction.py|INFO] meta val epoch:2, loss: 0.59626,mrr:0.64389,  acc: 0.99162, ap: 0.98790, f1: 0.99162, macro_auc: 0.99307, micro_auc: 0.99307
[Thu Sep 10 22:19:20 2026|scalable_tgn_link_prediction.py|INFO] meta val epoch:3, loss: 0.52716,mrr:0.70556,  acc: 0.99174, ap: 0.98865, f1: 0.99174, macro_auc: 0.99418, micro_auc: 0.99418
[Thu Sep 10 22:19:20 2026|scalable_tgn_link_prediction.py|INFO] meta val epoch:3, loss: 0.41443,mrr:0.64472,  acc: 0.99405, ap: 0.99151, f1: 0.99405, macro_auc: 0.99571, micro_auc: 0.99571
[Thu Sep 10 22:19:20 2026|scalable_tgn_link_prediction.py|INFO] meta val epoch:3, loss: 0.64127,mrr:0.67471,  acc: 0.98932, ap: 0.98520, f1: 0.98931, macro_auc: 0.99066, micro_auc: 0.99066
[Thu Sep 10 22:19:20 2026|scalable_tgn_link_prediction.py|INFO] meta val epoch:3, loss: 0.48131,mrr:0.68736,  acc: 0.98968, ap: 0.99047, f1: 0.98968, macro_auc: 0.99514, micro_auc: 0.99514
[Thu Sep 10 22:19:20 2026|scalable_tgn_link_prediction.py|INFO] meta val epoch:3, loss: 0.69177,mrr:0.64463,  acc: 0.99114, ap: 0.98645, f1: 0.99114, macro_auc: 0.99313, micro_auc: 0.99313
[Thu Sep 10 22:19:21 2026|scalable_tgn_link_prediction.py|INFO] meta val epoch:3, loss: 0.46334,mrr:0.63850,  acc: 0.99308, ap: 0.99093, f1: 0.99308, macro_auc: 0.99542, micro_auc: 0.99542
[Thu Sep 10 22:19:21 2026|scalable_tgn_link_prediction.py|INFO] meta val epoch:3, loss: 0.44752,mrr:0.62906,  acc: 0.99381, ap: 0.99122, f1: 0.99381, macro_auc: 0.99557, micro_auc: 0.99557
[Thu Sep 10 22:19:21 2026|scalable_tgn_link_prediction.py|INFO] meta val epoch:3, loss: 0.50293,mrr:0.63840,  acc: 0.99186, ap: 0.99024, f1: 0.99186, macro_auc: 0.99507, micro_auc: 0.99507
[Thu Sep 10 22:19:21 2026|scalable_tgn_link_prediction.py|INFO] meta val epoch:3, loss: 0.54847,mrr:0.65270,  acc: 0.99247, ap: 0.98934, f1: 0.99247, macro_auc: 0.99461, micro_auc: 0.99461
[Thu Sep 10 22:19:21 2026|scalable_tgn_link_prediction.py|INFO] meta val epoch:3, loss: 0.65516,mrr:0.64650,  acc: 0.99126, ap: 0.98714, f1: 0.99126, macro_auc: 0.99349, micro_auc: 0.99349
[Thu Sep 10 22:19:21 2026|scalable_tgn_link_prediction.py|INFO] meta val epoch:3, loss: 0.48067,mrr:0.65102,  acc: 0.99174, ap: 0.98982, f1: 0.99174, macro_auc: 0.99416, micro_auc: 0.99416
[Thu Sep 10 22:19:21 2026|scalable_tgn_link_prediction.py|INFO] meta val epoch:3, loss: 0.55853,mrr:0.64005,  acc: 0.99259, ap: 0.98905, f1: 0.99259, macro_auc: 0.99441, micro_auc: 0.99441
[Thu Sep 10 22:19:22 2026|scalable_tgn_link_prediction.py|INFO] meta val epoch:3, loss: 0.41390,mrr:0.64886,  acc: 0.99381, ap: 0.99196, f1: 0.99381, macro_auc: 0.99595, micro_auc: 0.99595
[Thu Sep 10 22:19:22 2026|scalable_tgn_link_prediction.py|INFO] meta val epoch:3, loss: 0.47870,mrr:0.64552,  acc: 0.99162, ap: 0.99080, f1: 0.99162, macro_auc: 0.99536, micro_auc: 0.99536
[Thu Sep 10 22:19:22 2026|scalable_tgn_link_prediction.py|INFO] meta val epoch:3, loss: 0.56494,mrr:0.65211,  acc: 0.99053, ap: 0.98840, f1: 0.99053, macro_auc: 0.99334, micro_auc: 0.99334
[Thu Sep 10 22:19:35 2026|scalable_tgn_link_prediction.py|INFO] meta val epoch:4, loss: 0.16745,mrr:0.90072,  acc: 0.99259, ap: 0.98631, f1: 0.99259, macro_auc: 0.99350, micro_auc: 0.99350
[Thu Sep 10 22:19:35 2026|scalable_tgn_link_prediction.py|INFO] meta val epoch:4, loss: 0.11384,mrr:0.86919,  acc: 0.99441, ap: 0.99363, f1: 0.99441, macro_auc: 0.99670, micro_auc: 0.99670
[Thu Sep 10 22:19:36 2026|scalable_tgn_link_prediction.py|INFO] meta val epoch:4, loss: 0.18760,mrr:0.85483,  acc: 0.98895, ap: 0.98415, f1: 0.98895, macro_auc: 0.99050, micro_auc: 0.99050
[Thu Sep 10 22:19:36 2026|scalable_tgn_link_prediction.py|INFO] meta val epoch:4, loss: 0.11632,mrr:0.87609,  acc: 0.98871, ap: 0.99119, f1: 0.98871, macro_auc: 0.99525, micro_auc: 0.99525
[Thu Sep 10 22:19:36 2026|scalable_tgn_link_prediction.py|INFO] meta val epoch:4, loss: 0.15858,mrr:0.87649,  acc: 0.99102, ap: 0.98808, f1: 0.99101, macro_auc: 0.99388, micro_auc: 0.99388
[Thu Sep 10 22:19:36 2026|scalable_tgn_link_prediction.py|INFO] meta val epoch:4, loss: 0.18859,mrr:0.85344,  acc: 0.99223, ap: 0.98857, f1: 0.99223, macro_auc: 0.99490, micro_auc: 0.99490
[Thu Sep 10 22:19:36 2026|scalable_tgn_link_prediction.py|INFO] meta val epoch:4, loss: 0.17106,mrr:0.84480,  acc: 0.99393, ap: 0.98920, f1: 0.99393, macro_auc: 0.99539, micro_auc: 0.99539
[Thu Sep 10 22:19:36 2026|scalable_tgn_link_prediction.py|INFO] meta val epoch:4, loss: 0.17084,mrr:0.82497,  acc: 0.99065, ap: 0.98957, f1: 0.99065, macro_auc: 0.99517, micro_auc: 0.99517
[Thu Sep 10 22:19:36 2026|scalable_tgn_link_prediction.py|INFO] meta val epoch:4, loss: 0.18399,mrr:0.84574,  acc: 0.99150, ap: 0.98755, f1: 0.99150, macro_auc: 0.99406, micro_auc: 0.99406
[Thu Sep 10 22:19:37 2026|scalable_tgn_link_prediction.py|INFO] meta val epoch:4, loss: 0.21245,mrr:0.83922,  acc: 0.99102, ap: 0.98628, f1: 0.99101, macro_auc: 0.99345, micro_auc: 0.99345
[Thu Sep 10 22:19:37 2026|scalable_tgn_link_prediction.py|INFO] meta val epoch:4, loss: 0.16203,mrr:0.84683,  acc: 0.99114, ap: 0.98731, f1: 0.99114, macro_auc: 0.99327, micro_auc: 0.99327
[Thu Sep 10 22:19:37 2026|scalable_tgn_link_prediction.py|INFO] meta val epoch:4, loss: 0.15606,mrr:0.82156,  acc: 0.99199, ap: 0.98900, f1: 0.99199, macro_auc: 0.99422, micro_auc: 0.99422
[Thu Sep 10 22:19:37 2026|scalable_tgn_link_prediction.py|INFO] meta val epoch:4, loss: 0.16476,mrr:0.82576,  acc: 0.99369, ap: 0.98928, f1: 0.99369, macro_auc: 0.99518, micro_auc: 0.99518
[Thu Sep 10 22:19:37 2026|scalable_tgn_link_prediction.py|INFO] meta val epoch:4, loss: 0.15160,mrr:0.84386,  acc: 0.99186, ap: 0.98951, f1: 0.99186, macro_auc: 0.99457, micro_auc: 0.99457
[Thu Sep 10 22:19:37 2026|scalable_tgn_link_prediction.py|INFO] meta val epoch:4, loss: 0.19221,mrr:0.82869,  acc: 0.99089, ap: 0.98602, f1: 0.99089, macro_auc: 0.99334, micro_auc: 0.99334
[Thu Sep 10 22:19:51 2026|scalable_tgn_link_prediction.py|INFO] meta val epoch:5, loss: 0.30240,mrr:0.83050,  acc: 0.99114, ap: 0.98414, f1: 0.99114, macro_auc: 0.99297, micro_auc: 0.99297
[Thu Sep 10 22:19:51 2026|scalable_tgn_link_prediction.py|INFO] meta val epoch:5, loss: 0.17898,mrr:0.83115,  acc: 0.99356, ap: 0.99030, f1: 0.99356, macro_auc: 0.99538, micro_auc: 0.99538
[Thu Sep 10 22:19:51 2026|scalable_tgn_link_prediction.py|INFO] meta val epoch:5, loss: 0.25989,mrr:0.82503,  acc: 0.98810, ap: 0.98235, f1: 0.98810, macro_auc: 0.99028, micro_auc: 0.99028
[Thu Sep 10 22:19:51 2026|scalable_tgn_link_prediction.py|INFO] meta val epoch:5, loss: 0.20811,mrr:0.84477,  acc: 0.98859, ap: 0.98666, f1: 0.98859, macro_auc: 0.99426, micro_auc: 0.99426
[Thu Sep 10 22:19:51 2026|scalable_tgn_link_prediction.py|INFO] meta val epoch:5, loss: 0.29460,mrr:0.82856,  acc: 0.98992, ap: 0.98188, f1: 0.98992, macro_auc: 0.99218, micro_auc: 0.99218
[Thu Sep 10 22:19:51 2026|scalable_tgn_link_prediction.py|INFO] meta val epoch:5, loss: 0.14556,mrr:0.83637,  acc: 0.99162, ap: 0.99054, f1: 0.99162, macro_auc: 0.99567, micro_auc: 0.99567
[Thu Sep 10 22:19:51 2026|scalable_tgn_link_prediction.py|INFO] meta val epoch:5, loss: 0.10641,mrr:0.81462,  acc: 0.99271, ap: 0.99300, f1: 0.99271, macro_auc: 0.99659, micro_auc: 0.99659
[Thu Sep 10 22:19:52 2026|scalable_tgn_link_prediction.py|INFO] meta val epoch:5, loss: 0.18487,mrr:0.82419,  acc: 0.99041, ap: 0.98800, f1: 0.99041, macro_auc: 0.99483, micro_auc: 0.99483
[Thu Sep 10 22:19:52 2026|scalable_tgn_link_prediction.py|INFO] meta val epoch:5, loss: 0.25457,mrr:0.81686,  acc: 0.99077, ap: 0.98426, f1: 0.99077, macro_auc: 0.99346, micro_auc: 0.99346
[Thu Sep 10 22:19:52 2026|scalable_tgn_link_prediction.py|INFO] meta val epoch:5, loss: 0.22293,mrr:0.82053,  acc: 0.99041, ap: 0.98677, f1: 0.99041, macro_auc: 0.99397, micro_auc: 0.99397
[Thu Sep 10 22:19:52 2026|scalable_tgn_link_prediction.py|INFO] meta val epoch:5, loss: 0.15382,mrr:0.82484,  acc: 0.98895, ap: 0.98863, f1: 0.98895, macro_auc: 0.99400, micro_auc: 0.99400
[Thu Sep 10 22:19:52 2026|scalable_tgn_link_prediction.py|INFO] meta val epoch:5, loss: 0.17432,mrr:0.84197,  acc: 0.99004, ap: 0.98899, f1: 0.99004, macro_auc: 0.99462, micro_auc: 0.99462
[Thu Sep 10 22:19:52 2026|scalable_tgn_link_prediction.py|INFO] meta val epoch:5, loss: 0.21365,mrr:0.82870,  acc: 0.99247, ap: 0.98760, f1: 0.99247, macro_auc: 0.99495, micro_auc: 0.99495
[Thu Sep 10 22:19:52 2026|scalable_tgn_link_prediction.py|INFO] meta val epoch:5, loss: 0.18153,mrr:0.80861,  acc: 0.99053, ap: 0.98919, f1: 0.99053, macro_auc: 0.99499, micro_auc: 0.99499
[Thu Sep 10 22:19:53 2026|scalable_tgn_link_prediction.py|INFO] meta val epoch:5, loss: 0.16471,mrr:0.82070,  acc: 0.98907, ap: 0.98945, f1: 0.98907, macro_auc: 0.99459, micro_auc: 0.99459
[Thu Sep 10 22:20:06 2026|scalable_tgn_link_prediction.py|INFO] meta val epoch:6, loss: 0.35421,mrr:0.82022,  acc: 0.99089, ap: 0.98466, f1: 0.99089, macro_auc: 0.99287, micro_auc: 0.99287
[Thu Sep 10 22:20:06 2026|scalable_tgn_link_prediction.py|INFO] meta val epoch:6, loss: 0.22678,mrr:0.81841,  acc: 0.99296, ap: 0.99053, f1: 0.99296, macro_auc: 0.99531, micro_auc: 0.99531
[Thu Sep 10 22:20:06 2026|scalable_tgn_link_prediction.py|INFO] meta val epoch:6, loss: 0.35912,mrr:0.76558,  acc: 0.98798, ap: 0.98175, f1: 0.98798, macro_auc: 0.98942, micro_auc: 0.98942
[Thu Sep 10 22:20:07 2026|scalable_tgn_link_prediction.py|INFO] meta val epoch:6, loss: 0.25467,mrr:0.79276,  acc: 0.98895, ap: 0.98910, f1: 0.98895, macro_auc: 0.99484, micro_auc: 0.99484
[Thu Sep 10 22:20:07 2026|scalable_tgn_link_prediction.py|INFO] meta val epoch:6, loss: 0.39127,mrr:0.76656,  acc: 0.99029, ap: 0.98427, f1: 0.99029, macro_auc: 0.99274, micro_auc: 0.99274
[Thu Sep 10 22:20:07 2026|scalable_tgn_link_prediction.py|INFO] meta val epoch:6, loss: 0.27278,mrr:0.77882,  acc: 0.99259, ap: 0.98934, f1: 0.99259, macro_auc: 0.99503, micro_auc: 0.99503
[Thu Sep 10 22:20:07 2026|scalable_tgn_link_prediction.py|INFO] meta val epoch:6, loss: 0.23621,mrr:0.78157,  acc: 0.99308, ap: 0.99002, f1: 0.99308, macro_auc: 0.99539, micro_auc: 0.99539
[Thu Sep 10 22:20:07 2026|scalable_tgn_link_prediction.py|INFO] meta val epoch:6, loss: 0.31034,mrr:0.78443,  acc: 0.99162, ap: 0.98827, f1: 0.99162, macro_auc: 0.99474, micro_auc: 0.99474
[Thu Sep 10 22:20:07 2026|scalable_tgn_link_prediction.py|INFO] meta val epoch:6, loss: 0.36056,mrr:0.77391,  acc: 0.99138, ap: 0.98570, f1: 0.99138, macro_auc: 0.99345, micro_auc: 0.99345
[Thu Sep 10 22:20:07 2026|scalable_tgn_link_prediction.py|INFO] meta val epoch:6, loss: 0.36656,mrr:0.76033,  acc: 0.99102, ap: 0.98618, f1: 0.99101, macro_auc: 0.99338, micro_auc: 0.99338
[Thu Sep 10 22:20:08 2026|scalable_tgn_link_prediction.py|INFO] meta val epoch:6, loss: 0.26954,mrr:0.76644,  acc: 0.99004, ap: 0.98895, f1: 0.99004, macro_auc: 0.99410, micro_auc: 0.99410
[Thu Sep 10 22:20:08 2026|scalable_tgn_link_prediction.py|INFO] meta val epoch:6, loss: 0.26619,mrr:0.80829,  acc: 0.99223, ap: 0.99036, f1: 0.99223, macro_auc: 0.99533, micro_auc: 0.99533
[Thu Sep 10 22:20:08 2026|scalable_tgn_link_prediction.py|INFO] meta val epoch:6, loss: 0.32421,mrr:0.73390,  acc: 0.99259, ap: 0.98812, f1: 0.99259, macro_auc: 0.99473, micro_auc: 0.99473
[Thu Sep 10 22:20:08 2026|scalable_tgn_link_prediction.py|INFO] meta val epoch:6, loss: 0.24348,mrr:0.76343,  acc: 0.99077, ap: 0.99099, f1: 0.99077, macro_auc: 0.99554, micro_auc: 0.99554
[Thu Sep 10 22:20:08 2026|scalable_tgn_link_prediction.py|INFO] meta val epoch:6, loss: 0.32934,mrr:0.72622,  acc: 0.98992, ap: 0.98748, f1: 0.98992, macro_auc: 0.99385, micro_auc: 0.99385
[Thu Sep 10 22:20:22 2026|scalable_tgn_link_prediction.py|INFO] meta val epoch:7, loss: 0.35850,mrr:0.81044,  acc: 0.99089, ap: 0.98277, f1: 0.99089, macro_auc: 0.99234, micro_auc: 0.99234
[Thu Sep 10 22:20:22 2026|scalable_tgn_link_prediction.py|INFO] meta val epoch:7, loss: 0.19787,mrr:0.81298,  acc: 0.99271, ap: 0.99074, f1: 0.99271, macro_auc: 0.99557, micro_auc: 0.99557
[Thu Sep 10 22:20:22 2026|scalable_tgn_link_prediction.py|INFO] meta val epoch:7, loss: 0.31625,mrr:0.78982,  acc: 0.98774, ap: 0.98178, f1: 0.98774, macro_auc: 0.98965, micro_auc: 0.98965
[Thu Sep 10 22:20:22 2026|scalable_tgn_link_prediction.py|INFO] meta val epoch:7, loss: 0.24778,mrr:0.78115,  acc: 0.98907, ap: 0.98724, f1: 0.98907, macro_auc: 0.99412, micro_auc: 0.99412
[Thu Sep 10 22:20:22 2026|scalable_tgn_link_prediction.py|INFO] meta val epoch:7, loss: 0.38143,mrr:0.77942,  acc: 0.98944, ap: 0.98182, f1: 0.98944, macro_auc: 0.99174, micro_auc: 0.99174
[Thu Sep 10 22:20:22 2026|scalable_tgn_link_prediction.py|INFO] meta val epoch:7, loss: 0.26792,mrr:0.76950,  acc: 0.99174, ap: 0.98737, f1: 0.99174, macro_auc: 0.99425, micro_auc: 0.99425
[Thu Sep 10 22:20:22 2026|scalable_tgn_link_prediction.py|INFO] meta val epoch:7, loss: 0.23005,mrr:0.76551,  acc: 0.99259, ap: 0.98898, f1: 0.99259, macro_auc: 0.99501, micro_auc: 0.99501
[Thu Sep 10 22:20:23 2026|scalable_tgn_link_prediction.py|INFO] meta val epoch:7, loss: 0.29588,mrr:0.75705,  acc: 0.99102, ap: 0.98559, f1: 0.99101, macro_auc: 0.99334, micro_auc: 0.99334
[Thu Sep 10 22:20:23 2026|scalable_tgn_link_prediction.py|INFO] meta val epoch:7, loss: 0.35473,mrr:0.76359,  acc: 0.99089, ap: 0.98323, f1: 0.99089, macro_auc: 0.99245, micro_auc: 0.99245
[Thu Sep 10 22:20:23 2026|scalable_tgn_link_prediction.py|INFO] meta val epoch:7, loss: 0.35505,mrr:0.76222,  acc: 0.99089, ap: 0.98418, f1: 0.99089, macro_auc: 0.99264, micro_auc: 0.99264
[Thu Sep 10 22:20:23 2026|scalable_tgn_link_prediction.py|INFO] meta val epoch:7, loss: 0.25267,mrr:0.76021,  acc: 0.99053, ap: 0.98623, f1: 0.99053, macro_auc: 0.99281, micro_auc: 0.99281
[Thu Sep 10 22:20:23 2026|scalable_tgn_link_prediction.py|INFO] meta val epoch:7, loss: 0.25857,mrr:0.76945,  acc: 0.99186, ap: 0.98762, f1: 0.99186, macro_auc: 0.99402, micro_auc: 0.99402
[Thu Sep 10 22:20:23 2026|scalable_tgn_link_prediction.py|INFO] meta val epoch:7, loss: 0.32390,mrr:0.75084,  acc: 0.99296, ap: 0.98572, f1: 0.99296, macro_auc: 0.99387, micro_auc: 0.99387
[Thu Sep 10 22:20:24 2026|scalable_tgn_link_prediction.py|INFO] meta val epoch:7, loss: 0.23426,mrr:0.77289,  acc: 0.99126, ap: 0.98888, f1: 0.99126, macro_auc: 0.99465, micro_auc: 0.99465
[Thu Sep 10 22:20:24 2026|scalable_tgn_link_prediction.py|INFO] meta val epoch:7, loss: 0.27665,mrr:0.75315,  acc: 0.98980, ap: 0.98566, f1: 0.98980, macro_auc: 0.99302, micro_auc: 0.99302
[Thu Sep 10 22:20:37 2026|scalable_tgn_link_prediction.py|INFO] meta val epoch:8, loss: 0.27567,mrr:0.86085,  acc: 0.99174, ap: 0.98273, f1: 0.99174, macro_auc: 0.99274, micro_auc: 0.99274
[Thu Sep 10 22:20:37 2026|scalable_tgn_link_prediction.py|INFO] meta val epoch:8, loss: 0.16058,mrr:0.86090,  acc: 0.99429, ap: 0.98923, f1: 0.99429, macro_auc: 0.99547, micro_auc: 0.99547
[Thu Sep 10 22:20:37 2026|scalable_tgn_link_prediction.py|INFO] meta val epoch:8, loss: 0.24391,mrr:0.81542,  acc: 0.98992, ap: 0.98240, f1: 0.98992, macro_auc: 0.98995, micro_auc: 0.98995
[Thu Sep 10 22:20:38 2026|scalable_tgn_link_prediction.py|INFO] meta val epoch:8, loss: 0.20380,mrr:0.82636,  acc: 0.98992, ap: 0.98520, f1: 0.98992, macro_auc: 0.99377, micro_auc: 0.99377
[Thu Sep 10 22:20:38 2026|scalable_tgn_link_prediction.py|INFO] meta val epoch:8, loss: 0.29151,mrr:0.80700,  acc: 0.99077, ap: 0.97894, f1: 0.99077, macro_auc: 0.99096, micro_auc: 0.99096
[Thu Sep 10 22:20:38 2026|scalable_tgn_link_prediction.py|INFO] meta val epoch:8, loss: 0.12803,mrr:0.82077,  acc: 0.99332, ap: 0.98964, f1: 0.99332, macro_auc: 0.99508, micro_auc: 0.99508
[Thu Sep 10 22:20:38 2026|scalable_tgn_link_prediction.py|INFO] meta val epoch:8, loss: 0.10137,mrr:0.82683,  acc: 0.99356, ap: 0.99140, f1: 0.99356, macro_auc: 0.99592, micro_auc: 0.99592
[Thu Sep 10 22:20:38 2026|scalable_tgn_link_prediction.py|INFO] meta val epoch:8, loss: 0.17800,mrr:0.82367,  acc: 0.99247, ap: 0.98618, f1: 0.99247, macro_auc: 0.99400, micro_auc: 0.99400
[Thu Sep 10 22:20:38 2026|scalable_tgn_link_prediction.py|INFO] meta val epoch:8, loss: 0.22395,mrr:0.83570,  acc: 0.99235, ap: 0.98448, f1: 0.99235, macro_auc: 0.99348, micro_auc: 0.99348
[Thu Sep 10 22:20:38 2026|scalable_tgn_link_prediction.py|INFO] meta val epoch:8, loss: 0.20750,mrr:0.83576,  acc: 0.99150, ap: 0.98391, f1: 0.99150, macro_auc: 0.99269, micro_auc: 0.99269
[Thu Sep 10 22:20:39 2026|scalable_tgn_link_prediction.py|INFO] meta val epoch:8, loss: 0.14876,mrr:0.82027,  acc: 0.99126, ap: 0.98637, f1: 0.99126, macro_auc: 0.99289, micro_auc: 0.99289
[Thu Sep 10 22:20:39 2026|scalable_tgn_link_prediction.py|INFO] meta val epoch:8, loss: 0.16961,mrr:0.83853,  acc: 0.99259, ap: 0.98526, f1: 0.99259, macro_auc: 0.99294, micro_auc: 0.99294
[Thu Sep 10 22:20:39 2026|scalable_tgn_link_prediction.py|INFO] meta val epoch:8, loss: 0.20664,mrr:0.82424,  acc: 0.99332, ap: 0.98690, f1: 0.99332, macro_auc: 0.99469, micro_auc: 0.99469
[Thu Sep 10 22:20:39 2026|scalable_tgn_link_prediction.py|INFO] meta val epoch:8, loss: 0.17738,mrr:0.82928,  acc: 0.99162, ap: 0.98717, f1: 0.99162, macro_auc: 0.99444, micro_auc: 0.99444
[Thu Sep 10 22:20:39 2026|scalable_tgn_link_prediction.py|INFO] meta val epoch:8, loss: 0.15006,mrr:0.82919,  acc: 0.99053, ap: 0.98738, f1: 0.99053, macro_auc: 0.99366, micro_auc: 0.99366
[Thu Sep 10 22:20:53 2026|scalable_tgn_link_prediction.py|INFO] meta val epoch:9, loss: 0.54861,mrr:0.68920,  acc: 0.99162, ap: 0.98823, f1: 0.99162, macro_auc: 0.99400, micro_auc: 0.99400
[Thu Sep 10 22:20:53 2026|scalable_tgn_link_prediction.py|INFO] meta val epoch:9, loss: 0.41486,mrr:0.64767,  acc: 0.99393, ap: 0.99163, f1: 0.99393, macro_auc: 0.99578, micro_auc: 0.99578
[Thu Sep 10 22:20:53 2026|scalable_tgn_link_prediction.py|INFO] meta val epoch:9, loss: 0.63101,mrr:0.65358,  acc: 0.98944, ap: 0.98555, f1: 0.98944, macro_auc: 0.99082, micro_auc: 0.99082
[Thu Sep 10 22:20:53 2026|scalable_tgn_link_prediction.py|INFO] meta val epoch:9, loss: 0.49164,mrr:0.65583,  acc: 0.98980, ap: 0.99036, f1: 0.98980, macro_auc: 0.99507, micro_auc: 0.99507
[Thu Sep 10 22:20:53 2026|scalable_tgn_link_prediction.py|INFO] meta val epoch:9, loss: 0.69350,mrr:0.67052,  acc: 0.99126, ap: 0.98645, f1: 0.99126, macro_auc: 0.99313, micro_auc: 0.99313
[Thu Sep 10 22:20:53 2026|scalable_tgn_link_prediction.py|INFO] meta val epoch:9, loss: 0.46318,mrr:0.64529,  acc: 0.99284, ap: 0.99093, f1: 0.99284, macro_auc: 0.99542, micro_auc: 0.99542
[Thu Sep 10 22:20:53 2026|scalable_tgn_link_prediction.py|INFO] meta val epoch:9, loss: 0.44805,mrr:0.62312,  acc: 0.99405, ap: 0.99122, f1: 0.99405, macro_auc: 0.99557, micro_auc: 0.99557
[Thu Sep 10 22:20:53 2026|scalable_tgn_link_prediction.py|INFO] meta val epoch:9, loss: 0.51534,mrr:0.63365,  acc: 0.99199, ap: 0.99001, f1: 0.99199, macro_auc: 0.99495, micro_auc: 0.99495
[Thu Sep 10 22:20:54 2026|scalable_tgn_link_prediction.py|INFO] meta val epoch:9, loss: 0.54754,mrr:0.64882,  acc: 0.99199, ap: 0.98939, f1: 0.99199, macro_auc: 0.99464, micro_auc: 0.99464
[Thu Sep 10 22:20:54 2026|scalable_tgn_link_prediction.py|INFO] meta val epoch:9, loss: 0.66571,mrr:0.60788,  acc: 0.99162, ap: 0.98691, f1: 0.99162, macro_auc: 0.99337, micro_auc: 0.99337
[Thu Sep 10 22:20:54 2026|scalable_tgn_link_prediction.py|INFO] meta val epoch:9, loss: 0.48212,mrr:0.60512,  acc: 0.99211, ap: 0.98983, f1: 0.99211, macro_auc: 0.99419, micro_auc: 0.99419
[Thu Sep 10 22:20:54 2026|scalable_tgn_link_prediction.py|INFO] meta val epoch:9, loss: 0.57131,mrr:0.61724,  acc: 0.99332, ap: 0.98883, f1: 0.99332, macro_auc: 0.99431, micro_auc: 0.99431
[Thu Sep 10 22:20:54 2026|scalable_tgn_link_prediction.py|INFO] meta val epoch:9, loss: 0.41400,mrr:0.59844,  acc: 0.99429, ap: 0.99196, f1: 0.99429, macro_auc: 0.99595, micro_auc: 0.99595
[Thu Sep 10 22:20:54 2026|scalable_tgn_link_prediction.py|INFO] meta val epoch:9, loss: 0.48714,mrr:0.64710,  acc: 0.99126, ap: 0.99056, f1: 0.99126, macro_auc: 0.99524, micro_auc: 0.99524
[Thu Sep 10 22:20:55 2026|scalable_tgn_link_prediction.py|INFO] meta val epoch:9, loss: 0.57508,mrr:0.63185,  acc: 0.99150, ap: 0.98834, f1: 0.99150, macro_auc: 0.99346, micro_auc: 0.99346
[Thu Sep 10 22:21:08 2026|scalable_tgn_link_prediction.py|INFO] meta val epoch:10, loss: 0.12404,mrr:0.87099,  acc: 0.99150, ap: 0.98671, f1: 0.99150, macro_auc: 0.99330, micro_auc: 0.99330
[Thu Sep 10 22:21:08 2026|scalable_tgn_link_prediction.py|INFO] meta val epoch:10, loss: 0.08946,mrr:0.87912,  acc: 0.99356, ap: 0.99179, f1: 0.99356, macro_auc: 0.99578, micro_auc: 0.99578
[Thu Sep 10 22:21:08 2026|scalable_tgn_link_prediction.py|INFO] meta val epoch:10, loss: 0.13782,mrr:0.85903,  acc: 0.98798, ap: 0.98257, f1: 0.98798, macro_auc: 0.98970, micro_auc: 0.98970
[Thu Sep 10 22:21:08 2026|scalable_tgn_link_prediction.py|INFO] meta val epoch:10, loss: 0.06980,mrr:0.85376,  acc: 0.98786, ap: 0.98898, f1: 0.98786, macro_auc: 0.99398, micro_auc: 0.99398
[Thu Sep 10 22:21:09 2026|scalable_tgn_link_prediction.py|INFO] meta val epoch:10, loss: 0.08635,mrr:0.84229,  acc: 0.99041, ap: 0.98444, f1: 0.99041, macro_auc: 0.99163, micro_auc: 0.99163
[Thu Sep 10 22:21:09 2026|scalable_tgn_link_prediction.py|INFO] meta val epoch:10, loss: 0.12087,mrr:0.87057,  acc: 0.99162, ap: 0.98752, f1: 0.99162, macro_auc: 0.99401, micro_auc: 0.99401
[Thu Sep 10 22:21:09 2026|scalable_tgn_link_prediction.py|INFO] meta val epoch:10, loss: 0.06307,mrr:0.84471,  acc: 0.99259, ap: 0.98880, f1: 0.99259, macro_auc: 0.99444, micro_auc: 0.99444
[Thu Sep 10 22:21:09 2026|scalable_tgn_link_prediction.py|INFO] meta val epoch:10, loss: 0.11591,mrr:0.85199,  acc: 0.98980, ap: 0.98694, f1: 0.98980, macro_auc: 0.99337, micro_auc: 0.99337
[Thu Sep 10 22:21:09 2026|scalable_tgn_link_prediction.py|INFO] meta val epoch:10, loss: 0.12489,mrr:0.83172,  acc: 0.99089, ap: 0.98750, f1: 0.99089, macro_auc: 0.99399, micro_auc: 0.99399
[Thu Sep 10 22:21:09 2026|scalable_tgn_link_prediction.py|INFO] meta val epoch:10, loss: 0.10112,mrr:0.83670,  acc: 0.99004, ap: 0.98585, f1: 0.99004, macro_auc: 0.99262, micro_auc: 0.99262
[Thu Sep 10 22:21:09 2026|scalable_tgn_link_prediction.py|INFO] meta val epoch:10, loss: 0.09611,mrr:0.85194,  acc: 0.99004, ap: 0.98600, f1: 0.99004, macro_auc: 0.99239, micro_auc: 0.99239
[Thu Sep 10 22:21:10 2026|scalable_tgn_link_prediction.py|INFO] meta val epoch:10, loss: 0.12285,mrr:0.83217,  acc: 0.99089, ap: 0.98675, f1: 0.99089, macro_auc: 0.99316, micro_auc: 0.99316
[Thu Sep 10 22:21:10 2026|scalable_tgn_link_prediction.py|INFO] meta val epoch:10, loss: 0.13741,mrr:0.83396,  acc: 0.99259, ap: 0.98830, f1: 0.99259, macro_auc: 0.99491, micro_auc: 0.99491
[Thu Sep 10 22:21:10 2026|scalable_tgn_link_prediction.py|INFO] meta val epoch:10, loss: 0.06384,mrr:0.82818,  acc: 0.99004, ap: 0.99168, f1: 0.99004, macro_auc: 0.99519, micro_auc: 0.99519
[Thu Sep 10 22:21:10 2026|scalable_tgn_link_prediction.py|INFO] meta val epoch:10, loss: 0.12856,mrr:0.83527,  acc: 0.98944, ap: 0.98558, f1: 0.98944, macro_auc: 0.99277, micro_auc: 0.99277
[Thu Sep 10 22:21:23 2026|scalable_tgn_link_prediction.py|INFO] meta val epoch:11, loss: 0.04894,mrr:0.94033,  acc: 0.99126, ap: 0.98972, f1: 0.99126, macro_auc: 0.99365, micro_auc: 0.99365
[Thu Sep 10 22:21:23 2026|scalable_tgn_link_prediction.py|INFO] meta val epoch:11, loss: 0.03474,mrr:0.95141,  acc: 0.99381, ap: 0.99475, f1: 0.99381, macro_auc: 0.99650, micro_auc: 0.99650
[Thu Sep 10 22:21:23 2026|scalable_tgn_link_prediction.py|INFO] meta val epoch:11, loss: 0.07558,mrr:0.90768,  acc: 0.98907, ap: 0.98430, f1: 0.98907, macro_auc: 0.98965, micro_auc: 0.98965
[Thu Sep 10 22:21:24 2026|scalable_tgn_link_prediction.py|INFO] meta val epoch:11, loss: 0.04379,mrr:0.91460,  acc: 0.98895, ap: 0.99319, f1: 0.98895, macro_auc: 0.99603, micro_auc: 0.99603
[Thu Sep 10 22:21:24 2026|scalable_tgn_link_prediction.py|INFO] meta val epoch:11, loss: 0.04666,mrr:0.91694,  acc: 0.99102, ap: 0.98995, f1: 0.99101, macro_auc: 0.99405, micro_auc: 0.99405
[Thu Sep 10 22:21:24 2026|scalable_tgn_link_prediction.py|INFO] meta val epoch:11, loss: 0.03800,mrr:0.91439,  acc: 0.99308, ap: 0.99200, f1: 0.99308, macro_auc: 0.99575, micro_auc: 0.99575
[Thu Sep 10 22:21:24 2026|scalable_tgn_link_prediction.py|INFO] meta val epoch:11, loss: 0.03333,mrr:0.91597,  acc: 0.99308, ap: 0.99421, f1: 0.99308, macro_auc: 0.99648, micro_auc: 0.99648
[Thu Sep 10 22:21:24 2026|scalable_tgn_link_prediction.py|INFO] meta val epoch:11, loss: 0.04115,mrr:0.91823,  acc: 0.99235, ap: 0.99279, f1: 0.99235, macro_auc: 0.99551, micro_auc: 0.99551
[Thu Sep 10 22:21:24 2026|scalable_tgn_link_prediction.py|INFO] meta val epoch:11, loss: 0.04414,mrr:0.89583,  acc: 0.99247, ap: 0.99034, f1: 0.99247, macro_auc: 0.99437, micro_auc: 0.99437
[Thu Sep 10 22:21:24 2026|scalable_tgn_link_prediction.py|INFO] meta val epoch:11, loss: 0.04543,mrr:0.90126,  acc: 0.99126, ap: 0.99157, f1: 0.99126, macro_auc: 0.99480, micro_auc: 0.99480
[Thu Sep 10 22:21:25 2026|scalable_tgn_link_prediction.py|INFO] meta val epoch:11, loss: 0.04595,mrr:0.90389,  acc: 0.99077, ap: 0.99193, f1: 0.99077, macro_auc: 0.99452, micro_auc: 0.99452
[Thu Sep 10 22:21:25 2026|scalable_tgn_link_prediction.py|INFO] meta val epoch:11, loss: 0.03858,mrr:0.89826,  acc: 0.99271, ap: 0.99365, f1: 0.99271, macro_auc: 0.99603, micro_auc: 0.99603
[Thu Sep 10 22:21:25 2026|scalable_tgn_link_prediction.py|INFO] meta val epoch:11, loss: 0.03445,mrr:0.91604,  acc: 0.99356, ap: 0.99401, f1: 0.99356, macro_auc: 0.99631, micro_auc: 0.99631
[Thu Sep 10 22:21:25 2026|scalable_tgn_link_prediction.py|INFO] meta val epoch:11, loss: 0.03830,mrr:0.92327,  acc: 0.99174, ap: 0.99402, f1: 0.99174, macro_auc: 0.99622, micro_auc: 0.99622
[Thu Sep 10 22:21:25 2026|scalable_tgn_link_prediction.py|INFO] meta val epoch:11, loss: 0.04633,mrr:0.89553,  acc: 0.99114, ap: 0.99170, f1: 0.99114, macro_auc: 0.99528, micro_auc: 0.99528
[Thu Sep 10 22:21:39 2026|scalable_tgn_link_prediction.py|INFO] meta val epoch:12, loss: 0.04472,mrr:0.95216,  acc: 0.98968, ap: 0.99394, f1: 0.98968, macro_auc: 0.99582, micro_auc: 0.99582
[Thu Sep 10 22:21:39 2026|scalable_tgn_link_prediction.py|INFO] meta val epoch:12, loss: 0.03707,mrr:0.92030,  acc: 0.99211, ap: 0.99422, f1: 0.99211, macro_auc: 0.99620, micro_auc: 0.99620
[Thu Sep 10 22:21:39 2026|scalable_tgn_link_prediction.py|INFO] meta val epoch:12, loss: 0.06403,mrr:0.93276,  acc: 0.98689, ap: 0.98587, f1: 0.98689, macro_auc: 0.99073, micro_auc: 0.99073
[Thu Sep 10 22:21:39 2026|scalable_tgn_link_prediction.py|INFO] meta val epoch:12, loss: 0.04167,mrr:0.93028,  acc: 0.98762, ap: 0.99412, f1: 0.98762, macro_auc: 0.99631, micro_auc: 0.99631
[Thu Sep 10 22:21:39 2026|scalable_tgn_link_prediction.py|INFO] meta val epoch:12, loss: 0.04352,mrr:0.94951,  acc: 0.98944, ap: 0.99360, f1: 0.98944, macro_auc: 0.99570, micro_auc: 0.99570
[Thu Sep 10 22:21:39 2026|scalable_tgn_link_prediction.py|INFO] meta val epoch:12, loss: 0.03570,mrr:0.95339,  acc: 0.99162, ap: 0.99393, f1: 0.99162, macro_auc: 0.99673, micro_auc: 0.99673
[Thu Sep 10 22:21:39 2026|scalable_tgn_link_prediction.py|INFO] meta val epoch:12, loss: 0.03225,mrr:0.91388,  acc: 0.99199, ap: 0.99581, f1: 0.99199, macro_auc: 0.99738, micro_auc: 0.99738
[Thu Sep 10 22:21:40 2026|scalable_tgn_link_prediction.py|INFO] meta val epoch:12, loss: 0.03662,mrr:0.94002,  acc: 0.99017, ap: 0.99568, f1: 0.99016, macro_auc: 0.99723, micro_auc: 0.99723
[Thu Sep 10 22:21:40 2026|scalable_tgn_link_prediction.py|INFO] meta val epoch:12, loss: 0.03825,mrr:0.92353,  acc: 0.99077, ap: 0.99409, f1: 0.99077, macro_auc: 0.99645, micro_auc: 0.99645
[Thu Sep 10 22:21:40 2026|scalable_tgn_link_prediction.py|INFO] meta val epoch:12, loss: 0.04132,mrr:0.93868,  acc: 0.99053, ap: 0.99414, f1: 0.99053, macro_auc: 0.99602, micro_auc: 0.99602
[Thu Sep 10 22:21:40 2026|scalable_tgn_link_prediction.py|INFO] meta val epoch:12, loss: 0.04290,mrr:0.91233,  acc: 0.98980, ap: 0.99456, f1: 0.98980, macro_auc: 0.99603, micro_auc: 0.99603
[Thu Sep 10 22:21:40 2026|scalable_tgn_link_prediction.py|INFO] meta val epoch:12, loss: 0.03625,mrr:0.92270,  acc: 0.99199, ap: 0.99581, f1: 0.99199, macro_auc: 0.99696, micro_auc: 0.99696
[Thu Sep 10 22:21:40 2026|scalable_tgn_link_prediction.py|INFO] meta val epoch:12, loss: 0.03328,mrr:0.89221,  acc: 0.99223, ap: 0.99559, f1: 0.99223, macro_auc: 0.99729, micro_auc: 0.99729
[Thu Sep 10 22:21:41 2026|scalable_tgn_link_prediction.py|INFO] meta val epoch:12, loss: 0.03618,mrr:0.91876,  acc: 0.99053, ap: 0.99648, f1: 0.99053, macro_auc: 0.99743, micro_auc: 0.99743
[Thu Sep 10 22:21:41 2026|scalable_tgn_link_prediction.py|INFO] meta val epoch:12, loss: 0.04490,mrr:0.92126,  acc: 0.98919, ap: 0.99345, f1: 0.98919, macro_auc: 0.99611, micro_auc: 0.99611
[Thu Sep 10 22:21:54 2026|scalable_tgn_link_prediction.py|INFO] meta val epoch:13, loss: 0.04158,mrr:0.94290,  acc: 0.99247, ap: 0.99461, f1: 0.99247, macro_auc: 0.99623, micro_auc: 0.99623
[Thu Sep 10 22:21:54 2026|scalable_tgn_link_prediction.py|INFO] meta val epoch:13, loss: 0.04656,mrr:0.94234,  acc: 0.99490, ap: 0.99389, f1: 0.99490, macro_auc: 0.99637, micro_auc: 0.99637
[Thu Sep 10 22:21:54 2026|scalable_tgn_link_prediction.py|INFO] meta val epoch:13, loss: 0.08933,mrr:0.93769,  acc: 0.99029, ap: 0.98704, f1: 0.99029, macro_auc: 0.99144, micro_auc: 0.99144
[Thu Sep 10 22:21:54 2026|scalable_tgn_link_prediction.py|INFO] meta val epoch:13, loss: 0.03894,mrr:0.94090,  acc: 0.99053, ap: 0.99499, f1: 0.99053, macro_auc: 0.99677, micro_auc: 0.99677
[Thu Sep 10 22:21:54 2026|scalable_tgn_link_prediction.py|INFO] meta val epoch:13, loss: 0.04602,mrr:0.94001,  acc: 0.99102, ap: 0.99385, f1: 0.99101, macro_auc: 0.99585, micro_auc: 0.99585
[Thu Sep 10 22:21:55 2026|scalable_tgn_link_prediction.py|INFO] meta val epoch:13, loss: 0.03401,mrr:0.93566,  acc: 0.99405, ap: 0.99468, f1: 0.99405, macro_auc: 0.99683, micro_auc: 0.99683
[Thu Sep 10 22:21:55 2026|scalable_tgn_link_prediction.py|INFO] meta val epoch:13, loss: 0.03092,mrr:0.92711,  acc: 0.99405, ap: 0.99598, f1: 0.99405, macro_auc: 0.99741, micro_auc: 0.99741
[Thu Sep 10 22:21:55 2026|scalable_tgn_link_prediction.py|INFO] meta val epoch:13, loss: 0.04496,mrr:0.93208,  acc: 0.99332, ap: 0.99600, f1: 0.99332, macro_auc: 0.99744, micro_auc: 0.99744
[Thu Sep 10 22:21:55 2026|scalable_tgn_link_prediction.py|INFO] meta val epoch:13, loss: 0.04026,mrr:0.94318,  acc: 0.99284, ap: 0.99455, f1: 0.99284, macro_auc: 0.99656, micro_auc: 0.99656
[Thu Sep 10 22:21:55 2026|scalable_tgn_link_prediction.py|INFO] meta val epoch:13, loss: 0.04486,mrr:0.92475,  acc: 0.99271, ap: 0.99375, f1: 0.99271, macro_auc: 0.99581, micro_auc: 0.99581
[Thu Sep 10 22:21:55 2026|scalable_tgn_link_prediction.py|INFO] meta val epoch:13, loss: 0.05256,mrr:0.93299,  acc: 0.99259, ap: 0.99499, f1: 0.99259, macro_auc: 0.99628, micro_auc: 0.99628
[Thu Sep 10 22:21:55 2026|scalable_tgn_link_prediction.py|INFO] meta val epoch:13, loss: 0.03680,mrr:0.92137,  acc: 0.99393, ap: 0.99581, f1: 0.99393, macro_auc: 0.99680, micro_auc: 0.99680
[Thu Sep 10 22:21:56 2026|scalable_tgn_link_prediction.py|INFO] meta val epoch:13, loss: 0.02846,mrr:0.91856,  acc: 0.99478, ap: 0.99722, f1: 0.99478, macro_auc: 0.99794, micro_auc: 0.99794
[Thu Sep 10 22:21:56 2026|scalable_tgn_link_prediction.py|INFO] meta val epoch:13, loss: 0.03479,mrr:0.92370,  acc: 0.99308, ap: 0.99604, f1: 0.99308, macro_auc: 0.99733, micro_auc: 0.99733
[Thu Sep 10 22:21:56 2026|scalable_tgn_link_prediction.py|INFO] meta val epoch:13, loss: 0.05700,mrr:0.92106,  acc: 0.99223, ap: 0.99378, f1: 0.99223, macro_auc: 0.99634, micro_auc: 0.99634
[Thu Sep 10 22:22:09 2026|scalable_tgn_link_prediction.py|INFO] meta val epoch:14, loss: 0.04302,mrr:0.93184,  acc: 0.99077, ap: 0.99445, f1: 0.99077, macro_auc: 0.99593, micro_auc: 0.99593
[Thu Sep 10 22:22:09 2026|scalable_tgn_link_prediction.py|INFO] meta val epoch:14, loss: 0.04729,mrr:0.92161,  acc: 0.99393, ap: 0.99234, f1: 0.99393, macro_auc: 0.99596, micro_auc: 0.99596
[Thu Sep 10 22:22:09 2026|scalable_tgn_link_prediction.py|INFO] meta val epoch:14, loss: 0.06127,mrr:0.91791,  acc: 0.98834, ap: 0.98585, f1: 0.98834, macro_auc: 0.99067, micro_auc: 0.99067
[Thu Sep 10 22:22:10 2026|scalable_tgn_link_prediction.py|INFO] meta val epoch:14, loss: 0.04075,mrr:0.92130,  acc: 0.98749, ap: 0.99176, f1: 0.98749, macro_auc: 0.99585, micro_auc: 0.99585
[Thu Sep 10 22:22:10 2026|scalable_tgn_link_prediction.py|INFO] meta val epoch:14, loss: 0.04488,mrr:0.94267,  acc: 0.98956, ap: 0.99283, f1: 0.98956, macro_auc: 0.99529, micro_auc: 0.99529
[Thu Sep 10 22:22:10 2026|scalable_tgn_link_prediction.py|INFO] meta val epoch:14, loss: 0.03624,mrr:0.94301,  acc: 0.99199, ap: 0.99397, f1: 0.99199, macro_auc: 0.99647, micro_auc: 0.99647
[Thu Sep 10 22:22:10 2026|scalable_tgn_link_prediction.py|INFO] meta val epoch:14, loss: 0.03329,mrr:0.92293,  acc: 0.99320, ap: 0.99591, f1: 0.99320, macro_auc: 0.99739, micro_auc: 0.99739
[Thu Sep 10 22:22:10 2026|scalable_tgn_link_prediction.py|INFO] meta val epoch:14, loss: 0.03821,mrr:0.93051,  acc: 0.99102, ap: 0.99526, f1: 0.99101, macro_auc: 0.99697, micro_auc: 0.99697
[Thu Sep 10 22:22:10 2026|scalable_tgn_link_prediction.py|INFO] meta val epoch:14, loss: 0.03944,mrr:0.92211,  acc: 0.99114, ap: 0.99366, f1: 0.99114, macro_auc: 0.99600, micro_auc: 0.99600
[Thu Sep 10 22:22:10 2026|scalable_tgn_link_prediction.py|INFO] meta val epoch:14, loss: 0.04220,mrr:0.90791,  acc: 0.99065, ap: 0.99334, f1: 0.99065, macro_auc: 0.99572, micro_auc: 0.99572
[Thu Sep 10 22:22:11 2026|scalable_tgn_link_prediction.py|INFO] meta val epoch:14, loss: 0.04377,mrr:0.91316,  acc: 0.98907, ap: 0.99438, f1: 0.98907, macro_auc: 0.99599, micro_auc: 0.99599
[Thu Sep 10 22:22:11 2026|scalable_tgn_link_prediction.py|INFO] meta val epoch:14, loss: 0.03678,mrr:0.93376,  acc: 0.99296, ap: 0.99587, f1: 0.99296, macro_auc: 0.99693, micro_auc: 0.99693
[Thu Sep 10 22:22:11 2026|scalable_tgn_link_prediction.py|INFO] meta val epoch:14, loss: 0.03411,mrr:0.90476,  acc: 0.99211, ap: 0.99583, f1: 0.99211, macro_auc: 0.99725, micro_auc: 0.99725
[Thu Sep 10 22:22:11 2026|scalable_tgn_link_prediction.py|INFO] meta val epoch:14, loss: 0.03822,mrr:0.91398,  acc: 0.99102, ap: 0.99484, f1: 0.99101, macro_auc: 0.99700, micro_auc: 0.99700
[Thu Sep 10 22:22:11 2026|scalable_tgn_link_prediction.py|INFO] meta val epoch:14, loss: 0.04430,mrr:0.90445,  acc: 0.98932, ap: 0.99398, f1: 0.98931, macro_auc: 0.99611, micro_auc: 0.99611
[Thu Sep 10 22:22:25 2026|scalable_tgn_link_prediction.py|INFO] meta val epoch:15, loss: 0.03984,mrr:0.94239,  acc: 0.99174, ap: 0.99404, f1: 0.99174, macro_auc: 0.99581, micro_auc: 0.99581
[Thu Sep 10 22:22:25 2026|scalable_tgn_link_prediction.py|INFO] meta val epoch:15, loss: 0.03154,mrr:0.94511,  acc: 0.99478, ap: 0.99237, f1: 0.99478, macro_auc: 0.99603, micro_auc: 0.99603
[Thu Sep 10 22:22:25 2026|scalable_tgn_link_prediction.py|INFO] meta val epoch:15, loss: 0.05632,mrr:0.90171,  acc: 0.99004, ap: 0.98597, f1: 0.99004, macro_auc: 0.99078, micro_auc: 0.99078
[Thu Sep 10 22:22:25 2026|scalable_tgn_link_prediction.py|INFO] meta val epoch:15, loss: 0.04145,mrr:0.92603,  acc: 0.99029, ap: 0.99392, f1: 0.99029, macro_auc: 0.99619, micro_auc: 0.99619
[Thu Sep 10 22:22:25 2026|scalable_tgn_link_prediction.py|INFO] meta val epoch:15, loss: 0.04215,mrr:0.94083,  acc: 0.99089, ap: 0.99355, f1: 0.99089, macro_auc: 0.99564, micro_auc: 0.99564
[Thu Sep 10 22:22:25 2026|scalable_tgn_link_prediction.py|INFO] meta val epoch:15, loss: 0.03259,mrr:0.93161,  acc: 0.99320, ap: 0.99448, f1: 0.99320, macro_auc: 0.99670, micro_auc: 0.99670
[Thu Sep 10 22:22:25 2026|scalable_tgn_link_prediction.py|INFO] meta val epoch:15, loss: 0.03054,mrr:0.92224,  acc: 0.99393, ap: 0.99607, f1: 0.99393, macro_auc: 0.99745, micro_auc: 0.99745
[Thu Sep 10 22:22:26 2026|scalable_tgn_link_prediction.py|INFO] meta val epoch:15, loss: 0.03414,mrr:0.92790,  acc: 0.99271, ap: 0.99558, f1: 0.99271, macro_auc: 0.99713, micro_auc: 0.99713
[Thu Sep 10 22:22:26 2026|scalable_tgn_link_prediction.py|INFO] meta val epoch:15, loss: 0.03568,mrr:0.92741,  acc: 0.99284, ap: 0.99424, f1: 0.99284, macro_auc: 0.99641, micro_auc: 0.99641
[Thu Sep 10 22:22:26 2026|scalable_tgn_link_prediction.py|INFO] meta val epoch:15, loss: 0.03811,mrr:0.89106,  acc: 0.99211, ap: 0.99394, f1: 0.99211, macro_auc: 0.99590, micro_auc: 0.99590
[Thu Sep 10 22:22:26 2026|scalable_tgn_link_prediction.py|INFO] meta val epoch:15, loss: 0.03918,mrr:0.90215,  acc: 0.99211, ap: 0.99470, f1: 0.99211, macro_auc: 0.99611, micro_auc: 0.99611
[Thu Sep 10 22:22:26 2026|scalable_tgn_link_prediction.py|INFO] meta val epoch:15, loss: 0.03334,mrr:0.93243,  acc: 0.99393, ap: 0.99601, f1: 0.99393, macro_auc: 0.99697, micro_auc: 0.99697
[Thu Sep 10 22:22:26 2026|scalable_tgn_link_prediction.py|INFO] meta val epoch:15, loss: 0.03037,mrr:0.89634,  acc: 0.99405, ap: 0.99613, f1: 0.99405, macro_auc: 0.99737, micro_auc: 0.99737
[Thu Sep 10 22:22:26 2026|scalable_tgn_link_prediction.py|INFO] meta val epoch:15, loss: 0.03269,mrr:0.92306,  acc: 0.99284, ap: 0.99644, f1: 0.99284, macro_auc: 0.99746, micro_auc: 0.99746
[Thu Sep 10 22:22:27 2026|scalable_tgn_link_prediction.py|INFO] meta val epoch:15, loss: 0.04049,mrr:0.90104,  acc: 0.99199, ap: 0.99362, f1: 0.99199, macro_auc: 0.99617, micro_auc: 0.99617
[Thu Sep 10 22:22:40 2026|scalable_tgn_link_prediction.py|INFO] meta val epoch:16, loss: 0.03871,mrr:0.93117,  acc: 0.99211, ap: 0.99434, f1: 0.99211, macro_auc: 0.99596, micro_auc: 0.99596
[Thu Sep 10 22:22:40 2026|scalable_tgn_link_prediction.py|INFO] meta val epoch:16, loss: 0.03118,mrr:0.93241,  acc: 0.99429, ap: 0.99318, f1: 0.99429, macro_auc: 0.99597, micro_auc: 0.99597
[Thu Sep 10 22:22:41 2026|scalable_tgn_link_prediction.py|INFO] meta val epoch:16, loss: 0.05713,mrr:0.92627,  acc: 0.98968, ap: 0.98615, f1: 0.98968, macro_auc: 0.99103, micro_auc: 0.99103
[Thu Sep 10 22:22:41 2026|scalable_tgn_link_prediction.py|INFO] meta val epoch:16, loss: 0.03479,mrr:0.92538,  acc: 0.99041, ap: 0.99325, f1: 0.99041, macro_auc: 0.99601, micro_auc: 0.99601
[Thu Sep 10 22:22:41 2026|scalable_tgn_link_prediction.py|INFO] meta val epoch:16, loss: 0.04140,mrr:0.94300,  acc: 0.99089, ap: 0.99296, f1: 0.99089, macro_auc: 0.99530, micro_auc: 0.99530
[Thu Sep 10 22:22:41 2026|scalable_tgn_link_prediction.py|INFO] meta val epoch:16, loss: 0.03053,mrr:0.93769,  acc: 0.99405, ap: 0.99436, f1: 0.99405, macro_auc: 0.99669, micro_auc: 0.99669
[Thu Sep 10 22:22:41 2026|scalable_tgn_link_prediction.py|INFO] meta val epoch:16, loss: 0.02898,mrr:0.92256,  acc: 0.99417, ap: 0.99586, f1: 0.99417, macro_auc: 0.99739, micro_auc: 0.99739
[Thu Sep 10 22:22:41 2026|scalable_tgn_link_prediction.py|INFO] meta val epoch:16, loss: 0.03273,mrr:0.93286,  acc: 0.99308, ap: 0.99565, f1: 0.99308, macro_auc: 0.99718, micro_auc: 0.99718
[Thu Sep 10 22:22:41 2026|scalable_tgn_link_prediction.py|INFO] meta val epoch:16, loss: 0.03588,mrr:0.92377,  acc: 0.99223, ap: 0.99306, f1: 0.99223, macro_auc: 0.99603, micro_auc: 0.99603
[Thu Sep 10 22:22:41 2026|scalable_tgn_link_prediction.py|INFO] meta val epoch:16, loss: 0.03774,mrr:0.91487,  acc: 0.99247, ap: 0.99393, f1: 0.99247, macro_auc: 0.99594, micro_auc: 0.99594
[Thu Sep 10 22:22:42 2026|scalable_tgn_link_prediction.py|INFO] meta val epoch:16, loss: 0.03911,mrr:0.92314,  acc: 0.99211, ap: 0.99456, f1: 0.99211, macro_auc: 0.99613, micro_auc: 0.99613
[Thu Sep 10 22:22:42 2026|scalable_tgn_link_prediction.py|INFO] meta val epoch:16, loss: 0.03299,mrr:0.93415,  acc: 0.99405, ap: 0.99589, f1: 0.99405, macro_auc: 0.99696, micro_auc: 0.99696
[Thu Sep 10 22:22:42 2026|scalable_tgn_link_prediction.py|INFO] meta val epoch:16, loss: 0.03020,mrr:0.91305,  acc: 0.99344, ap: 0.99629, f1: 0.99344, macro_auc: 0.99741, micro_auc: 0.99741
[Thu Sep 10 22:22:42 2026|scalable_tgn_link_prediction.py|INFO] meta val epoch:16, loss: 0.03096,mrr:0.92413,  acc: 0.99332, ap: 0.99610, f1: 0.99332, macro_auc: 0.99728, micro_auc: 0.99728
[Thu Sep 10 22:22:42 2026|scalable_tgn_link_prediction.py|INFO] meta val epoch:16, loss: 0.04087,mrr:0.89179,  acc: 0.99138, ap: 0.99350, f1: 0.99138, macro_auc: 0.99623, micro_auc: 0.99623
[Thu Sep 10 22:22:55 2026|scalable_tgn_link_prediction.py|INFO] meta val epoch:17, loss: 0.03953,mrr:0.93210,  acc: 0.99138, ap: 0.99437, f1: 0.99138, macro_auc: 0.99589, micro_auc: 0.99589
[Thu Sep 10 22:22:56 2026|scalable_tgn_link_prediction.py|INFO] meta val epoch:17, loss: 0.03099,mrr:0.93726,  acc: 0.99393, ap: 0.99373, f1: 0.99393, macro_auc: 0.99608, micro_auc: 0.99608
[Thu Sep 10 22:22:56 2026|scalable_tgn_link_prediction.py|INFO] meta val epoch:17, loss: 0.05632,mrr:0.93562,  acc: 0.98968, ap: 0.98581, f1: 0.98968, macro_auc: 0.99090, micro_auc: 0.99090
[Thu Sep 10 22:22:56 2026|scalable_tgn_link_prediction.py|INFO] meta val epoch:17, loss: 0.03418,mrr:0.90289,  acc: 0.99150, ap: 0.99285, f1: 0.99150, macro_auc: 0.99593, micro_auc: 0.99593
[Thu Sep 10 22:22:56 2026|scalable_tgn_link_prediction.py|INFO] meta val epoch:17, loss: 0.04249,mrr:0.93322,  acc: 0.99126, ap: 0.99116, f1: 0.99126, macro_auc: 0.99462, micro_auc: 0.99462
[Thu Sep 10 22:22:56 2026|scalable_tgn_link_prediction.py|INFO] meta val epoch:17, loss: 0.03286,mrr:0.92006,  acc: 0.99332, ap: 0.99407, f1: 0.99332, macro_auc: 0.99657, micro_auc: 0.99657
[Thu Sep 10 22:22:56 2026|scalable_tgn_link_prediction.py|INFO] meta val epoch:17, loss: 0.03016,mrr:0.91179,  acc: 0.99417, ap: 0.99426, f1: 0.99417, macro_auc: 0.99701, micro_auc: 0.99701
[Thu Sep 10 22:22:56 2026|scalable_tgn_link_prediction.py|INFO] meta val epoch:17, loss: 0.03467,mrr:0.93506,  acc: 0.99247, ap: 0.99502, f1: 0.99247, macro_auc: 0.99685, micro_auc: 0.99685
[Thu Sep 10 22:22:56 2026|scalable_tgn_link_prediction.py|INFO] meta val epoch:17, loss: 0.03690,mrr:0.91785,  acc: 0.99235, ap: 0.99233, f1: 0.99235, macro_auc: 0.99577, micro_auc: 0.99577
[Thu Sep 10 22:22:57 2026|scalable_tgn_link_prediction.py|INFO] meta val epoch:17, loss: 0.03862,mrr:0.89398,  acc: 0.99174, ap: 0.99348, f1: 0.99174, macro_auc: 0.99580, micro_auc: 0.99580
[Thu Sep 10 22:22:57 2026|scalable_tgn_link_prediction.py|INFO] meta val epoch:17, loss: 0.04144,mrr:0.90194,  acc: 0.99065, ap: 0.99430, f1: 0.99065, macro_auc: 0.99601, micro_auc: 0.99601
[Thu Sep 10 22:22:57 2026|scalable_tgn_link_prediction.py|INFO] meta val epoch:17, loss: 0.03487,mrr:0.91975,  acc: 0.99332, ap: 0.99510, f1: 0.99332, macro_auc: 0.99682, micro_auc: 0.99682
[Thu Sep 10 22:22:57 2026|scalable_tgn_link_prediction.py|INFO] meta val epoch:17, loss: 0.03162,mrr:0.88763,  acc: 0.99320, ap: 0.99534, f1: 0.99320, macro_auc: 0.99691, micro_auc: 0.99691
[Thu Sep 10 22:22:57 2026|scalable_tgn_link_prediction.py|INFO] meta val epoch:17, loss: 0.03330,mrr:0.90835,  acc: 0.99308, ap: 0.99591, f1: 0.99308, macro_auc: 0.99717, micro_auc: 0.99717
[Thu Sep 10 22:22:57 2026|scalable_tgn_link_prediction.py|INFO] meta val epoch:17, loss: 0.04235,mrr:0.91213,  acc: 0.99053, ap: 0.99322, f1: 0.99053, macro_auc: 0.99604, micro_auc: 0.99604
[Thu Sep 10 22:23:11 2026|scalable_tgn_link_prediction.py|INFO] meta val epoch:18, loss: 0.04009,mrr:0.94702,  acc: 0.99114, ap: 0.99474, f1: 0.99114, macro_auc: 0.99620, micro_auc: 0.99620
[Thu Sep 10 22:23:11 2026|scalable_tgn_link_prediction.py|INFO] meta val epoch:18, loss: 0.03188,mrr:0.93266,  acc: 0.99393, ap: 0.99390, f1: 0.99393, macro_auc: 0.99631, micro_auc: 0.99631
[Thu Sep 10 22:23:11 2026|scalable_tgn_link_prediction.py|INFO] meta val epoch:18, loss: 0.05677,mrr:0.93588,  acc: 0.98895, ap: 0.98753, f1: 0.98895, macro_auc: 0.99172, micro_auc: 0.99172
[Thu Sep 10 22:23:11 2026|scalable_tgn_link_prediction.py|INFO] meta val epoch:18, loss: 0.03441,mrr:0.91912,  acc: 0.99102, ap: 0.99512, f1: 0.99102, macro_auc: 0.99682, micro_auc: 0.99682
[Thu Sep 10 22:23:11 2026|scalable_tgn_link_prediction.py|INFO] meta val epoch:18, loss: 0.04234,mrr:0.93143,  acc: 0.99077, ap: 0.99411, f1: 0.99077, macro_auc: 0.99593, micro_auc: 0.99593
[Thu Sep 10 22:23:11 2026|scalable_tgn_link_prediction.py|INFO] meta val epoch:18, loss: 0.03340,mrr:0.94311,  acc: 0.99308, ap: 0.99471, f1: 0.99308, macro_auc: 0.99681, micro_auc: 0.99681
[Thu Sep 10 22:23:11 2026|scalable_tgn_link_prediction.py|INFO] meta val epoch:18, loss: 0.03160,mrr:0.93152,  acc: 0.99356, ap: 0.99510, f1: 0.99356, macro_auc: 0.99731, micro_auc: 0.99731
[Thu Sep 10 22:23:12 2026|scalable_tgn_link_prediction.py|INFO] meta val epoch:18, loss: 0.03475,mrr:0.93887,  acc: 0.99259, ap: 0.99612, f1: 0.99259, macro_auc: 0.99743, micro_auc: 0.99743
[Thu Sep 10 22:23:12 2026|scalable_tgn_link_prediction.py|INFO] meta val epoch:18, loss: 0.03763,mrr:0.92472,  acc: 0.99199, ap: 0.99367, f1: 0.99199, macro_auc: 0.99656, micro_auc: 0.99656
[Thu Sep 10 22:23:12 2026|scalable_tgn_link_prediction.py|INFO] meta val epoch:18, loss: 0.04044,mrr:0.92228,  acc: 0.99102, ap: 0.99265, f1: 0.99101, macro_auc: 0.99595, micro_auc: 0.99595
[Thu Sep 10 22:23:12 2026|scalable_tgn_link_prediction.py|INFO] meta val epoch:18, loss: 0.04129,mrr:0.91877,  acc: 0.99102, ap: 0.99475, f1: 0.99101, macro_auc: 0.99618, micro_auc: 0.99618
[Thu Sep 10 22:23:12 2026|scalable_tgn_link_prediction.py|INFO] meta val epoch:18, loss: 0.03531,mrr:0.92393,  acc: 0.99296, ap: 0.99513, f1: 0.99296, macro_auc: 0.99687, micro_auc: 0.99687
[Thu Sep 10 22:23:12 2026|scalable_tgn_link_prediction.py|INFO] meta val epoch:18, loss: 0.03206,mrr:0.91898,  acc: 0.99223, ap: 0.99686, f1: 0.99223, macro_auc: 0.99778, micro_auc: 0.99778
[Thu Sep 10 22:23:12 2026|scalable_tgn_link_prediction.py|INFO] meta val epoch:18, loss: 0.03394,mrr:0.93180,  acc: 0.99259, ap: 0.99605, f1: 0.99259, macro_auc: 0.99740, micro_auc: 0.99740
[Thu Sep 10 22:23:13 2026|scalable_tgn_link_prediction.py|INFO] meta val epoch:18, loss: 0.05495,mrr:0.91595,  acc: 0.98968, ap: 0.99224, f1: 0.98968, macro_auc: 0.99599, micro_auc: 0.99599
[Thu Sep 10 22:23:26 2026|scalable_tgn_link_prediction.py|INFO] meta val epoch:19, loss: 0.03943,mrr:0.93801,  acc: 0.99089, ap: 0.99468, f1: 0.99089, macro_auc: 0.99629, micro_auc: 0.99629
[Thu Sep 10 22:23:26 2026|scalable_tgn_link_prediction.py|INFO] meta val epoch:19, loss: 0.03091,mrr:0.93823,  acc: 0.99247, ap: 0.99519, f1: 0.99247, macro_auc: 0.99680, micro_auc: 0.99680
[Thu Sep 10 22:23:26 2026|scalable_tgn_link_prediction.py|INFO] meta val epoch:19, loss: 0.05885,mrr:0.92627,  acc: 0.98859, ap: 0.98709, f1: 0.98859, macro_auc: 0.99162, micro_auc: 0.99162
[Thu Sep 10 22:23:26 2026|scalable_tgn_link_prediction.py|INFO] meta val epoch:19, loss: 0.03160,mrr:0.92919,  acc: 0.99369, ap: 0.99519, f1: 0.99369, macro_auc: 0.99693, micro_auc: 0.99693
[Thu Sep 10 22:23:26 2026|scalable_tgn_link_prediction.py|INFO] meta val epoch:19, loss: 0.04174,mrr:0.95657,  acc: 0.99065, ap: 0.99402, f1: 0.99065, macro_auc: 0.99584, micro_auc: 0.99584
[Thu Sep 10 22:23:26 2026|scalable_tgn_link_prediction.py|INFO] meta val epoch:19, loss: 0.03145,mrr:0.94073,  acc: 0.99332, ap: 0.99472, f1: 0.99332, macro_auc: 0.99677, micro_auc: 0.99677
[Thu Sep 10 22:23:26 2026|scalable_tgn_link_prediction.py|INFO] meta val epoch:19, loss: 0.02909,mrr:0.92084,  acc: 0.99429, ap: 0.99591, f1: 0.99429, macro_auc: 0.99736, micro_auc: 0.99736
[Thu Sep 10 22:23:27 2026|scalable_tgn_link_prediction.py|INFO] meta val epoch:19, loss: 0.03364,mrr:0.92424,  acc: 0.99211, ap: 0.99569, f1: 0.99211, macro_auc: 0.99721, micro_auc: 0.99721
[Thu Sep 10 22:23:27 2026|scalable_tgn_link_prediction.py|INFO] meta val epoch:19, loss: 0.03610,mrr:0.92448,  acc: 0.99150, ap: 0.99491, f1: 0.99150, macro_auc: 0.99675, micro_auc: 0.99675
[Thu Sep 10 22:23:27 2026|scalable_tgn_link_prediction.py|INFO] meta val epoch:19, loss: 0.03883,mrr:0.93486,  acc: 0.99138, ap: 0.99438, f1: 0.99138, macro_auc: 0.99609, micro_auc: 0.99609
[Thu Sep 10 22:23:27 2026|scalable_tgn_link_prediction.py|INFO] meta val epoch:19, loss: 0.04059,mrr:0.92750,  acc: 0.99089, ap: 0.99455, f1: 0.99089, macro_auc: 0.99605, micro_auc: 0.99605
[Thu Sep 10 22:23:27 2026|scalable_tgn_link_prediction.py|INFO] meta val epoch:19, loss: 0.03478,mrr:0.93047,  acc: 0.99271, ap: 0.99526, f1: 0.99271, macro_auc: 0.99652, micro_auc: 0.99652
[Thu Sep 10 22:23:27 2026|scalable_tgn_link_prediction.py|INFO] meta val epoch:19, loss: 0.03133,mrr:0.92551,  acc: 0.99199, ap: 0.99632, f1: 0.99199, macro_auc: 0.99760, micro_auc: 0.99760
[Thu Sep 10 22:23:28 2026|scalable_tgn_link_prediction.py|INFO] meta val epoch:19, loss: 0.03286,mrr:0.94246,  acc: 0.99284, ap: 0.99595, f1: 0.99284, macro_auc: 0.99714, micro_auc: 0.99714
[Thu Sep 10 22:23:28 2026|scalable_tgn_link_prediction.py|INFO] meta val epoch:19, loss: 0.04231,mrr:0.91975,  acc: 0.99077, ap: 0.99270, f1: 0.99077, macro_auc: 0.99562, micro_auc: 0.99562
[Thu Sep 10 22:23:41 2026|scalable_tgn_link_prediction.py|INFO] meta val epoch:20, loss: 0.05652,mrr:0.81662,  acc: 0.99235, ap: 0.98770, f1: 0.99235, macro_auc: 0.99252, micro_auc: 0.99252
[Thu Sep 10 22:23:41 2026|scalable_tgn_link_prediction.py|INFO] meta val epoch:20, loss: 0.06234,mrr:0.80722,  acc: 0.99405, ap: 0.99292, f1: 0.99405, macro_auc: 0.99617, micro_auc: 0.99617
[Thu Sep 10 22:23:41 2026|scalable_tgn_link_prediction.py|INFO] meta val epoch:20, loss: 0.07084,mrr:0.82435,  acc: 0.98907, ap: 0.98938, f1: 0.98907, macro_auc: 0.99207, micro_auc: 0.99207
[Thu Sep 10 22:23:41 2026|scalable_tgn_link_prediction.py|INFO] meta val epoch:20, loss: 0.06016,mrr:0.83589,  acc: 0.99017, ap: 0.99192, f1: 0.99017, macro_auc: 0.99566, micro_auc: 0.99566
[Thu Sep 10 22:23:41 2026|scalable_tgn_link_prediction.py|INFO] meta val epoch:20, loss: 0.05339,mrr:0.83143,  acc: 0.99077, ap: 0.98679, f1: 0.99077, macro_auc: 0.99237, micro_auc: 0.99237
[Thu Sep 10 22:23:42 2026|scalable_tgn_link_prediction.py|INFO] meta val epoch:20, loss: 0.04454,mrr:0.85770,  acc: 0.99344, ap: 0.99339, f1: 0.99344, macro_auc: 0.99565, micro_auc: 0.99565
[Thu Sep 10 22:23:42 2026|scalable_tgn_link_prediction.py|INFO] meta val epoch:20, loss: 0.04513,mrr:0.81871,  acc: 0.99441, ap: 0.99145, f1: 0.99441, macro_auc: 0.99511, micro_auc: 0.99511
[Thu Sep 10 22:23:42 2026|scalable_tgn_link_prediction.py|INFO] meta val epoch:20, loss: 0.04995,mrr:0.82780,  acc: 0.99235, ap: 0.99016, f1: 0.99235, macro_auc: 0.99398, micro_auc: 0.99398
[Thu Sep 10 22:23:42 2026|scalable_tgn_link_prediction.py|INFO] meta val epoch:20, loss: 0.05171,mrr:0.82751,  acc: 0.99247, ap: 0.98679, f1: 0.99247, macro_auc: 0.99353, micro_auc: 0.99353
[Thu Sep 10 22:23:42 2026|scalable_tgn_link_prediction.py|INFO] meta val epoch:20, loss: 0.07606,mrr:0.83904,  acc: 0.99235, ap: 0.98617, f1: 0.99235, macro_auc: 0.99293, micro_auc: 0.99293
[Thu Sep 10 22:23:42 2026|scalable_tgn_link_prediction.py|INFO] meta val epoch:20, loss: 0.05648,mrr:0.79907,  acc: 0.99186, ap: 0.98782, f1: 0.99186, macro_auc: 0.99275, micro_auc: 0.99275
[Thu Sep 10 22:23:42 2026|scalable_tgn_link_prediction.py|INFO] meta val epoch:20, loss: 0.05351,mrr:0.80815,  acc: 0.99393, ap: 0.98626, f1: 0.99393, macro_auc: 0.99260, micro_auc: 0.99260
[Thu Sep 10 22:23:43 2026|scalable_tgn_link_prediction.py|INFO] meta val epoch:20, loss: 0.04711,mrr:0.79470,  acc: 0.99356, ap: 0.99354, f1: 0.99356, macro_auc: 0.99573, micro_auc: 0.99573
[Thu Sep 10 22:23:43 2026|scalable_tgn_link_prediction.py|INFO] meta val epoch:20, loss: 0.05059,mrr:0.79676,  acc: 0.99308, ap: 0.99053, f1: 0.99308, macro_auc: 0.99444, micro_auc: 0.99444
[Thu Sep 10 22:23:43 2026|scalable_tgn_link_prediction.py|INFO] meta val epoch:20, loss: 0.05808,mrr:0.82987,  acc: 0.99162, ap: 0.98661, f1: 0.99162, macro_auc: 0.99272, micro_auc: 0.99272
[Thu Sep 10 22:23:56 2026|scalable_tgn_link_prediction.py|INFO] meta val epoch:21, loss: 0.04968,mrr:0.93313,  acc: 0.99126, ap: 0.99227, f1: 0.99126, macro_auc: 0.99503, micro_auc: 0.99503
[Thu Sep 10 22:23:56 2026|scalable_tgn_link_prediction.py|INFO] meta val epoch:21, loss: 0.04054,mrr:0.92694,  acc: 0.99369, ap: 0.99416, f1: 0.99369, macro_auc: 0.99612, micro_auc: 0.99612
[Thu Sep 10 22:23:56 2026|scalable_tgn_link_prediction.py|INFO] meta val epoch:21, loss: 0.06502,mrr:0.92845,  acc: 0.98883, ap: 0.98549, f1: 0.98883, macro_auc: 0.99042, micro_auc: 0.99042
[Thu Sep 10 22:23:56 2026|scalable_tgn_link_prediction.py|INFO] meta val epoch:21, loss: 0.04326,mrr:0.92113,  acc: 0.99017, ap: 0.99358, f1: 0.99017, macro_auc: 0.99609, micro_auc: 0.99609
[Thu Sep 10 22:23:57 2026|scalable_tgn_link_prediction.py|INFO] meta val epoch:21, loss: 0.05960,mrr:0.94653,  acc: 0.98446, ap: 0.99189, f1: 0.98446, macro_auc: 0.99483, micro_auc: 0.99483
[Thu Sep 10 22:23:57 2026|scalable_tgn_link_prediction.py|INFO] meta val epoch:21, loss: 0.04194,mrr:0.92705,  acc: 0.99259, ap: 0.99066, f1: 0.99259, macro_auc: 0.99540, micro_auc: 0.99540
[Thu Sep 10 22:23:57 2026|scalable_tgn_link_prediction.py|INFO] meta val epoch:21, loss: 0.07110,mrr:0.90622,  acc: 0.98834, ap: 0.98938, f1: 0.98834, macro_auc: 0.98857, micro_auc: 0.98857
[Thu Sep 10 22:23:57 2026|scalable_tgn_link_prediction.py|INFO] meta val epoch:21, loss: 0.04259,mrr:0.91928,  acc: 0.99199, ap: 0.99292, f1: 0.99199, macro_auc: 0.99605, micro_auc: 0.99605
[Thu Sep 10 22:23:57 2026|scalable_tgn_link_prediction.py|INFO] meta val epoch:21, loss: 0.04425,mrr:0.90194,  acc: 0.99162, ap: 0.99149, f1: 0.99162, macro_auc: 0.99498, micro_auc: 0.99498
[Thu Sep 10 22:23:57 2026|scalable_tgn_link_prediction.py|INFO] meta val epoch:21, loss: 0.04575,mrr:0.89555,  acc: 0.99150, ap: 0.99281, f1: 0.99150, macro_auc: 0.99537, micro_auc: 0.99537
[Thu Sep 10 22:23:57 2026|scalable_tgn_link_prediction.py|INFO] meta val epoch:21, loss: 0.06982,mrr:0.90028,  acc: 0.98409, ap: 0.99102, f1: 0.98409, macro_auc: 0.99172, micro_auc: 0.99172
[Thu Sep 10 22:23:58 2026|scalable_tgn_link_prediction.py|INFO] meta val epoch:21, loss: 0.04707,mrr:0.91031,  acc: 0.98968, ap: 0.99414, f1: 0.98968, macro_auc: 0.99598, micro_auc: 0.99598
[Thu Sep 10 22:23:58 2026|scalable_tgn_link_prediction.py|INFO] meta val epoch:21, loss: 0.03716,mrr:0.89053,  acc: 0.99259, ap: 0.99582, f1: 0.99259, macro_auc: 0.99713, micro_auc: 0.99713
[Thu Sep 10 22:23:58 2026|scalable_tgn_link_prediction.py|INFO] meta val epoch:21, loss: 0.04294,mrr:0.91113,  acc: 0.98907, ap: 0.99548, f1: 0.98907, macro_auc: 0.99688, micro_auc: 0.99688
[Thu Sep 10 22:23:58 2026|scalable_tgn_link_prediction.py|INFO] meta val epoch:21, loss: 0.04812,mrr:0.88735,  acc: 0.99077, ap: 0.99181, f1: 0.99077, macro_auc: 0.99543, micro_auc: 0.99543
[Thu Sep 10 22:24:12 2026|scalable_tgn_link_prediction.py|INFO] meta val epoch:22, loss: 0.16127,mrr:0.90175,  acc: 0.99223, ap: 0.99098, f1: 0.99223, macro_auc: 0.99499, micro_auc: 0.99499
[Thu Sep 10 22:24:12 2026|scalable_tgn_link_prediction.py|INFO] meta val epoch:22, loss: 0.12704,mrr:0.89196,  acc: 0.99429, ap: 0.99346, f1: 0.99429, macro_auc: 0.99617, micro_auc: 0.99617
[Thu Sep 10 22:24:12 2026|scalable_tgn_link_prediction.py|INFO] meta val epoch:22, loss: 0.23412,mrr:0.85950,  acc: 0.98968, ap: 0.98470, f1: 0.98968, macro_auc: 0.99035, micro_auc: 0.99035
[Thu Sep 10 22:24:12 2026|scalable_tgn_link_prediction.py|INFO] meta val epoch:22, loss: 0.14440,mrr:0.86166,  acc: 0.99017, ap: 0.99305, f1: 0.99017, macro_auc: 0.99626, micro_auc: 0.99626
[Thu Sep 10 22:24:12 2026|scalable_tgn_link_prediction.py|INFO] meta val epoch:22, loss: 0.16529,mrr:0.87894,  acc: 0.99174, ap: 0.99121, f1: 0.99174, macro_auc: 0.99526, micro_auc: 0.99526
[Thu Sep 10 22:24:12 2026|scalable_tgn_link_prediction.py|INFO] meta val epoch:22, loss: 0.20388,mrr:0.85512,  acc: 0.99296, ap: 0.99056, f1: 0.99296, macro_auc: 0.99557, micro_auc: 0.99557
[Thu Sep 10 22:24:12 2026|scalable_tgn_link_prediction.py|INFO] meta val epoch:22, loss: 0.18033,mrr:0.82730,  acc: 0.99393, ap: 0.99115, f1: 0.99393, macro_auc: 0.99571, micro_auc: 0.99571
[Thu Sep 10 22:24:13 2026|scalable_tgn_link_prediction.py|INFO] meta val epoch:22, loss: 0.17451,mrr:0.87252,  acc: 0.99247, ap: 0.99264, f1: 0.99247, macro_auc: 0.99629, micro_auc: 0.99629
[Thu Sep 10 22:24:13 2026|scalable_tgn_link_prediction.py|INFO] meta val epoch:22, loss: 0.18058,mrr:0.85009,  acc: 0.99211, ap: 0.99135, f1: 0.99211, macro_auc: 0.99561, micro_auc: 0.99561
[Thu Sep 10 22:24:13 2026|scalable_tgn_link_prediction.py|INFO] meta val epoch:22, loss: 0.24087,mrr:0.82826,  acc: 0.99186, ap: 0.98873, f1: 0.99186, macro_auc: 0.99431, micro_auc: 0.99431
[Thu Sep 10 22:24:13 2026|scalable_tgn_link_prediction.py|INFO] meta val epoch:22, loss: 0.16404,mrr:0.84791,  acc: 0.99259, ap: 0.99166, f1: 0.99259, macro_auc: 0.99507, micro_auc: 0.99507
[Thu Sep 10 22:24:13 2026|scalable_tgn_link_prediction.py|INFO] meta val epoch:22, loss: 0.14045,mrr:0.87737,  acc: 0.99369, ap: 0.99331, f1: 0.99369, macro_auc: 0.99631, micro_auc: 0.99631
[Thu Sep 10 22:24:13 2026|scalable_tgn_link_prediction.py|INFO] meta val epoch:22, loss: 0.15234,mrr:0.84848,  acc: 0.99417, ap: 0.99319, f1: 0.99417, macro_auc: 0.99670, micro_auc: 0.99670
[Thu Sep 10 22:24:13 2026|scalable_tgn_link_prediction.py|INFO] meta val epoch:22, loss: 0.10397,mrr:0.84429,  acc: 0.99308, ap: 0.99472, f1: 0.99308, macro_auc: 0.99693, micro_auc: 0.99693
[Thu Sep 10 22:24:14 2026|scalable_tgn_link_prediction.py|INFO] meta val epoch:22, loss: 0.22603,mrr:0.85214,  acc: 0.99174, ap: 0.98933, f1: 0.99174, macro_auc: 0.99464, micro_auc: 0.99464
[Thu Sep 10 22:24:27 2026|scalable_tgn_link_prediction.py|INFO] meta val epoch:23, loss: 0.36701,mrr:0.78884,  acc: 0.99235, ap: 0.98261, f1: 0.99235, macro_auc: 0.99228, micro_auc: 0.99228
[Thu Sep 10 22:24:27 2026|scalable_tgn_link_prediction.py|INFO] meta val epoch:23, loss: 0.21607,mrr:0.80291,  acc: 0.99429, ap: 0.99005, f1: 0.99429, macro_auc: 0.99518, micro_auc: 0.99518
[Thu Sep 10 22:24:27 2026|scalable_tgn_link_prediction.py|INFO] meta val epoch:23, loss: 0.35516,mrr:0.76064,  acc: 0.99017, ap: 0.98158, f1: 0.99016, macro_auc: 0.98945, micro_auc: 0.98945
[Thu Sep 10 22:24:28 2026|scalable_tgn_link_prediction.py|INFO] meta val epoch:23, loss: 0.26056,mrr:0.78606,  acc: 0.98992, ap: 0.98853, f1: 0.98992, macro_auc: 0.99489, micro_auc: 0.99489
[Thu Sep 10 22:24:28 2026|scalable_tgn_link_prediction.py|INFO] meta val epoch:23, loss: 0.37653,mrr:0.76721,  acc: 0.99126, ap: 0.98334, f1: 0.99126, macro_auc: 0.99250, micro_auc: 0.99250
[Thu Sep 10 22:24:28 2026|scalable_tgn_link_prediction.py|INFO] meta val epoch:23, loss: 0.26262,mrr:0.79306,  acc: 0.99369, ap: 0.98861, f1: 0.99369, macro_auc: 0.99485, micro_auc: 0.99485
[Thu Sep 10 22:24:28 2026|scalable_tgn_link_prediction.py|INFO] meta val epoch:23, loss: 0.22610,mrr:0.77967,  acc: 0.99454, ap: 0.98914, f1: 0.99454, macro_auc: 0.99510, micro_auc: 0.99510
[Thu Sep 10 22:24:28 2026|scalable_tgn_link_prediction.py|INFO] meta val epoch:23, loss: 0.28955,mrr:0.79519,  acc: 0.99308, ap: 0.98700, f1: 0.99308, macro_auc: 0.99420, micro_auc: 0.99420
[Thu Sep 10 22:24:28 2026|scalable_tgn_link_prediction.py|INFO] meta val epoch:23, loss: 0.34980,mrr:0.77623,  acc: 0.99259, ap: 0.98373, f1: 0.99259, macro_auc: 0.99269, micro_auc: 0.99269
[Thu Sep 10 22:24:28 2026|scalable_tgn_link_prediction.py|INFO] meta val epoch:23, loss: 0.35094,mrr:0.81199,  acc: 0.99235, ap: 0.98480, f1: 0.99235, macro_auc: 0.99310, micro_auc: 0.99310
[Thu Sep 10 22:24:29 2026|scalable_tgn_link_prediction.py|INFO] meta val epoch:23, loss: 0.24595,mrr:0.78448,  acc: 0.99284, ap: 0.98789, f1: 0.99284, macro_auc: 0.99388, micro_auc: 0.99388
[Thu Sep 10 22:24:29 2026|scalable_tgn_link_prediction.py|INFO] meta val epoch:23, loss: 0.25203,mrr:0.76242,  acc: 0.99356, ap: 0.98900, f1: 0.99356, macro_auc: 0.99488, micro_auc: 0.99488
[Thu Sep 10 22:24:29 2026|scalable_tgn_link_prediction.py|INFO] meta val epoch:23, loss: 0.31807,mrr:0.76776,  acc: 0.99429, ap: 0.98627, f1: 0.99429, macro_auc: 0.99420, micro_auc: 0.99420
[Thu Sep 10 22:24:29 2026|scalable_tgn_link_prediction.py|INFO] meta val epoch:23, loss: 0.22736,mrr:0.78397,  acc: 0.99356, ap: 0.98993, f1: 0.99356, macro_auc: 0.99536, micro_auc: 0.99536
[Thu Sep 10 22:24:29 2026|scalable_tgn_link_prediction.py|INFO] meta val epoch:23, loss: 0.27148,mrr:0.76951,  acc: 0.99223, ap: 0.98702, f1: 0.99223, macro_auc: 0.99368, micro_auc: 0.99368
[Thu Sep 10 22:24:29 2026|scalable_tgn_link_prediction.py|INFO] test epoch:23, loss: 0.04406,mrr:0.93580, acc: 0.99466, ap: 0.99516, f1: 0.99466, macro_auc: 0.99707, micro_auc: 0.99707
[Thu Sep 10 22:24:30 2026|scalable_tgn_link_prediction.py|INFO] test epoch:23, loss: 0.05538,mrr:0.91643, acc: 0.99296, ap: 0.99248, f1: 0.99296, macro_auc: 0.99566, micro_auc: 0.99566
[Thu Sep 10 22:24:30 2026|scalable_tgn_link_prediction.py|INFO] test epoch:23, loss: 0.05130,mrr:0.93406, acc: 0.99296, ap: 0.99452, f1: 0.99296, macro_auc: 0.99656, micro_auc: 0.99656
[Thu Sep 10 22:24:30 2026|scalable_tgn_link_prediction.py|INFO] test epoch:23, loss: 0.04569,mrr:0.94971, acc: 0.99344, ap: 0.99573, f1: 0.99344, macro_auc: 0.99740, micro_auc: 0.99740
[Thu Sep 10 22:24:30 2026|scalable_tgn_link_prediction.py|INFO] test epoch:23, loss: 0.04000,mrr:0.92906, acc: 0.99308, ap: 0.99465, f1: 0.99308, macro_auc: 0.99642, micro_auc: 0.99642
[Thu Sep 10 22:24:30 2026|scalable_tgn_link_prediction.py|INFO] test epoch:23, loss: 0.03618,mrr:0.91910, acc: 0.99344, ap: 0.99542, f1: 0.99344, macro_auc: 0.99685, micro_auc: 0.99685
[Thu Sep 10 22:24:30 2026|scalable_tgn_link_prediction.py|INFO] test epoch:23, loss: 0.04471,mrr:0.92751, acc: 0.99393, ap: 0.99556, f1: 0.99393, macro_auc: 0.99724, micro_auc: 0.99724
[Thu Sep 10 22:24:30 2026|scalable_tgn_link_prediction.py|INFO] test epoch:23, loss: 0.04401,mrr:0.93229, acc: 0.99259, ap: 0.99401, f1: 0.99259, macro_auc: 0.99610, micro_auc: 0.99610
[Thu Sep 10 22:24:31 2026|scalable_tgn_link_prediction.py|INFO] test epoch:23, loss: 0.04454,mrr:0.93468, acc: 0.99429, ap: 0.99526, f1: 0.99429, macro_auc: 0.99712, micro_auc: 0.99712
[Thu Sep 10 22:24:31 2026|scalable_tgn_link_prediction.py|INFO] test epoch:23, loss: 0.42544,mrr:0.94841, acc: 0.94645, ap: 0.96310, f1: 0.94636, macro_auc: 0.94910, micro_auc: 0.94910
[Thu Sep 10 22:24:31 2026|scalable_tgn_link_prediction.py|INFO] test epoch:23, loss: 0.29821,mrr:0.88972, acc: 0.91404, ap: 0.98652, f1: 0.91362, macro_auc: 0.99047, micro_auc: 0.99047
[Thu Sep 10 22:24:31 2026|scalable_tgn_link_prediction.py|INFO] test epoch:23, loss: 0.05850,mrr:0.90252, acc: 0.99223, ap: 0.99154, f1: 0.99223, macro_auc: 0.99496, micro_auc: 0.99496
[Thu Sep 10 22:24:31 2026|scalable_tgn_link_prediction.py|INFO] test epoch:23, loss: 0.05030,mrr:0.91863, acc: 0.99053, ap: 0.99341, f1: 0.99053, macro_auc: 0.99528, micro_auc: 0.99528
[Thu Sep 10 22:24:31 2026|scalable_tgn_link_prediction.py|INFO] test epoch:23, loss: 0.03883,mrr:0.92975, acc: 0.99235, ap: 0.99598, f1: 0.99235, macro_auc: 0.99699, micro_auc: 0.99699
[Thu Sep 10 22:24:31 2026|scalable_tgn_link_prediction.py|INFO] test epoch:23, loss: 0.05732,mrr:0.88947, acc: 0.99078, ap: 0.99410, f1: 0.99078, macro_auc: 0.99602, micro_auc: 0.99602
[Thu Sep 10 22:24:31 2026|scalable_tgn_link_prediction.py|INFO] {'avg_mrr': 0.9238385571426627}
[Thu Sep 10 22:24:31 2026|scalable_tgn_link_prediction.py|INFO] {'avg_acc': 0.9845104424893468}
[Thu Sep 10 22:24:31 2026|scalable_tgn_link_prediction.py|INFO] {'avg_auc': 0.9928804497778223}
[Thu Sep 10 22:24:31 2026|scalable_tgn_link_prediction.py|INFO] {'avg_rcall10': 0.9996353039083807}
[Thu Sep 10 22:24:31 2026|scalable_tgn_link_prediction.py|INFO] {'avg_ap': 0.9918274608532748}
[Thu Sep 10 22:24:31 2026|scalable_tgn_main_link_prediction.py|INFO] All accuracy: 0.9845104424893468
[Thu Sep 10 22:24:31 2026|scalable_tgn_main_link_prediction.py|INFO] All AUC: 0.9928804497778223
[Thu Sep 10 22:24:31 2026|scalable_tgn_main_link_prediction.py|INFO] All MRR: 0.9238385571426627
[Thu Sep 10 22:24:31 2026|scalable_tgn_main_link_prediction.py|INFO] All time: 381.8712372779846
Total number of transformer parameters is: 55364
Total number of predit_layer parameters is: 641
56005
train steps: 70, val steps 15, test steps 15 
0
1
2
3
4
5
6
7
8
9
10
11
12
13
14
15
16
17
18
19
20
21
22
23
24
25
26
27
28
29
30
31
32
33
34
35
36
37
38
39
40
41
42
43
44
45
46
47
48
49
50
51
52
53
54
55
56
57
58
59
60
61
62
63
64
65
66
67
68
69
0
1
2
3
4
5
6
7
8
9
10
11
12
13
14
0
1
2
3
4
5
6
7
8
9
10
11
12
13
14
elapsed time:7.657193660736084s
13.412376403808594
2.158789873123169
15
13.36279821395874
2.1511952877044678
15
13.449311017990112
2.1631805896759033
15
13.477129220962524
2.1328773498535156
15
13.302585363388062
2.166355848312378
15
13.085351467132568
2.142538070678711
15
13.386737823486328
2.1718735694885254
15
13.388751745223999
2.1567883491516113
15
13.321550369262695
2.1595540046691895
15
13.211355924606323
2.1318631172180176
15
13.3351571559906
2.1652731895446777
15
13.027849435806274
2.128458023071289
15
13.31575059890747
2.1742260456085205
15
13.13965129852295
2.1455764770507812
15
13.08646297454834
2.140282154083252
15
13.27805781364441
2.141268014907837
15
13.506954908370972
2.1498758792877197
15
12.97837495803833
2.1204309463500977
15
13.14285683631897
2.1165997982025146
15
12.947325706481934
2.133779287338257
15
13.04151725769043
2.1217238903045654
15
13.097822666168213
2.134256362915039
15
13.40567684173584
2.144178628921509
15
13.44113278388977
2.143752098083496
15
0
1
2
3
4
5
6
7
8
9
10
11
12
13
14
379.4923183917999
[repro] finished_at=2026-09-10T22:24:32+08:00
