run_dir=/home/lab_user/project/lzc/results/ignn/runs/20260913T140956Z_smoke_squirrel_c_custom_2ep_r1
started_utc=2026-09-13T14:09:57+00:00
command=/home/lab_user/tools/miniconda3/envs/ignn/bin/python -u -m main --gpu_id 0 --seed 42 --model ignn --agg_type gcn_incep --IN IN-SN --eval_interval 1 --eval_start 0 --public False --dataset squirrel --source critical --n_epochs 2 --h_feats 128 --lr 0.005 --l2_coef 0.0 --n_hops 1 --n_layers 3 --early_stop 200 --RN none --norm_type none --act_type relu --preln False --fast False --pre_dropout 0.8 --hid_dropout 0.2 --clf_dropout 0.8 --repeat 1 
[cap] cores=17/20 CPUQuota=1700% MemoryMax=55139365888 cuda_fraction=0.85 mps=85 gpu_gov=1
Running as unit: run-p280106-i300189.scope; invocation ID: 0d38f71def904000a21a9ea92c31a673
[I 2026-09-13 22:10:01,344 the_utils.setting:78] GPU available. Use cuda:0.
[I 2026-09-13 22:10:01,394 graph_datasets.utils.common:74] 
+------------+-------------------------------------+
|  Dataset   | Critical squirrel_filtered_directed |
+============+=====================================+
|  NumNodes  |                               2,223 |
+------------+-------------------------------------+
|  NumEdges  |                              65,718 |
+------------+-------------------------------------+
|  NumFeats  |                               2,089 |
+------------+-------------------------------------+
| NumClasses |                                   5 |
+------------+-------------------------------------+
[I 2026-09-13 22:10:01,422 graph_datasets.utils.common:74] 
+------------+---------------------------------------+
|  Dataset   |     CRITICAL undirected squirrel      |
|            | add_self_loop=True rm_self_loop=False |
+============+=======================================+
|  NumNodes  |                                 2,223 |
+------------+---------------------------------------+
|  NumEdges  |                                96,219 |
+------------+---------------------------------------+
|  NumFeats  |                                 2,089 |
+------------+---------------------------------------+
| NumClasses |                                     5 |
+------------+---------------------------------------+
[I 2026-09-13 22:10:01,424 __main__:137] 
+---------------+--------------------------------------------------------------+
| IN            | IN-SN                                                        |
+---------------+--------------------------------------------------------------+
| IN config     | INConf(name='squirrel_critical', n_hops=1,                   |
|               | add_self_loop=True, remove_self_loop=False, symm_norm=True,  |
|               | row_normalized=True, fast=False,                             |
|               | save_dir='tmp/ignn/neighborhoods')                           |
+---------------+--------------------------------------------------------------+
| RN            | none                                                         |
+---------------+--------------------------------------------------------------+
| act type      | relu                                                         |
+---------------+--------------------------------------------------------------+
| agg type      | gcn_incep                                                    |
+---------------+--------------------------------------------------------------+
| att act type  | None                                                         |
+---------------+--------------------------------------------------------------+
| clf dropout   | 0.80000                                                      |
+---------------+--------------------------------------------------------------+
| early stop    | 200                                                          |
+---------------+--------------------------------------------------------------+
| eval interval | 1                                                            |
+---------------+--------------------------------------------------------------+
| eval start    | 0                                                            |
+---------------+--------------------------------------------------------------+
| fast          | False                                                        |
+---------------+--------------------------------------------------------------+
| h feats       | 128                                                          |
+---------------+--------------------------------------------------------------+
| hid dropout   | 0.20000                                                      |
+---------------+--------------------------------------------------------------+
| l2 coef       | 0                                                            |
+---------------+--------------------------------------------------------------+
| loss          | ce                                                           |
+---------------+--------------------------------------------------------------+
| lr            | 0.00500                                                      |
+---------------+--------------------------------------------------------------+
| n epochs      | 2                                                            |
+---------------+--------------------------------------------------------------+
| n hops        | 1                                                            |
+---------------+--------------------------------------------------------------+
| n layers      | 3                                                            |
+---------------+--------------------------------------------------------------+
| norm type     | none                                                         |
+---------------+--------------------------------------------------------------+
| pre dropout   | 0.80000                                                      |
+---------------+--------------------------------------------------------------+
| pre lin       | False                                                        |
+---------------+--------------------------------------------------------------+
[I 2026-09-13 22:10:01,434 the_utils.evaluation.unsupervised_graph_learning:84] No fixed splits found in data/random_splits/fixed_splits/squirrel_critical-48-32-splitsx1.npy, generating...
[I 2026-09-13 22:10:01,435 the_utils.common:35] split num: 1
random splits train:val:test =48:32:20

[I 2026-09-13 22:10:01,667 ignn.models.IGNN:215] epoch:0/best:0, loss:1.6146, train:0.3458, valid:0.3291/best:0.3291, test:0.3438/best:0.3438
[I 2026-09-13 22:10:01,693 ignn.models.IGNN:215] epoch:1/best:1, loss:1.5971, train:0.3458, valid:0.3291/best:0.3291, test:0.3438/best:0.3438
[I 2026-09-13 22:10:01,694 ignn.models.IGNN:234] 10 epoch cost: 2.5721s.
[I 2026-09-13 22:10:01,707 __main__:210] squirrel_critical 0 res: 0.3438202247191011


[I 2026-09-13 22:10:01,707 __main__:214] Results: 	Acc:34.38±0.00 	Train cost: 0.28s

finished_utc=2026-09-13T14:10:02+00:00
exit_code=0
