run_dir=/home/lab_user/project/lzc/results/ignn/runs/20260912T055720Z_smoke_wikics_c_public_2ep_r1
started_utc=2026-09-12T05:57:21+00:00
command=/home/lab_user/tools/miniconda3/envs/ignn/bin/python -u -m main --gpu_id 0 --seed 42 --dataset wikics --source pyg --model ignn --n_epochs 2 --agg_type gcn_incep --IN IN-SN --h_feats 64 --lr 0.001 --l2_coef 0.0005 --n_hops 8 --n_layers 1 --early_stop 150 --RN none --norm_type bn --act_type relu --preln False --fast False --pre_dropout 0.2 --hid_dropout 0.0 --clf_dropout 0.9 --eval_interval 1 --eval_start 0 --public True --repeat 1 
[I 2026-09-12 13:57:23,746 the_utils.setting:78] GPU available. Use cuda:0.
Downloading https://github.com/pmernyei/wiki-cs-dataset/raw/master/dataset/data.json
Processing...
Done!
[I 2026-09-12 13:57:41,997 graph_datasets.utils.common:74] 
+------------+------------+
|  Dataset   | pyG wikics |
+============+============+
|  NumNodes  |     11,701 |
+------------+------------+
|  NumEdges  |    297,110 |
+------------+------------+
|  NumFeats  |        300 |
+------------+------------+
| NumClasses |         10 |
+------------+------------+
[I 2026-09-12 13:57:42,068 graph_datasets.utils.common:74] 
+------------+---------------------------------------+
|  Dataset   |         PYG undirected wikics         |
|            | add_self_loop=True rm_self_loop=False |
+============+=======================================+
|  NumNodes  |                                11,701 |
+------------+---------------------------------------+
|  NumEdges  |                               442,907 |
+------------+---------------------------------------+
|  NumFeats  |                                   300 |
+------------+---------------------------------------+
| NumClasses |                                    10 |
+------------+---------------------------------------+
[I 2026-09-12 13:57:42,071 __main__:137] 
+---------------+--------------------------------------------------------------+
| IN            | IN-SN                                                        |
+---------------+--------------------------------------------------------------+
| IN config     | INConf(name='wikics_pyg', n_hops=8, add_self_loop=True,      |
|               | remove_self_loop=False, symm_norm=True,                      |
|               | row_normalized=False, fast=False,                            |
|               | save_dir='tmp/ignn/neighborhoods')                           |
+---------------+--------------------------------------------------------------+
| RN            | none                                                         |
+---------------+--------------------------------------------------------------+
| act type      | relu                                                         |
+---------------+--------------------------------------------------------------+
| agg type      | gcn_incep                                                    |
+---------------+--------------------------------------------------------------+
| att act type  | None                                                         |
+---------------+--------------------------------------------------------------+
| clf dropout   | 0.90000                                                      |
+---------------+--------------------------------------------------------------+
| early stop    | 150                                                          |
+---------------+--------------------------------------------------------------+
| eval interval | 1                                                            |
+---------------+--------------------------------------------------------------+
| eval start    | 0                                                            |
+---------------+--------------------------------------------------------------+
| fast          | False                                                        |
+---------------+--------------------------------------------------------------+
| h feats       | 64                                                           |
+---------------+--------------------------------------------------------------+
| hid dropout   | 0                                                            |
+---------------+--------------------------------------------------------------+
| l2 coef       | 0.00050                                                      |
+---------------+--------------------------------------------------------------+
| loss          | ce                                                           |
+---------------+--------------------------------------------------------------+
| lr            | 0.00100                                                      |
+---------------+--------------------------------------------------------------+
| n epochs      | 2                                                            |
+---------------+--------------------------------------------------------------+
| n hops        | 8                                                            |
+---------------+--------------------------------------------------------------+
| n layers      | 1                                                            |
+---------------+--------------------------------------------------------------+
| norm type     | bn                                                           |
+---------------+--------------------------------------------------------------+
| pre dropout   | 0.20000                                                      |
+---------------+--------------------------------------------------------------+
| pre lin       | False                                                        |
+---------------+--------------------------------------------------------------+
[I 2026-09-12 13:57:42,077 the_utils.common:35] split num: 20; public split train:val:test = 4.96:15.12:49.97
[I 2026-09-12 13:57:42,391 ignn.models.IGNN:215] epoch:0/best:0, loss:2.9496, train:0.2103, valid:0.2029/best:0.2029, test:0.2018/best:0.2018
[I 2026-09-12 13:57:42,450 ignn.models.IGNN:215] epoch:1/best:1, loss:2.7241, train:0.2379, valid:0.2380/best:0.2380, test:0.2335/best:0.2335
[I 2026-09-12 13:57:42,452 ignn.models.IGNN:234] 10 epoch cost: 2.7205s.
[I 2026-09-12 13:57:42,476 __main__:210] wikics_pyg 0 res: 0.23345305284761417


[I 2026-09-12 13:57:42,476 __main__:214] Results: 	Acc:23.35±0.00 	Train cost: 0.40s

finished_utc=2026-09-12T05:57:42+00:00
exit_code=0
